Component: ARM Compiler 5.05 update 1 (build 106) Tool: armlink [4d0efa]

==============================================================================

Section Cross References

    stm32f1xx_hal_pwr.o(i.HAL_PWR_EnterSTOPMode) refers to stm32f1xx_hal_pwr.o(i.PWR_OverloadWfe) for PWR_OverloadWfe
    stm32f1xx_hal_pwr.o(i.HAL_PWR_PVD_IRQHandler) refers to stm32f1xx_hal_pwr.o(i.HAL_PWR_PVDCallback) for HAL_PWR_PVDCallback
    stm32f1xx_hal.o(i.HAL_DeInit) refers to stm32f1xx_hal.o(i.HAL_MspDeInit) for HAL_MspDeInit
    stm32f1xx_hal.o(i.HAL_Delay) refers to stm32f1xx_hal.o(i.HAL_GetTick) for HAL_GetTick
    stm32f1xx_hal.o(i.HAL_GetTick) refers to stm32f1xx_hal.o(.data) for .data
    stm32f1xx_hal.o(i.HAL_IncTick) refers to stm32f1xx_hal.o(.data) for .data
    stm32f1xx_hal.o(i.HAL_Init) refers to stm32f1xx_hal_cortex.o(i.HAL_NVIC_SetPriorityGrouping) for HAL_NVIC_SetPriorityGrouping
    stm32f1xx_hal.o(i.HAL_Init) refers to stm32f1xx_hal.o(i.HAL_InitTick) for HAL_InitTick
    stm32f1xx_hal.o(i.HAL_Init) refers to stm32f1xx_hal_msp.o(i.HAL_MspInit) for HAL_MspInit
    stm32f1xx_hal.o(i.HAL_InitTick) refers to stm32f1xx_hal_rcc.o(i.HAL_RCC_GetHCLKFreq) for HAL_RCC_GetHCLKFreq
    stm32f1xx_hal.o(i.HAL_InitTick) refers to stm32f1xx_hal_cortex.o(i.HAL_SYSTICK_Config) for HAL_SYSTICK_Config
    stm32f1xx_hal.o(i.HAL_InitTick) refers to stm32f1xx_hal_cortex.o(i.HAL_NVIC_SetPriority) for HAL_NVIC_SetPriority
    stm32f1xx_ll_usb.o(i.USB_EPStartXfer) refers to stm32f1xx_ll_usb.o(i.USB_WritePMA) for USB_WritePMA
    stm32f1xx_hal_cortex.o(i.HAL_NVIC_SetPriority) refers to stm32f1xx_hal_cortex.o(i.NVIC_SetPriority) for NVIC_SetPriority
    stm32f1xx_hal_cortex.o(i.HAL_SYSTICK_Config) refers to stm32f1xx_hal_cortex.o(i.NVIC_SetPriority) for NVIC_SetPriority
    stm32f1xx_hal_cortex.o(i.HAL_SYSTICK_IRQHandler) refers to stm32f1xx_hal_cortex.o(i.HAL_SYSTICK_Callback) for HAL_SYSTICK_Callback
    stm32f1xx_hal_rcc.o(i.HAL_RCC_ClockConfig) refers to stm32f1xx_hal.o(i.HAL_GetTick) for HAL_GetTick
    stm32f1xx_hal_rcc.o(i.HAL_RCC_ClockConfig) refers to stm32f1xx_hal.o(i.HAL_InitTick) for HAL_InitTick
    stm32f1xx_hal_rcc.o(i.HAL_RCC_GetHCLKFreq) refers to stm32f1xx_hal_rcc.o(i.HAL_RCC_GetSysClockFreq) for HAL_RCC_GetSysClockFreq
    stm32f1xx_hal_rcc.o(i.HAL_RCC_GetHCLKFreq) refers to stm32f1xx_hal_rcc.o(.constdata) for .constdata
    stm32f1xx_hal_rcc.o(i.HAL_RCC_GetHCLKFreq) refers to system_stm32f1xx.o(.data) for SystemCoreClock
    stm32f1xx_hal_rcc.o(i.HAL_RCC_GetPCLK1Freq) refers to stm32f1xx_hal_rcc.o(i.HAL_RCC_GetHCLKFreq) for HAL_RCC_GetHCLKFreq
    stm32f1xx_hal_rcc.o(i.HAL_RCC_GetPCLK1Freq) refers to stm32f1xx_hal_rcc.o(.constdata) for .constdata
    stm32f1xx_hal_rcc.o(i.HAL_RCC_GetPCLK2Freq) refers to stm32f1xx_hal_rcc.o(i.HAL_RCC_GetHCLKFreq) for HAL_RCC_GetHCLKFreq
    stm32f1xx_hal_rcc.o(i.HAL_RCC_GetPCLK2Freq) refers to stm32f1xx_hal_rcc.o(.constdata) for .constdata
    stm32f1xx_hal_rcc.o(i.HAL_RCC_MCOConfig) refers to stm32f1xx_hal_gpio.o(i.HAL_GPIO_Init) for HAL_GPIO_Init
    stm32f1xx_hal_rcc.o(i.HAL_RCC_NMI_IRQHandler) refers to stm32f1xx_hal_rcc.o(i.HAL_RCC_CSSCallback) for HAL_RCC_CSSCallback
    stm32f1xx_hal_rcc.o(i.HAL_RCC_OscConfig) refers to stm32f1xx_hal.o(i.HAL_GetTick) for HAL_GetTick
    stm32f1xx_hal_rcc.o(i.HAL_RCC_OscConfig) refers to stm32f1xx_hal.o(i.HAL_Delay) for HAL_Delay
    stm32f1xx_hal_flash_ex.o(i.FLASH_MassErase) refers to stm32f1xx_hal_flash.o(.bss) for pFlash
    stm32f1xx_hal_flash_ex.o(i.FLASH_OB_DisableWRP) refers to stm32f1xx_hal_flash.o(i.FLASH_WaitForLastOperation) for FLASH_WaitForLastOperation
    stm32f1xx_hal_flash_ex.o(i.FLASH_OB_DisableWRP) refers to stm32f1xx_hal_flash_ex.o(i.HAL_FLASHEx_OBErase) for HAL_FLASHEx_OBErase
    stm32f1xx_hal_flash_ex.o(i.FLASH_OB_DisableWRP) refers to stm32f1xx_hal_flash.o(.bss) for pFlash
    stm32f1xx_hal_flash_ex.o(i.FLASH_OB_EnableWRP) refers to stm32f1xx_hal_flash.o(i.FLASH_WaitForLastOperation) for FLASH_WaitForLastOperation
    stm32f1xx_hal_flash_ex.o(i.FLASH_OB_EnableWRP) refers to stm32f1xx_hal_flash_ex.o(i.HAL_FLASHEx_OBErase) for HAL_FLASHEx_OBErase
    stm32f1xx_hal_flash_ex.o(i.FLASH_OB_EnableWRP) refers to stm32f1xx_hal_flash.o(.bss) for pFlash
    stm32f1xx_hal_flash_ex.o(i.FLASH_OB_RDP_LevelConfig) refers to stm32f1xx_hal_flash.o(i.FLASH_WaitForLastOperation) for FLASH_WaitForLastOperation
    stm32f1xx_hal_flash_ex.o(i.FLASH_OB_RDP_LevelConfig) refers to stm32f1xx_hal_flash.o(.bss) for pFlash
    stm32f1xx_hal_flash_ex.o(i.FLASH_PageErase) refers to stm32f1xx_hal_flash.o(.bss) for pFlash
    stm32f1xx_hal_flash_ex.o(i.HAL_FLASHEx_Erase) refers to stm32f1xx_hal_flash.o(i.FLASH_WaitForLastOperation) for FLASH_WaitForLastOperation
    stm32f1xx_hal_flash_ex.o(i.HAL_FLASHEx_Erase) refers to stm32f1xx_hal_flash_ex.o(i.FLASH_MassErase) for FLASH_MassErase
    stm32f1xx_hal_flash_ex.o(i.HAL_FLASHEx_Erase) refers to stm32f1xx_hal_flash_ex.o(i.FLASH_PageErase) for FLASH_PageErase
[...]
    i.SystemInit                             0x08004114   Section        0  system_stm32f1xx.o(i.SystemInit)
    i.Take_average_data                      0x0800415c   Section        0  bmp_graph.o(i.Take_average_data)
    i.USBD_CDC_DataIn                        0x08004230   Section        0  usbd_cdc.o(i.USBD_CDC_DataIn)
    USBD_CDC_DataIn                          0x08004231   Thumb Code    20  usbd_cdc.o(i.USBD_CDC_DataIn)
    i.USBD_CDC_DataOut                       0x08004244   Section        0  usbd_cdc.o(i.USBD_CDC_DataOut)
    USBD_CDC_DataOut                         0x08004245   Thumb Code    46  usbd_cdc.o(i.USBD_CDC_DataOut)
    i.USBD_CDC_DeInit                        0x08004272   Section        0  usbd_cdc.o(i.USBD_CDC_DeInit)
    USBD_CDC_DeInit                          0x08004273   Thumb Code    60  usbd_cdc.o(i.USBD_CDC_DeInit)
    i.USBD_CDC_EP0_RxReady                   0x080042ae   Section        0  usbd_cdc.o(i.USBD_CDC_EP0_RxReady)
    USBD_CDC_EP0_RxReady                     0x080042af   Thumb Code    36  usbd_cdc.o(i.USBD_CDC_EP0_RxReady)
    i.USBD_CDC_GetDeviceQualifierDescriptor  0x080042d4   Section        0  usbd_cdc.o(i.USBD_CDC_GetDeviceQualifierDescriptor)
    i.USBD_CDC_GetFSCfgDesc                  0x080042e0   Section        0  usbd_cdc.o(i.USBD_CDC_GetFSCfgDesc)
    USBD_CDC_GetFSCfgDesc                    0x080042e1   Thumb Code     8  usbd_cdc.o(i.USBD_CDC_GetFSCfgDesc)
    i.USBD_CDC_GetHSCfgDesc                  0x080042ec   Section        0  usbd_cdc.o(i.USBD_CDC_GetHSCfgDesc)
    USBD_CDC_GetHSCfgDesc                    0x080042ed   Thumb Code     8  usbd_cdc.o(i.USBD_CDC_GetHSCfgDesc)
    i.USBD_CDC_GetOtherSpeedCfgDesc          0x080042f8   Section        0  usbd_cdc.o(i.USBD_CDC_GetOtherSpeedCfgDesc)
    USBD_CDC_GetOtherSpeedCfgDesc            0x080042f9   Thumb Code     8  usbd_cdc.o(i.USBD_CDC_GetOtherSpeedCfgDesc)
    i.USBD_CDC_Init                          0x08004304   Section        0  usbd_cdc.o(i.USBD_CDC_Init)
    USBD_CDC_Init                            0x08004305   Thumb Code   136  usbd_cdc.o(i.USBD_CDC_Init)
    i.USBD_CDC_ReceivePacket                 0x0800438c   Section        0  usbd_cdc.o(i.USBD_CDC_ReceivePacket)
    i.USBD_CDC_RegisterInterface             0x080043b4   Section        0  usbd_cdc.o(i.USBD_CDC_RegisterInterface)
    i.USBD_CDC_SetRxBuffer                   0x080043c4   Section        0  usbd_cdc.o(i.USBD_CDC_SetRxBuffer)
    i.USBD_CDC_SetTxBuffer                   0x080043d0   Section        0  usbd_cdc.o(i.USBD_CDC_SetTxBuffer)
    i.USBD_CDC_Setup                         0x080043e0   Section        0  usbd_cdc.o(i.USBD_CDC_Setup)
    USBD_CDC_Setup                           0x080043e1   Thumb Code   106  usbd_cdc.o(i.USBD_CDC_Setup)
    i.USBD_CDC_TransmitPacket                0x08004450   Section        0  usbd_cdc.o(i.USBD_CDC_TransmitPacket)
    i.USBD_ClrClassConfig                    0x08004480   Section        0  usbd_core.o(i.USBD_ClrClassConfig)
    i.USBD_CtlContinueRx                     0x0800448e   Section        0  usbd_ioreq.o(i.USBD_CtlContinueRx)
    i.USBD_CtlContinueSendData               0x0800449e   Section        0  usbd_ioreq.o(i.USBD_CtlContinueSendData)
    i.USBD_CtlError                          0x080044ae   Section        0  usbd_ctlreq.o(i.USBD_CtlError)
    i.USBD_CtlPrepareRx                      0x080044c4   Section        0  usbd_ioreq.o(i.USBD_CtlPrepareRx)
    i.USBD_CtlReceiveStatus                  0x080044e2   Section        0  usbd_ioreq.o(i.USBD_CtlReceiveStatus)
    i.USBD_CtlSendData                       0x080044f8   Section        0  usbd_ioreq.o(i.USBD_CtlSendData)
    i.USBD_CtlSendStatus                     0x08004512   Section        0  usbd_ioreq.o(i.USBD_CtlSendStatus)
    i.USBD_FS_ConfigStrDescriptor            0x08004528   Section        0  usbd_desc.o(i.USBD_FS_ConfigStrDescriptor)
    i.USBD_FS_DeviceDescriptor               0x08004548   Section        0  usbd_desc.o(i.USBD_FS_DeviceDescriptor)
    i.USBD_FS_InterfaceStrDescriptor         0x08004554   Section        0  usbd_desc.o(i.USBD_FS_InterfaceStrDescriptor)
    i.USBD_FS_LangIDStrDescriptor            0x08004578   Section        0  usbd_desc.o(i.USBD_FS_LangIDStrDescriptor)
    i.USBD_FS_ManufacturerStrDescriptor      0x08004584   Section        0  usbd_desc.o(i.USBD_FS_ManufacturerStrDescriptor)
    i.USBD_FS_ProductStrDescriptor           0x080045ac   Section        0  usbd_desc.o(i.USBD_FS_ProductStrDescriptor)
    i.USBD_FS_SerialStrDescriptor            0x080045d8   Section        0  usbd_desc.o(i.USBD_FS_SerialStrDescriptor)
    i.USBD_GetDescriptor                     0x080045fc   Section        0  usbd_ctlreq.o(i.USBD_GetDescriptor)
    USBD_GetDescriptor                       0x080045fd   Thumb Code   224  usbd_ctlreq.o(i.USBD_GetDescriptor)
    i.USBD_GetString                         0x080046dc   Section        0  usbd_ctlreq.o(i.USBD_GetString)
    i.USBD_Init                              0x08004722   Section        0  usbd_core.o(i.USBD_Init)
    i.USBD_LL_ClearStallEP                   0x0800474c   Section        0  usbd_conf.o(i.USBD_LL_ClearStallEP)
    i.USBD_LL_CloseEP                        0x0800475a   Section        0  usbd_conf.o(i.USBD_LL_CloseEP)
    i.USBD_LL_DataInStage                    0x08004768   Section        0  usbd_core.o(i.USBD_LL_DataInStage)
    i.USBD_LL_DataOutStage                   0x08004812   Section        0  usbd_core.o(i.USBD_LL_DataOutStage)
    i.USBD_LL_GetRxDataSize                  0x0800487c   Section        0  usbd_conf.o(i.USBD_LL_GetRxDataSize)
    i.USBD_LL_Init                           0x08004884   Section        0  usbd_conf.o(i.USBD_LL_Init)
    i.USBD_LL_IsStallEP                      0x08004900   Section        0  usbd_conf.o(i.USBD_LL_IsStallEP)
    i.USBD_LL_OpenEP                         0x0800491c   Section        0  usbd_conf.o(i.USBD_LL_OpenEP)
    i.USBD_LL_PrepareReceive                 0x08004930   Section        0  usbd_conf.o(i.USBD_LL_PrepareReceive)
    i.USBD_LL_Reset                          0x0800493e   Section        0  usbd_core.o(i.USBD_LL_Reset)
    i.USBD_LL_Resume                         0x0800497c   Section        0  usbd_core.o(i.USBD_LL_Resume)
    i.USBD_LL_SOF                            0x08004988   Section        0  usbd_core.o(i.USBD_LL_SOF)
    i.USBD_LL_SetSpeed                       0x080049a0   Section        0  usbd_core.o(i.USBD_LL_SetSpeed)
    i.USBD_LL_SetUSBAddress                  0x080049a6   Section        0  usbd_conf.o(i.USBD_LL_SetUSBAddress)
    i.USBD_LL_SetupStage                     0x080049b4   Section        0  usbd_core.o(i.USBD_LL_SetupStage)
    i.USBD_LL_StallEP                        0x08004a0e   Section        0  usbd_conf.o(i.USBD_LL_StallEP)
    i.USBD_LL_Start                          0x08004a1c   Section        0  usbd_conf.o(i.USBD_LL_Start)
    i.USBD_LL_Suspend                        0x08004a2a   Section        0  usbd_core.o(i.USBD_LL_Suspend)
    i.USBD_LL_Transmit                       0x08004a3c   Section        0  usbd_conf.o(i.USBD_LL_Transmit)
    i.USBD_ParseSetupRequest                 0x08004a4a   Section        0  usbd_ctlreq.o(i.USBD_ParseSetupRequest)
    i.USBD_RegisterClass                     0x08004a72   Section        0  usbd_core.o(i.USBD_RegisterClass)
    i.USBD_SetClassConfig                    0x08004a82   Section        0  usbd_core.o(i.USBD_SetClassConfig)
    i.USBD_SetConfig                         0x08004a98   Section        0  usbd_ctlreq.o(i.USBD_SetConfig)
    USBD_SetConfig                           0x08004a99   Thumb Code   110  usbd_ctlreq.o(i.USBD_SetConfig)
    i.USBD_Start                             0x08004b0c   Section        0  usbd_core.o(i.USBD_Start)
    i.USBD_StdDevReq                         0x08004b16   Section        0  usbd_ctlreq.o(i.USBD_StdDevReq)
    i.USBD_StdEPReq                          0x08004c08   Section        0  usbd_ctlreq.o(i.USBD_StdEPReq)
    i.USBD_StdItfReq                         0x08004ce4   Section        0  usbd_ctlreq.o(i.USBD_StdItfReq)
    i.USBD_static_free                       0x08004d18   Section        0  usbd_conf.o(i.USBD_static_free)
    i.USBD_static_malloc                     0x08004d1c   Section        0  usbd_conf.o(i.USBD_static_malloc)
    i.USB_ActivateEndpoint                   0x08004d24   Section        0  stm32f1xx_ll_usb.o(i.USB_ActivateEndpoint)
    i.USB_CoreInit                           0x08004f80   Section        0  stm32f1xx_ll_usb.o(i.USB_CoreInit)
    i.USB_DeactivateEndpoint                 0x08004f84   Section        0  stm32f1xx_ll_usb.o(i.USB_DeactivateEndpoint)
    i.USB_DevConnect                         0x080050a8   Section        0  stm32f1xx_ll_usb.o(i.USB_DevConnect)
    i.USB_DevDisconnect                      0x080050ac   Section        0  stm32f1xx_ll_usb.o(i.USB_DevDisconnect)
    i.USB_DevInit                            0x080050b0   Section        0  stm32f1xx_ll_usb.o(i.USB_DevInit)
    i.USB_DisableGlobalInt                   0x080050c2   Section        0  stm32f1xx_ll_usb.o(i.USB_DisableGlobalInt)
    i.USB_EP0_OutStart                       0x080050d0   Section        0  stm32f1xx_ll_usb.o(i.USB_EP0_OutStart)
    i.USB_EPClearStall                       0x080050d4   Section        0  stm32f1xx_ll_usb.o(i.USB_EPClearStall)
    i.USB_EPSetStall                         0x0800513e   Section        0  stm32f1xx_ll_usb.o(i.USB_EPSetStall)
    i.USB_EPStartXfer                        0x08005188   Section        0  stm32f1xx_ll_usb.o(i.USB_EPStartXfer)
    i.USB_EnableGlobalInt                    0x08005332   Section        0  stm32f1xx_ll_usb.o(i.USB_EnableGlobalInt)
    i.USB_LP_CAN1_RX0_IRQHandler             0x08005340   Section        0  stm32f1xx_it.o(i.USB_LP_CAN1_RX0_IRQHandler)
    i.USB_ReadInterrupts                     0x0800534c   Section        0  stm32f1xx_ll_usb.o(i.USB_ReadInterrupts)
    i.USB_ReadPMA                            0x08005354   Section        0  stm32f1xx_ll_usb.o(i.USB_ReadPMA)
    i.USB_SetCurrentMode                     0x08005372   Section        0  stm32f1xx_ll_usb.o(i.USB_SetCurrentMode)
    i.USB_SetDevAddress                      0x08005376   Section        0  stm32f1xx_ll_usb.o(i.USB_SetDevAddress)
    i.USB_WritePMA                           0x08005382   Section        0  stm32f1xx_ll_usb.o(i.USB_WritePMA)
    i.__0sprintf                             0x080053a8   Section        0  printfa.o(i.__0sprintf)
    i.__ARM_fpclassify                       0x080053d0   Section        0  fpclassify.o(i.__ARM_fpclassify)
    i.__kernel_poly                          0x080053f8   Section        0  poly.o(i.__kernel_poly)
    i.__mathlib_dbl_divzero                  0x080054a4   Section        0  dunder.o(i.__mathlib_dbl_divzero)
    i.__mathlib_dbl_infnan2                  0x080054b4   Section        0  dunder.o(i.__mathlib_dbl_infnan2)
    i.__mathlib_dbl_invalid                  0x080054b8   Section        0  dunder.o(i.__mathlib_dbl_invalid)
    i.__mathlib_dbl_overflow                 0x080054c4   Section        0  dunder.o(i.__mathlib_dbl_overflow)
    i.__mathlib_dbl_underflow                0x080054d4   Section        0  dunder.o(i.__mathlib_dbl_underflow)
    i.__scatterload_copy                     0x080054e4   Section       14  handlers.o(i.__scatterload_copy)
    i.__scatterload_null                     0x080054f2   Section        2  handlers.o(i.__scatterload_null)
    i.__scatterload_zeroinit                 0x080054f4   Section       14  handlers.o(i.__scatterload_zeroinit)
    i.__set_errno                            0x08005504   Section        0  errno.o(i.__set_errno)
    i._fp_digits                             0x08005510   Section        0  printfa.o(i._fp_digits)
    _fp_digits                               0x08005511   Thumb Code   334  printfa.o(i._fp_digits)
    i._printf_core                           0x08005674   Section        0  printfa.o(i._printf_core)
    _printf_core                             0x08005675   Thumb Code  1744  printfa.o(i._printf_core)
    i._printf_post_padding                   0x08005d50   Section        0  printfa.o(i._printf_post_padding)
    _printf_post_padding                     0x08005d51   Thumb Code    36  printfa.o(i._printf_post_padding)
    i._printf_pre_padding                    0x08005d74   Section        0  printfa.o(i._printf_pre_padding)
    _printf_pre_padding                      0x08005d75   Thumb Code    46  printfa.o(i._printf_pre_padding)
    i._sputc                                 0x08005da2   Section        0  printfa.o(i._sputc)
    _sputc                                   0x08005da3   Thumb Code    10  printfa.o(i._sputc)
    i.delay_init                             0x08005dac   Section        0  delay.o(i.delay_init)
    i.delay_ms                               0x08005dd8   Section        0  delay.o(i.delay_ms)
    i.disk_timerproc                         0x08005e00   Section        0  sd_spi_stm32.o(i.disk_timerproc)
    i.free                                   0x08005e38   Section        0  malloc.o(i.free)
    i.main                                   0x08005e88   Section        0  main.o(i.main)
    i.malloc                                 0x08005f98   Section        0  malloc.o(i.malloc)
    i.pow                                    0x08006004   Section        0  pow.o(i.pow)
    i.sqrt                                   0x080069bc   Section        0  sqrt.o(i.sqrt)
    .constdata                               0x08006a08   Section       16  stm32f1xx_hal_rcc.o(.constdata)
    .constdata                               0x08006a18   Section     5040  my_font.o(.constdata)
    .constdata                               0x08007dc8   Section      136  pow.o(.constdata)
    bp                                       0x08007dc8   Data          16  pow.o(.constdata)
    dp_h                                     0x08007dd8   Data          16  pow.o(.constdata)
    dp_l                                     0x08007de8   Data          16  pow.o(.constdata)
    L                                        0x08007df8   Data          48  pow.o(.constdata)
    P                                        0x08007e28   Data          40  pow.o(.constdata)
    .constdata                               0x08007e50   Section        8  qnan.o(.constdata)
    .data                                    0x20000000   Section        4  stm32f1xx_hal.o(.data)
    uwTick                                   0x20000000   Data           4  stm32f1xx_hal.o(.data)
    .data                                    0x20000004   Section       16  sd_spi_stm32.o(.data)
    Stat                                     0x20000004   Data           1  sd_spi_stm32.o(.data)
    CardType                                 0x20000005   Data           1  sd_spi_stm32.o(.data)
    pv                                       0x20000008   Data           4  sd_spi_stm32.o(.data)
    Timer1                                   0x2000000c   Data           4  sd_spi_stm32.o(.data)
    Timer2                                   0x20000010   Data           4  sd_spi_stm32.o(.data)
    .data                                    0x20000014   Section       16  usbd_cdc_if.o(.data)
    .data                                    0x20000024   Section       12  usbd_cdc_if.o(.data)
    .data                                    0x20000030   Section        3  stm32f1xx_it.o(.data)
    .data                                    0x20000034   Section       24  main.o(.data)
    .data                                    0x2000004c   Section       28  usbd_desc.o(.data)
    .data                                    0x20000068   Section       22  usbd_desc.o(.data)
    .data                                    0x2000007e   Section        4  delay.o(.data)
    fac_us                                   0x2000007e   Data           1  delay.o(.data)
    fac_ms                                   0x20000080   Data           2  delay.o(.data)
    .data                                    0x20000084   Section       36  bmp085.o(.data)
    devAddr                                  0x20000084   Data           1  bmp085.o(.data)
    measureMode                              0x20000085   Data           1  bmp085.o(.data)
    ac1                                      0x20000086   Data           2  bmp085.o(.data)
    ac2                                      0x20000088   Data           2  bmp085.o(.data)
    ac3                                      0x2000008a   Data           2  bmp085.o(.data)
    b1                                       0x2000008c   Data           2  bmp085.o(.data)
    b2                                       0x2000008e   Data           2  bmp085.o(.data)
    mb                                       0x20000090   Data           2  bmp085.o(.data)
    mc                                       0x20000092   Data           2  bmp085.o(.data)
    md                                       0x20000094   Data           2  bmp085.o(.data)
    ac4                                      0x20000096   Data           2  bmp085.o(.data)
    ac5                                      0x20000098   Data           2  bmp085.o(.data)
    ac6                                      0x2000009a   Data           2  bmp085.o(.data)
    buffer                                   0x2000009c   Data           3  bmp085.o(.data)
    calibrationLoaded                        0x200000a0   Data           4  bmp085.o(.data)
    b5                                       0x200000a4   Data           4  bmp085.o(.data)
    .data                                    0x200000a8   Section        8  i2cdev.o(.data)
    .data                                    0x200000b0   Section       12  my_font.o(.data)
    .data                                    0x200000bc   Section       32  bmp_graph.o(.data)
    .data                                    0x200000dc   Section        3  init.o(.data)
    .data                                    0x200000df   Section        1  usbd_ctlreq.o(.data)
    cfgidx                                   0x200000df   Data           1  usbd_ctlreq.o(.data)
    .data                                    0x200000e0   Section      219  usbd_cdc.o(.data)
    ifalt                                    0x200000e0   Data           1  usbd_cdc.o(.data)
    USBD_CDC_DeviceQualifierDesc             0x200000e4   Data          10  usbd_cdc.o(.data)
    .data                                    0x200001bc   Section       56  usbd_cdc.o(.data)
    .data                                    0x200001f4   Section        4  system_stm32f1xx.o(.data)
    .data                                    0x200001f8   Section        4  mvars.o(.data)
    .data                                    0x200001fc   Section        4  mvars.o(.data)
    .data                                    0x20000200   Section        4  errno.o(.data)
    _errno                                   0x20000200   Data           4  errno.o(.data)
    .bss                                     0x20000204   Section      548  usb_device.o(.bss)
    .bss                                     0x20000428   Section     1252  main.o(.bss)
    .bss                                     0x2000090c   Section     1600  usbd_conf.o(.bss)
    mem                                      0x2000090c   Data         544  usbd_conf.o(.bss)
    .bss                                     0x20000f4c   Section      512  usbd_desc.o(.bss)
    .bss                                     0x2000114c   Section       60  lm75_hal.o(.bss)
    .bss                                     0x20001188   Section      720  bmp_graph.o(.bss)
    .bss                                     0x20001458   Section       80  init.o(.bss)
    HEAP                                     0x200014a8   Section      512  startup_stm32f103xb.o(HEAP)
    STACK                                    0x200016a8   Section     1024  startup_stm32f103xb.o(STACK)

    Global Symbols

    Symbol Name                              Value     Ov Type        Size  Object(Section)

    BuildAttributes$$THM_ISAv4$P$D$K$B$S$PE$A:L22UL41UL21$X:L11$S22US41US21$IEEE1$IW$USESV6$~STKCKD$USESV7$~SHL$OTIME$ROPI$IEEEX$EBA8$MICROLIB$REQ8$PRES8$EABIv2 0x00000000   Number         0  anon$$obj.o ABSOLUTE
    __ARM_use_no_argv                        0x00000000   Number         0  main.o ABSOLUTE
    _printf_a                                0x00000000   Number         0  stubs.o ABSOLUTE
    _printf_c                                0x00000000   Number         0  stubs.o ABSOLUTE
    _printf_charcount                        0x00000000   Number         0  stubs.o ABSOLUTE
    _printf_d                                0x00000000   Number         0  stubs.o ABSOLUTE
    _printf_e                                0x00000000   Number         0  stubs.o ABSOLUTE
    _printf_f                                0x00000000   Number         0  stubs.o ABSOLUTE
    _printf_flags                            0x00000000   Number         0  stubs.o ABSOLUTE
    _printf_fp_dec                           0x00000000   Number         0  stubs.o ABSOLUTE
    _printf_fp_hex                           0x00000000   Number         0  stubs.o ABSOLUTE
    _printf_g                                0x00000000   Number         0  stubs.o ABSOLUTE
    _printf_i                                0x00000000   Number         0  stubs.o ABSOLUTE
    _printf_int_dec                          0x00000000   Number         0  stubs.o ABSOLUTE
    _printf_l                                0x00000000   Number         0  stubs.o ABSOLUTE
    _printf_lc                               0x00000000   Number         0  stubs.o ABSOLUTE
    _printf_ll                               0x00000000   Number         0  stubs.o ABSOLUTE
    _printf_lld                              0x00000000   Number         0  stubs.o ABSOLUTE
    _printf_lli                              0x00000000   Number         0  stubs.o ABSOLUTE
    _printf_llo                              0x00000000   Number         0  stubs.o ABSOLUTE
    _printf_llu                              0x00000000   Number         0  stubs.o ABSOLUTE
    _printf_llx                              0x00000000   Number         0  stubs.o ABSOLUTE
    _printf_longlong_dec                     0x00000000   Number         0  stubs.o ABSOLUTE
    _printf_longlong_hex                     0x00000000   Number         0  stubs.o ABSOLUTE
    _printf_longlong_oct                     0x00000000   Number         0  stubs.o ABSOLUTE
    _printf_ls                               0x00000000   Number         0  stubs.o ABSOLUTE
    _printf_mbtowc                           0x00000000   Number         0  stubs.o ABSOLUTE
    _printf_n                                0x00000000   Number         0  stubs.o ABSOLUTE
    _printf_o                                0x00000000   Number         0  stubs.o ABSOLUTE
    _printf_p                                0x00000000   Number         0  stubs.o ABSOLUTE
    _printf_percent                          0x00000000   Number         0  stubs.o ABSOLUTE
    _printf_pre_padding                      0x00000000   Number         0  stubs.o ABSOLUTE
    _printf_return_value                     0x00000000   Number         0  stubs.o ABSOLUTE
    _printf_s                                0x00000000   Number         0  stubs.o ABSOLUTE
    _printf_sizespec                         0x00000000   Number         0  stubs.o ABSOLUTE
    _printf_str                              0x00000000   Number         0  stubs.o ABSOLUTE
    _printf_truncate_signed                  0x00000000   Number         0  stubs.o ABSOLUTE
    _printf_truncate_unsigned                0x00000000   Number         0  stubs.o ABSOLUTE
    _printf_u                                0x00000000   Number         0  stubs.o ABSOLUTE
    _printf_wc                               0x00000000   Number         0  stubs.o ABSOLUTE
    _printf_wctomb                           0x00000000   Number         0  stubs.o ABSOLUTE
    _printf_widthprec                        0x00000000   Number         0  stubs.o ABSOLUTE
    _printf_x                                0x00000000   Number         0  stubs.o ABSOLUTE
    __cpp_initialize__aeabi_                  - Undefined Weak Reference
    __cxa_finalize                            - Undefined Weak Reference
    _clock_init                               - Undefined Weak Reference
    _microlib_exit                            - Undefined Weak Reference
    __Vectors_Size                           0x000000ec   Number         0  startup_stm32f103xb.o ABSOLUTE
    __Vectors                                0x08000000   Data           4  startup_stm32f103xb.o(RESET)
    __Vectors_End                            0x080000ec   Data           0  startup_stm32f103xb.o(RESET)
    __main                                   0x080000ed   Thumb Code     0  entry.o(.ARM.Collect$$$$00000000)
    _main_stk                                0x080000ed   Thumb Code     0  entry2.o(.ARM.Collect$$$$00000001)
    _main_scatterload                        0x080000f1   Thumb Code     0  entry5.o(.ARM.Collect$$$$00000004)
    __main_after_scatterload                 0x080000f5   Thumb Code     0  entry5.o(.ARM.Collect$$$$00000004)
    _main_clock                              0x080000f5   Thumb Code     0  entry7b.o(.ARM.Collect$$$$00000008)
    _main_cpp_init                           0x080000f5   Thumb Code     0  entry8b.o(.ARM.Collect$$$$0000000A)
    _main_init                               0x080000f5   Thumb Code     0  entry9a.o(.ARM.Collect$$$$0000000B)
    __rt_final_cpp                           0x080000fd   Thumb Code     0  entry10a.o(.ARM.Collect$$$$0000000D)
    __rt_final_exit                          0x080000fd   Thumb Code     0  entry11a.o(.ARM.Collect$$$$0000000F)
    Reset_Handler                            0x08000101   Thumb Code     8  startup_stm32f103xb.o(.text)
    NMI_Handler                              0x08000109   Thumb Code     2  startup_stm32f103xb.o(.text)
    HardFault_Handler                        0x0800010b   Thumb Code     2  startup_stm32f103xb.o(.text)
    MemManage_Handler                        0x0800010d   Thumb Code     2  startup_stm32f103xb.o(.text)
    BusFault_Handler                         0x0800010f   Thumb Code     2  startup_stm32f103xb.o(.text)
    UsageFault_Handler                       0x08000111   Thumb Code     2  startup_stm32f103xb.o(.text)
    SVC_Handler                              0x08000113   Thumb Code     2  startup_stm32f103xb.o(.text)
    DebugMon_Handler                         0x08000115   Thumb Code     2  startup_stm32f103xb.o(.text)
    PendSV_Handler                           0x08000117   Thumb Code     2  startup_stm32f103xb.o(.text)
    ADC1_2_IRQHandler                        0x0800011b   Thumb Code     0  startup_stm32f103xb.o(.text)
    CAN1_RX1_IRQHandler                      0x0800011b   Thumb Code     0  startup_stm32f103xb.o(.text)
    CAN1_SCE_IRQHandler                      0x0800011b   Thumb Code     0  startup_stm32f103xb.o(.text)
    DMA1_Channel1_IRQHandler                 0x0800011b   Thumb Code     0  startup_stm32f103xb.o(.text)
    DMA1_Channel2_IRQHandler                 0x0800011b   Thumb Code     0  startup_stm32f103xb.o(.text)
    DMA1_Channel3_IRQHandler                 0x0800011b   Thumb Code     0  startup_stm32f103xb.o(.text)
    DMA1_Channel4_IRQHandler                 0x0800011b   Thumb Code     0  startup_stm32f103xb.o(.text)
    DMA1_Channel5_IRQHandler                 0x0800011b   Thumb Code     0  startup_stm32f103xb.o(.text)
    DMA1_Channel6_IRQHandler                 0x0800011b   Thumb Code     0  startup_stm32f103xb.o(.text)
    DMA1_Channel7_IRQHandler                 0x0800011b   Thumb Code     0  startup_stm32f103xb.o(.text)
    EXTI0_IRQHandler                         0x0800011b   Thumb Code     0  startup_stm32f103xb.o(.text)
    EXTI15_10_IRQHandler                     0x0800011b   Thumb Code     0  startup_stm32f103xb.o(.text)
    EXTI2_IRQHandler                         0x0800011b   Thumb Code     0  startup_stm32f103xb.o(.text)
    EXTI4_IRQHandler                         0x0800011b   Thumb Code     0  startup_stm32f103xb.o(.text)
    EXTI9_5_IRQHandler                       0x0800011b   Thumb Code     0  startup_stm32f103xb.o(.text)
    FLASH_IRQHandler                         0x0800011b   Thumb Code     0  startup_stm32f103xb.o(.text)
    I2C1_ER_IRQHandler                       0x0800011b   Thumb Code     0  startup_stm32f103xb.o(.text)
    I2C1_EV_IRQHandler                       0x0800011b   Thumb Code     0  startup_stm32f103xb.o(.text)
    I2C2_ER_IRQHandler                       0x0800011b   Thumb Code     0  startup_stm32f103xb.o(.text)
    I2C2_EV_IRQHandler                       0x0800011b   Thumb Code     0  startup_stm32f103xb.o(.text)
    PVD_IRQHandler                           0x0800011b   Thumb Code     0  startup_stm32f103xb.o(.text)
    RCC_IRQHandler                           0x0800011b   Thumb Code     0  startup_stm32f103xb.o(.text)
    SPI1_IRQHandler                          0x0800011b   Thumb Code     0  startup_stm32f103xb.o(.text)
    SPI2_IRQHandler                          0x0800011b   Thumb Code     0  startup_stm32f103xb.o(.text)
    TAMPER_IRQHandler                        0x0800011b   Thumb Code     0  startup_stm32f103xb.o(.text)
    TIM1_BRK_IRQHandler                      0x0800011b   Thumb Code     0  startup_stm32f103xb.o(.text)
    TIM1_CC_IRQHandler                       0x0800011b   Thumb Code     0  startup_stm32f103xb.o(.text)
    TIM1_TRG_COM_IRQHandler                  0x0800011b   Thumb Code     0  startup_stm32f103xb.o(.text)
    TIM1_UP_IRQHandler                       0x0800011b   Thumb Code     0  startup_stm32f103xb.o(.text)
    TIM2_IRQHandler                          0x0800011b   Thumb Code     0  startup_stm32f103xb.o(.text)
    TIM3_IRQHandler                          0x0800011b   Thumb Code     0  startup_stm32f103xb.o(.text)
    TIM4_IRQHandler                          0x0800011b   Thumb Code     0  startup_stm32f103xb.o(.text)
    USART1_IRQHandler                        0x0800011b   Thumb Code     0  startup_stm32f103xb.o(.text)
    USART2_IRQHandler                        0x0800011b   Thumb Code     0  startup_stm32f103xb.o(.text)
    USART3_IRQHandler                        0x0800011b   Thumb Code     0  startup_stm32f103xb.o(.text)
    USBWakeUp_IRQHandler                     0x0800011b   Thumb Code     0  startup_stm32f103xb.o(.text)
    USB_HP_CAN1_TX_IRQHandler                0x0800011b   Thumb Code     0  startup_stm32f103xb.o(.text)
    WWDG_IRQHandler                          0x0800011b   Thumb Code     0  startup_stm32f103xb.o(.text)
    __aeabi_llsr                             0x08000125   Thumb Code    32  llushr.o(.text)
    _ll_ushift_r                             0x08000125   Thumb Code     0  llushr.o(.text)
    __aeabi_memcpy                           0x08000145   Thumb Code    36  memcpya.o(.text)
    __aeabi_memcpy4                          0x08000145   Thumb Code     0  memcpya.o(.text)
    __aeabi_memcpy8                          0x08000145   Thumb Code     0  memcpya.o(.text)
    __aeabi_fadd                             0x08000169   Thumb Code   164  fadd.o(.text)
    __aeabi_fsub                             0x0800020d   Thumb Code     6  fadd.o(.text)
    __aeabi_frsub                            0x08000213   Thumb Code     6  fadd.o(.text)
    __aeabi_fdiv                             0x08000219   Thumb Code   124  fdiv.o(.text)
    __ARM_scalbnf                            0x08000295   Thumb Code    24  fscalb.o(.text)
    scalbnf                                  0x08000295   Thumb Code     0  fscalb.o(.text)
    __aeabi_dadd                             0x080002ad   Thumb Code   322  dadd.o(.text)
    __aeabi_dsub                             0x080003ef   Thumb Code     6  dadd.o(.text)
    __aeabi_drsub                            0x080003f5   Thumb Code     6  dadd.o(.text)
    __aeabi_dmul                             0x080003fb   Thumb Code   228  dmul.o(.text)
    __aeabi_i2f                              0x080004df   Thumb Code    18  fflti.o(.text)
    __aeabi_f2uiz                            0x080004f1   Thumb Code    40  ffixui.o(.text)
    __aeabi_f2d                              0x08000519   Thumb Code    38  f2d.o(.text)
    __aeabi_d2f                              0x0800053f   Thumb Code    56  d2f.o(.text)
    __aeabi_cfcmpeq                          0x08000579   Thumb Code     0  cfcmple.o(.text)
    __aeabi_cfcmple                          0x08000579   Thumb Code    20  cfcmple.o(.text)
    __aeabi_cfrcmple                         0x0800058d   Thumb Code    20  cfrcmple.o(.text)
    __aeabi_uidiv                            0x080005a1   Thumb Code     0  uidiv.o(.text)
    __aeabi_uidivmod                         0x080005a1   Thumb Code    44  uidiv.o(.text)
    __aeabi_uldivmod                         0x080005cd   Thumb Code    98  uldiv.o(.text)
    __aeabi_llsl                             0x0800062f   Thumb Code    30  llshl.o(.text)
    _ll_shift_l                              0x0800062f   Thumb Code     0  llshl.o(.text)
    __aeabi_lasr                             0x0800064d   Thumb Code    36  llsshr.o(.text)
    _ll_sshift_r                             0x0800064d   Thumb Code     0  llsshr.o(.text)
    __I$use$fp                               0x08000671   Thumb Code     0  iusefp.o(.text)
    _float_round                             0x08000671   Thumb Code    18  fepilogue.o(.text)
    _float_epilogue                          0x08000683   Thumb Code    92  fepilogue.o(.text)
    _double_round                            0x080006df   Thumb Code    30  depilogue.o(.text)
    _double_epilogue                         0x080006fd   Thumb Code   156  depilogue.o(.text)
    __aeabi_ddiv                             0x08000799   Thumb Code   222  ddiv.o(.text)
    __ARM_scalbn                             0x08000877   Thumb Code    46  dscalb.o(.text)
    scalbn                                   0x08000877   Thumb Code     0  dscalb.o(.text)
    __aeabi_i2d                              0x080008a5   Thumb Code    34  dflti.o(.text)
    __aeabi_d2ulz                            0x080008c7   Thumb Code    48  dfixul.o(.text)
    __aeabi_cdrcmple                         0x080008f9   Thumb Code    48  cdrcmple.o(.text)
    __scatterload                            0x08000929   Thumb Code    28  init.o(.text)
    __scatterload_rt2                        0x08000929   Thumb Code     0  init.o(.text)
    _dsqrt                                   0x0800094d   Thumb Code   162  dsqrt.o(.text)
    __decompress                             0x080009ef   Thumb Code     0  __dczerorl2.o(.text)
    __decompress1                            0x080009ef   Thumb Code    86  __dczerorl2.o(.text)
    BMP085_getAltitude                       0x08000a45   Thumb Code    50  bmp085.o(i.BMP085_getAltitude)
    BMP085_getMeasureDelayMilliseconds       0x08000a8d   Thumb Code    44  bmp085.o(i.BMP085_getMeasureDelayMilliseconds)
    BMP085_getMeasurement2                   0x08000abd   Thumb Code    38  bmp085.o(i.BMP085_getMeasurement2)
    BMP085_getMeasurement3                   0x08000ae9   Thumb Code    42  bmp085.o(i.BMP085_getMeasurement3)
    BMP085_getPressure                       0x08000b19   Thumb Code   154  bmp085.o(i.BMP085_getPressure)
    BMP085_getRawPressure                    0x08000bbd   Thumb Code    28  bmp085.o(i.BMP085_getRawPressure)
    BMP085_getRawTemperature                 0x08000bdd   Thumb Code    16  bmp085.o(i.BMP085_getRawTemperature)
    BMP085_getTemperatureC                   0x08000bf1   Thumb Code    56  bmp085.o(i.BMP085_getTemperatureC)
    BMP085_initialize                        0x08000c31   Thumb Code    14  bmp085.o(i.BMP085_initialize)
    BMP085_loadCalibration                   0x08000c45   Thumb Code   186  bmp085.o(i.BMP085_loadCalibration)
    BMP085_setControl                        0x08000d05   Thumb Code    20  bmp085.o(i.BMP085_setControl)
    BMP085_testConnection                    0x08000d1d   Thumb Code    26  bmp085.o(i.BMP085_testConnection)
    Draw_graph                               0x08000dad   Thumb Code   498  bmp_graph.o(i.Draw_graph)
    Draw_table                               0x08000fb1   Thumb Code   242  main.o(i.Draw_table)
    EXTI1_IRQHandler                         0x080010e1   Thumb Code    30  stm32f1xx_it.o(i.EXTI1_IRQHandler)
    EXTI3_IRQHandler                         0x08001111   Thumb Code    22  stm32f1xx_it.o(i.EXTI3_IRQHandler)
    First_Draw_Graph                         0x0800112d   Thumb Code   106  bmp_graph.o(i.First_Draw_Graph)
    First_Draw_Table                         0x080011ad   Thumb Code   106  main.o(i.First_Draw_Table)
    Gui_DrawLine                             0x08001221   Thumb Code   170  gui.o(i.Gui_DrawLine)
    Gui_DrawPoint                            0x080012cb   Thumb Code    26  lcd_driver.o(i.Gui_DrawPoint)
    HAL_Delay                                0x080012e5   Thumb Code    22  stm32f1xx_hal.o(i.HAL_Delay)
    HAL_GPIO_EXTI_Callback                   0x080012fb   Thumb Code     2  stm32f1xx_hal_gpio.o(i.HAL_GPIO_EXTI_Callback)
    HAL_GPIO_EXTI_IRQHandler                 0x080012fd   Thumb Code    18  stm32f1xx_hal_gpio.o(i.HAL_GPIO_EXTI_IRQHandler)
    HAL_GPIO_Init                            0x08001315   Thumb Code   408  stm32f1xx_hal_gpio.o(i.HAL_GPIO_Init)
    HAL_GPIO_TogglePin                       0x080014d1   Thumb Code     8  stm32f1xx_hal_gpio.o(i.HAL_GPIO_TogglePin)
    HAL_GPIO_WritePin                        0x080014d9   Thumb Code    10  stm32f1xx_hal_gpio.o(i.HAL_GPIO_WritePin)
    HAL_GetTick                              0x080014e5   Thumb Code     6  stm32f1xx_hal.o(i.HAL_GetTick)
    HAL_I2C_Init                             0x080014f1   Thumb Code   216  stm32f1xx_hal_i2c.o(i.HAL_I2C_Init)
    HAL_I2C_Master_Receive                   0x080015d1   Thumb Code   454  stm32f1xx_hal_i2c.o(i.HAL_I2C_Master_Receive)
    HAL_I2C_Master_Transmit                  0x080017a1   Thumb Code   294  stm32f1xx_hal_i2c.o(i.HAL_I2C_Master_Transmit)
    HAL_I2C_MspInit                          0x080018cd   Thumb Code     2  stm32f1xx_hal_i2c.o(i.HAL_I2C_MspInit)
    HAL_IncTick                              0x080018d1   Thumb Code    10  stm32f1xx_hal.o(i.HAL_IncTick)
    HAL_Init                                 0x080018e1   Thumb Code    32  stm32f1xx_hal.o(i.HAL_Init)
    HAL_InitTick                             0x08001905   Thumb Code    34  stm32f1xx_hal.o(i.HAL_InitTick)
    HAL_MspInit                              0x08001929   Thumb Code    52  stm32f1xx_hal_msp.o(i.HAL_MspInit)
    HAL_NVIC_EnableIRQ                       0x08001965   Thumb Code    22  stm32f1xx_hal_cortex.o(i.HAL_NVIC_EnableIRQ)
    HAL_NVIC_SetPriority                     0x0800197d   Thumb Code    60  stm32f1xx_hal_cortex.o(i.HAL_NVIC_SetPriority)
    HAL_NVIC_SetPriorityGrouping             0x080019bd   Thumb Code    26  stm32f1xx_hal_cortex.o(i.HAL_NVIC_SetPriorityGrouping)
    HAL_PCDEx_PMAConfig                      0x080019e1   Thumb Code    52  stm32f1xx_hal_pcd_ex.o(i.HAL_PCDEx_PMAConfig)
    HAL_PCDEx_SetConnectionState             0x08001a15   Thumb Code     2  usbd_conf.o(i.HAL_PCDEx_SetConnectionState)
    HAL_PCD_DataInStageCallback              0x08001a17   Thumb Code    14  usbd_conf.o(i.HAL_PCD_DataInStageCallback)
    HAL_PCD_DataOutStageCallback             0x08001a25   Thumb Code    16  usbd_conf.o(i.HAL_PCD_DataOutStageCallback)
    HAL_PCD_EP_Close                         0x08001a35   Thumb Code    64  stm32f1xx_hal_pcd.o(i.HAL_PCD_EP_Close)
    HAL_PCD_EP_ClrStall                      0x08001a75   Thumb Code    72  stm32f1xx_hal_pcd.o(i.HAL_PCD_EP_ClrStall)
    HAL_PCD_EP_GetRxCount                    0x08001abd   Thumb Code    16  stm32f1xx_hal_pcd.o(i.HAL_PCD_EP_GetRxCount)
    HAL_PCD_EP_Open                          0x08001acd   Thumb Code    68  stm32f1xx_hal_pcd.o(i.HAL_PCD_EP_Open)
    HAL_PCD_EP_Receive                       0x08001b11   Thumb Code    64  stm32f1xx_hal_pcd.o(i.HAL_PCD_EP_Receive)
    HAL_PCD_EP_SetStall                      0x08001b51   Thumb Code    86  stm32f1xx_hal_pcd.o(i.HAL_PCD_EP_SetStall)
    HAL_PCD_EP_Transmit                      0x08001ba7   Thumb Code    62  stm32f1xx_hal_pcd.o(i.HAL_PCD_EP_Transmit)
    HAL_PCD_IRQHandler                       0x08001be5   Thumb Code   266  stm32f1xx_hal_pcd.o(i.HAL_PCD_IRQHandler)
    HAL_PCD_Init                             0x08001cf1   Thumb Code   192  stm32f1xx_hal_pcd.o(i.HAL_PCD_Init)
    HAL_PCD_MspInit                          0x08001db1   Thumb Code    50  usbd_conf.o(i.HAL_PCD_MspInit)
    HAL_PCD_ResetCallback                    0x08001ded   Thumb Code    26  usbd_conf.o(i.HAL_PCD_ResetCallback)
    HAL_PCD_ResumeCallback                   0x08001e07   Thumb Code     8  usbd_conf.o(i.HAL_PCD_ResumeCallback)
    HAL_PCD_SOFCallback                      0x08001e0f   Thumb Code     8  usbd_conf.o(i.HAL_PCD_SOFCallback)
    HAL_PCD_SetAddress                       0x08001e17   Thumb Code    40  stm32f1xx_hal_pcd.o(i.HAL_PCD_SetAddress)
    HAL_PCD_SetupStageCallback               0x08001e3f   Thumb Code    14  usbd_conf.o(i.HAL_PCD_SetupStageCallback)
    HAL_PCD_Start                            0x08001e4d   Thumb Code    50  stm32f1xx_hal_pcd.o(i.HAL_PCD_Start)
    HAL_PCD_SuspendCallback                  0x08001e81   Thumb Code    30  usbd_conf.o(i.HAL_PCD_SuspendCallback)
    HAL_PWR_EnableBkUpAccess                 0x08001ea5   Thumb Code    20  stm32f1xx_hal_pwr.o(i.HAL_PWR_EnableBkUpAccess)
    HAL_RCCEx_GetPeriphCLKFreq               0x08001ebd   Thumb Code   208  stm32f1xx_hal_rcc_ex.o(i.HAL_RCCEx_GetPeriphCLKFreq)
    HAL_RCCEx_PeriphCLKConfig                0x08001fad   Thumb Code   282  stm32f1xx_hal_rcc_ex.o(i.HAL_RCCEx_PeriphCLKConfig)
    HAL_RCC_ClockConfig                      0x080020d5   Thumb Code   638  stm32f1xx_hal_rcc.o(i.HAL_RCC_ClockConfig)
    HAL_RCC_GetHCLKFreq                      0x0800235d   Thumb Code    38  stm32f1xx_hal_rcc.o(i.HAL_RCC_GetHCLKFreq)
    HAL_RCC_GetPCLK1Freq                     0x08002391   Thumb Code    36  stm32f1xx_hal_rcc.o(i.HAL_RCC_GetPCLK1Freq)
    HAL_RCC_GetPCLK2Freq                     0x080023bd   Thumb Code    36  stm32f1xx_hal_rcc.o(i.HAL_RCC_GetPCLK2Freq)
    HAL_RCC_GetSysClockFreq                  0x080023e9   Thumb Code   102  stm32f1xx_hal_rcc.o(i.HAL_RCC_GetSysClockFreq)
    HAL_RCC_OscConfig                        0x08002471   Thumb Code  1586  stm32f1xx_hal_rcc.o(i.HAL_RCC_OscConfig)
    HAL_RTCEx_RTCEventCallback               0x08002aa3   Thumb Code     2  stm32f1xx_hal_rtc_ex.o(i.HAL_RTCEx_RTCEventCallback)
    HAL_RTCEx_RTCEventErrorCallback          0x08002aa5   Thumb Code     2  stm32f1xx_hal_rtc_ex.o(i.HAL_RTCEx_RTCEventErrorCallback)
    HAL_RTCEx_RTCIRQHandler                  0x08002aa7   Thumb Code    60  stm32f1xx_hal_rtc_ex.o(i.HAL_RTCEx_RTCIRQHandler)
    HAL_RTCEx_SetSecond_IT                   0x08002ae3   Thumb Code    44  stm32f1xx_hal_rtc_ex.o(i.HAL_RTCEx_SetSecond_IT)
    HAL_RTC_AlarmAEventCallback              0x08002b0f   Thumb Code     2  stm32f1xx_hal_rtc.o(i.HAL_RTC_AlarmAEventCallback)
    HAL_RTC_AlarmIRQHandler                  0x08002b11   Thumb Code    46  stm32f1xx_hal_rtc.o(i.HAL_RTC_AlarmIRQHandler)
    HAL_RTC_GetTime                          0x08002b45   Thumb Code   216  stm32f1xx_hal_rtc.o(i.HAL_RTC_GetTime)
    HAL_RTC_Init                             0x08002c1d   Thumb Code   154  stm32f1xx_hal_rtc.o(i.HAL_RTC_Init)
    HAL_RTC_MspInit                          0x08002cbd   Thumb Code     2  stm32f1xx_hal_rtc.o(i.HAL_RTC_MspInit)
    HAL_RTC_SetDate                          0x08002cc1   Thumb Code   192  stm32f1xx_hal_rtc.o(i.HAL_RTC_SetDate)
    HAL_RTC_SetTime                          0x08002d85   Thumb Code   168  stm32f1xx_hal_rtc.o(i.HAL_RTC_SetTime)
    HAL_RTC_WaitForSynchro                   0x08002e31   Thumb Code    58  stm32f1xx_hal_rtc.o(i.HAL_RTC_WaitForSynchro)
    HAL_SYSTICK_CLKSourceConfig              0x08002e6b   Thumb Code    24  stm32f1xx_hal_cortex.o(i.HAL_SYSTICK_CLKSourceConfig)
    HAL_SYSTICK_Callback                     0x08002e83   Thumb Code     2  stm32f1xx_hal_cortex.o(i.HAL_SYSTICK_Callback)
    HAL_SYSTICK_Config                       0x08002e85   Thumb Code    40  stm32f1xx_hal_cortex.o(i.HAL_SYSTICK_Config)
    HAL_SYSTICK_IRQHandler                   0x08002ead   Thumb Code     8  stm32f1xx_hal_cortex.o(i.HAL_SYSTICK_IRQHandler)
    I2Cdev_readByte                          0x080031d5   Thumb Code    14  i2cdev.o(i.I2Cdev_readByte)
    I2Cdev_readBytes                         0x080031e5   Thumb Code    62  i2cdev.o(i.I2Cdev_readBytes)
    I2Cdev_writeByte                         0x08003229   Thumb Code    12  i2cdev.o(i.I2Cdev_writeByte)
    I2Cdev_writeBytes                        0x08003235   Thumb Code    72  i2cdev.o(i.I2Cdev_writeBytes)
    Init_BMP085                              0x08003281   Thumb Code   148  init.o(i.Init_BMP085)
    LCD_GPIO_Init                            0x08003331   Thumb Code    78  lcd_driver.o(i.LCD_GPIO_Init)
    LCD_WriteData_16Bit                      0x0800338d   Thumb Code    38  lcd_driver.o(i.LCD_WriteData_16Bit)
    LM75_Init                                0x080033bd   Thumb Code    98  lm75_hal.o(i.LM75_Init)
    LM75_Temperature                         0x08003435   Thumb Code    98  lm75_hal.o(i.LM75_Temperature)
    LM75_Temperature_ex                      0x0800349d   Thumb Code    98  lm75_hal.o(i.LM75_Temperature_ex)
    Lcd_Clear                                0x08003505   Thumb Code    46  lcd_driver.o(i.Lcd_Clear)
    Lcd_Init                                 0x08003533   Thumb Code   548  lcd_driver.o(i.Lcd_Init)
    Lcd_Reset                                0x08003759   Thumb Code    32  lcd_driver.o(i.Lcd_Reset)
    Lcd_SetRegion                            0x0800377d   Thumb Code    88  lcd_driver.o(i.Lcd_SetRegion)
    Lcd_SetXY                                0x080037d5   Thumb Code     8  lcd_driver.o(i.Lcd_SetXY)
    Lcd_WriteData                            0x080037dd   Thumb Code    28  lcd_driver.o(i.Lcd_WriteData)
    Lcd_WriteIndex                           0x08003801   Thumb Code    28  lcd_driver.o(i.Lcd_WriteIndex)
    MX_GPIO_Init                             0x08003825   Thumb Code   164  init.o(i.MX_GPIO_Init)
    MX_USB_DEVICE_Init                       0x080038d9   Thumb Code    38  usb_device.o(i.MX_USB_DEVICE_Init)
    PutStringRus                             0x08003c95   Thumb Code   206  my_font.o(i.PutStringRus)
    RTC_Alarm_IRQHandler                     0x08003d69   Thumb Code     6  stm32f1xx_it.o(i.RTC_Alarm_IRQHandler)
    RTC_IRQHandler                           0x08003eb9   Thumb Code    36  stm32f1xx_it.o(i.RTC_IRQHandler)
    RTC_Init                                 0x08003ee9   Thumb Code   148  init.o(i.RTC_Init)
    SPI_WriteData                            0x08004065   Thumb Code    40  lcd_driver.o(i.SPI_WriteData)
    SysTick_Handler                          0x08004091   Thumb Code    18  stm32f1xx_it.o(i.SysTick_Handler)
    SystemClock_Config                       0x080040a3   Thumb Code   114  init.o(i.SystemClock_Config)
    SystemInit                               0x08004115   Thumb Code    56  system_stm32f1xx.o(i.SystemInit)
    Take_average_data                        0x0800415d   Thumb Code   186  bmp_graph.o(i.Take_average_data)
    USBD_CDC_GetDeviceQualifierDescriptor    0x080042d5   Thumb Code     8  usbd_cdc.o(i.USBD_CDC_GetDeviceQualifierDescriptor)
    USBD_CDC_ReceivePacket                   0x0800438d   Thumb Code    40  usbd_cdc.o(i.USBD_CDC_ReceivePacket)
    USBD_CDC_RegisterInterface               0x080043b5   Thumb Code    16  usbd_cdc.o(i.USBD_CDC_RegisterInterface)
    USBD_CDC_SetRxBuffer                     0x080043c5   Thumb Code    12  usbd_cdc.o(i.USBD_CDC_SetRxBuffer)
    USBD_CDC_SetTxBuffer                     0x080043d1   Thumb Code    16  usbd_cdc.o(i.USBD_CDC_SetTxBuffer)
    USBD_CDC_TransmitPacket                  0x08004451   Thumb Code    48  usbd_cdc.o(i.USBD_CDC_TransmitPacket)
    USBD_ClrClassConfig                      0x08004481   Thumb Code    14  usbd_core.o(i.USBD_ClrClassConfig)
    USBD_CtlContinueRx                       0x0800448f   Thumb Code    16  usbd_ioreq.o(i.USBD_CtlContinueRx)
    USBD_CtlContinueSendData                 0x0800449f   Thumb Code    16  usbd_ioreq.o(i.USBD_CtlContinueSendData)
    USBD_CtlError                            0x080044af   Thumb Code    22  usbd_ctlreq.o(i.USBD_CtlError)
    USBD_CtlPrepareRx                        0x080044c5   Thumb Code    30  usbd_ioreq.o(i.USBD_CtlPrepareRx)
    USBD_CtlReceiveStatus                    0x080044e3   Thumb Code    22  usbd_ioreq.o(i.USBD_CtlReceiveStatus)
    USBD_CtlSendData                         0x080044f9   Thumb Code    26  usbd_ioreq.o(i.USBD_CtlSendData)
    USBD_CtlSendStatus                       0x08004513   Thumb Code    22  usbd_ioreq.o(i.USBD_CtlSendStatus)
    USBD_FS_ConfigStrDescriptor              0x08004529   Thumb Code    16  usbd_desc.o(i.USBD_FS_ConfigStrDescriptor)
    USBD_FS_DeviceDescriptor                 0x08004549   Thumb Code     8  usbd_desc.o(i.USBD_FS_DeviceDescriptor)
    USBD_FS_InterfaceStrDescriptor           0x08004555   Thumb Code    16  usbd_desc.o(i.USBD_FS_InterfaceStrDescriptor)
    USBD_FS_LangIDStrDescriptor              0x08004579   Thumb Code     8  usbd_desc.o(i.USBD_FS_LangIDStrDescriptor)
    USBD_FS_ManufacturerStrDescriptor        0x08004585   Thumb Code    16  usbd_desc.o(i.USBD_FS_ManufacturerStrDescriptor)
    USBD_FS_ProductStrDescriptor             0x080045ad   Thumb Code    16  usbd_desc.o(i.USBD_FS_ProductStrDescriptor)
    USBD_FS_SerialStrDescriptor              0x080045d9   Thumb Code    16  usbd_desc.o(i.USBD_FS_SerialStrDescriptor)
    USBD_GetString                           0x080046dd   Thumb Code    70  usbd_ctlreq.o(i.USBD_GetString)
    USBD_Init                                0x08004723   Thumb Code    42  usbd_core.o(i.USBD_Init)
    USBD_LL_ClearStallEP                     0x0800474d   Thumb Code    14  usbd_conf.o(i.USBD_LL_ClearStallEP)
    USBD_LL_CloseEP                          0x0800475b   Thumb Code    14  usbd_conf.o(i.USBD_LL_CloseEP)
    USBD_LL_DataInStage                      0x08004769   Thumb Code   170  usbd_core.o(i.USBD_LL_DataInStage)
    USBD_LL_DataOutStage                     0x08004813   Thumb Code   106  usbd_core.o(i.USBD_LL_DataOutStage)
    USBD_LL_GetRxDataSize                    0x0800487d   Thumb Code     8  usbd_conf.o(i.USBD_LL_GetRxDataSize)
    USBD_LL_Init                             0x08004885   Thumb Code   116  usbd_conf.o(i.USBD_LL_Init)
    USBD_LL_IsStallEP                        0x08004901   Thumb Code    28  usbd_conf.o(i.USBD_LL_IsStallEP)
    USBD_LL_OpenEP                           0x0800491d   Thumb Code    20  usbd_conf.o(i.USBD_LL_OpenEP)
    USBD_LL_PrepareReceive                   0x08004931   Thumb Code    14  usbd_conf.o(i.USBD_LL_PrepareReceive)
    USBD_LL_Reset                            0x0800493f   Thumb Code    62  usbd_core.o(i.USBD_LL_Reset)
    USBD_LL_Resume                           0x0800497d   Thumb Code    12  usbd_core.o(i.USBD_LL_Resume)
    USBD_LL_SOF                              0x08004989   Thumb Code    24  usbd_core.o(i.USBD_LL_SOF)
    USBD_LL_SetSpeed                         0x080049a1   Thumb Code     6  usbd_core.o(i.USBD_LL_SetSpeed)
    USBD_LL_SetUSBAddress                    0x080049a7   Thumb Code    14  usbd_conf.o(i.USBD_LL_SetUSBAddress)
    USBD_LL_SetupStage                       0x080049b5   Thumb Code    90  usbd_core.o(i.USBD_LL_SetupStage)
    USBD_LL_StallEP                          0x08004a0f   Thumb Code    14  usbd_conf.o(i.USBD_LL_StallEP)
    USBD_LL_Start                            0x08004a1d   Thumb Code    14  usbd_conf.o(i.USBD_LL_Start)
    USBD_LL_Suspend                          0x08004a2b   Thumb Code    18  usbd_core.o(i.USBD_LL_Suspend)
    USBD_LL_Transmit                         0x08004a3d   Thumb Code    14  usbd_conf.o(i.USBD_LL_Transmit)
    USBD_ParseSetupRequest                   0x08004a4b   Thumb Code    40  usbd_ctlreq.o(i.USBD_ParseSetupRequest)
    USBD_RegisterClass                       0x08004a73   Thumb Code    16  usbd_core.o(i.USBD_RegisterClass)
    USBD_SetClassConfig                      0x08004a83   Thumb Code    22  usbd_core.o(i.USBD_SetClassConfig)
    USBD_Start                               0x08004b0d   Thumb Code    10  usbd_core.o(i.USBD_Start)
    USBD_StdDevReq                           0x08004b17   Thumb Code   242  usbd_ctlreq.o(i.USBD_StdDevReq)
    USBD_StdEPReq                            0x08004c09   Thumb Code   220  usbd_ctlreq.o(i.USBD_StdEPReq)
    USBD_StdItfReq                           0x08004ce5   Thumb Code    52  usbd_ctlreq.o(i.USBD_StdItfReq)
    USBD_static_free                         0x08004d19   Thumb Code     4  usbd_conf.o(i.USBD_static_free)
    USBD_static_malloc                       0x08004d1d   Thumb Code     4  usbd_conf.o(i.USBD_static_malloc)
    USB_ActivateEndpoint                     0x08004d25   Thumb Code   604  stm32f1xx_ll_usb.o(i.USB_ActivateEndpoint)
    USB_CoreInit                             0x08004f81   Thumb Code     4  stm32f1xx_ll_usb.o(i.USB_CoreInit)
    USB_DeactivateEndpoint                   0x08004f85   Thumb Code   292  stm32f1xx_ll_usb.o(i.USB_DeactivateEndpoint)
    USB_DevConnect                           0x080050a9   Thumb Code     4  stm32f1xx_ll_usb.o(i.USB_DevConnect)
    USB_DevDisconnect                        0x080050ad   Thumb Code     4  stm32f1xx_ll_usb.o(i.USB_DevDisconnect)
    USB_DevInit                              0x080050b1   Thumb Code    18  stm32f1xx_ll_usb.o(i.USB_DevInit)
    USB_DisableGlobalInt                     0x080050c3   Thumb Code    14  stm32f1xx_ll_usb.o(i.USB_DisableGlobalInt)
    USB_EP0_OutStart                         0x080050d1   Thumb Code     4  stm32f1xx_ll_usb.o(i.USB_EP0_OutStart)
    USB_EPClearStall                         0x080050d5   Thumb Code   106  stm32f1xx_ll_usb.o(i.USB_EPClearStall)
    USB_EPSetStall                           0x0800513f   Thumb Code    74  stm32f1xx_ll_usb.o(i.USB_EPSetStall)
    USB_EPStartXfer                          0x08005189   Thumb Code   426  stm32f1xx_ll_usb.o(i.USB_EPStartXfer)
    USB_EnableGlobalInt                      0x08005333   Thumb Code    14  stm32f1xx_ll_usb.o(i.USB_EnableGlobalInt)
    USB_LP_CAN1_RX0_IRQHandler               0x08005341   Thumb Code     6  stm32f1xx_it.o(i.USB_LP_CAN1_RX0_IRQHandler)
    USB_ReadInterrupts                       0x0800534d   Thumb Code     6  stm32f1xx_ll_usb.o(i.USB_ReadInterrupts)
    USB_ReadPMA                              0x08005355   Thumb Code    30  stm32f1xx_ll_usb.o(i.USB_ReadPMA)
    USB_SetCurrentMode                       0x08005373   Thumb Code     4  stm32f1xx_ll_usb.o(i.USB_SetCurrentMode)
    USB_SetDevAddress                        0x08005377   Thumb Code    12  stm32f1xx_ll_usb.o(i.USB_SetDevAddress)
    USB_WritePMA                             0x08005383   Thumb Code    38  stm32f1xx_ll_usb.o(i.USB_WritePMA)
    __0sprintf                               0x080053a9   Thumb Code    34  printfa.o(i.__0sprintf)
    __1sprintf                               0x080053a9   Thumb Code     0  printfa.o(i.__0sprintf)
    __2sprintf                               0x080053a9   Thumb Code     0  printfa.o(i.__0sprintf)
    __c89sprintf                             0x080053a9   Thumb Code     0  printfa.o(i.__0sprintf)
    sprintf                                  0x080053a9   Thumb Code     0  printfa.o(i.__0sprintf)
    __ARM_fpclassify                         0x080053d1   Thumb Code    40  fpclassify.o(i.__ARM_fpclassify)
    __kernel_poly                            0x080053f9   Thumb Code   170  poly.o(i.__kernel_poly)
    __mathlib_dbl_divzero                    0x080054a5   Thumb Code    12  dunder.o(i.__mathlib_dbl_divzero)
    __mathlib_dbl_infnan2                    0x080054b5   Thumb Code     4  dunder.o(i.__mathlib_dbl_infnan2)
    __mathlib_dbl_invalid                    0x080054b9   Thumb Code    12  dunder.o(i.__mathlib_dbl_invalid)
    __mathlib_dbl_overflow                   0x080054c5   Thumb Code    14  dunder.o(i.__mathlib_dbl_overflow)
    __mathlib_dbl_underflow                  0x080054d5   Thumb Code    10  dunder.o(i.__mathlib_dbl_underflow)
    __scatterload_copy                       0x080054e5   Thumb Code    14  handlers.o(i.__scatterload_copy)
    __scatterload_null                       0x080054f3   Thumb Code     2  handlers.o(i.__scatterload_null)
    __scatterload_zeroinit                   0x080054f5   Thumb Code    14  handlers.o(i.__scatterload_zeroinit)
    __set_errno                              0x08005505   Thumb Code     6  errno.o(i.__set_errno)
    delay_init                               0x08005dad   Thumb Code    38  delay.o(i.delay_init)
    delay_ms                                 0x08005dd9   Thumb Code    36  delay.o(i.delay_ms)
    disk_timerproc                           0x08005e01   Thumb Code    50  sd_spi_stm32.o(i.disk_timerproc)
    free                                     0x08005e39   Thumb Code    76  malloc.o(i.free)
    main                                     0x08005e89   Thumb Code   232  main.o(i.main)
    malloc                                   0x08005f99   Thumb Code    92  malloc.o(i.malloc)
    pow                                      0x08006005   Thumb Code  2478  pow.o(i.pow)
    sqrt                                     0x080069bd   Thumb Code    76  sqrt.o(i.sqrt)
    aAPBAHBPrescTable                        0x08006a08   Data          16  stm32f1xx_hal_rcc.o(.constdata)
    Verdana25x34                             0x08006a18   Data        5040  my_font.o(.constdata)
    __mathlib_zero                           0x08007e50   Data           8  qnan.o(.constdata)
    Region$$Table$$Base                      0x08007e58   Number         0  anon$$obj.o(Region$$Table)
    Region$$Table$$Limit                     0x08007e78   Number         0  anon$$obj.o(Region$$Table)
    USBD_Interface_fops_FS                   0x20000014   Data          16  usbd_cdc_if.o(.data)
    UserRxBufferFS                           0x20000024   Data           4  usbd_cdc_if.o(.data)
    UserTxBufferFS                           0x20000028   Data           4  usbd_cdc_if.o(.data)
    hUsbDevice_0                             0x2000002c   Data           4  usbd_cdc_if.o(.data)
    pointer_count                            0x20000030   Data           1  stm32f1xx_it.o(.data)
    sec_count                                0x20000031   Data           1  stm32f1xx_it.o(.data)
    minute_flag                              0x20000032   Data           1  stm32f1xx_it.o(.data)
    result                                   0x20000034   Data           1  main.o(.data)
    second_1_flag                            0x20000036   Data           2  main.o(.data)
    minuts_12_flag                           0x20000038   Data           2  main.o(.data)
    p                                        0x2000003c   Data           4  main.o(.data)
    t                                        0x20000040   Data           4  main.o(.data)
    a                                        0x20000044   Data           4  main.o(.data)
    pfunction                                0x20000048   Data           4  main.o(.data)
    FS_Desc                                  0x2000004c   Data          28  usbd_desc.o(.data)
    USBD_LangIDDesc                          0x20000068   Data           4  usbd_desc.o(.data)
    USBD_FS_DeviceDesc                       0x2000006c   Data          18  usbd_desc.o(.data)
    I2Cdev_readTimeout                       0x200000a8   Data           2  i2cdev.o(.data)
    I2Cdev_hi2c                              0x200000ac   Data           4  i2cdev.o(.data)
    X_font                                   0x200000b0   Data           1  my_font.o(.data)
    Y_font                                   0x200000b1   Data           1  my_font.o(.data)
    Bytes_font                               0x200000b2   Data           1  my_font.o(.data)
    Start_font                               0x200000b4   Data           2  my_font.o(.data)
    Additional_start                         0x200000b6   Data           2  my_font.o(.data)
    fontVerdana25x34                         0x200000b8   Data           4  my_font.o(.data)
    graph_i                                  0x200000bc   Data           1  bmp_graph.o(.data)
    changes_min_max_tempr                    0x200000bd   Data           1  bmp_graph.o(.data)
    changes_min_max_press                    0x200000be   Data           1  bmp_graph.o(.data)
    Averaga_temperature                      0x200000c0   Data           2  bmp_graph.o(.data)
    temp_t                                   0x200000c2   Data           2  bmp_graph.o(.data)
    MAX_temperature                          0x200000c4   Data           2  bmp_graph.o(.data)
    MIN_temperature                          0x200000c6   Data           2  bmp_graph.o(.data)
    old_temprature                           0x200000c8   Data           2  bmp_graph.o(.data)
    tempr_data                               0x200000ca   Data           2  bmp_graph.o(.data)
    Average_pressure                         0x200000cc   Data           4  bmp_graph.o(.data)
    MAX_pressure                             0x200000d0   Data           4  bmp_graph.o(.data)
    MIN_pressure                             0x200000d4   Data           4  bmp_graph.o(.data)
    old_pressure                             0x200000d8   Data           4  bmp_graph.o(.data)
    sTime                                    0x200000dc   Data           3  init.o(.data)
    USBD_CDC_CfgHSDesc                       0x200000f0   Data          67  usbd_cdc.o(.data)
    USBD_CDC_CfgFSDesc                       0x20000134   Data          67  usbd_cdc.o(.data)
    USBD_CDC_OtherSpeedCfgDesc               0x20000178   Data          67  usbd_cdc.o(.data)
    USBD_CDC                                 0x200001bc   Data          56  usbd_cdc.o(.data)
    SystemCoreClock                          0x200001f4   Data           4  system_stm32f1xx.o(.data)
    __microlib_freelist                      0x200001f8   Data           4  mvars.o(.data)
    __microlib_freelist_initialised          0x200001fc   Data           4  mvars.o(.data)
    hUsbDeviceFS                             0x20000204   Data         548  usb_device.o(.bss)
    FATFS_Obj                                0x20000428   Data         560  main.o(.bss)
    file                                     0x20000658   Data         548  main.o(.bss)
    fno                                      0x2000087c   Data          24  main.o(.bss)
    str_data_name                            0x20000894   Data          20  main.o(.bss)
    buffer                                   0x200008a8   Data         100  main.o(.bss)
    hpcd_USB_FS                              0x20000b2c   Data        1056  usbd_conf.o(.bss)
    USBD_StrDesc                             0x20000f4c   Data         512  usbd_desc.o(.bss)
    hi2c1                                    0x2000114c   Data          60  lm75_hal.o(.bss)
    pressure                                 0x20001188   Data         480  bmp_graph.o(.bss)
    temperature                              0x20001368   Data         240  bmp_graph.o(.bss)
    hi2c2                                    0x20001458   Data          60  init.o(.bss)
    hrtc                                     0x20001494   Data          20  init.o(.bss)
    __heap_base                              0x200014a8   Data           0  startup_stm32f103xb.o(HEAP)
    __heap_limit                             0x200016a8   Data           0  startup_stm32f103xb.o(HEAP)
    __initial_sp                             0x20001aa8   Data           0  startup_stm32f103xb.o(STACK)



==============================================================================

Memory Map of the image

  Image Entry point : 0x080000ed

  Load Region LR_IROM1 (Base: 0x08000000, Size: 0x0000807c, Max: 0x00010000, ABSOLUTE, COMPRESSED[0x00007f48])

    Execution Region ER_IROM1 (Base: 0x08000000, Size: 0x00007e78, Max: 0x00010000, ABSOLUTE)

    Base Addr    Size         Type   Attr      Idx    E Section Name        Object

    0x08000000   0x000000ec   Data   RO         3951    RESET               startup_stm32f103xb.o
    0x080000ec   0x00000000   Code   RO         4372  * .ARM.Collect$$$$00000000  mc_w.l(entry.o)
    0x080000ec   0x00000004   Code   RO         4727    .ARM.Collect$$$$00000001  mc_w.l(entry2.o)
    0x080000f0   0x00000004   Code   RO         4730    .ARM.Collect$$$$00000004  mc_w.l(entry5.o)
    0x080000f4   0x00000000   Code   RO         4732    .ARM.Collect$$$$00000008  mc_w.l(entry7b.o)
    0x080000f4   0x00000000   Code   RO         4734    .ARM.Collect$$$$0000000A  mc_w.l(entry8b.o)
    0x080000f4   0x00000008   Code   RO         4735    .ARM.Collect$$$$0000000B  mc_w.l(entry9a.o)
    0x080000fc   0x00000000   Code   RO         4737    .ARM.Collect$$$$0000000D  mc_w.l(entry10a.o)
    0x080000fc   0x00000000   Code   RO         4739    .ARM.Collect$$$$0000000F  mc_w.l(entry11a.o)
    0x080000fc   0x00000004   Code   RO         4728    .ARM.Collect$$$$00002712  mc_w.l(entry2.o)
    0x08000100   0x00000024   Code   RO         3952    .text               startup_stm32f103xb.o
    0x08000124   0x00000020   Code   RO         4375    .text               mc_w.l(llushr.o)
    0x08000144   0x00000024   Code   RO         4383    .text               mc_w.l(memcpya.o)
    0x08000168   0x000000b0   Code   RO         4676    .text               mf_w.l(fadd.o)
    0x08000218   0x0000007c   Code   RO         4680    .text               mf_w.l(fdiv.o)
    0x08000294   0x00000018   Code   RO         4682    .text               mf_w.l(fscalb.o)
    0x080002ac   0x0000014e   Code   RO         4684    .text               mf_w.l(dadd.o)
    0x080003fa   0x000000e4   Code   RO         4686    .text               mf_w.l(dmul.o)
    0x080004de   0x00000012   Code   RO         4688    .text               mf_w.l(fflti.o)
    0x080004f0   0x00000028   Code   RO         4690    .text               mf_w.l(ffixui.o)
    0x08000518   0x00000026   Code   RO         4692    .text               mf_w.l(f2d.o)
    0x0800053e   0x00000038   Code   RO         4694    .text               mf_w.l(d2f.o)
    0x08000576   0x00000002   PAD
    0x08000578   0x00000014   Code   RO         4696    .text               mf_w.l(cfcmple.o)
    0x0800058c   0x00000014   Code   RO         4698    .text               mf_w.l(cfrcmple.o)
    0x080005a0   0x0000002c   Code   RO         4744    .text               mc_w.l(uidiv.o)
    0x080005cc   0x00000062   Code   RO         4746    .text               mc_w.l(uldiv.o)
    0x0800062e   0x0000001e   Code   RO         4748    .text               mc_w.l(llshl.o)
    0x0800064c   0x00000024   Code   RO         4750    .text               mc_w.l(llsshr.o)
    0x08000670   0x00000000   Code   RO         4765    .text               mc_w.l(iusefp.o)
    0x08000670   0x0000006e   Code   RO         4766    .text               mf_w.l(fepilogue.o)
    0x080006de   0x000000ba   Code   RO         4768    .text               mf_w.l(depilogue.o)
    0x08000798   0x000000de   Code   RO         4770    .text               mf_w.l(ddiv.o)
    0x08000876   0x0000002e   Code   RO         4772    .text               mf_w.l(dscalb.o)
    0x080008a4   0x00000022   Code   RO         4774    .text               mf_w.l(dflti.o)
    0x080008c6   0x00000030   Code   RO         4776    .text               mf_w.l(dfixul.o)
    0x080008f6   0x00000002   PAD
    0x080008f8   0x00000030   Code   RO         4778    .text               mf_w.l(cdrcmple.o)
    0x08000928   0x00000024   Code   RO         4780    .text               mc_w.l(init.o)
    0x0800094c   0x000000a2   Code   RO         4784    .text               mf_w.l(dsqrt.o)
    0x080009ee   0x00000056   Code   RO         4796    .text               mc_w.l(__dczerorl2.o)
    0x08000a44   0x00000048   Code   RO         3593    i.BMP085_getAltitude  bmp085.o
    0x08000a8c   0x00000030   Code   RO         3596    i.BMP085_getMeasureDelayMilliseconds  bmp085.o
    0x08000abc   0x0000002c   Code   RO         3597    i.BMP085_getMeasurement2  bmp085.o
    0x08000ae8   0x00000030   Code   RO         3598    i.BMP085_getMeasurement3  bmp085.o
    0x08000b18   0x000000a4   Code   RO         3599    i.BMP085_getPressure  bmp085.o
    0x08000bbc   0x00000020   Code   RO         3600    i.BMP085_getRawPressure  bmp085.o
    0x08000bdc   0x00000014   Code   RO         3601    i.BMP085_getRawTemperature  bmp085.o
    0x08000bf0   0x00000040   Code   RO         3602    i.BMP085_getTemperatureC  bmp085.o
    0x08000c30   0x00000014   Code   RO         3604    i.BMP085_initialize  bmp085.o
    0x08000c44   0x000000c0   Code   RO         3605    i.BMP085_loadCalibration  bmp085.o
    0x08000d04   0x00000018   Code   RO         3607    i.BMP085_setControl  bmp085.o
    0x08000d1c   0x00000020   Code   RO         3608    i.BMP085_testConnection  bmp085.o
    0x08000d3c   0x00000004   Code   RO         2788    i.CDC_Control_FS    usbd_cdc_if.o
    0x08000d40   0x00000004   Code   RO         2789    i.CDC_DeInit_FS     usbd_cdc_if.o
    0x08000d44   0x00000024   Code   RO         2790    i.CDC_Init_FS       usbd_cdc_if.o
    0x08000d68   0x00000044   Code   RO         2791    i.CDC_Receive_FS    usbd_cdc_if.o
    0x08000dac   0x00000204   Code   RO         3865    i.Draw_graph        bmp_graph.o
    0x08000fb0   0x00000130   Code   RO         2908    i.Draw_table        main.o
    0x080010e0   0x00000030   Code   RO         2840    i.EXTI1_IRQHandler  stm32f1xx_it.o
    0x08001110   0x0000001c   Code   RO         2841    i.EXTI3_IRQHandler  stm32f1xx_it.o
    0x0800112c   0x00000080   Code   RO         3866    i.First_Draw_Graph  bmp_graph.o
    0x080011ac   0x00000074   Code   RO         2910    i.First_Draw_Table  main.o
    0x08001220   0x000000aa   Code   RO         3515    i.Gui_DrawLine      gui.o
    0x080012ca   0x0000001a   Code   RO         3417    i.Gui_DrawPoint     lcd_driver.o
    0x080012e4   0x00000016   Code   RO          232    i.HAL_Delay         stm32f1xx_hal.o
    0x080012fa   0x00000002   Code   RO         1356    i.HAL_GPIO_EXTI_Callback  stm32f1xx_hal_gpio.o
    0x080012fc   0x00000018   Code   RO         1357    i.HAL_GPIO_EXTI_IRQHandler  stm32f1xx_hal_gpio.o
    0x08001314   0x000001bc   Code   RO         1358    i.HAL_GPIO_Init     stm32f1xx_hal_gpio.o
    0x080014d0   0x00000008   Code   RO         1361    i.HAL_GPIO_TogglePin  stm32f1xx_hal_gpio.o
    0x080014d8   0x0000000a   Code   RO         1362    i.HAL_GPIO_WritePin  stm32f1xx_hal_gpio.o
    0x080014e2   0x00000002   PAD
    0x080014e4   0x0000000c   Code   RO          236    i.HAL_GetTick       stm32f1xx_hal.o
    0x080014f0   0x000000e0   Code   RO         1427    i.HAL_I2C_Init      stm32f1xx_hal_i2c.o
    0x080015d0   0x000001d0   Code   RO         1431    i.HAL_I2C_Master_Receive  stm32f1xx_hal_i2c.o
    0x080017a0   0x0000012c   Code   RO         1434    i.HAL_I2C_Master_Transmit  stm32f1xx_hal_i2c.o
    0x080018cc   0x00000002   Code   RO         1446    i.HAL_I2C_MspInit   stm32f1xx_hal_i2c.o
    0x080018ce   0x00000002   PAD
    0x080018d0   0x00000010   Code   RO          237    i.HAL_IncTick       stm32f1xx_hal.o
    0x080018e0   0x00000024   Code   RO          238    i.HAL_Init          stm32f1xx_hal.o
    0x08001904   0x00000022   Code   RO          239    i.HAL_InitTick      stm32f1xx_hal.o
    0x08001926   0x00000002   PAD
    0x08001928   0x0000003c   Code   RO         3239    i.HAL_MspInit       stm32f1xx_hal_msp.o
    0x08001964   0x00000016   Code   RO          553    i.HAL_NVIC_EnableIRQ  stm32f1xx_hal_cortex.o
    0x0800197a   0x00000002   PAD
    0x0800197c   0x00000040   Code   RO          559    i.HAL_NVIC_SetPriority  stm32f1xx_hal_cortex.o
    0x080019bc   0x00000024   Code   RO          560    i.HAL_NVIC_SetPriorityGrouping  stm32f1xx_hal_cortex.o
    0x080019e0   0x00000034   Code   RO         1222    i.HAL_PCDEx_PMAConfig  stm32f1xx_hal_pcd_ex.o
    0x08001a14   0x00000002   Code   RO         3032    i.HAL_PCDEx_SetConnectionState  usbd_conf.o
    0x08001a16   0x0000000e   Code   RO         3034    i.HAL_PCD_DataInStageCallback  usbd_conf.o
    0x08001a24   0x00000010   Code   RO         3035    i.HAL_PCD_DataOutStageCallback  usbd_conf.o
    0x08001a34   0x00000040   Code   RO          939    i.HAL_PCD_EP_Close  stm32f1xx_hal_pcd.o
    0x08001a74   0x00000048   Code   RO          940    i.HAL_PCD_EP_ClrStall  stm32f1xx_hal_pcd.o
    0x08001abc   0x00000010   Code   RO          942    i.HAL_PCD_EP_GetRxCount  stm32f1xx_hal_pcd.o
    0x08001acc   0x00000044   Code   RO          943    i.HAL_PCD_EP_Open   stm32f1xx_hal_pcd.o
    0x08001b10   0x00000040   Code   RO          944    i.HAL_PCD_EP_Receive  stm32f1xx_hal_pcd.o
    0x08001b50   0x00000056   Code   RO          945    i.HAL_PCD_EP_SetStall  stm32f1xx_hal_pcd.o
    0x08001ba6   0x0000003e   Code   RO          946    i.HAL_PCD_EP_Transmit  stm32f1xx_hal_pcd.o
    0x08001be4   0x0000010a   Code   RO          948    i.HAL_PCD_IRQHandler  stm32f1xx_hal_pcd.o
    0x08001cee   0x00000002   PAD
    0x08001cf0   0x000000c0   Code   RO          951    i.HAL_PCD_Init      stm32f1xx_hal_pcd.o
    0x08001db0   0x0000003c   Code   RO         3040    i.HAL_PCD_MspInit   usbd_conf.o
    0x08001dec   0x0000001a   Code   RO         3041    i.HAL_PCD_ResetCallback  usbd_conf.o
    0x08001e06   0x00000008   Code   RO         3042    i.HAL_PCD_ResumeCallback  usbd_conf.o
    0x08001e0e   0x00000008   Code   RO         3043    i.HAL_PCD_SOFCallback  usbd_conf.o
    0x08001e16   0x00000028   Code   RO          957    i.HAL_PCD_SetAddress  stm32f1xx_hal_pcd.o
    0x08001e3e   0x0000000e   Code   RO         3044    i.HAL_PCD_SetupStageCallback  usbd_conf.o
    0x08001e4c   0x00000032   Code   RO          959    i.HAL_PCD_Start     stm32f1xx_hal_pcd.o
    0x08001e7e   0x00000002   PAD
    0x08001e80   0x00000024   Code   RO         3045    i.HAL_PCD_SuspendCallback  usbd_conf.o
    0x08001ea4   0x00000018   Code   RO           11    i.HAL_PWR_EnableBkUpAccess  stm32f1xx_hal_pwr.o
    0x08001ebc   0x000000f0   Code   RO          895    i.HAL_RCCEx_GetPeriphCLKFreq  stm32f1xx_hal_rcc_ex.o
    0x08001fac   0x00000128   Code   RO          896    i.HAL_RCCEx_PeriphCLKConfig  stm32f1xx_hal_rcc_ex.o
    0x080020d4   0x00000288   Code   RO          669    i.HAL_RCC_ClockConfig  stm32f1xx_hal_rcc.o
    0x0800235c   0x00000034   Code   RO          674    i.HAL_RCC_GetHCLKFreq  stm32f1xx_hal_rcc.o
    0x08002390   0x0000002c   Code   RO          676    i.HAL_RCC_GetPCLK1Freq  stm32f1xx_hal_rcc.o
    0x080023bc   0x0000002c   Code   RO          677    i.HAL_RCC_GetPCLK2Freq  stm32f1xx_hal_rcc.o
    0x080023e8   0x00000088   Code   RO          678    i.HAL_RCC_GetSysClockFreq  stm32f1xx_hal_rcc.o
    0x08002470   0x00000632   Code   RO          681    i.HAL_RCC_OscConfig  stm32f1xx_hal_rcc.o
    0x08002aa2   0x00000002   Code   RO         2158    i.HAL_RTCEx_RTCEventCallback  stm32f1xx_hal_rtc_ex.o
    0x08002aa4   0x00000002   Code   RO         2159    i.HAL_RTCEx_RTCEventErrorCallback  stm32f1xx_hal_rtc_ex.o
    0x08002aa6   0x0000003c   Code   RO         2160    i.HAL_RTCEx_RTCIRQHandler  stm32f1xx_hal_rtc_ex.o
    0x08002ae2   0x0000002c   Code   RO         2161    i.HAL_RTCEx_SetSecond_IT  stm32f1xx_hal_rtc_ex.o
    0x08002b0e   0x00000002   Code   RO         1983    i.HAL_RTC_AlarmAEventCallback  stm32f1xx_hal_rtc.o
    0x08002b10   0x00000034   Code   RO         1984    i.HAL_RTC_AlarmIRQHandler  stm32f1xx_hal_rtc.o
    0x08002b44   0x000000d8   Code   RO         1990    i.HAL_RTC_GetTime   stm32f1xx_hal_rtc.o
    0x08002c1c   0x000000a0   Code   RO         1991    i.HAL_RTC_Init      stm32f1xx_hal_rtc.o
    0x08002cbc   0x00000002   Code   RO         1993    i.HAL_RTC_MspInit   stm32f1xx_hal_rtc.o
    0x08002cbe   0x00000002   PAD
    0x08002cc0   0x000000c4   Code   RO         1997    i.HAL_RTC_SetDate   stm32f1xx_hal_rtc.o
    0x08002d84   0x000000ac   Code   RO         1998    i.HAL_RTC_SetTime   stm32f1xx_hal_rtc.o
    0x08002e30   0x0000003a   Code   RO         1999    i.HAL_RTC_WaitForSynchro  stm32f1xx_hal_rtc.o
    0x08002e6a   0x00000018   Code   RO          562    i.HAL_SYSTICK_CLKSourceConfig  stm32f1xx_hal_cortex.o
    0x08002e82   0x00000002   Code   RO          563    i.HAL_SYSTICK_Callback  stm32f1xx_hal_cortex.o
    0x08002e84   0x00000028   Code   RO          564    i.HAL_SYSTICK_Config  stm32f1xx_hal_cortex.o
    0x08002eac   0x00000008   Code   RO          565    i.HAL_SYSTICK_IRQHandler  stm32f1xx_hal_cortex.o
    0x08002eb4   0x0000002a   Code   RO         1462    i.I2C_IsAcknowledgeFailed  stm32f1xx_hal_i2c.o
    0x08002ede   0x000000ba   Code   RO         1465    i.I2C_MasterRequestRead  stm32f1xx_hal_i2c.o
    0x08002f98   0x00000074   Code   RO         1466    i.I2C_MasterRequestWrite  stm32f1xx_hal_i2c.o
    0x0800300c   0x0000008a   Code   RO         1469    i.I2C_WaitOnFlagUntilTimeout  stm32f1xx_hal_i2c.o
    0x08003096   0x00000088   Code   RO         1470    i.I2C_WaitOnMasterAddressFlagUntilTimeout  stm32f1xx_hal_i2c.o
    0x0800311e   0x00000066   Code   RO         1471    i.I2C_WaitOnRXNEFlagUntilTimeout  stm32f1xx_hal_i2c.o
    0x08003184   0x00000050   Code   RO         1473    i.I2C_WaitOnTXEFlagUntilTimeout  stm32f1xx_hal_i2c.o
    0x080031d4   0x0000000e   Code   RO         3721    i.I2Cdev_readByte   i2cdev.o
    0x080031e2   0x00000002   PAD
    0x080031e4   0x00000044   Code   RO         3722    i.I2Cdev_readBytes  i2cdev.o
    0x08003228   0x0000000c   Code   RO         3729    i.I2Cdev_writeByte  i2cdev.o
    0x08003234   0x0000004c   Code   RO         3730    i.I2Cdev_writeBytes  i2cdev.o
    0x08003280   0x000000b0   Code   RO         3906    i.Init_BMP085       init.o
    0x08003330   0x0000005c   Code   RO         3418    i.LCD_GPIO_Init     lcd_driver.o
    0x0800338c   0x00000030   Code   RO         3419    i.LCD_WriteData_16Bit  lcd_driver.o
    0x080033bc   0x00000078   Code   RO         3331    i.LM75_Init         lm75_hal.o
    0x08003434   0x00000068   Code   RO         3333    i.LM75_Temperature  lm75_hal.o
    0x0800349c   0x00000068   Code   RO         3334    i.LM75_Temperature_ex  lm75_hal.o
    0x08003504   0x0000002e   Code   RO         3420    i.Lcd_Clear         lcd_driver.o
    0x08003532   0x00000224   Code   RO         3421    i.Lcd_Init          lcd_driver.o
    0x08003756   0x00000002   PAD
    0x08003758   0x00000024   Code   RO         3423    i.Lcd_Reset         lcd_driver.o
    0x0800377c   0x00000058   Code   RO         3424    i.Lcd_SetRegion     lcd_driver.o
    0x080037d4   0x00000008   Code   RO         3425    i.Lcd_SetXY         lcd_driver.o
    0x080037dc   0x00000024   Code   RO         3426    i.Lcd_WriteData     lcd_driver.o
    0x08003800   0x00000024   Code   RO         3427    i.Lcd_WriteIndex    lcd_driver.o
    0x08003824   0x000000b4   Code   RO         3907    i.MX_GPIO_Init      init.o
    0x080038d8   0x00000038   Code   RO         2725    i.MX_USB_DEVICE_Init  usb_device.o
    0x08003910   0x00000020   Code   RO          566    i.NVIC_SetPriority  stm32f1xx_hal_cortex.o
    0x08003930   0x00000362   Code   RO          962    i.PCD_EP_ISR_Handler  stm32f1xx_hal_pcd.o
    0x08003c92   0x00000002   PAD
    0x08003c94   0x000000d4   Code   RO         3832    i.PutStringRus      my_font.o
    0x08003d68   0x0000000c   Code   RO         2842    i.RTC_Alarm_IRQHandler  stm32f1xx_it.o
    0x08003d74   0x00000012   Code   RO         2000    i.RTC_Bcd2ToByte    stm32f1xx_hal_rtc.o
    0x08003d86   0x00000016   Code   RO         2001    i.RTC_ByteToBcd2    stm32f1xx_hal_rtc.o
    0x08003d9c   0x000000ae   Code   RO         2002    i.RTC_DateUpdate    stm32f1xx_hal_rtc.o
    0x08003e4a   0x00000034   Code   RO         2003    i.RTC_EnterInitMode  stm32f1xx_hal_rtc.o
    0x08003e7e   0x00000002   PAD
    0x08003e80   0x00000036   Code   RO         2004    i.RTC_ExitInitMode  stm32f1xx_hal_rtc.o
    0x08003eb6   0x00000002   PAD
    0x08003eb8   0x00000030   Code   RO         2843    i.RTC_IRQHandler    stm32f1xx_it.o
    0x08003ee8   0x000000a8   Code   RO         3908    i.RTC_Init          init.o
    0x08003f90   0x0000000e   Code   RO         2005    i.RTC_ReadAlarmCounter  stm32f1xx_hal_rtc.o
    0x08003f9e   0x00000020   Code   RO         2006    i.RTC_ReadTimeCounter  stm32f1xx_hal_rtc.o
    0x08003fbe   0x00000056   Code   RO         2007    i.RTC_WeekDayNum    stm32f1xx_hal_rtc.o
    0x08004014   0x00000028   Code   RO         2008    i.RTC_WriteAlarmCounter  stm32f1xx_hal_rtc.o
    0x0800403c   0x00000028   Code   RO         2009    i.RTC_WriteTimeCounter  stm32f1xx_hal_rtc.o
    0x08004064   0x0000002c   Code   RO         3429    i.SPI_WriteData     lcd_driver.o
    0x08004090   0x00000012   Code   RO         2844    i.SysTick_Handler   stm32f1xx_it.o
    0x080040a2   0x00000072   Code   RO         3909    i.SystemClock_Config  init.o
    0x08004114   0x00000048   Code   RO         4329    i.SystemInit        system_stm32f1xx.o
    0x0800415c   0x000000d4   Code   RO         3867    i.Take_average_data  bmp_graph.o
    0x08004230   0x00000014   Code   RO         4222    i.USBD_CDC_DataIn   usbd_cdc.o
    0x08004244   0x0000002e   Code   RO         4223    i.USBD_CDC_DataOut  usbd_cdc.o
    0x08004272   0x0000003c   Code   RO         4224    i.USBD_CDC_DeInit   usbd_cdc.o
    0x080042ae   0x00000024   Code   RO         4225    i.USBD_CDC_EP0_RxReady  usbd_cdc.o
    0x080042d2   0x00000002   PAD
    0x080042d4   0x0000000c   Code   RO         4226    i.USBD_CDC_GetDeviceQualifierDescriptor  usbd_cdc.o
    0x080042e0   0x0000000c   Code   RO         4227    i.USBD_CDC_GetFSCfgDesc  usbd_cdc.o
    0x080042ec   0x0000000c   Code   RO         4228    i.USBD_CDC_GetHSCfgDesc  usbd_cdc.o
    0x080042f8   0x0000000c   Code   RO         4229    i.USBD_CDC_GetOtherSpeedCfgDesc  usbd_cdc.o
    0x08004304   0x00000088   Code   RO         4230    i.USBD_CDC_Init     usbd_cdc.o
    0x0800438c   0x00000028   Code   RO         4231    i.USBD_CDC_ReceivePacket  usbd_cdc.o
    0x080043b4   0x00000010   Code   RO         4232    i.USBD_CDC_RegisterInterface  usbd_cdc.o
    0x080043c4   0x0000000c   Code   RO         4233    i.USBD_CDC_SetRxBuffer  usbd_cdc.o
    0x080043d0   0x00000010   Code   RO         4234    i.USBD_CDC_SetTxBuffer  usbd_cdc.o
    0x080043e0   0x00000070   Code   RO         4235    i.USBD_CDC_Setup    usbd_cdc.o
    0x08004450   0x00000030   Code   RO         4236    i.USBD_CDC_TransmitPacket  usbd_cdc.o
    0x08004480   0x0000000e   Code   RO         4084    i.USBD_ClrClassConfig  usbd_core.o
    0x0800448e   0x00000010   Code   RO         3959    i.USBD_CtlContinueRx  usbd_ioreq.o
    0x0800449e   0x00000010   Code   RO         3960    i.USBD_CtlContinueSendData  usbd_ioreq.o
    0x080044ae   0x00000016   Code   RO         4019    i.USBD_CtlError     usbd_ctlreq.o
    0x080044c4   0x0000001e   Code   RO         3961    i.USBD_CtlPrepareRx  usbd_ioreq.o
    0x080044e2   0x00000016   Code   RO         3962    i.USBD_CtlReceiveStatus  usbd_ioreq.o
    0x080044f8   0x0000001a   Code   RO         3963    i.USBD_CtlSendData  usbd_ioreq.o
    0x08004512   0x00000016   Code   RO         3964    i.USBD_CtlSendStatus  usbd_ioreq.o
    0x08004528   0x00000020   Code   RO         3263    i.USBD_FS_ConfigStrDescriptor  usbd_desc.o
    0x08004548   0x0000000c   Code   RO         3264    i.USBD_FS_DeviceDescriptor  usbd_desc.o
    0x08004554   0x00000024   Code   RO         3265    i.USBD_FS_InterfaceStrDescriptor  usbd_desc.o
    0x08004578   0x0000000c   Code   RO         3266    i.USBD_FS_LangIDStrDescriptor  usbd_desc.o
    0x08004584   0x00000028   Code   RO         3267    i.USBD_FS_ManufacturerStrDescriptor  usbd_desc.o
    0x080045ac   0x0000002c   Code   RO         3268    i.USBD_FS_ProductStrDescriptor  usbd_desc.o
    0x080045d8   0x00000024   Code   RO         3269    i.USBD_FS_SerialStrDescriptor  usbd_desc.o
    0x080045fc   0x000000e0   Code   RO         4020    i.USBD_GetDescriptor  usbd_ctlreq.o
    0x080046dc   0x00000046   Code   RO         4021    i.USBD_GetString    usbd_ctlreq.o
    0x08004722   0x0000002a   Code   RO         4086    i.USBD_Init         usbd_core.o
    0x0800474c   0x0000000e   Code   RO         3046    i.USBD_LL_ClearStallEP  usbd_conf.o
    0x0800475a   0x0000000e   Code   RO         3047    i.USBD_LL_CloseEP   usbd_conf.o
    0x08004768   0x000000aa   Code   RO         4087    i.USBD_LL_DataInStage  usbd_core.o
    0x08004812   0x0000006a   Code   RO         4088    i.USBD_LL_DataOutStage  usbd_core.o
    0x0800487c   0x00000008   Code   RO         3051    i.USBD_LL_GetRxDataSize  usbd_conf.o
    0x08004884   0x0000007c   Code   RO         3052    i.USBD_LL_Init      usbd_conf.o
    0x08004900   0x0000001c   Code   RO         3053    i.USBD_LL_IsStallEP  usbd_conf.o
    0x0800491c   0x00000014   Code   RO         3054    i.USBD_LL_OpenEP    usbd_conf.o
    0x08004930   0x0000000e   Code   RO         3055    i.USBD_LL_PrepareReceive  usbd_conf.o
    0x0800493e   0x0000003e   Code   RO         4093    i.USBD_LL_Reset     usbd_core.o
    0x0800497c   0x0000000c   Code   RO         4094    i.USBD_LL_Resume    usbd_core.o
    0x08004988   0x00000018   Code   RO         4095    i.USBD_LL_SOF       usbd_core.o
    0x080049a0   0x00000006   Code   RO         4096    i.USBD_LL_SetSpeed  usbd_core.o
    0x080049a6   0x0000000e   Code   RO         3056    i.USBD_LL_SetUSBAddress  usbd_conf.o
    0x080049b4   0x0000005a   Code   RO         4097    i.USBD_LL_SetupStage  usbd_core.o
    0x08004a0e   0x0000000e   Code   RO         3057    i.USBD_LL_StallEP   usbd_conf.o
    0x08004a1c   0x0000000e   Code   RO         3058    i.USBD_LL_Start     usbd_conf.o
    0x08004a2a   0x00000012   Code   RO         4098    i.USBD_LL_Suspend   usbd_core.o
    0x08004a3c   0x0000000e   Code   RO         3060    i.USBD_LL_Transmit  usbd_conf.o
    0x08004a4a   0x00000028   Code   RO         4022    i.USBD_ParseSetupRequest  usbd_ctlreq.o
    0x08004a72   0x00000010   Code   RO         4099    i.USBD_RegisterClass  usbd_core.o
    0x08004a82   0x00000016   Code   RO         4101    i.USBD_SetClassConfig  usbd_core.o
    0x08004a98   0x00000074   Code   RO         4023    i.USBD_SetConfig    usbd_ctlreq.o
    0x08004b0c   0x0000000a   Code   RO         4102    i.USBD_Start        usbd_core.o
    0x08004b16   0x000000f2   Code   RO         4024    i.USBD_StdDevReq    usbd_ctlreq.o
    0x08004c08   0x000000dc   Code   RO         4025    i.USBD_StdEPReq     usbd_ctlreq.o
    0x08004ce4   0x00000034   Code   RO         4026    i.USBD_StdItfReq    usbd_ctlreq.o
    0x08004d18   0x00000004   Code   RO         3061    i.USBD_static_free  usbd_conf.o
    0x08004d1c   0x00000008   Code   RO         3062    i.USBD_static_malloc  usbd_conf.o
    0x08004d24   0x0000025c   Code   RO          359    i.USB_ActivateEndpoint  stm32f1xx_ll_usb.o
    0x08004f80   0x00000004   Code   RO          362    i.USB_CoreInit      stm32f1xx_ll_usb.o
    0x08004f84   0x00000124   Code   RO          364    i.USB_DeactivateEndpoint  stm32f1xx_ll_usb.o
    0x080050a8   0x00000004   Code   RO          365    i.USB_DevConnect    stm32f1xx_ll_usb.o
    0x080050ac   0x00000004   Code   RO          366    i.USB_DevDisconnect  stm32f1xx_ll_usb.o
    0x080050b0   0x00000012   Code   RO          367    i.USB_DevInit       stm32f1xx_ll_usb.o
    0x080050c2   0x0000000e   Code   RO          368    i.USB_DisableGlobalInt  stm32f1xx_ll_usb.o
    0x080050d0   0x00000004   Code   RO          369    i.USB_EP0_OutStart  stm32f1xx_ll_usb.o
    0x080050d4   0x0000006a   Code   RO          370    i.USB_EPClearStall  stm32f1xx_ll_usb.o
    0x0800513e   0x0000004a   Code   RO          371    i.USB_EPSetStall    stm32f1xx_ll_usb.o
    0x08005188   0x000001aa   Code   RO          372    i.USB_EPStartXfer   stm32f1xx_ll_usb.o
    0x08005332   0x0000000e   Code   RO          373    i.USB_EnableGlobalInt  stm32f1xx_ll_usb.o
    0x08005340   0x0000000c   Code   RO         2845    i.USB_LP_CAN1_RX0_IRQHandler  stm32f1xx_it.o
    0x0800534c   0x00000006   Code   RO          380    i.USB_ReadInterrupts  stm32f1xx_ll_usb.o
    0x08005352   0x00000002   PAD
    0x08005354   0x0000001e   Code   RO          381    i.USB_ReadPMA       stm32f1xx_ll_usb.o
    0x08005372   0x00000004   Code   RO          383    i.USB_SetCurrentMode  stm32f1xx_ll_usb.o
    0x08005376   0x0000000c   Code   RO          384    i.USB_SetDevAddress  stm32f1xx_ll_usb.o
    0x08005382   0x00000026   Code   RO          386    i.USB_WritePMA      stm32f1xx_ll_usb.o
    0x080053a8   0x00000028   Code   RO         4622    i.__0sprintf        mc_w.l(printfa.o)
    0x080053d0   0x00000028   Code   RO         4714    i.__ARM_fpclassify  m_ws.l(fpclassify.o)
    0x080053f8   0x000000aa   Code   RO         4716    i.__kernel_poly     m_ws.l(poly.o)
    0x080054a2   0x00000002   PAD
    0x080054a4   0x00000010   Code   RO         4700    i.__mathlib_dbl_divzero  m_ws.l(dunder.o)
    0x080054b4   0x00000004   Code   RO         4702    i.__mathlib_dbl_infnan2  m_ws.l(dunder.o)
    0x080054b8   0x0000000c   Code   RO         4703    i.__mathlib_dbl_invalid  m_ws.l(dunder.o)
    0x080054c4   0x0000000e   Code   RO         4704    i.__mathlib_dbl_overflow  m_ws.l(dunder.o)
    0x080054d2   0x00000002   PAD
    0x080054d4   0x00000010   Code   RO         4706    i.__mathlib_dbl_underflow  m_ws.l(dunder.o)
    0x080054e4   0x0000000e   Code   RO         4790    i.__scatterload_copy  mc_w.l(handlers.o)
    0x080054f2   0x00000002   Code   RO         4791    i.__scatterload_null  mc_w.l(handlers.o)
    0x080054f4   0x0000000e   Code   RO         4792    i.__scatterload_zeroinit  mc_w.l(handlers.o)
    0x08005502   0x00000002   PAD
    0x08005504   0x0000000c   Code   RO         4760    i.__set_errno       mc_w.l(errno.o)
    0x08005510   0x00000164   Code   RO         4627    i._fp_digits        mc_w.l(printfa.o)
    0x08005674   0x000006dc   Code   RO         4628    i._printf_core      mc_w.l(printfa.o)
    0x08005d50   0x00000024   Code   RO         4629    i._printf_post_padding  mc_w.l(printfa.o)
    0x08005d74   0x0000002e   Code   RO         4630    i._printf_pre_padding  mc_w.l(printfa.o)
    0x08005da2   0x0000000a   Code   RO         4632    i._sputc            mc_w.l(printfa.o)
    0x08005dac   0x0000002c   Code   RO         3379    i.delay_init        delay.o
    0x08005dd8   0x00000028   Code   RO         3380    i.delay_ms          delay.o
    0x08005e00   0x00000038   Code   RO         2621    i.disk_timerproc    sd_spi_stm32.o
    0x08005e38   0x00000050   Code   RO         4648    i.free              mc_w.l(malloc.o)
    0x08005e88   0x00000110   Code   RO         2915    i.main              main.o
    0x08005f98   0x0000006c   Code   RO         4649    i.malloc            mc_w.l(malloc.o)
    0x08006004   0x000009b8   Code   RO         4363    i.pow               m_ws.l(pow.o)
    0x080069bc   0x0000004c   Code   RO         4720    i.sqrt              m_ws.l(sqrt.o)
    0x08006a08   0x00000010   Data   RO          682    .constdata          stm32f1xx_hal_rcc.o
    0x08006a18   0x000013b0   Data   RO         3833    .constdata          my_font.o
    0x08007dc8   0x00000088   Data   RO         4364    .constdata          m_ws.l(pow.o)
    0x08007e50   0x00000008   Data   RO         4718    .constdata          m_ws.l(qnan.o)
    0x08007e58   0x00000020   Data   RO         4788    Region$$Table       anon$$obj.o


    Execution Region RW_IRAM1 (Base: 0x20000000, Size: 0x00001aa8, Max: 0x00005000, ABSOLUTE, COMPRESSED[0x000000d0])

    Base Addr    Size         Type   Attr      Idx    E Section Name        Object

    0x20000000   0x00000004   Data   RW          244    .data               stm32f1xx_hal.o
    0x20000004   0x00000010   Data   RW         2634    .data               sd_spi_stm32.o
    0x20000014   0x00000010   Data   RW         2793    .data               usbd_cdc_if.o
    0x20000024   0x0000000c   Data   RW         2794    .data               usbd_cdc_if.o
    0x20000030   0x00000003   Data   RW         2846    .data               stm32f1xx_it.o
    0x20000033   0x00000001   PAD
    0x20000034   0x00000018   Data   RW         2918    .data               main.o
    0x2000004c   0x0000001c   Data   RW         3271    .data               usbd_desc.o
    0x20000068   0x00000016   Data   RW         3272    .data               usbd_desc.o
    0x2000007e   0x00000004   Data   RW         3382    .data               delay.o
    0x20000082   0x00000002   PAD
    0x20000084   0x00000024   Data   RW         3609    .data               bmp085.o
    0x200000a8   0x00000008   Data   RW         3733    .data               i2cdev.o
    0x200000b0   0x0000000c   Data   RW         3834    .data               my_font.o
    0x200000bc   0x00000020   Data   RW         3869    .data               bmp_graph.o
    0x200000dc   0x00000003   Data   RW         3911    .data               init.o
    0x200000df   0x00000001   Data   RW         4027    .data               usbd_ctlreq.o
    0x200000e0   0x000000db   Data   RW         4237    .data               usbd_cdc.o
    0x200001bb   0x00000001   PAD
    0x200001bc   0x00000038   Data   RW         4238    .data               usbd_cdc.o
    0x200001f4   0x00000004   Data   RW         4331    .data               system_stm32f1xx.o
    0x200001f8   0x00000004   Data   RW         4756    .data               mc_w.l(mvars.o)
    0x200001fc   0x00000004   Data   RW         4757    .data               mc_w.l(mvars.o)
    0x20000200   0x00000004   Data   RW         4761    .data               mc_w.l(errno.o)
    0x20000204   0x00000224   Zero   RW         2726    .bss                usb_device.o
    0x20000428   0x000004e4   Zero   RW         2917    .bss                main.o
    0x2000090c   0x00000640   Zero   RW         3063    .bss                usbd_conf.o
    0x20000f4c   0x00000200   Zero   RW         3270    .bss                usbd_desc.o
    0x2000114c   0x0000003c   Zero   RW         3335    .bss                lm75_hal.o
    0x20001188   0x000002d0   Zero   RW         3868    .bss                bmp_graph.o
    0x20001458   0x00000050   Zero   RW         3910    .bss                init.o
    0x200014a8   0x00000200   Zero   RW         3950    HEAP                startup_stm32f103xb.o
    0x200016a8   0x00000400   Zero   RW         3949    STACK               startup_stm32f103xb.o

