Component: ARM Compiler 5.05 update 1 (build 106) Tool: armlink [4d0efa]

==============================================================================

Section Cross References

    stm32f1xx_hal_pwr.o(i.HAL_PWR_EnterSTOPMode) refers to stm32f1xx_hal_pwr.o(i.PWR_OverloadWfe) for PWR_OverloadWfe
    stm32f1xx_hal_pwr.o(i.HAL_PWR_PVD_IRQHandler) refers to stm32f1xx_hal_pwr.o(i.HAL_PWR_PVDCallback) for HAL_PWR_PVDCallback
    stm32f1xx_hal.o(i.HAL_DeInit) refers to stm32f1xx_hal.o(i.HAL_MspDeInit) for HAL_MspDeInit
    stm32f1xx_hal.o(i.HAL_Delay) refers to stm32f1xx_hal.o(i.HAL_GetTick) for HAL_GetTick
    stm32f1xx_hal.o(i.HAL_GetTick) refers to stm32f1xx_hal.o(.data) for .data
    stm32f1xx_hal.o(i.HAL_IncTick) refers to stm32f1xx_hal.o(.data) for .data
    stm32f1xx_hal.o(i.HAL_Init) refers to stm32f1xx_hal_cortex.o(i.HAL_NVIC_SetPriorityGrouping) for HAL_NVIC_SetPriorityGrouping
    stm32f1xx_hal.o(i.HAL_Init) refers to stm32f1xx_hal.o(i.HAL_InitTick) for HAL_InitTick
    stm32f1xx_hal.o(i.HAL_Init) refers to stm32f1xx_hal_msp.o(i.HAL_MspInit) for HAL_MspInit
    stm32f1xx_hal.o(i.HAL_InitTick) refers to stm32f1xx_hal_rcc.o(i.HAL_RCC_GetHCLKFreq) for HAL_RCC_GetHCLKFreq
    stm32f1xx_hal.o(i.HAL_InitTick) refers to stm32f1xx_hal_cortex.o(i.HAL_SYSTICK_Config) for HAL_SYSTICK_Config
    stm32f1xx_hal.o(i.HAL_InitTick) refers to stm32f1xx_hal_cortex.o(i.HAL_NVIC_SetPriority) for HAL_NVIC_SetPriority
    stm32f1xx_ll_usb.o(i.USB_EPStartXfer) refers to stm32f1xx_ll_usb.o(i.USB_WritePMA) for USB_WritePMA
    stm32f1xx_hal_cortex.o(i.HAL_NVIC_SetPriority) refers to stm32f1xx_hal_cortex.o(i.NVIC_SetPriority) for NVIC_SetPriority
    stm32f1xx_hal_cortex.o(i.HAL_SYSTICK_Config) refers to stm32f1xx_hal_cortex.o(i.NVIC_SetPriority) for NVIC_SetPriority
    stm32f1xx_hal_cortex.o(i.HAL_SYSTICK_IRQHandler) refers to stm32f1xx_hal_cortex.o(i.HAL_SYSTICK_Callback) for HAL_SYSTICK_Callback
    stm32f1xx_hal_rcc.o(i.HAL_RCC_ClockConfig) refers to stm32f1xx_hal.o(i.HAL_GetTick) for HAL_GetTick
    stm32f1xx_hal_rcc.o(i.HAL_RCC_ClockConfig) refers to stm32f1xx_hal.o(i.HAL_InitTick) for HAL_InitTick
    stm32f1xx_hal_rcc.o(i.HAL_RCC_GetHCLKFreq) refers to stm32f1xx_hal_rcc.o(i.HAL_RCC_GetSysClockFreq) for HAL_RCC_GetSysClockFreq
    stm32f1xx_hal_rcc.o(i.HAL_RCC_GetHCLKFreq) refers to stm32f1xx_hal_rcc.o(.constdata) for .constdata
    stm32f1xx_hal_rcc.o(i.HAL_RCC_GetHCLKFreq) refers to system_stm32f1xx.o(.data) for SystemCoreClock
    stm32f1xx_hal_rcc.o(i.HAL_RCC_GetPCLK1Freq) refers to stm32f1xx_hal_rcc.o(i.HAL_RCC_GetHCLKFreq) for HAL_RCC_GetHCLKFreq
    stm32f1xx_hal_rcc.o(i.HAL_RCC_GetPCLK1Freq) refers to stm32f1xx_hal_rcc.o(.constdata) for .constdata
    stm32f1xx_hal_rcc.o(i.HAL_RCC_GetPCLK2Freq) refers to stm32f1xx_hal_rcc.o(i.HAL_RCC_GetHCLKFreq) for HAL_RCC_GetHCLKFreq
    stm32f1xx_hal_rcc.o(i.HAL_RCC_GetPCLK2Freq) refers to stm32f1xx_hal_rcc.o(.constdata) for .constdata
    stm32f1xx_hal_rcc.o(i.HAL_RCC_MCOConfig) refers to stm32f1xx_hal_gpio.o(i.HAL_GPIO_Init) for HAL_GPIO_Init
    stm32f1xx_hal_rcc.o(i.HAL_RCC_NMI_IRQHandler) refers to stm32f1xx_hal_rcc.o(i.HAL_RCC_CSSCallback) for HAL_RCC_CSSCallback
    stm32f1xx_hal_rcc.o(i.HAL_RCC_OscConfig) refers to stm32f1xx_hal.o(i.HAL_GetTick) for HAL_GetTick
    stm32f1xx_hal_rcc.o(i.HAL_RCC_OscConfig) refers to stm32f1xx_hal.o(i.HAL_Delay) for HAL_Delay
    stm32f1xx_hal_flash_ex.o(i.FLASH_MassErase) refers to stm32f1xx_hal_flash.o(.bss) for pFlash
    stm32f1xx_hal_flash_ex.o(i.FLASH_OB_DisableWRP) refers to stm32f1xx_hal_flash.o(i.FLASH_WaitForLastOperation) for FLASH_WaitForLastOperation
    stm32f1xx_hal_flash_ex.o(i.FLASH_OB_DisableWRP) refers to stm32f1xx_hal_flash_ex.o(i.HAL_FLASHEx_OBErase) for HAL_FLASHEx_OBErase
    stm32f1xx_hal_flash_ex.o(i.FLASH_OB_DisableWRP) refers to stm32f1xx_hal_flash.o(.bss) for pFlash
    stm32f1xx_hal_flash_ex.o(i.FLASH_OB_EnableWRP) refers to stm32f1xx_hal_flash.o(i.FLASH_WaitForLastOperation) for FLASH_WaitForLastOperation
    stm32f1xx_hal_flash_ex.o(i.FLASH_OB_EnableWRP) refers to stm32f1xx_hal_flash_ex.o(i.HAL_FLASHEx_OBErase) for HAL_FLASHEx_OBErase
    stm32f1xx_hal_flash_ex.o(i.FLASH_OB_EnableWRP) refers to stm32f1xx_hal_flash.o(.bss) for pFlash
    stm32f1xx_hal_flash_ex.o(i.FLASH_OB_RDP_LevelConfig) refers to stm32f1xx_hal_flash.o(i.FLASH_WaitForLastOperation) for FLASH_WaitForLastOperation
    stm32f1xx_hal_flash_ex.o(i.FLASH_OB_RDP_LevelConfig) refers to stm32f1xx_hal_flash.o(.bss) for pFlash
    stm32f1xx_hal_flash_ex.o(i.FLASH_PageErase) refers to stm32f1xx_hal_flash.o(.bss) for pFlash
    stm32f1xx_hal_flash_ex.o(i.HAL_FLASHEx_Erase) refers to stm32f1xx_hal_flash.o(i.FLASH_WaitForLastOperation) for FLASH_WaitForLastOperation
    stm32f1xx_hal_flash_ex.o(i.HAL_FLASHEx_Erase) refers to stm32f1xx_hal_flash_ex.o(i.FLASH_MassErase) for FLASH_MassErase
    stm32f1xx_hal_flash_ex.o(i.HAL_FLASHEx_Erase) refers to stm32f1xx_hal_flash_ex.o(i.FLASH_PageErase) for FLASH_PageErase
[...]
    i.HAL_RTCEx_RTCEventCallback             0x08002a84   Section        0  stm32f1xx_hal_rtc_ex.o(i.HAL_RTCEx_RTCEventCallback)
    i.HAL_RTCEx_RTCEventErrorCallback        0x08002a86   Section        0  stm32f1xx_hal_rtc_ex.o(i.HAL_RTCEx_RTCEventErrorCallback)
    i.HAL_RTCEx_RTCIRQHandler                0x08002a88   Section        0  stm32f1xx_hal_rtc_ex.o(i.HAL_RTCEx_RTCIRQHandler)
    i.HAL_RTCEx_SetSecond_IT                 0x08002ac4   Section        0  stm32f1xx_hal_rtc_ex.o(i.HAL_RTCEx_SetSecond_IT)
    i.HAL_RTC_AlarmAEventCallback            0x08002af0   Section        0  stm32f1xx_hal_rtc.o(i.HAL_RTC_AlarmAEventCallback)
    i.HAL_RTC_AlarmIRQHandler                0x08002af4   Section        0  stm32f1xx_hal_rtc.o(i.HAL_RTC_AlarmIRQHandler)
    i.HAL_RTC_GetDate                        0x08002b28   Section        0  stm32f1xx_hal_rtc.o(i.HAL_RTC_GetDate)
    i.HAL_RTC_GetTime                        0x08002b76   Section        0  stm32f1xx_hal_rtc.o(i.HAL_RTC_GetTime)
    i.HAL_RTC_Init                           0x08002c50   Section        0  stm32f1xx_hal_rtc.o(i.HAL_RTC_Init)
    i.HAL_RTC_MspInit                        0x08002cf0   Section        0  stm32f1xx_hal_rtc.o(i.HAL_RTC_MspInit)
    i.HAL_RTC_WaitForSynchro                 0x08002cf2   Section        0  stm32f1xx_hal_rtc.o(i.HAL_RTC_WaitForSynchro)
    i.HAL_SYSTICK_CLKSourceConfig            0x08002d2c   Section        0  stm32f1xx_hal_cortex.o(i.HAL_SYSTICK_CLKSourceConfig)
    i.HAL_SYSTICK_Callback                   0x08002d44   Section        0  stm32f1xx_hal_cortex.o(i.HAL_SYSTICK_Callback)
    i.HAL_SYSTICK_Config                     0x08002d46   Section        0  stm32f1xx_hal_cortex.o(i.HAL_SYSTICK_Config)
    i.HAL_SYSTICK_IRQHandler                 0x08002d6e   Section        0  stm32f1xx_hal_cortex.o(i.HAL_SYSTICK_IRQHandler)
    i.I2C_IsAcknowledgeFailed                0x08002d76   Section        0  stm32f1xx_hal_i2c.o(i.I2C_IsAcknowledgeFailed)
    I2C_IsAcknowledgeFailed                  0x08002d77   Thumb Code    42  stm32f1xx_hal_i2c.o(i.I2C_IsAcknowledgeFailed)
    i.I2C_MasterRequestRead                  0x08002da0   Section        0  stm32f1xx_hal_i2c.o(i.I2C_MasterRequestRead)
    I2C_MasterRequestRead                    0x08002da1   Thumb Code   186  stm32f1xx_hal_i2c.o(i.I2C_MasterRequestRead)
    i.I2C_MasterRequestWrite                 0x08002e5c   Section        0  stm32f1xx_hal_i2c.o(i.I2C_MasterRequestWrite)
    I2C_MasterRequestWrite                   0x08002e5d   Thumb Code   112  stm32f1xx_hal_i2c.o(i.I2C_MasterRequestWrite)
    i.I2C_WaitOnFlagUntilTimeout             0x08002ed0   Section        0  stm32f1xx_hal_i2c.o(i.I2C_WaitOnFlagUntilTimeout)
    I2C_WaitOnFlagUntilTimeout               0x08002ed1   Thumb Code   138  stm32f1xx_hal_i2c.o(i.I2C_WaitOnFlagUntilTimeout)
    i.I2C_WaitOnMasterAddressFlagUntilTimeout 0x08002f5a   Section        0  stm32f1xx_hal_i2c.o(i.I2C_WaitOnMasterAddressFlagUntilTimeout)
    I2C_WaitOnMasterAddressFlagUntilTimeout  0x08002f5b   Thumb Code   136  stm32f1xx_hal_i2c.o(i.I2C_WaitOnMasterAddressFlagUntilTimeout)
    i.I2C_WaitOnRXNEFlagUntilTimeout         0x08002fe2   Section        0  stm32f1xx_hal_i2c.o(i.I2C_WaitOnRXNEFlagUntilTimeout)
    I2C_WaitOnRXNEFlagUntilTimeout           0x08002fe3   Thumb Code   102  stm32f1xx_hal_i2c.o(i.I2C_WaitOnRXNEFlagUntilTimeout)
    i.I2C_WaitOnTXEFlagUntilTimeout          0x08003048   Section        0  stm32f1xx_hal_i2c.o(i.I2C_WaitOnTXEFlagUntilTimeout)
    I2C_WaitOnTXEFlagUntilTimeout            0x08003049   Thumb Code    80  stm32f1xx_hal_i2c.o(i.I2C_WaitOnTXEFlagUntilTimeout)
    i.I2Cdev_readByte                        0x08003098   Section        0  i2cdev.o(i.I2Cdev_readByte)
    i.I2Cdev_readBytes                       0x080030a8   Section        0  i2cdev.o(i.I2Cdev_readBytes)
    i.I2Cdev_writeByte                       0x080030ec   Section        0  i2cdev.o(i.I2Cdev_writeByte)
    i.I2Cdev_writeBytes                      0x080030f8   Section        0  i2cdev.o(i.I2Cdev_writeBytes)
    i.Init_BMP085                            0x08003144   Section        0  init.o(i.Init_BMP085)
    i.LCD_GPIO_Init                          0x080031f4   Section        0  lcd_driver.o(i.LCD_GPIO_Init)
    i.LCD_WriteData_16Bit                    0x08003250   Section        0  lcd_driver.o(i.LCD_WriteData_16Bit)
    i.LM75_Init                              0x08003280   Section        0  lm75_hal.o(i.LM75_Init)
    i.LM75_Temperature                       0x080032f8   Section        0  lm75_hal.o(i.LM75_Temperature)
    i.LM75_Temperature_ex                    0x08003360   Section        0  lm75_hal.o(i.LM75_Temperature_ex)
    i.Lcd_Clear                              0x080033c8   Section        0  lcd_driver.o(i.Lcd_Clear)
    i.Lcd_Init                               0x080033f6   Section        0  lcd_driver.o(i.Lcd_Init)
    i.Lcd_Reset                              0x0800361c   Section        0  lcd_driver.o(i.Lcd_Reset)
    i.Lcd_SetRegion                          0x08003640   Section        0  lcd_driver.o(i.Lcd_SetRegion)
    i.Lcd_SetXY                              0x08003698   Section        0  lcd_driver.o(i.Lcd_SetXY)
    i.Lcd_WriteData                          0x080036a0   Section        0  lcd_driver.o(i.Lcd_WriteData)
    i.Lcd_WriteIndex                         0x080036c4   Section        0  lcd_driver.o(i.Lcd_WriteIndex)
    i.MX_GPIO_Init                           0x080036e8   Section        0  init.o(i.MX_GPIO_Init)
    i.NVIC_SetPriority                       0x0800379c   Section        0  stm32f1xx_hal_cortex.o(i.NVIC_SetPriority)
    NVIC_SetPriority                         0x0800379d   Thumb Code    32  stm32f1xx_hal_cortex.o(i.NVIC_SetPriority)
    i.PCD_EP_ISR_Handler                     0x080037bc   Section        0  stm32f1xx_hal_pcd.o(i.PCD_EP_ISR_Handler)
    PCD_EP_ISR_Handler                       0x080037bd   Thumb Code   866  stm32f1xx_hal_pcd.o(i.PCD_EP_ISR_Handler)
    i.PutStringRus                           0x08003b20   Section        0  my_font.o(i.PutStringRus)
    i.RTC_Alarm_IRQHandler                   0x08003bf4   Section        0  stm32f1xx_it.o(i.RTC_Alarm_IRQHandler)
    i.RTC_ByteToBcd2                         0x08003c00   Section        0  stm32f1xx_hal_rtc.o(i.RTC_ByteToBcd2)
    RTC_ByteToBcd2                           0x08003c01   Thumb Code    22  stm32f1xx_hal_rtc.o(i.RTC_ByteToBcd2)
    i.RTC_DateUpdate                         0x08003c16   Section        0  stm32f1xx_hal_rtc.o(i.RTC_DateUpdate)
    RTC_DateUpdate                           0x08003c17   Thumb Code   174  stm32f1xx_hal_rtc.o(i.RTC_DateUpdate)
    i.RTC_EnterInitMode                      0x08003cc4   Section        0  stm32f1xx_hal_rtc.o(i.RTC_EnterInitMode)
    RTC_EnterInitMode                        0x08003cc5   Thumb Code    52  stm32f1xx_hal_rtc.o(i.RTC_EnterInitMode)
    i.RTC_ExitInitMode                       0x08003cf8   Section        0  stm32f1xx_hal_rtc.o(i.RTC_ExitInitMode)
    RTC_ExitInitMode                         0x08003cf9   Thumb Code    54  stm32f1xx_hal_rtc.o(i.RTC_ExitInitMode)
    i.RTC_IRQHandler                         0x08003d30   Section        0  stm32f1xx_it.o(i.RTC_IRQHandler)
    i.RTC_Init                               0x08003d60   Section        0  init.o(i.RTC_Init)
    i.RTC_ReadAlarmCounter                   0x08003e20   Section        0  stm32f1xx_hal_rtc.o(i.RTC_ReadAlarmCounter)
    RTC_ReadAlarmCounter                     0x08003e21   Thumb Code    14  stm32f1xx_hal_rtc.o(i.RTC_ReadAlarmCounter)
    i.RTC_ReadTimeCounter                    0x08003e2e   Section        0  stm32f1xx_hal_rtc.o(i.RTC_ReadTimeCounter)
    RTC_ReadTimeCounter                      0x08003e2f   Thumb Code    32  stm32f1xx_hal_rtc.o(i.RTC_ReadTimeCounter)
    i.RTC_WeekDayNum                         0x08003e4e   Section        0  stm32f1xx_hal_rtc.o(i.RTC_WeekDayNum)
    RTC_WeekDayNum                           0x08003e4f   Thumb Code    86  stm32f1xx_hal_rtc.o(i.RTC_WeekDayNum)
    i.RTC_WriteAlarmCounter                  0x08003ea4   Section        0  stm32f1xx_hal_rtc.o(i.RTC_WriteAlarmCounter)
    RTC_WriteAlarmCounter                    0x08003ea5   Thumb Code    40  stm32f1xx_hal_rtc.o(i.RTC_WriteAlarmCounter)
    i.RTC_WriteTimeCounter                   0x08003ecc   Section        0  stm32f1xx_hal_rtc.o(i.RTC_WriteTimeCounter)
    RTC_WriteTimeCounter                     0x08003ecd   Thumb Code    40  stm32f1xx_hal_rtc.o(i.RTC_WriteTimeCounter)
    i.SPI_WriteData                          0x08003ef4   Section        0  lcd_driver.o(i.SPI_WriteData)
    i.SysTick_Handler                        0x08003f20   Section        0  stm32f1xx_it.o(i.SysTick_Handler)
    i.SystemClock_Config                     0x08003f32   Section        0  init.o(i.SystemClock_Config)
    i.SystemInit                             0x08003fa4   Section        0  system_stm32f1xx.o(i.SystemInit)
    i.Take_average_data                      0x08003fec   Section        0  bmp_graph.o(i.Take_average_data)
    i.Take_new_Messure                       0x080040c0   Section        0  main.o(i.Take_new_Messure)
    i.USBD_ClrClassConfig                    0x08004124   Section        0  usbd_core.o(i.USBD_ClrClassConfig)
    i.USBD_CtlContinueRx                     0x08004132   Section        0  usbd_ioreq.o(i.USBD_CtlContinueRx)
    i.USBD_CtlContinueSendData               0x08004142   Section        0  usbd_ioreq.o(i.USBD_CtlContinueSendData)
    i.USBD_CtlError                          0x08004152   Section        0  usbd_ctlreq.o(i.USBD_CtlError)
    i.USBD_CtlReceiveStatus                  0x08004168   Section        0  usbd_ioreq.o(i.USBD_CtlReceiveStatus)
    i.USBD_CtlSendData                       0x0800417e   Section        0  usbd_ioreq.o(i.USBD_CtlSendData)
    i.USBD_CtlSendStatus                     0x08004198   Section        0  usbd_ioreq.o(i.USBD_CtlSendStatus)
    i.USBD_GetDescriptor                     0x080041ae   Section        0  usbd_ctlreq.o(i.USBD_GetDescriptor)
    USBD_GetDescriptor                       0x080041af   Thumb Code   224  usbd_ctlreq.o(i.USBD_GetDescriptor)
    i.USBD_LL_ClearStallEP                   0x0800428e   Section        0  usbd_conf.o(i.USBD_LL_ClearStallEP)
    i.USBD_LL_DataInStage                    0x0800429c   Section        0  usbd_core.o(i.USBD_LL_DataInStage)
    i.USBD_LL_DataOutStage                   0x08004346   Section        0  usbd_core.o(i.USBD_LL_DataOutStage)
    i.USBD_LL_IsStallEP                      0x080043b0   Section        0  usbd_conf.o(i.USBD_LL_IsStallEP)
    i.USBD_LL_OpenEP                         0x080043cc   Section        0  usbd_conf.o(i.USBD_LL_OpenEP)
    i.USBD_LL_PrepareReceive                 0x080043e0   Section        0  usbd_conf.o(i.USBD_LL_PrepareReceive)
    i.USBD_LL_Reset                          0x080043ee   Section        0  usbd_core.o(i.USBD_LL_Reset)
    i.USBD_LL_Resume                         0x0800442c   Section        0  usbd_core.o(i.USBD_LL_Resume)
    i.USBD_LL_SOF                            0x08004438   Section        0  usbd_core.o(i.USBD_LL_SOF)
    i.USBD_LL_SetSpeed                       0x08004450   Section        0  usbd_core.o(i.USBD_LL_SetSpeed)
    i.USBD_LL_SetUSBAddress                  0x08004456   Section        0  usbd_conf.o(i.USBD_LL_SetUSBAddress)
    i.USBD_LL_SetupStage                     0x08004464   Section        0  usbd_core.o(i.USBD_LL_SetupStage)
    i.USBD_LL_StallEP                        0x080044be   Section        0  usbd_conf.o(i.USBD_LL_StallEP)
    i.USBD_LL_Suspend                        0x080044cc   Section        0  usbd_core.o(i.USBD_LL_Suspend)
    i.USBD_LL_Transmit                       0x080044de   Section        0  usbd_conf.o(i.USBD_LL_Transmit)
    i.USBD_ParseSetupRequest                 0x080044ec   Section        0  usbd_ctlreq.o(i.USBD_ParseSetupRequest)
    i.USBD_SetClassConfig                    0x08004514   Section        0  usbd_core.o(i.USBD_SetClassConfig)
    i.USBD_SetConfig                         0x0800452c   Section        0  usbd_ctlreq.o(i.USBD_SetConfig)
    USBD_SetConfig                           0x0800452d   Thumb Code   110  usbd_ctlreq.o(i.USBD_SetConfig)
    i.USBD_StdDevReq                         0x080045a0   Section        0  usbd_ctlreq.o(i.USBD_StdDevReq)
    i.USBD_StdEPReq                          0x08004692   Section        0  usbd_ctlreq.o(i.USBD_StdEPReq)
    i.USBD_StdItfReq                         0x0800476e   Section        0  usbd_ctlreq.o(i.USBD_StdItfReq)
    i.USB_ActivateEndpoint                   0x080047a2   Section        0  stm32f1xx_ll_usb.o(i.USB_ActivateEndpoint)
    i.USB_EP0_OutStart                       0x080049fe   Section        0  stm32f1xx_ll_usb.o(i.USB_EP0_OutStart)
    i.USB_EPClearStall                       0x08004a02   Section        0  stm32f1xx_ll_usb.o(i.USB_EPClearStall)
    i.USB_EPSetStall                         0x08004a6c   Section        0  stm32f1xx_ll_usb.o(i.USB_EPSetStall)
    i.USB_EPStartXfer                        0x08004ab8   Section        0  stm32f1xx_ll_usb.o(i.USB_EPStartXfer)
    i.USB_LP_CAN1_RX0_IRQHandler             0x08004c64   Section        0  stm32f1xx_it.o(i.USB_LP_CAN1_RX0_IRQHandler)
    i.USB_ReadInterrupts                     0x08004c70   Section        0  stm32f1xx_ll_usb.o(i.USB_ReadInterrupts)
    i.USB_ReadPMA                            0x08004c78   Section        0  stm32f1xx_ll_usb.o(i.USB_ReadPMA)
    i.USB_SetDevAddress                      0x08004c96   Section        0  stm32f1xx_ll_usb.o(i.USB_SetDevAddress)
    i.USB_WritePMA                           0x08004ca2   Section        0  stm32f1xx_ll_usb.o(i.USB_WritePMA)
    i.__0sprintf                             0x08004cc8   Section        0  printfa.o(i.__0sprintf)
    i.__ARM_fpclassify                       0x08004cf0   Section        0  fpclassify.o(i.__ARM_fpclassify)
    i.__kernel_poly                          0x08004d18   Section        0  poly.o(i.__kernel_poly)
    i.__mathlib_dbl_divzero                  0x08004dc4   Section        0  dunder.o(i.__mathlib_dbl_divzero)
    i.__mathlib_dbl_infnan2                  0x08004dd4   Section        0  dunder.o(i.__mathlib_dbl_infnan2)
    i.__mathlib_dbl_invalid                  0x08004dd8   Section        0  dunder.o(i.__mathlib_dbl_invalid)
    i.__mathlib_dbl_overflow                 0x08004de4   Section        0  dunder.o(i.__mathlib_dbl_overflow)
    i.__mathlib_dbl_underflow                0x08004df4   Section        0  dunder.o(i.__mathlib_dbl_underflow)
    i.__scatterload_copy                     0x08004e04   Section       14  handlers.o(i.__scatterload_copy)
    i.__scatterload_null                     0x08004e12   Section        2  handlers.o(i.__scatterload_null)
    i.__scatterload_zeroinit                 0x08004e14   Section       14  handlers.o(i.__scatterload_zeroinit)
    i.__set_errno                            0x08004e24   Section        0  errno.o(i.__set_errno)
    i._fp_digits                             0x08004e30   Section        0  printfa.o(i._fp_digits)
    _fp_digits                               0x08004e31   Thumb Code   334  printfa.o(i._fp_digits)
    i._printf_core                           0x08004f94   Section        0  printfa.o(i._printf_core)
    _printf_core                             0x08004f95   Thumb Code  1744  printfa.o(i._printf_core)
    i._printf_post_padding                   0x08005670   Section        0  printfa.o(i._printf_post_padding)
    _printf_post_padding                     0x08005671   Thumb Code    36  printfa.o(i._printf_post_padding)
    i._printf_pre_padding                    0x08005694   Section        0  printfa.o(i._printf_pre_padding)
    _printf_pre_padding                      0x08005695   Thumb Code    46  printfa.o(i._printf_pre_padding)
    i._sputc                                 0x080056c2   Section        0  printfa.o(i._sputc)
    _sputc                                   0x080056c3   Thumb Code    10  printfa.o(i._sputc)
    i.delay_init                             0x080056cc   Section        0  delay.o(i.delay_init)
    i.delay_ms                               0x080056f8   Section        0  delay.o(i.delay_ms)
    i.disk_timerproc                         0x08005720   Section        0  sd_spi_stm32.o(i.disk_timerproc)
    i.free                                   0x08005758   Section        0  malloc.o(i.free)
    i.main                                   0x080057a8   Section        0  main.o(i.main)
    i.malloc                                 0x080058cc   Section        0  malloc.o(i.malloc)
    i.pow                                    0x08005938   Section        0  pow.o(i.pow)
    i.sqrt                                   0x080062f0   Section        0  sqrt.o(i.sqrt)
    .constdata                               0x0800633c   Section       16  stm32f1xx_hal_rcc.o(.constdata)
    .constdata                               0x0800634c   Section     5040  my_font.o(.constdata)
    .constdata                               0x08007700   Section      136  pow.o(.constdata)
    bp                                       0x08007700   Data          16  pow.o(.constdata)
    dp_h                                     0x08007710   Data          16  pow.o(.constdata)
    dp_l                                     0x08007720   Data          16  pow.o(.constdata)
    L                                        0x08007730   Data          48  pow.o(.constdata)
    P                                        0x08007760   Data          40  pow.o(.constdata)
    .constdata                               0x08007788   Section        8  qnan.o(.constdata)
    .data                                    0x20000000   Section        4  stm32f1xx_hal.o(.data)
    uwTick                                   0x20000000   Data           4  stm32f1xx_hal.o(.data)
    .data                                    0x20000004   Section       16  sd_spi_stm32.o(.data)
    Stat                                     0x20000004   Data           1  sd_spi_stm32.o(.data)
    CardType                                 0x20000005   Data           1  sd_spi_stm32.o(.data)
    pv                                       0x20000008   Data           4  sd_spi_stm32.o(.data)
    Timer1                                   0x2000000c   Data           4  sd_spi_stm32.o(.data)
    Timer2                                   0x20000010   Data           4  sd_spi_stm32.o(.data)
    .data                                    0x20000014   Section        3  stm32f1xx_it.o(.data)
    .data                                    0x20000018   Section       24  main.o(.data)
    .data                                    0x20000030   Section        4  delay.o(.data)
    fac_us                                   0x20000030   Data           1  delay.o(.data)
    fac_ms                                   0x20000032   Data           2  delay.o(.data)
    .data                                    0x20000034   Section       36  bmp085.o(.data)
    devAddr                                  0x20000034   Data           1  bmp085.o(.data)
    measureMode                              0x20000035   Data           1  bmp085.o(.data)
    ac1                                      0x20000036   Data           2  bmp085.o(.data)
    ac2                                      0x20000038   Data           2  bmp085.o(.data)
    ac3                                      0x2000003a   Data           2  bmp085.o(.data)
    b1                                       0x2000003c   Data           2  bmp085.o(.data)
    b2                                       0x2000003e   Data           2  bmp085.o(.data)
    mb                                       0x20000040   Data           2  bmp085.o(.data)
    mc                                       0x20000042   Data           2  bmp085.o(.data)
    md                                       0x20000044   Data           2  bmp085.o(.data)
    ac4                                      0x20000046   Data           2  bmp085.o(.data)
    ac5                                      0x20000048   Data           2  bmp085.o(.data)
    ac6                                      0x2000004a   Data           2  bmp085.o(.data)
    buffer                                   0x2000004c   Data           3  bmp085.o(.data)
    calibrationLoaded                        0x20000050   Data           4  bmp085.o(.data)
    b5                                       0x20000054   Data           4  bmp085.o(.data)
    .data                                    0x20000058   Section        8  i2cdev.o(.data)
    .data                                    0x20000060   Section       12  my_font.o(.data)
    .data                                    0x2000006c   Section       32  bmp_graph.o(.data)
    .data                                    0x2000008c   Section        3  init.o(.data)
    .data                                    0x2000008f   Section        1  usbd_ctlreq.o(.data)
    cfgidx                                   0x2000008f   Data           1  usbd_ctlreq.o(.data)
    .data                                    0x20000090   Section        4  system_stm32f1xx.o(.data)
    .data                                    0x20000094   Section        4  mvars.o(.data)
    .data                                    0x20000098   Section        4  mvars.o(.data)
    .data                                    0x2000009c   Section        4  errno.o(.data)
    _errno                                   0x2000009c   Data           4  errno.o(.data)
    .bss                                     0x200000a0   Section     1272  main.o(.bss)
    .bss                                     0x20000598   Section     1600  usbd_conf.o(.bss)
    mem                                      0x20000598   Data         544  usbd_conf.o(.bss)
    .bss                                     0x20000bd8   Section       60  lm75_hal.o(.bss)
    .bss                                     0x20000c14   Section      720  bmp_graph.o(.bss)
    .bss                                     0x20000ee4   Section       80  init.o(.bss)
    HEAP                                     0x20000f38   Section      512  startup_stm32f103xb.o(HEAP)
    STACK                                    0x20001138   Section     1024  startup_stm32f103xb.o(STACK)

    Global Symbols

    Symbol Name                              Value     Ov Type        Size  Object(Section)

    BuildAttributes$$THM_ISAv4$P$D$K$B$S$PE$A:L22UL41UL21$X:L11$S22US41US21$IEEE1$IW$USESV6$~STKCKD$USESV7$~SHL$OTIME$ROPI$IEEEX$EBA8$MICROLIB$REQ8$PRES8$EABIv2 0x00000000   Number         0  anon$$obj.o ABSOLUTE
    __ARM_use_no_argv                        0x00000000   Number         0  main.o ABSOLUTE
    _printf_a                                0x00000000   Number         0  stubs.o ABSOLUTE
    _printf_c                                0x00000000   Number         0  stubs.o ABSOLUTE
    _printf_charcount                        0x00000000   Number         0  stubs.o ABSOLUTE
    _printf_d                                0x00000000   Number         0  stubs.o ABSOLUTE
    _printf_e                                0x00000000   Number         0  stubs.o ABSOLUTE
    _printf_f                                0x00000000   Number         0  stubs.o ABSOLUTE
    _printf_flags                            0x00000000   Number         0  stubs.o ABSOLUTE
    _printf_fp_dec                           0x00000000   Number         0  stubs.o ABSOLUTE
    _printf_fp_hex                           0x00000000   Number         0  stubs.o ABSOLUTE
    _printf_g                                0x00000000   Number         0  stubs.o ABSOLUTE
    _printf_i                                0x00000000   Number         0  stubs.o ABSOLUTE
    _printf_int_dec                          0x00000000   Number         0  stubs.o ABSOLUTE
    _printf_l                                0x00000000   Number         0  stubs.o ABSOLUTE
    _printf_lc                               0x00000000   Number         0  stubs.o ABSOLUTE
    _printf_ll                               0x00000000   Number         0  stubs.o ABSOLUTE
    _printf_lld                              0x00000000   Number         0  stubs.o ABSOLUTE
    _printf_lli                              0x00000000   Number         0  stubs.o ABSOLUTE
    _printf_llo                              0x00000000   Number         0  stubs.o ABSOLUTE
    _printf_llu                              0x00000000   Number         0  stubs.o ABSOLUTE
    _printf_llx                              0x00000000   Number         0  stubs.o ABSOLUTE
    _printf_longlong_dec                     0x00000000   Number         0  stubs.o ABSOLUTE
    _printf_longlong_hex                     0x00000000   Number         0  stubs.o ABSOLUTE
    _printf_longlong_oct                     0x00000000   Number         0  stubs.o ABSOLUTE
    _printf_ls                               0x00000000   Number         0  stubs.o ABSOLUTE
    _printf_mbtowc                           0x00000000   Number         0  stubs.o ABSOLUTE
    _printf_n                                0x00000000   Number         0  stubs.o ABSOLUTE
    _printf_o                                0x00000000   Number         0  stubs.o ABSOLUTE
    _printf_p                                0x00000000   Number         0  stubs.o ABSOLUTE
    _printf_percent                          0x00000000   Number         0  stubs.o ABSOLUTE
    _printf_pre_padding                      0x00000000   Number         0  stubs.o ABSOLUTE
    _printf_return_value                     0x00000000   Number         0  stubs.o ABSOLUTE
    _printf_s                                0x00000000   Number         0  stubs.o ABSOLUTE
    _printf_sizespec                         0x00000000   Number         0  stubs.o ABSOLUTE
    _printf_str                              0x00000000   Number         0  stubs.o ABSOLUTE
    _printf_truncate_signed                  0x00000000   Number         0  stubs.o ABSOLUTE
    _printf_truncate_unsigned                0x00000000   Number         0  stubs.o ABSOLUTE
    _printf_u                                0x00000000   Number         0  stubs.o ABSOLUTE
    _printf_wc                               0x00000000   Number         0  stubs.o ABSOLUTE
    _printf_wctomb                           0x00000000   Number         0  stubs.o ABSOLUTE
    _printf_widthprec                        0x00000000   Number         0  stubs.o ABSOLUTE
    _printf_x                                0x00000000   Number         0  stubs.o ABSOLUTE
    __cpp_initialize__aeabi_                  - Undefined Weak Reference
    __cxa_finalize                            - Undefined Weak Reference
    __decompress                              - Undefined Weak Reference
    _clock_init                               - Undefined Weak Reference
    _microlib_exit                            - Undefined Weak Reference
    __Vectors_Size                           0x000000ec   Number         0  startup_stm32f103xb.o ABSOLUTE
    __Vectors                                0x08000000   Data           4  startup_stm32f103xb.o(RESET)
    __Vectors_End                            0x080000ec   Data           0  startup_stm32f103xb.o(RESET)
    __main                                   0x080000ed   Thumb Code     0  entry.o(.ARM.Collect$$$$00000000)
    _main_stk                                0x080000ed   Thumb Code     0  entry2.o(.ARM.Collect$$$$00000001)
    _main_scatterload                        0x080000f1   Thumb Code     0  entry5.o(.ARM.Collect$$$$00000004)
    __main_after_scatterload                 0x080000f5   Thumb Code     0  entry5.o(.ARM.Collect$$$$00000004)
    _main_clock                              0x080000f5   Thumb Code     0  entry7b.o(.ARM.Collect$$$$00000008)
    _main_cpp_init                           0x080000f5   Thumb Code     0  entry8b.o(.ARM.Collect$$$$0000000A)
    _main_init                               0x080000f5   Thumb Code     0  entry9a.o(.ARM.Collect$$$$0000000B)
    __rt_final_cpp                           0x080000fd   Thumb Code     0  entry10a.o(.ARM.Collect$$$$0000000D)
    __rt_final_exit                          0x080000fd   Thumb Code     0  entry11a.o(.ARM.Collect$$$$0000000F)
    Reset_Handler                            0x08000101   Thumb Code     8  startup_stm32f103xb.o(.text)
    NMI_Handler                              0x08000109   Thumb Code     2  startup_stm32f103xb.o(.text)
    HardFault_Handler                        0x0800010b   Thumb Code     2  startup_stm32f103xb.o(.text)
    MemManage_Handler                        0x0800010d   Thumb Code     2  startup_stm32f103xb.o(.text)
    BusFault_Handler                         0x0800010f   Thumb Code     2  startup_stm32f103xb.o(.text)
    UsageFault_Handler                       0x08000111   Thumb Code     2  startup_stm32f103xb.o(.text)
    SVC_Handler                              0x08000113   Thumb Code     2  startup_stm32f103xb.o(.text)
    DebugMon_Handler                         0x08000115   Thumb Code     2  startup_stm32f103xb.o(.text)
    PendSV_Handler                           0x08000117   Thumb Code     2  startup_stm32f103xb.o(.text)
    ADC1_2_IRQHandler                        0x0800011b   Thumb Code     0  startup_stm32f103xb.o(.text)
    CAN1_RX1_IRQHandler                      0x0800011b   Thumb Code     0  startup_stm32f103xb.o(.text)
    CAN1_SCE_IRQHandler                      0x0800011b   Thumb Code     0  startup_stm32f103xb.o(.text)
    DMA1_Channel1_IRQHandler                 0x0800011b   Thumb Code     0  startup_stm32f103xb.o(.text)
    DMA1_Channel2_IRQHandler                 0x0800011b   Thumb Code     0  startup_stm32f103xb.o(.text)
    DMA1_Channel3_IRQHandler                 0x0800011b   Thumb Code     0  startup_stm32f103xb.o(.text)
    DMA1_Channel4_IRQHandler                 0x0800011b   Thumb Code     0  startup_stm32f103xb.o(.text)
    DMA1_Channel5_IRQHandler                 0x0800011b   Thumb Code     0  startup_stm32f103xb.o(.text)
    DMA1_Channel6_IRQHandler                 0x0800011b   Thumb Code     0  startup_stm32f103xb.o(.text)
    DMA1_Channel7_IRQHandler                 0x0800011b   Thumb Code     0  startup_stm32f103xb.o(.text)
    EXTI0_IRQHandler                         0x0800011b   Thumb Code     0  startup_stm32f103xb.o(.text)
    EXTI15_10_IRQHandler                     0x0800011b   Thumb Code     0  startup_stm32f103xb.o(.text)
    EXTI2_IRQHandler                         0x0800011b   Thumb Code     0  startup_stm32f103xb.o(.text)
    EXTI4_IRQHandler                         0x0800011b   Thumb Code     0  startup_stm32f103xb.o(.text)
    EXTI9_5_IRQHandler                       0x0800011b   Thumb Code     0  startup_stm32f103xb.o(.text)
    FLASH_IRQHandler                         0x0800011b   Thumb Code     0  startup_stm32f103xb.o(.text)
    I2C1_ER_IRQHandler                       0x0800011b   Thumb Code     0  startup_stm32f103xb.o(.text)
    I2C1_EV_IRQHandler                       0x0800011b   Thumb Code     0  startup_stm32f103xb.o(.text)
    I2C2_ER_IRQHandler                       0x0800011b   Thumb Code     0  startup_stm32f103xb.o(.text)
    I2C2_EV_IRQHandler                       0x0800011b   Thumb Code     0  startup_stm32f103xb.o(.text)
    PVD_IRQHandler                           0x0800011b   Thumb Code     0  startup_stm32f103xb.o(.text)
    RCC_IRQHandler                           0x0800011b   Thumb Code     0  startup_stm32f103xb.o(.text)
    SPI1_IRQHandler                          0x0800011b   Thumb Code     0  startup_stm32f103xb.o(.text)
    SPI2_IRQHandler                          0x0800011b   Thumb Code     0  startup_stm32f103xb.o(.text)
    TAMPER_IRQHandler                        0x0800011b   Thumb Code     0  startup_stm32f103xb.o(.text)
    TIM1_BRK_IRQHandler                      0x0800011b   Thumb Code     0  startup_stm32f103xb.o(.text)
    TIM1_CC_IRQHandler                       0x0800011b   Thumb Code     0  startup_stm32f103xb.o(.text)
    TIM1_TRG_COM_IRQHandler                  0x0800011b   Thumb Code     0  startup_stm32f103xb.o(.text)
    TIM1_UP_IRQHandler                       0x0800011b   Thumb Code     0  startup_stm32f103xb.o(.text)
    TIM2_IRQHandler                          0x0800011b   Thumb Code     0  startup_stm32f103xb.o(.text)
    TIM3_IRQHandler                          0x0800011b   Thumb Code     0  startup_stm32f103xb.o(.text)
    TIM4_IRQHandler                          0x0800011b   Thumb Code     0  startup_stm32f103xb.o(.text)
    USART1_IRQHandler                        0x0800011b   Thumb Code     0  startup_stm32f103xb.o(.text)
    USART2_IRQHandler                        0x0800011b   Thumb Code     0  startup_stm32f103xb.o(.text)
    USART3_IRQHandler                        0x0800011b   Thumb Code     0  startup_stm32f103xb.o(.text)
    USBWakeUp_IRQHandler                     0x0800011b   Thumb Code     0  startup_stm32f103xb.o(.text)
    USB_HP_CAN1_TX_IRQHandler                0x0800011b   Thumb Code     0  startup_stm32f103xb.o(.text)
    WWDG_IRQHandler                          0x0800011b   Thumb Code     0  startup_stm32f103xb.o(.text)
    __aeabi_llsr                             0x08000125   Thumb Code    32  llushr.o(.text)
    _ll_ushift_r                             0x08000125   Thumb Code     0  llushr.o(.text)
    __aeabi_memcpy                           0x08000145   Thumb Code    36  memcpya.o(.text)
    __aeabi_memcpy4                          0x08000145   Thumb Code     0  memcpya.o(.text)
    __aeabi_memcpy8                          0x08000145   Thumb Code     0  memcpya.o(.text)
    __aeabi_fadd                             0x08000169   Thumb Code   164  fadd.o(.text)
    __aeabi_fsub                             0x0800020d   Thumb Code     6  fadd.o(.text)
    __aeabi_frsub                            0x08000213   Thumb Code     6  fadd.o(.text)
    __aeabi_fdiv                             0x08000219   Thumb Code   124  fdiv.o(.text)
    __ARM_scalbnf                            0x08000295   Thumb Code    24  fscalb.o(.text)
    scalbnf                                  0x08000295   Thumb Code     0  fscalb.o(.text)
    __aeabi_dadd                             0x080002ad   Thumb Code   322  dadd.o(.text)
    __aeabi_dsub                             0x080003ef   Thumb Code     6  dadd.o(.text)
    __aeabi_drsub                            0x080003f5   Thumb Code     6  dadd.o(.text)
    __aeabi_dmul                             0x080003fb   Thumb Code   228  dmul.o(.text)
    __aeabi_i2f                              0x080004df   Thumb Code    18  fflti.o(.text)
    __aeabi_f2uiz                            0x080004f1   Thumb Code    40  ffixui.o(.text)
    __aeabi_f2d                              0x08000519   Thumb Code    38  f2d.o(.text)
    __aeabi_d2f                              0x0800053f   Thumb Code    56  d2f.o(.text)
    __aeabi_cfcmpeq                          0x08000579   Thumb Code     0  cfcmple.o(.text)
    __aeabi_cfcmple                          0x08000579   Thumb Code    20  cfcmple.o(.text)
    __aeabi_cfrcmple                         0x0800058d   Thumb Code    20  cfrcmple.o(.text)
    __aeabi_uidiv                            0x080005a1   Thumb Code     0  uidiv.o(.text)
    __aeabi_uidivmod                         0x080005a1   Thumb Code    44  uidiv.o(.text)
    __aeabi_uldivmod                         0x080005cd   Thumb Code    98  uldiv.o(.text)
    __aeabi_llsl                             0x0800062f   Thumb Code    30  llshl.o(.text)
    _ll_shift_l                              0x0800062f   Thumb Code     0  llshl.o(.text)
    __aeabi_lasr                             0x0800064d   Thumb Code    36  llsshr.o(.text)
    _ll_sshift_r                             0x0800064d   Thumb Code     0  llsshr.o(.text)
    __I$use$fp                               0x08000671   Thumb Code     0  iusefp.o(.text)
    _float_round                             0x08000671   Thumb Code    18  fepilogue.o(.text)
    _float_epilogue                          0x08000683   Thumb Code    92  fepilogue.o(.text)
    _double_round                            0x080006df   Thumb Code    30  depilogue.o(.text)
    _double_epilogue                         0x080006fd   Thumb Code   156  depilogue.o(.text)
    __aeabi_ddiv                             0x08000799   Thumb Code   222  ddiv.o(.text)
    __ARM_scalbn                             0x08000877   Thumb Code    46  dscalb.o(.text)
    scalbn                                   0x08000877   Thumb Code     0  dscalb.o(.text)
    __aeabi_i2d                              0x080008a5   Thumb Code    34  dflti.o(.text)
    __aeabi_d2ulz                            0x080008c7   Thumb Code    48  dfixul.o(.text)
    __aeabi_cdrcmple                         0x080008f9   Thumb Code    48  cdrcmple.o(.text)
    __scatterload                            0x08000929   Thumb Code    28  init.o(.text)
    __scatterload_rt2                        0x08000929   Thumb Code     0  init.o(.text)
    _dsqrt                                   0x0800094d   Thumb Code   162  dsqrt.o(.text)
    BMP085_getAltitude                       0x080009f1   Thumb Code    50  bmp085.o(i.BMP085_getAltitude)
    BMP085_getMeasureDelayMilliseconds       0x08000a39   Thumb Code    44  bmp085.o(i.BMP085_getMeasureDelayMilliseconds)
    BMP085_getMeasurement2                   0x08000a69   Thumb Code    38  bmp085.o(i.BMP085_getMeasurement2)
    BMP085_getMeasurement3                   0x08000a95   Thumb Code    42  bmp085.o(i.BMP085_getMeasurement3)
    BMP085_getPressure                       0x08000ac5   Thumb Code   154  bmp085.o(i.BMP085_getPressure)
    BMP085_getRawPressure                    0x08000b69   Thumb Code    28  bmp085.o(i.BMP085_getRawPressure)
    BMP085_getRawTemperature                 0x08000b89   Thumb Code    16  bmp085.o(i.BMP085_getRawTemperature)
    BMP085_getTemperatureC                   0x08000b9d   Thumb Code    56  bmp085.o(i.BMP085_getTemperatureC)
    BMP085_initialize                        0x08000bdd   Thumb Code    14  bmp085.o(i.BMP085_initialize)
    BMP085_loadCalibration                   0x08000bf1   Thumb Code   186  bmp085.o(i.BMP085_loadCalibration)
    BMP085_setControl                        0x08000cb1   Thumb Code    20  bmp085.o(i.BMP085_setControl)
    BMP085_testConnection                    0x08000cc9   Thumb Code    26  bmp085.o(i.BMP085_testConnection)
    Draw_graph                               0x08000ce9   Thumb Code   498  bmp_graph.o(i.Draw_graph)
    Draw_table                               0x08000eed   Thumb Code   242  main.o(i.Draw_table)
    Draw_table_ex                            0x0800101d   Thumb Code   180  main.o(i.Draw_table_ex)
    EXTI1_IRQHandler                         0x080010fd   Thumb Code    30  stm32f1xx_it.o(i.EXTI1_IRQHandler)
    EXTI3_IRQHandler                         0x0800112d   Thumb Code    22  stm32f1xx_it.o(i.EXTI3_IRQHandler)
    First_Draw_Graph                         0x08001149   Thumb Code   106  bmp_graph.o(i.First_Draw_Graph)
    First_Draw_Table                         0x080011c9   Thumb Code   106  main.o(i.First_Draw_Table)
    Gui_Circle                               0x0800123d   Thumb Code   348  gui.o(i.Gui_Circle)
    Gui_DrawLine                             0x08001399   Thumb Code   170  gui.o(i.Gui_DrawLine)
    Gui_DrawPoint                            0x08001443   Thumb Code    26  lcd_driver.o(i.Gui_DrawPoint)
    HAL_Delay                                0x0800145d   Thumb Code    22  stm32f1xx_hal.o(i.HAL_Delay)
    HAL_GPIO_EXTI_Callback                   0x08001473   Thumb Code     2  stm32f1xx_hal_gpio.o(i.HAL_GPIO_EXTI_Callback)
    HAL_GPIO_EXTI_IRQHandler                 0x08001475   Thumb Code    18  stm32f1xx_hal_gpio.o(i.HAL_GPIO_EXTI_IRQHandler)
    HAL_GPIO_Init                            0x0800148d   Thumb Code   408  stm32f1xx_hal_gpio.o(i.HAL_GPIO_Init)
    HAL_GPIO_TogglePin                       0x08001649   Thumb Code     8  stm32f1xx_hal_gpio.o(i.HAL_GPIO_TogglePin)
    HAL_GPIO_WritePin                        0x08001651   Thumb Code    10  stm32f1xx_hal_gpio.o(i.HAL_GPIO_WritePin)
    HAL_GetTick                              0x0800165d   Thumb Code     6  stm32f1xx_hal.o(i.HAL_GetTick)
    HAL_I2C_Init                             0x08001669   Thumb Code   216  stm32f1xx_hal_i2c.o(i.HAL_I2C_Init)
    HAL_I2C_Master_Receive                   0x08001749   Thumb Code   454  stm32f1xx_hal_i2c.o(i.HAL_I2C_Master_Receive)
    HAL_I2C_Master_Transmit                  0x08001919   Thumb Code   294  stm32f1xx_hal_i2c.o(i.HAL_I2C_Master_Transmit)
    HAL_I2C_MspInit                          0x08001a45   Thumb Code     2  stm32f1xx_hal_i2c.o(i.HAL_I2C_MspInit)
    HAL_IncTick                              0x08001a49   Thumb Code    10  stm32f1xx_hal.o(i.HAL_IncTick)
    HAL_Init                                 0x08001a59   Thumb Code    32  stm32f1xx_hal.o(i.HAL_Init)
    HAL_InitTick                             0x08001a7d   Thumb Code    34  stm32f1xx_hal.o(i.HAL_InitTick)
    HAL_MspInit                              0x08001aa1   Thumb Code    52  stm32f1xx_hal_msp.o(i.HAL_MspInit)
    HAL_NVIC_EnableIRQ                       0x08001add   Thumb Code    22  stm32f1xx_hal_cortex.o(i.HAL_NVIC_EnableIRQ)
    HAL_NVIC_SetPriority                     0x08001af5   Thumb Code    60  stm32f1xx_hal_cortex.o(i.HAL_NVIC_SetPriority)
    HAL_NVIC_SetPriorityGrouping             0x08001b35   Thumb Code    26  stm32f1xx_hal_cortex.o(i.HAL_NVIC_SetPriorityGrouping)
    HAL_PCD_DataInStageCallback              0x08001b59   Thumb Code    14  usbd_conf.o(i.HAL_PCD_DataInStageCallback)
    HAL_PCD_DataOutStageCallback             0x08001b67   Thumb Code    16  usbd_conf.o(i.HAL_PCD_DataOutStageCallback)
    HAL_PCD_EP_ClrStall                      0x08001b77   Thumb Code    72  stm32f1xx_hal_pcd.o(i.HAL_PCD_EP_ClrStall)
    HAL_PCD_EP_Open                          0x08001bbf   Thumb Code    68  stm32f1xx_hal_pcd.o(i.HAL_PCD_EP_Open)
    HAL_PCD_EP_Receive                       0x08001c03   Thumb Code    64  stm32f1xx_hal_pcd.o(i.HAL_PCD_EP_Receive)
    HAL_PCD_EP_SetStall                      0x08001c43   Thumb Code    86  stm32f1xx_hal_pcd.o(i.HAL_PCD_EP_SetStall)
    HAL_PCD_EP_Transmit                      0x08001c99   Thumb Code    62  stm32f1xx_hal_pcd.o(i.HAL_PCD_EP_Transmit)
    HAL_PCD_IRQHandler                       0x08001cd7   Thumb Code   266  stm32f1xx_hal_pcd.o(i.HAL_PCD_IRQHandler)
    HAL_PCD_ResetCallback                    0x08001de1   Thumb Code    26  usbd_conf.o(i.HAL_PCD_ResetCallback)
    HAL_PCD_ResumeCallback                   0x08001dfb   Thumb Code     8  usbd_conf.o(i.HAL_PCD_ResumeCallback)
    HAL_PCD_SOFCallback                      0x08001e03   Thumb Code     8  usbd_conf.o(i.HAL_PCD_SOFCallback)
    HAL_PCD_SetAddress                       0x08001e0b   Thumb Code    40  stm32f1xx_hal_pcd.o(i.HAL_PCD_SetAddress)
    HAL_PCD_SetupStageCallback               0x08001e33   Thumb Code    14  usbd_conf.o(i.HAL_PCD_SetupStageCallback)
    HAL_PCD_SuspendCallback                  0x08001e41   Thumb Code    30  usbd_conf.o(i.HAL_PCD_SuspendCallback)
    HAL_PWR_EnableBkUpAccess                 0x08001e65   Thumb Code    20  stm32f1xx_hal_pwr.o(i.HAL_PWR_EnableBkUpAccess)
    HAL_RCCEx_GetPeriphCLKFreq               0x08001e7d   Thumb Code   208  stm32f1xx_hal_rcc_ex.o(i.HAL_RCCEx_GetPeriphCLKFreq)
    HAL_RCCEx_PeriphCLKConfig                0x08001f6d   Thumb Code   282  stm32f1xx_hal_rcc_ex.o(i.HAL_RCCEx_PeriphCLKConfig)
    HAL_RCC_ClockConfig                      0x08002095   Thumb Code   638  stm32f1xx_hal_rcc.o(i.HAL_RCC_ClockConfig)
    HAL_RCC_GetHCLKFreq                      0x0800231d   Thumb Code    38  stm32f1xx_hal_rcc.o(i.HAL_RCC_GetHCLKFreq)
    HAL_RCC_GetPCLK1Freq                     0x08002351   Thumb Code    36  stm32f1xx_hal_rcc.o(i.HAL_RCC_GetPCLK1Freq)
    HAL_RCC_GetPCLK2Freq                     0x0800237d   Thumb Code    36  stm32f1xx_hal_rcc.o(i.HAL_RCC_GetPCLK2Freq)
    HAL_RCC_GetSysClockFreq                  0x080023a9   Thumb Code   102  stm32f1xx_hal_rcc.o(i.HAL_RCC_GetSysClockFreq)
    HAL_RCC_OscConfig                        0x08002431   Thumb Code  1586  stm32f1xx_hal_rcc.o(i.HAL_RCC_OscConfig)
    HAL_RTCEx_BKUPRead                       0x08002a65   Thumb Code    10  stm32f1xx_hal_rtc_ex.o(i.HAL_RTCEx_BKUPRead)
    HAL_RTCEx_BKUPWrite                      0x08002a75   Thumb Code    12  stm32f1xx_hal_rtc_ex.o(i.HAL_RTCEx_BKUPWrite)
    HAL_RTCEx_RTCEventCallback               0x08002a85   Thumb Code     2  stm32f1xx_hal_rtc_ex.o(i.HAL_RTCEx_RTCEventCallback)
    HAL_RTCEx_RTCEventErrorCallback          0x08002a87   Thumb Code     2  stm32f1xx_hal_rtc_ex.o(i.HAL_RTCEx_RTCEventErrorCallback)
    HAL_RTCEx_RTCIRQHandler                  0x08002a89   Thumb Code    60  stm32f1xx_hal_rtc_ex.o(i.HAL_RTCEx_RTCIRQHandler)
    HAL_RTCEx_SetSecond_IT                   0x08002ac5   Thumb Code    44  stm32f1xx_hal_rtc_ex.o(i.HAL_RTCEx_SetSecond_IT)
    HAL_RTC_AlarmAEventCallback              0x08002af1   Thumb Code     2  stm32f1xx_hal_rtc.o(i.HAL_RTC_AlarmAEventCallback)
    HAL_RTC_AlarmIRQHandler                  0x08002af5   Thumb Code    46  stm32f1xx_hal_rtc.o(i.HAL_RTC_AlarmIRQHandler)
    HAL_RTC_GetDate                          0x08002b29   Thumb Code    78  stm32f1xx_hal_rtc.o(i.HAL_RTC_GetDate)
    HAL_RTC_GetTime                          0x08002b77   Thumb Code   216  stm32f1xx_hal_rtc.o(i.HAL_RTC_GetTime)
    HAL_RTC_Init                             0x08002c51   Thumb Code   154  stm32f1xx_hal_rtc.o(i.HAL_RTC_Init)
    HAL_RTC_MspInit                          0x08002cf1   Thumb Code     2  stm32f1xx_hal_rtc.o(i.HAL_RTC_MspInit)
    HAL_RTC_WaitForSynchro                   0x08002cf3   Thumb Code    58  stm32f1xx_hal_rtc.o(i.HAL_RTC_WaitForSynchro)
    HAL_SYSTICK_CLKSourceConfig              0x08002d2d   Thumb Code    24  stm32f1xx_hal_cortex.o(i.HAL_SYSTICK_CLKSourceConfig)
    HAL_SYSTICK_Callback                     0x08002d45   Thumb Code     2  stm32f1xx_hal_cortex.o(i.HAL_SYSTICK_Callback)
    HAL_SYSTICK_Config                       0x08002d47   Thumb Code    40  stm32f1xx_hal_cortex.o(i.HAL_SYSTICK_Config)
    HAL_SYSTICK_IRQHandler                   0x08002d6f   Thumb Code     8  stm32f1xx_hal_cortex.o(i.HAL_SYSTICK_IRQHandler)
    I2Cdev_readByte                          0x08003099   Thumb Code    14  i2cdev.o(i.I2Cdev_readByte)
    I2Cdev_readBytes                         0x080030a9   Thumb Code    62  i2cdev.o(i.I2Cdev_readBytes)
    I2Cdev_writeByte                         0x080030ed   Thumb Code    12  i2cdev.o(i.I2Cdev_writeByte)
    I2Cdev_writeBytes                        0x080030f9   Thumb Code    72  i2cdev.o(i.I2Cdev_writeBytes)
    Init_BMP085                              0x08003145   Thumb Code   148  init.o(i.Init_BMP085)
    LCD_GPIO_Init                            0x080031f5   Thumb Code    78  lcd_driver.o(i.LCD_GPIO_Init)
    LCD_WriteData_16Bit                      0x08003251   Thumb Code    38  lcd_driver.o(i.LCD_WriteData_16Bit)
    LM75_Init                                0x08003281   Thumb Code    98  lm75_hal.o(i.LM75_Init)
    LM75_Temperature                         0x080032f9   Thumb Code    98  lm75_hal.o(i.LM75_Temperature)
    LM75_Temperature_ex                      0x08003361   Thumb Code    98  lm75_hal.o(i.LM75_Temperature_ex)
    Lcd_Clear                                0x080033c9   Thumb Code    46  lcd_driver.o(i.Lcd_Clear)
    Lcd_Init                                 0x080033f7   Thumb Code   548  lcd_driver.o(i.Lcd_Init)
    Lcd_Reset                                0x0800361d   Thumb Code    32  lcd_driver.o(i.Lcd_Reset)
    Lcd_SetRegion                            0x08003641   Thumb Code    88  lcd_driver.o(i.Lcd_SetRegion)
    Lcd_SetXY                                0x08003699   Thumb Code     8  lcd_driver.o(i.Lcd_SetXY)
    Lcd_WriteData                            0x080036a1   Thumb Code    28  lcd_driver.o(i.Lcd_WriteData)
    Lcd_WriteIndex                           0x080036c5   Thumb Code    28  lcd_driver.o(i.Lcd_WriteIndex)
    MX_GPIO_Init                             0x080036e9   Thumb Code   164  init.o(i.MX_GPIO_Init)
    PutStringRus                             0x08003b21   Thumb Code   206  my_font.o(i.PutStringRus)
    RTC_Alarm_IRQHandler                     0x08003bf5   Thumb Code     6  stm32f1xx_it.o(i.RTC_Alarm_IRQHandler)
    RTC_IRQHandler                           0x08003d31   Thumb Code    36  stm32f1xx_it.o(i.RTC_IRQHandler)
    RTC_Init                                 0x08003d61   Thumb Code   170  init.o(i.RTC_Init)
    SPI_WriteData                            0x08003ef5   Thumb Code    40  lcd_driver.o(i.SPI_WriteData)
    SysTick_Handler                          0x08003f21   Thumb Code    18  stm32f1xx_it.o(i.SysTick_Handler)
    SystemClock_Config                       0x08003f33   Thumb Code   114  init.o(i.SystemClock_Config)
    SystemInit                               0x08003fa5   Thumb Code    56  system_stm32f1xx.o(i.SystemInit)
    Take_average_data                        0x08003fed   Thumb Code   186  bmp_graph.o(i.Take_average_data)
    Take_new_Messure                         0x080040c1   Thumb Code    92  main.o(i.Take_new_Messure)
    USBD_ClrClassConfig                      0x08004125   Thumb Code    14  usbd_core.o(i.USBD_ClrClassConfig)
    USBD_CtlContinueRx                       0x08004133   Thumb Code    16  usbd_ioreq.o(i.USBD_CtlContinueRx)
    USBD_CtlContinueSendData                 0x08004143   Thumb Code    16  usbd_ioreq.o(i.USBD_CtlContinueSendData)
    USBD_CtlError                            0x08004153   Thumb Code    22  usbd_ctlreq.o(i.USBD_CtlError)
    USBD_CtlReceiveStatus                    0x08004169   Thumb Code    22  usbd_ioreq.o(i.USBD_CtlReceiveStatus)
    USBD_CtlSendData                         0x0800417f   Thumb Code    26  usbd_ioreq.o(i.USBD_CtlSendData)
    USBD_CtlSendStatus                       0x08004199   Thumb Code    22  usbd_ioreq.o(i.USBD_CtlSendStatus)
    USBD_LL_ClearStallEP                     0x0800428f   Thumb Code    14  usbd_conf.o(i.USBD_LL_ClearStallEP)
    USBD_LL_DataInStage                      0x0800429d   Thumb Code   170  usbd_core.o(i.USBD_LL_DataInStage)
    USBD_LL_DataOutStage                     0x08004347   Thumb Code   106  usbd_core.o(i.USBD_LL_DataOutStage)
    USBD_LL_IsStallEP                        0x080043b1   Thumb Code    28  usbd_conf.o(i.USBD_LL_IsStallEP)
    USBD_LL_OpenEP                           0x080043cd   Thumb Code    20  usbd_conf.o(i.USBD_LL_OpenEP)
    USBD_LL_PrepareReceive                   0x080043e1   Thumb Code    14  usbd_conf.o(i.USBD_LL_PrepareReceive)
    USBD_LL_Reset                            0x080043ef   Thumb Code    62  usbd_core.o(i.USBD_LL_Reset)
    USBD_LL_Resume                           0x0800442d   Thumb Code    12  usbd_core.o(i.USBD_LL_Resume)
    USBD_LL_SOF                              0x08004439   Thumb Code    24  usbd_core.o(i.USBD_LL_SOF)
    USBD_LL_SetSpeed                         0x08004451   Thumb Code     6  usbd_core.o(i.USBD_LL_SetSpeed)
    USBD_LL_SetUSBAddress                    0x08004457   Thumb Code    14  usbd_conf.o(i.USBD_LL_SetUSBAddress)
    USBD_LL_SetupStage                       0x08004465   Thumb Code    90  usbd_core.o(i.USBD_LL_SetupStage)
    USBD_LL_StallEP                          0x080044bf   Thumb Code    14  usbd_conf.o(i.USBD_LL_StallEP)
    USBD_LL_Suspend                          0x080044cd   Thumb Code    18  usbd_core.o(i.USBD_LL_Suspend)
    USBD_LL_Transmit                         0x080044df   Thumb Code    14  usbd_conf.o(i.USBD_LL_Transmit)
    USBD_ParseSetupRequest                   0x080044ed   Thumb Code    40  usbd_ctlreq.o(i.USBD_ParseSetupRequest)
    USBD_SetClassConfig                      0x08004515   Thumb Code    22  usbd_core.o(i.USBD_SetClassConfig)
    USBD_StdDevReq                           0x080045a1   Thumb Code   242  usbd_ctlreq.o(i.USBD_StdDevReq)
    USBD_StdEPReq                            0x08004693   Thumb Code   220  usbd_ctlreq.o(i.USBD_StdEPReq)
    USBD_StdItfReq                           0x0800476f   Thumb Code    52  usbd_ctlreq.o(i.USBD_StdItfReq)
    USB_ActivateEndpoint                     0x080047a3   Thumb Code   604  stm32f1xx_ll_usb.o(i.USB_ActivateEndpoint)
    USB_EP0_OutStart                         0x080049ff   Thumb Code     4  stm32f1xx_ll_usb.o(i.USB_EP0_OutStart)
    USB_EPClearStall                         0x08004a03   Thumb Code   106  stm32f1xx_ll_usb.o(i.USB_EPClearStall)
    USB_EPSetStall                           0x08004a6d   Thumb Code    74  stm32f1xx_ll_usb.o(i.USB_EPSetStall)
    USB_EPStartXfer                          0x08004ab9   Thumb Code   426  stm32f1xx_ll_usb.o(i.USB_EPStartXfer)
    USB_LP_CAN1_RX0_IRQHandler               0x08004c65   Thumb Code     6  stm32f1xx_it.o(i.USB_LP_CAN1_RX0_IRQHandler)
    USB_ReadInterrupts                       0x08004c71   Thumb Code     6  stm32f1xx_ll_usb.o(i.USB_ReadInterrupts)
    USB_ReadPMA                              0x08004c79   Thumb Code    30  stm32f1xx_ll_usb.o(i.USB_ReadPMA)
    USB_SetDevAddress                        0x08004c97   Thumb Code    12  stm32f1xx_ll_usb.o(i.USB_SetDevAddress)
    USB_WritePMA                             0x08004ca3   Thumb Code    38  stm32f1xx_ll_usb.o(i.USB_WritePMA)
    __0sprintf                               0x08004cc9   Thumb Code    34  printfa.o(i.__0sprintf)
    __1sprintf                               0x08004cc9   Thumb Code     0  printfa.o(i.__0sprintf)
    __2sprintf                               0x08004cc9   Thumb Code     0  printfa.o(i.__0sprintf)
    __c89sprintf                             0x08004cc9   Thumb Code     0  printfa.o(i.__0sprintf)
    sprintf                                  0x08004cc9   Thumb Code     0  printfa.o(i.__0sprintf)
    __ARM_fpclassify                         0x08004cf1   Thumb Code    40  fpclassify.o(i.__ARM_fpclassify)
    __kernel_poly                            0x08004d19   Thumb Code   170  poly.o(i.__kernel_poly)
    __mathlib_dbl_divzero                    0x08004dc5   Thumb Code    12  dunder.o(i.__mathlib_dbl_divzero)
    __mathlib_dbl_infnan2                    0x08004dd5   Thumb Code     4  dunder.o(i.__mathlib_dbl_infnan2)
    __mathlib_dbl_invalid                    0x08004dd9   Thumb Code    12  dunder.o(i.__mathlib_dbl_invalid)
    __mathlib_dbl_overflow                   0x08004de5   Thumb Code    14  dunder.o(i.__mathlib_dbl_overflow)
    __mathlib_dbl_underflow                  0x08004df5   Thumb Code    10  dunder.o(i.__mathlib_dbl_underflow)
    __scatterload_copy                       0x08004e05   Thumb Code    14  handlers.o(i.__scatterload_copy)
    __scatterload_null                       0x08004e13   Thumb Code     2  handlers.o(i.__scatterload_null)
    __scatterload_zeroinit                   0x08004e15   Thumb Code    14  handlers.o(i.__scatterload_zeroinit)
    __set_errno                              0x08004e25   Thumb Code     6  errno.o(i.__set_errno)
    delay_init                               0x080056cd   Thumb Code    38  delay.o(i.delay_init)
    delay_ms                                 0x080056f9   Thumb Code    36  delay.o(i.delay_ms)
    disk_timerproc                           0x08005721   Thumb Code    50  sd_spi_stm32.o(i.disk_timerproc)
    free                                     0x08005759   Thumb Code    76  malloc.o(i.free)
    main                                     0x080057a9   Thumb Code   250  main.o(i.main)
    malloc                                   0x080058cd   Thumb Code    92  malloc.o(i.malloc)
    pow                                      0x08005939   Thumb Code  2478  pow.o(i.pow)
    sqrt                                     0x080062f1   Thumb Code    76  sqrt.o(i.sqrt)
    aAPBAHBPrescTable                        0x0800633c   Data          16  stm32f1xx_hal_rcc.o(.constdata)
    Verdana25x34                             0x0800634c   Data        5040  my_font.o(.constdata)
    __mathlib_zero                           0x08007788   Data           8  qnan.o(.constdata)
    Region$$Table$$Base                      0x08007790   Number         0  anon$$obj.o(Region$$Table)
    Region$$Table$$Limit                     0x080077b0   Number         0  anon$$obj.o(Region$$Table)
    pointer_count                            0x20000014   Data           1  stm32f1xx_it.o(.data)
    sec_count                                0x20000015   Data           1  stm32f1xx_it.o(.data)
    minute_flag                              0x20000016   Data           1  stm32f1xx_it.o(.data)
    result                                   0x20000018   Data           1  main.o(.data)
    second_1_flag                            0x2000001a   Data           2  main.o(.data)
    minuts_12_flag                           0x2000001c   Data           2  main.o(.data)
    p                                        0x20000020   Data           4  main.o(.data)
    t                                        0x20000024   Data           4  main.o(.data)
    a                                        0x20000028   Data           4  main.o(.data)
    pfunction                                0x2000002c   Data           4  main.o(.data)
    I2Cdev_readTimeout                       0x20000058   Data           2  i2cdev.o(.data)
    I2Cdev_hi2c                              0x2000005c   Data           4  i2cdev.o(.data)
    X_font                                   0x20000060   Data           1  my_font.o(.data)
    Y_font                                   0x20000061   Data           1  my_font.o(.data)
    Bytes_font                               0x20000062   Data           1  my_font.o(.data)
    Start_font                               0x20000064   Data           2  my_font.o(.data)
    Additional_start                         0x20000066   Data           2  my_font.o(.data)
    fontVerdana25x34                         0x20000068   Data           4  my_font.o(.data)
    graph_i                                  0x2000006c   Data           1  bmp_graph.o(.data)
    changes_min_max_tempr                    0x2000006d   Data           1  bmp_graph.o(.data)
    changes_min_max_press                    0x2000006e   Data           1  bmp_graph.o(.data)
    Averaga_temperature                      0x20000070   Data           2  bmp_graph.o(.data)
    temp_t                                   0x20000072   Data           2  bmp_graph.o(.data)
    MAX_temperature                          0x20000074   Data           2  bmp_graph.o(.data)
    MIN_temperature                          0x20000076   Data           2  bmp_graph.o(.data)
    old_temprature                           0x20000078   Data           2  bmp_graph.o(.data)
    tempr_data                               0x2000007a   Data           2  bmp_graph.o(.data)
    Average_pressure                         0x2000007c   Data           4  bmp_graph.o(.data)
    MAX_pressure                             0x20000080   Data           4  bmp_graph.o(.data)
    MIN_pressure                             0x20000084   Data           4  bmp_graph.o(.data)
    old_pressure                             0x20000088   Data           4  bmp_graph.o(.data)
    sTime                                    0x2000008c   Data           3  init.o(.data)
    SystemCoreClock                          0x20000090   Data           4  system_stm32f1xx.o(.data)
    __microlib_freelist                      0x20000094   Data           4  mvars.o(.data)
    __microlib_freelist_initialised          0x20000098   Data           4  mvars.o(.data)
    All_data                                 0x200000a0   Data          20  main.o(.bss)
    FATFS_Obj                                0x200000b4   Data         560  main.o(.bss)
    file                                     0x200002e4   Data         548  main.o(.bss)
    fno                                      0x20000508   Data          24  main.o(.bss)
    str_data_name                            0x20000520   Data          20  main.o(.bss)
    buffer                                   0x20000534   Data         100  main.o(.bss)
    hpcd_USB_FS                              0x200007b8   Data        1056  usbd_conf.o(.bss)
    hi2c1                                    0x20000bd8   Data          60  lm75_hal.o(.bss)
    pressure                                 0x20000c14   Data         480  bmp_graph.o(.bss)
    temperature                              0x20000df4   Data         240  bmp_graph.o(.bss)
    hi2c2                                    0x20000ee4   Data          60  init.o(.bss)
    hrtc                                     0x20000f20   Data          20  init.o(.bss)
    __heap_base                              0x20000f38   Data           0  startup_stm32f103xb.o(HEAP)
    __heap_limit                             0x20001138   Data           0  startup_stm32f103xb.o(HEAP)
    __initial_sp                             0x20001538   Data           0  startup_stm32f103xb.o(STACK)



==============================================================================

Memory Map of the image

  Image Entry point : 0x080000ed

  Load Region LR_IROM1 (Base: 0x08000000, Size: 0x00007850, Max: 0x00010000, ABSOLUTE)

    Execution Region ER_IROM1 (Base: 0x08000000, Size: 0x000077b0, Max: 0x00010000, ABSOLUTE)

    Base Addr    Size         Type   Attr      Idx    E Section Name        Object

    0x08000000   0x000000ec   Data   RO         3956    RESET               startup_stm32f103xb.o
    0x080000ec   0x00000000   Code   RO         4377  * .ARM.Collect$$$$00000000  mc_w.l(entry.o)
    0x080000ec   0x00000004   Code   RO         4732    .ARM.Collect$$$$00000001  mc_w.l(entry2.o)
    0x080000f0   0x00000004   Code   RO         4735    .ARM.Collect$$$$00000004  mc_w.l(entry5.o)
    0x080000f4   0x00000000   Code   RO         4737    .ARM.Collect$$$$00000008  mc_w.l(entry7b.o)
    0x080000f4   0x00000000   Code   RO         4739    .ARM.Collect$$$$0000000A  mc_w.l(entry8b.o)
    0x080000f4   0x00000008   Code   RO         4740    .ARM.Collect$$$$0000000B  mc_w.l(entry9a.o)
    0x080000fc   0x00000000   Code   RO         4742    .ARM.Collect$$$$0000000D  mc_w.l(entry10a.o)
    0x080000fc   0x00000000   Code   RO         4744    .ARM.Collect$$$$0000000F  mc_w.l(entry11a.o)
    0x080000fc   0x00000004   Code   RO         4733    .ARM.Collect$$$$00002712  mc_w.l(entry2.o)
    0x08000100   0x00000024   Code   RO         3957    .text               startup_stm32f103xb.o
    0x08000124   0x00000020   Code   RO         4380    .text               mc_w.l(llushr.o)
    0x08000144   0x00000024   Code   RO         4388    .text               mc_w.l(memcpya.o)
    0x08000168   0x000000b0   Code   RO         4681    .text               mf_w.l(fadd.o)
    0x08000218   0x0000007c   Code   RO         4685    .text               mf_w.l(fdiv.o)
    0x08000294   0x00000018   Code   RO         4687    .text               mf_w.l(fscalb.o)
    0x080002ac   0x0000014e   Code   RO         4689    .text               mf_w.l(dadd.o)
    0x080003fa   0x000000e4   Code   RO         4691    .text               mf_w.l(dmul.o)
    0x080004de   0x00000012   Code   RO         4693    .text               mf_w.l(fflti.o)
    0x080004f0   0x00000028   Code   RO         4695    .text               mf_w.l(ffixui.o)
    0x08000518   0x00000026   Code   RO         4697    .text               mf_w.l(f2d.o)
    0x0800053e   0x00000038   Code   RO         4699    .text               mf_w.l(d2f.o)
    0x08000576   0x00000002   PAD
    0x08000578   0x00000014   Code   RO         4701    .text               mf_w.l(cfcmple.o)
    0x0800058c   0x00000014   Code   RO         4703    .text               mf_w.l(cfrcmple.o)
    0x080005a0   0x0000002c   Code   RO         4749    .text               mc_w.l(uidiv.o)
    0x080005cc   0x00000062   Code   RO         4751    .text               mc_w.l(uldiv.o)
    0x0800062e   0x0000001e   Code   RO         4753    .text               mc_w.l(llshl.o)
    0x0800064c   0x00000024   Code   RO         4755    .text               mc_w.l(llsshr.o)
    0x08000670   0x00000000   Code   RO         4770    .text               mc_w.l(iusefp.o)
    0x08000670   0x0000006e   Code   RO         4771    .text               mf_w.l(fepilogue.o)
    0x080006de   0x000000ba   Code   RO         4773    .text               mf_w.l(depilogue.o)
    0x08000798   0x000000de   Code   RO         4775    .text               mf_w.l(ddiv.o)
    0x08000876   0x0000002e   Code   RO         4777    .text               mf_w.l(dscalb.o)
    0x080008a4   0x00000022   Code   RO         4779    .text               mf_w.l(dflti.o)
    0x080008c6   0x00000030   Code   RO         4781    .text               mf_w.l(dfixul.o)
    0x080008f6   0x00000002   PAD
    0x080008f8   0x00000030   Code   RO         4783    .text               mf_w.l(cdrcmple.o)
    0x08000928   0x00000024   Code   RO         4785    .text               mc_w.l(init.o)
    0x0800094c   0x000000a2   Code   RO         4789    .text               mf_w.l(dsqrt.o)
    0x080009ee   0x00000002   PAD
    0x080009f0   0x00000048   Code   RO         3598    i.BMP085_getAltitude  bmp085.o
    0x08000a38   0x00000030   Code   RO         3601    i.BMP085_getMeasureDelayMilliseconds  bmp085.o
    0x08000a68   0x0000002c   Code   RO         3602    i.BMP085_getMeasurement2  bmp085.o
    0x08000a94   0x00000030   Code   RO         3603    i.BMP085_getMeasurement3  bmp085.o
    0x08000ac4   0x000000a4   Code   RO         3604    i.BMP085_getPressure  bmp085.o
    0x08000b68   0x00000020   Code   RO         3605    i.BMP085_getRawPressure  bmp085.o
    0x08000b88   0x00000014   Code   RO         3606    i.BMP085_getRawTemperature  bmp085.o
    0x08000b9c   0x00000040   Code   RO         3607    i.BMP085_getTemperatureC  bmp085.o
    0x08000bdc   0x00000014   Code   RO         3609    i.BMP085_initialize  bmp085.o
    0x08000bf0   0x000000c0   Code   RO         3610    i.BMP085_loadCalibration  bmp085.o
    0x08000cb0   0x00000018   Code   RO         3612    i.BMP085_setControl  bmp085.o
    0x08000cc8   0x00000020   Code   RO         3613    i.BMP085_testConnection  bmp085.o
    0x08000ce8   0x00000204   Code   RO         3870    i.Draw_graph        bmp_graph.o
    0x08000eec   0x00000130   Code   RO         2908    i.Draw_table        main.o
    0x0800101c   0x000000e0   Code   RO         2909    i.Draw_table_ex     main.o
    0x080010fc   0x00000030   Code   RO         2840    i.EXTI1_IRQHandler  stm32f1xx_it.o
    0x0800112c   0x0000001c   Code   RO         2841    i.EXTI3_IRQHandler  stm32f1xx_it.o
    0x08001148   0x00000080   Code   RO         3871    i.First_Draw_Graph  bmp_graph.o
    0x080011c8   0x00000074   Code   RO         2911    i.First_Draw_Table  main.o
    0x0800123c   0x0000015c   Code   RO         3516    i.Gui_Circle        gui.o
    0x08001398   0x000000aa   Code   RO         3520    i.Gui_DrawLine      gui.o
    0x08001442   0x0000001a   Code   RO         3422    i.Gui_DrawPoint     lcd_driver.o
    0x0800145c   0x00000016   Code   RO          232    i.HAL_Delay         stm32f1xx_hal.o
    0x08001472   0x00000002   Code   RO         1356    i.HAL_GPIO_EXTI_Callback  stm32f1xx_hal_gpio.o
    0x08001474   0x00000018   Code   RO         1357    i.HAL_GPIO_EXTI_IRQHandler  stm32f1xx_hal_gpio.o
    0x0800148c   0x000001bc   Code   RO         1358    i.HAL_GPIO_Init     stm32f1xx_hal_gpio.o
    0x08001648   0x00000008   Code   RO         1361    i.HAL_GPIO_TogglePin  stm32f1xx_hal_gpio.o
    0x08001650   0x0000000a   Code   RO         1362    i.HAL_GPIO_WritePin  stm32f1xx_hal_gpio.o
    0x0800165a   0x00000002   PAD
    0x0800165c   0x0000000c   Code   RO          236    i.HAL_GetTick       stm32f1xx_hal.o
    0x08001668   0x000000e0   Code   RO         1427    i.HAL_I2C_Init      stm32f1xx_hal_i2c.o
    0x08001748   0x000001d0   Code   RO         1431    i.HAL_I2C_Master_Receive  stm32f1xx_hal_i2c.o
    0x08001918   0x0000012c   Code   RO         1434    i.HAL_I2C_Master_Transmit  stm32f1xx_hal_i2c.o
    0x08001a44   0x00000002   Code   RO         1446    i.HAL_I2C_MspInit   stm32f1xx_hal_i2c.o
    0x08001a46   0x00000002   PAD
    0x08001a48   0x00000010   Code   RO          237    i.HAL_IncTick       stm32f1xx_hal.o
    0x08001a58   0x00000024   Code   RO          238    i.HAL_Init          stm32f1xx_hal.o
    0x08001a7c   0x00000022   Code   RO          239    i.HAL_InitTick      stm32f1xx_hal.o
    0x08001a9e   0x00000002   PAD
    0x08001aa0   0x0000003c   Code   RO         3244    i.HAL_MspInit       stm32f1xx_hal_msp.o
    0x08001adc   0x00000016   Code   RO          553    i.HAL_NVIC_EnableIRQ  stm32f1xx_hal_cortex.o
    0x08001af2   0x00000002   PAD
    0x08001af4   0x00000040   Code   RO          559    i.HAL_NVIC_SetPriority  stm32f1xx_hal_cortex.o
    0x08001b34   0x00000024   Code   RO          560    i.HAL_NVIC_SetPriorityGrouping  stm32f1xx_hal_cortex.o
    0x08001b58   0x0000000e   Code   RO         3039    i.HAL_PCD_DataInStageCallback  usbd_conf.o
    0x08001b66   0x00000010   Code   RO         3040    i.HAL_PCD_DataOutStageCallback  usbd_conf.o
    0x08001b76   0x00000048   Code   RO          940    i.HAL_PCD_EP_ClrStall  stm32f1xx_hal_pcd.o
    0x08001bbe   0x00000044   Code   RO          943    i.HAL_PCD_EP_Open   stm32f1xx_hal_pcd.o
    0x08001c02   0x00000040   Code   RO          944    i.HAL_PCD_EP_Receive  stm32f1xx_hal_pcd.o
    0x08001c42   0x00000056   Code   RO          945    i.HAL_PCD_EP_SetStall  stm32f1xx_hal_pcd.o
    0x08001c98   0x0000003e   Code   RO          946    i.HAL_PCD_EP_Transmit  stm32f1xx_hal_pcd.o
    0x08001cd6   0x0000010a   Code   RO          948    i.HAL_PCD_IRQHandler  stm32f1xx_hal_pcd.o
    0x08001de0   0x0000001a   Code   RO         3046    i.HAL_PCD_ResetCallback  usbd_conf.o
    0x08001dfa   0x00000008   Code   RO         3047    i.HAL_PCD_ResumeCallback  usbd_conf.o
    0x08001e02   0x00000008   Code   RO         3048    i.HAL_PCD_SOFCallback  usbd_conf.o
    0x08001e0a   0x00000028   Code   RO          957    i.HAL_PCD_SetAddress  stm32f1xx_hal_pcd.o
    0x08001e32   0x0000000e   Code   RO         3049    i.HAL_PCD_SetupStageCallback  usbd_conf.o
    0x08001e40   0x00000024   Code   RO         3050    i.HAL_PCD_SuspendCallback  usbd_conf.o
    0x08001e64   0x00000018   Code   RO           11    i.HAL_PWR_EnableBkUpAccess  stm32f1xx_hal_pwr.o
    0x08001e7c   0x000000f0   Code   RO          895    i.HAL_RCCEx_GetPeriphCLKFreq  stm32f1xx_hal_rcc_ex.o
    0x08001f6c   0x00000128   Code   RO          896    i.HAL_RCCEx_PeriphCLKConfig  stm32f1xx_hal_rcc_ex.o
    0x08002094   0x00000288   Code   RO          669    i.HAL_RCC_ClockConfig  stm32f1xx_hal_rcc.o
    0x0800231c   0x00000034   Code   RO          674    i.HAL_RCC_GetHCLKFreq  stm32f1xx_hal_rcc.o
    0x08002350   0x0000002c   Code   RO          676    i.HAL_RCC_GetPCLK1Freq  stm32f1xx_hal_rcc.o
    0x0800237c   0x0000002c   Code   RO          677    i.HAL_RCC_GetPCLK2Freq  stm32f1xx_hal_rcc.o
    0x080023a8   0x00000088   Code   RO          678    i.HAL_RCC_GetSysClockFreq  stm32f1xx_hal_rcc.o
    0x08002430   0x00000632   Code   RO          681    i.HAL_RCC_OscConfig  stm32f1xx_hal_rcc.o
    0x08002a62   0x00000002   PAD
    0x08002a64   0x00000010   Code   RO         2153    i.HAL_RTCEx_BKUPRead  stm32f1xx_hal_rtc_ex.o
    0x08002a74   0x00000010   Code   RO         2154    i.HAL_RTCEx_BKUPWrite  stm32f1xx_hal_rtc_ex.o
    0x08002a84   0x00000002   Code   RO         2158    i.HAL_RTCEx_RTCEventCallback  stm32f1xx_hal_rtc_ex.o
    0x08002a86   0x00000002   Code   RO         2159    i.HAL_RTCEx_RTCEventErrorCallback  stm32f1xx_hal_rtc_ex.o
    0x08002a88   0x0000003c   Code   RO         2160    i.HAL_RTCEx_RTCIRQHandler  stm32f1xx_hal_rtc_ex.o
    0x08002ac4   0x0000002c   Code   RO         2161    i.HAL_RTCEx_SetSecond_IT  stm32f1xx_hal_rtc_ex.o
    0x08002af0   0x00000002   Code   RO         1983    i.HAL_RTC_AlarmAEventCallback  stm32f1xx_hal_rtc.o
    0x08002af2   0x00000002   PAD
    0x08002af4   0x00000034   Code   RO         1984    i.HAL_RTC_AlarmIRQHandler  stm32f1xx_hal_rtc.o
    0x08002b28   0x0000004e   Code   RO         1988    i.HAL_RTC_GetDate   stm32f1xx_hal_rtc.o
    0x08002b76   0x000000d8   Code   RO         1990    i.HAL_RTC_GetTime   stm32f1xx_hal_rtc.o
    0x08002c4e   0x00000002   PAD
    0x08002c50   0x000000a0   Code   RO         1991    i.HAL_RTC_Init      stm32f1xx_hal_rtc.o
    0x08002cf0   0x00000002   Code   RO         1993    i.HAL_RTC_MspInit   stm32f1xx_hal_rtc.o
    0x08002cf2   0x0000003a   Code   RO         1999    i.HAL_RTC_WaitForSynchro  stm32f1xx_hal_rtc.o
    0x08002d2c   0x00000018   Code   RO          562    i.HAL_SYSTICK_CLKSourceConfig  stm32f1xx_hal_cortex.o
    0x08002d44   0x00000002   Code   RO          563    i.HAL_SYSTICK_Callback  stm32f1xx_hal_cortex.o
    0x08002d46   0x00000028   Code   RO          564    i.HAL_SYSTICK_Config  stm32f1xx_hal_cortex.o
    0x08002d6e   0x00000008   Code   RO          565    i.HAL_SYSTICK_IRQHandler  stm32f1xx_hal_cortex.o
    0x08002d76   0x0000002a   Code   RO         1462    i.I2C_IsAcknowledgeFailed  stm32f1xx_hal_i2c.o
    0x08002da0   0x000000ba   Code   RO         1465    i.I2C_MasterRequestRead  stm32f1xx_hal_i2c.o
    0x08002e5a   0x00000002   PAD
    0x08002e5c   0x00000074   Code   RO         1466    i.I2C_MasterRequestWrite  stm32f1xx_hal_i2c.o
    0x08002ed0   0x0000008a   Code   RO         1469    i.I2C_WaitOnFlagUntilTimeout  stm32f1xx_hal_i2c.o
    0x08002f5a   0x00000088   Code   RO         1470    i.I2C_WaitOnMasterAddressFlagUntilTimeout  stm32f1xx_hal_i2c.o
    0x08002fe2   0x00000066   Code   RO         1471    i.I2C_WaitOnRXNEFlagUntilTimeout  stm32f1xx_hal_i2c.o
    0x08003048   0x00000050   Code   RO         1473    i.I2C_WaitOnTXEFlagUntilTimeout  stm32f1xx_hal_i2c.o
    0x08003098   0x0000000e   Code   RO         3726    i.I2Cdev_readByte   i2cdev.o
    0x080030a6   0x00000002   PAD
    0x080030a8   0x00000044   Code   RO         3727    i.I2Cdev_readBytes  i2cdev.o
    0x080030ec   0x0000000c   Code   RO         3734    i.I2Cdev_writeByte  i2cdev.o
    0x080030f8   0x0000004c   Code   RO         3735    i.I2Cdev_writeBytes  i2cdev.o
    0x08003144   0x000000b0   Code   RO         3911    i.Init_BMP085       init.o
    0x080031f4   0x0000005c   Code   RO         3423    i.LCD_GPIO_Init     lcd_driver.o
    0x08003250   0x00000030   Code   RO         3424    i.LCD_WriteData_16Bit  lcd_driver.o
    0x08003280   0x00000078   Code   RO         3336    i.LM75_Init         lm75_hal.o
    0x080032f8   0x00000068   Code   RO         3338    i.LM75_Temperature  lm75_hal.o
    0x08003360   0x00000068   Code   RO         3339    i.LM75_Temperature_ex  lm75_hal.o
    0x080033c8   0x0000002e   Code   RO         3425    i.Lcd_Clear         lcd_driver.o
    0x080033f6   0x00000224   Code   RO         3426    i.Lcd_Init          lcd_driver.o
    0x0800361a   0x00000002   PAD
    0x0800361c   0x00000024   Code   RO         3428    i.Lcd_Reset         lcd_driver.o
    0x08003640   0x00000058   Code   RO         3429    i.Lcd_SetRegion     lcd_driver.o
    0x08003698   0x00000008   Code   RO         3430    i.Lcd_SetXY         lcd_driver.o
    0x080036a0   0x00000024   Code   RO         3431    i.Lcd_WriteData     lcd_driver.o
    0x080036c4   0x00000024   Code   RO         3432    i.Lcd_WriteIndex    lcd_driver.o
    0x080036e8   0x000000b4   Code   RO         3912    i.MX_GPIO_Init      init.o
    0x0800379c   0x00000020   Code   RO          566    i.NVIC_SetPriority  stm32f1xx_hal_cortex.o
    0x080037bc   0x00000362   Code   RO          962    i.PCD_EP_ISR_Handler  stm32f1xx_hal_pcd.o
    0x08003b1e   0x00000002   PAD
    0x08003b20   0x000000d4   Code   RO         3837    i.PutStringRus      my_font.o
    0x08003bf4   0x0000000c   Code   RO         2842    i.RTC_Alarm_IRQHandler  stm32f1xx_it.o
    0x08003c00   0x00000016   Code   RO         2001    i.RTC_ByteToBcd2    stm32f1xx_hal_rtc.o
    0x08003c16   0x000000ae   Code   RO         2002    i.RTC_DateUpdate    stm32f1xx_hal_rtc.o
    0x08003cc4   0x00000034   Code   RO         2003    i.RTC_EnterInitMode  stm32f1xx_hal_rtc.o
    0x08003cf8   0x00000036   Code   RO         2004    i.RTC_ExitInitMode  stm32f1xx_hal_rtc.o
    0x08003d2e   0x00000002   PAD
    0x08003d30   0x00000030   Code   RO         2843    i.RTC_IRQHandler    stm32f1xx_it.o
    0x08003d60   0x000000c0   Code   RO         3913    i.RTC_Init          init.o
    0x08003e20   0x0000000e   Code   RO         2005    i.RTC_ReadAlarmCounter  stm32f1xx_hal_rtc.o
    0x08003e2e   0x00000020   Code   RO         2006    i.RTC_ReadTimeCounter  stm32f1xx_hal_rtc.o
    0x08003e4e   0x00000056   Code   RO         2007    i.RTC_WeekDayNum    stm32f1xx_hal_rtc.o
    0x08003ea4   0x00000028   Code   RO         2008    i.RTC_WriteAlarmCounter  stm32f1xx_hal_rtc.o
    0x08003ecc   0x00000028   Code   RO         2009    i.RTC_WriteTimeCounter  stm32f1xx_hal_rtc.o
    0x08003ef4   0x0000002c   Code   RO         3434    i.SPI_WriteData     lcd_driver.o
    0x08003f20   0x00000012   Code   RO         2844    i.SysTick_Handler   stm32f1xx_it.o
    0x08003f32   0x00000072   Code   RO         3914    i.SystemClock_Config  init.o
    0x08003fa4   0x00000048   Code   RO         4334    i.SystemInit        system_stm32f1xx.o
    0x08003fec   0x000000d4   Code   RO         3872    i.Take_average_data  bmp_graph.o
    0x080040c0   0x00000064   Code   RO         2915    i.Take_new_Messure  main.o
    0x08004124   0x0000000e   Code   RO         4089    i.USBD_ClrClassConfig  usbd_core.o
    0x08004132   0x00000010   Code   RO         3964    i.USBD_CtlContinueRx  usbd_ioreq.o
    0x08004142   0x00000010   Code   RO         3965    i.USBD_CtlContinueSendData  usbd_ioreq.o
    0x08004152   0x00000016   Code   RO         4024    i.USBD_CtlError     usbd_ctlreq.o
    0x08004168   0x00000016   Code   RO         3967    i.USBD_CtlReceiveStatus  usbd_ioreq.o
    0x0800417e   0x0000001a   Code   RO         3968    i.USBD_CtlSendData  usbd_ioreq.o
    0x08004198   0x00000016   Code   RO         3969    i.USBD_CtlSendStatus  usbd_ioreq.o
    0x080041ae   0x000000e0   Code   RO         4025    i.USBD_GetDescriptor  usbd_ctlreq.o
    0x0800428e   0x0000000e   Code   RO         3051    i.USBD_LL_ClearStallEP  usbd_conf.o
    0x0800429c   0x000000aa   Code   RO         4092    i.USBD_LL_DataInStage  usbd_core.o
    0x08004346   0x0000006a   Code   RO         4093    i.USBD_LL_DataOutStage  usbd_core.o
    0x080043b0   0x0000001c   Code   RO         3058    i.USBD_LL_IsStallEP  usbd_conf.o
    0x080043cc   0x00000014   Code   RO         3059    i.USBD_LL_OpenEP    usbd_conf.o
    0x080043e0   0x0000000e   Code   RO         3060    i.USBD_LL_PrepareReceive  usbd_conf.o
    0x080043ee   0x0000003e   Code   RO         4098    i.USBD_LL_Reset     usbd_core.o
    0x0800442c   0x0000000c   Code   RO         4099    i.USBD_LL_Resume    usbd_core.o
    0x08004438   0x00000018   Code   RO         4100    i.USBD_LL_SOF       usbd_core.o
    0x08004450   0x00000006   Code   RO         4101    i.USBD_LL_SetSpeed  usbd_core.o
    0x08004456   0x0000000e   Code   RO         3061    i.USBD_LL_SetUSBAddress  usbd_conf.o
    0x08004464   0x0000005a   Code   RO         4102    i.USBD_LL_SetupStage  usbd_core.o
    0x080044be   0x0000000e   Code   RO         3062    i.USBD_LL_StallEP   usbd_conf.o
    0x080044cc   0x00000012   Code   RO         4103    i.USBD_LL_Suspend   usbd_core.o
    0x080044de   0x0000000e   Code   RO         3065    i.USBD_LL_Transmit  usbd_conf.o
    0x080044ec   0x00000028   Code   RO         4027    i.USBD_ParseSetupRequest  usbd_ctlreq.o
    0x08004514   0x00000016   Code   RO         4106    i.USBD_SetClassConfig  usbd_core.o
    0x0800452a   0x00000002   PAD
    0x0800452c   0x00000074   Code   RO         4028    i.USBD_SetConfig    usbd_ctlreq.o
    0x080045a0   0x000000f2   Code   RO         4029    i.USBD_StdDevReq    usbd_ctlreq.o
    0x08004692   0x000000dc   Code   RO         4030    i.USBD_StdEPReq     usbd_ctlreq.o
    0x0800476e   0x00000034   Code   RO         4031    i.USBD_StdItfReq    usbd_ctlreq.o
    0x080047a2   0x0000025c   Code   RO          359    i.USB_ActivateEndpoint  stm32f1xx_ll_usb.o
    0x080049fe   0x00000004   Code   RO          369    i.USB_EP0_OutStart  stm32f1xx_ll_usb.o
    0x08004a02   0x0000006a   Code   RO          370    i.USB_EPClearStall  stm32f1xx_ll_usb.o
    0x08004a6c   0x0000004a   Code   RO          371    i.USB_EPSetStall    stm32f1xx_ll_usb.o
    0x08004ab6   0x00000002   PAD
    0x08004ab8   0x000001aa   Code   RO          372    i.USB_EPStartXfer   stm32f1xx_ll_usb.o
    0x08004c62   0x00000002   PAD
    0x08004c64   0x0000000c   Code   RO         2845    i.USB_LP_CAN1_RX0_IRQHandler  stm32f1xx_it.o
    0x08004c70   0x00000006   Code   RO          380    i.USB_ReadInterrupts  stm32f1xx_ll_usb.o
    0x08004c76   0x00000002   PAD
    0x08004c78   0x0000001e   Code   RO          381    i.USB_ReadPMA       stm32f1xx_ll_usb.o
    0x08004c96   0x0000000c   Code   RO          384    i.USB_SetDevAddress  stm32f1xx_ll_usb.o
    0x08004ca2   0x00000026   Code   RO          386    i.USB_WritePMA      stm32f1xx_ll_usb.o
    0x08004cc8   0x00000028   Code   RO         4627    i.__0sprintf        mc_w.l(printfa.o)
    0x08004cf0   0x00000028   Code   RO         4719    i.__ARM_fpclassify  m_ws.l(fpclassify.o)
    0x08004d18   0x000000aa   Code   RO         4721    i.__kernel_poly     m_ws.l(poly.o)
    0x08004dc2   0x00000002   PAD
    0x08004dc4   0x00000010   Code   RO         4705    i.__mathlib_dbl_divzero  m_ws.l(dunder.o)
    0x08004dd4   0x00000004   Code   RO         4707    i.__mathlib_dbl_infnan2  m_ws.l(dunder.o)
    0x08004dd8   0x0000000c   Code   RO         4708    i.__mathlib_dbl_invalid  m_ws.l(dunder.o)
    0x08004de4   0x0000000e   Code   RO         4709    i.__mathlib_dbl_overflow  m_ws.l(dunder.o)
    0x08004df2   0x00000002   PAD
    0x08004df4   0x00000010   Code   RO         4711    i.__mathlib_dbl_underflow  m_ws.l(dunder.o)
    0x08004e04   0x0000000e   Code   RO         4795    i.__scatterload_copy  mc_w.l(handlers.o)
    0x08004e12   0x00000002   Code   RO         4796    i.__scatterload_null  mc_w.l(handlers.o)
    0x08004e14   0x0000000e   Code   RO         4797    i.__scatterload_zeroinit  mc_w.l(handlers.o)
    0x08004e22   0x00000002   PAD
    0x08004e24   0x0000000c   Code   RO         4765    i.__set_errno       mc_w.l(errno.o)
    0x08004e30   0x00000164   Code   RO         4632    i._fp_digits        mc_w.l(printfa.o)
    0x08004f94   0x000006dc   Code   RO         4633    i._printf_core      mc_w.l(printfa.o)
    0x08005670   0x00000024   Code   RO         4634    i._printf_post_padding  mc_w.l(printfa.o)
    0x08005694   0x0000002e   Code   RO         4635    i._printf_pre_padding  mc_w.l(printfa.o)
    0x080056c2   0x0000000a   Code   RO         4637    i._sputc            mc_w.l(printfa.o)
    0x080056cc   0x0000002c   Code   RO         3384    i.delay_init        delay.o
    0x080056f8   0x00000028   Code   RO         3385    i.delay_ms          delay.o
    0x08005720   0x00000038   Code   RO         2621    i.disk_timerproc    sd_spi_stm32.o
    0x08005758   0x00000050   Code   RO         4653    i.free              mc_w.l(malloc.o)
    0x080057a8   0x00000124   Code   RO         2916    i.main              main.o
    0x080058cc   0x0000006c   Code   RO         4654    i.malloc            mc_w.l(malloc.o)
    0x08005938   0x000009b8   Code   RO         4368    i.pow               m_ws.l(pow.o)
    0x080062f0   0x0000004c   Code   RO         4725    i.sqrt              m_ws.l(sqrt.o)
    0x0800633c   0x00000010   Data   RO          682    .constdata          stm32f1xx_hal_rcc.o
    0x0800634c   0x000013b0   Data   RO         3838    .constdata          my_font.o
    0x080076fc   0x00000004   PAD
    0x08007700   0x00000088   Data   RO         4369    .constdata          m_ws.l(pow.o)
    0x08007788   0x00000008   Data   RO         4723    .constdata          m_ws.l(qnan.o)
    0x08007790   0x00000020   Data   RO         4793    Region$$Table       anon$$obj.o


    Execution Region RW_IRAM1 (Base: 0x20000000, Size: 0x00001538, Max: 0x00005000, ABSOLUTE)

    Base Addr    Size         Type   Attr      Idx    E Section Name        Object

    0x20000000   0x00000004   Data   RW          244    .data               stm32f1xx_hal.o
    0x20000004   0x00000010   Data   RW         2634    .data               sd_spi_stm32.o
    0x20000014   0x00000003   Data   RW         2846    .data               stm32f1xx_it.o
    0x20000017   0x00000001   PAD
    0x20000018   0x00000018   Data   RW         2918    .data               main.o
    0x20000030   0x00000004   Data   RW         3387    .data               delay.o
    0x20000034   0x00000024   Data   RW         3614    .data               bmp085.o
    0x20000058   0x00000008   Data   RW         3738    .data               i2cdev.o
    0x20000060   0x0000000c   Data   RW         3839    .data               my_font.o
    0x2000006c   0x00000020   Data   RW         3874    .data               bmp_graph.o
    0x2000008c   0x00000003   Data   RW         3916    .data               init.o
    0x2000008f   0x00000001   Data   RW         4032    .data               usbd_ctlreq.o
    0x20000090   0x00000004   Data   RW         4336    .data               system_stm32f1xx.o
    0x20000094   0x00000004   Data   RW         4761    .data               mc_w.l(mvars.o)
    0x20000098   0x00000004   Data   RW         4762    .data               mc_w.l(mvars.o)
    0x2000009c   0x00000004   Data   RW         4766    .data               mc_w.l(errno.o)
    0x200000a0   0x000004f8   Zero   RW         2917    .bss                main.o
    0x20000598   0x00000640   Zero   RW         3068    .bss                usbd_conf.o
    0x20000bd8   0x0000003c   Zero   RW         3340    .bss                lm75_hal.o
    0x20000c14   0x000002d0   Zero   RW         3873    .bss                bmp_graph.o
    0x20000ee4   0x00000050   Zero   RW         3915    .bss                init.o
    0x20000f34   0x00000004   PAD
    0x20000f38   0x00000200   Zero   RW         3955    HEAP                startup_stm32f103xb.o
    0x20001138   0x00000400   Zero   RW         3954    STACK               startup_stm32f103xb.o


==============================================================================

Image component sizes


      Code (inc. data)   RO Data    RW Data    ZI Data      Debug   Object Name

       760         86          0         36          0       6542   bmp085.o
       856         66          0         32        720       2986   bmp_graph.o
        84         10          0          4          0        976   delay.o
         0          0          0          0          0       1596   fattime.o
         0          0          0          0          0       1456   ff.o
       518          0          0          0          0       1404   gui.o
       170         10          0          8          0       2944   i2cdev.o
       662         66          0          3         80       2880   init.o
      1008         48          0          0          0       5866   lcd_driver.o
       328         34          0          0         60       2185   lm75_hal.o
      1036        166          0         24       1272       8344   main.o
       212          6       5040         12          0       1580   my_font.o
        56          6          0         16          0       2981   sd_spi_stm32.o
        36          8        236          0       1536        856   startup_stm32f103xb.o
       120         16          0          4          0       3346   stm32f1xx_hal.o
       228         14          0          0          0      26717   stm32f1xx_hal_cortex.o
       488         42          0          0          0       4149   stm32f1xx_hal_gpio.o
      1790         28          0          0          0       9340   stm32f1xx_hal_i2c.o
        60          8          0          0          0        754   stm32f1xx_hal_msp.o
      1524          0          0          0          0       6203   stm32f1xx_hal_pcd.o
        24          4          0          0          0     252767   stm32f1xx_hal_pwr.o
      2510         86         16          0          0       5768   stm32f1xx_hal_rcc.o
       536         46          0          0          0       2245   stm32f1xx_hal_rcc_ex.o
      1082         12          0          0          0      10234   stm32f1xx_hal_rtc.o
       140         10          0          0          0       3649   stm32f1xx_hal_rtc_ex.o
       166         48          0          3          0       2799   stm32f1xx_it.o
      1300          0          0          0          0       6622   stm32f1xx_ll_usb.o
        72         16          0          4          0       1233   system_stm32f1xx.o
         0          0          0          0          0       4348   usb_device.o
       240          6          0          0       1600       7540   usbd_conf.o
       524          0          0          0          0       6238   usbd_core.o
       916         30          0          1          0       5599   usbd_ctlreq.o
       102          0          0          0          0       3200   usbd_ioreq.o

    ----------------------------------------------------------------------
     17580        872       5328        148       5272     405347   Object Totals
         0          0         32          0          0          0   (incl. Generated)
        32          0          4          1          4          0   (incl. Padding)

    ----------------------------------------------------------------------

      Code (inc. data)   RO Data    RW Data    ZI Data      Debug   Library Member Name

        62         10          0          0          0        340   dunder.o
        40          0          0          0          0         68   fpclassify.o
       170          0          0          0          0         96   poly.o
      2488        190        136          0          0        300   pow.o
         0          0          8          0          0          0   qnan.o
        76          0          0          0          0         84   sqrt.o
         0          0          0          0          0          0   entry.o
         0          0          0          0          0          0   entry10a.o
         0          0          0          0          0          0   entry11a.o
         8          4          0          0          0          0   entry2.o
         4          0          0          0          0          0   entry5.o
         0          0          0          0          0          0   entry7b.o
         0          0          0          0          0          0   entry8b.o
         8          4          0          0          0          0   entry9a.o
        12          6          0          4          0         68   errno.o
        30          0          0          0          0          0   handlers.o
        36          8          0          0          0         68   init.o
         0          0          0          0          0          0   iusefp.o
        30          0          0          0          0         68   llshl.o
        36          0          0          0          0         68   llsshr.o
        32          0          0          0          0         68   llushr.o
       188         20          0          0          0        160   malloc.o
        36          0          0          0          0         68   memcpya.o
         0          0          0          8          0          0   mvars.o
      2244         86          0          0          0        512   printfa.o
        44          0          0          0          0         80   uidiv.o
        98          0          0          0          0         92   uldiv.o
        48          0          0          0          0         68   cdrcmple.o
        20          0          0          0          0         68   cfcmple.o
        20          0          0          0          0         68   cfrcmple.o
        56          0          0          0          0         88   d2f.o
       334          0          0          0          0        148   dadd.o
       222          0          0          0          0        100   ddiv.o
       186          0          0          0          0        176   depilogue.o
        48          0          0          0          0         68   dfixul.o
        34          0          0          0          0         76   dflti.o
       228          0          0          0          0         96   dmul.o
        46          0          0          0          0         80   dscalb.o
       162          0          0          0          0        100   dsqrt.o
        38          0          0          0          0         68   f2d.o
       176          0          0          0          0        140   fadd.o
       124          0          0          0          0         88   fdiv.o
       110          0          0          0          0        168   fepilogue.o
        40          0          0          0          0         68   ffixui.o
        18          0          0          0          0         68   fflti.o
        24          0          0          0          0         68   fscalb.o

    ----------------------------------------------------------------------
      7588        328        144         12          0       3944   Library Totals
        12          0          0          0          0          0   (incl. Padding)

    ----------------------------------------------------------------------

      Code (inc. data)   RO Data    RW Data    ZI Data      Debug   Library Name

      2836        200        144          0          0        888   m_ws.l
      2806        128          0         12          0       1252   mc_w.l
      1934          0          0          0          0       1804   mf_w.l

    ----------------------------------------------------------------------
      7588        328        144         12          0       3944   Library Totals

    ----------------------------------------------------------------------

==============================================================================


      Code (inc. data)   RO Data    RW Data    ZI Data      Debug   

     25168       1200       5472        160       5272     398575   Grand Totals
     25168       1200       5472        160       5272     398575   ELF Image Totals
     25168       1200       5472        160          0          0   ROM Totals

==============================================================================

    Total RO  Size (Code + RO Data)                30640 (  29.92kB)
    Total RW  Size (RW Data + ZI Data)              5432 (   5.30kB)
    Total ROM Size (Code + RO Data + RW Data)      30800 (  30.08kB)

==============================================================================

