Component: ARM Compiler 5.05 update 1 (build 106) Tool: armlink [4d0efa]

==============================================================================

Section Cross References

    stm32f1xx_hal_pwr.o(i.HAL_PWR_EnterSTOPMode) refers to stm32f1xx_hal_pwr.o(i.PWR_OverloadWfe) for PWR_OverloadWfe
    stm32f1xx_hal_pwr.o(i.HAL_PWR_PVD_IRQHandler) refers to stm32f1xx_hal_pwr.o(i.HAL_PWR_PVDCallback) for HAL_PWR_PVDCallback
    stm32f1xx_hal.o(i.HAL_DeInit) refers to stm32f1xx_hal.o(i.HAL_MspDeInit) for HAL_MspDeInit
    stm32f1xx_hal.o(i.HAL_Delay) refers to stm32f1xx_hal.o(i.HAL_GetTick) for HAL_GetTick
    stm32f1xx_hal.o(i.HAL_GetTick) refers to stm32f1xx_hal.o(.data) for uwTick
    stm32f1xx_hal.o(i.HAL_IncTick) refers to stm32f1xx_hal.o(.data) for uwTick
    stm32f1xx_hal.o(i.HAL_Init) refers to stm32f1xx_hal_cortex.o(i.HAL_NVIC_SetPriorityGrouping) for HAL_NVIC_SetPriorityGrouping
    stm32f1xx_hal.o(i.HAL_Init) refers to stm32f1xx_hal.o(i.HAL_InitTick) for HAL_InitTick
    stm32f1xx_hal.o(i.HAL_Init) refers to stm32f1xx_hal_msp.o(i.HAL_MspInit) for HAL_MspInit
    stm32f1xx_hal.o(i.HAL_InitTick) refers to stm32f1xx_hal_rcc.o(i.HAL_RCC_GetHCLKFreq) for HAL_RCC_GetHCLKFreq
    stm32f1xx_hal.o(i.HAL_InitTick) refers to stm32f1xx_hal_cortex.o(i.HAL_SYSTICK_Config) for HAL_SYSTICK_Config
    stm32f1xx_hal.o(i.HAL_InitTick) refers to stm32f1xx_hal_cortex.o(i.HAL_NVIC_SetPriority) for HAL_NVIC_SetPriority
    stm32f1xx_ll_usb.o(i.USB_EPStartXfer) refers to stm32f1xx_ll_usb.o(i.USB_WritePMA) for USB_WritePMA
    stm32f1xx_hal_cortex.o(i.HAL_NVIC_GetPriorityGrouping) refers to stm32f1xx_hal_cortex.o(i.NVIC_GetPriorityGrouping) for NVIC_GetPriorityGrouping
    stm32f1xx_hal_cortex.o(i.HAL_NVIC_SetPriority) refers to stm32f1xx_hal_cortex.o(i.NVIC_GetPriorityGrouping) for NVIC_GetPriorityGrouping
    stm32f1xx_hal_cortex.o(i.HAL_NVIC_SetPriority) refers to stm32f1xx_hal_cortex.o(i.NVIC_SetPriority) for NVIC_SetPriority
    stm32f1xx_hal_cortex.o(i.HAL_SYSTICK_Config) refers to stm32f1xx_hal_cortex.o(i.NVIC_SetPriority) for NVIC_SetPriority
    stm32f1xx_hal_cortex.o(i.HAL_SYSTICK_IRQHandler) refers to stm32f1xx_hal_cortex.o(i.HAL_SYSTICK_Callback) for HAL_SYSTICK_Callback
    stm32f1xx_hal_rcc.o(i.HAL_RCC_ClockConfig) refers to stm32f1xx_hal.o(i.HAL_GetTick) for HAL_GetTick
    stm32f1xx_hal_rcc.o(i.HAL_RCC_ClockConfig) refers to stm32f1xx_hal.o(i.HAL_InitTick) for HAL_InitTick
    stm32f1xx_hal_rcc.o(i.HAL_RCC_GetHCLKFreq) refers to stm32f1xx_hal_rcc.o(i.HAL_RCC_GetSysClockFreq) for HAL_RCC_GetSysClockFreq
    stm32f1xx_hal_rcc.o(i.HAL_RCC_GetHCLKFreq) refers to stm32f1xx_hal_rcc.o(.constdata) for aAPBAHBPrescTable
    stm32f1xx_hal_rcc.o(i.HAL_RCC_GetHCLKFreq) refers to system_stm32f1xx.o(.data) for SystemCoreClock
    stm32f1xx_hal_rcc.o(i.HAL_RCC_GetPCLK1Freq) refers to stm32f1xx_hal_rcc.o(i.HAL_RCC_GetHCLKFreq) for HAL_RCC_GetHCLKFreq
    stm32f1xx_hal_rcc.o(i.HAL_RCC_GetPCLK1Freq) refers to stm32f1xx_hal_rcc.o(.constdata) for aAPBAHBPrescTable
    stm32f1xx_hal_rcc.o(i.HAL_RCC_GetPCLK2Freq) refers to stm32f1xx_hal_rcc.o(i.HAL_RCC_GetHCLKFreq) for HAL_RCC_GetHCLKFreq
    stm32f1xx_hal_rcc.o(i.HAL_RCC_GetPCLK2Freq) refers to stm32f1xx_hal_rcc.o(.constdata) for aAPBAHBPrescTable
    stm32f1xx_hal_rcc.o(i.HAL_RCC_MCOConfig) refers to stm32f1xx_hal_gpio.o(i.HAL_GPIO_Init) for HAL_GPIO_Init
    stm32f1xx_hal_rcc.o(i.HAL_RCC_NMI_IRQHandler) refers to stm32f1xx_hal_rcc.o(i.HAL_RCC_CSSCallback) for HAL_RCC_CSSCallback
    stm32f1xx_hal_rcc.o(i.HAL_RCC_OscConfig) refers to stm32f1xx_hal.o(i.HAL_GetTick) for HAL_GetTick
    stm32f1xx_hal_rcc.o(i.HAL_RCC_OscConfig) refers to stm32f1xx_hal.o(i.HAL_Delay) for HAL_Delay
    stm32f1xx_hal_flash_ex.o(i.FLASH_MassErase) refers to stm32f1xx_hal_flash.o(.bss) for pFlash
    stm32f1xx_hal_flash_ex.o(i.FLASH_OB_DisableWRP) refers to stm32f1xx_hal_flash_ex.o(i.FLASH_OB_GetWRP) for FLASH_OB_GetWRP
    stm32f1xx_hal_flash_ex.o(i.FLASH_OB_DisableWRP) refers to stm32f1xx_hal_flash.o(i.FLASH_WaitForLastOperation) for FLASH_WaitForLastOperation
    stm32f1xx_hal_flash_ex.o(i.FLASH_OB_DisableWRP) refers to stm32f1xx_hal_flash_ex.o(i.HAL_FLASHEx_OBErase) for HAL_FLASHEx_OBErase
    stm32f1xx_hal_flash_ex.o(i.FLASH_OB_DisableWRP) refers to stm32f1xx_hal_flash.o(.bss) for pFlash
    stm32f1xx_hal_flash_ex.o(i.FLASH_OB_EnableWRP) refers to stm32f1xx_hal_flash_ex.o(i.FLASH_OB_GetWRP) for FLASH_OB_GetWRP
    stm32f1xx_hal_flash_ex.o(i.FLASH_OB_EnableWRP) refers to stm32f1xx_hal_flash.o(i.FLASH_WaitForLastOperation) for FLASH_WaitForLastOperation
    stm32f1xx_hal_flash_ex.o(i.FLASH_OB_EnableWRP) refers to stm32f1xx_hal_flash_ex.o(i.HAL_FLASHEx_OBErase) for HAL_FLASHEx_OBErase
    stm32f1xx_hal_flash_ex.o(i.FLASH_OB_EnableWRP) refers to stm32f1xx_hal_flash.o(.bss) for pFlash
    stm32f1xx_hal_flash_ex.o(i.FLASH_OB_ProgramData) refers to stm32f1xx_hal_flash.o(i.FLASH_WaitForLastOperation) for FLASH_WaitForLastOperation
[...]
    i.I2Cdev_readByte                        0x08003bae   Section        0  i2cdev.o(i.I2Cdev_readByte)
    i.I2Cdev_readBytes                       0x08003bc8   Section        0  i2cdev.o(i.I2Cdev_readBytes)
    i.I2Cdev_writeByte                       0x08003c18   Section        0  i2cdev.o(i.I2Cdev_writeByte)
    i.I2Cdev_writeBytes                      0x08003c2c   Section        0  i2cdev.o(i.I2Cdev_writeBytes)
    i.Init_BMP085                            0x08003c7c   Section        0  init.o(i.Init_BMP085)
    i.Init_Variebles                         0x08003d50   Section        0  init.o(i.Init_Variebles)
    i.Init_offset                            0x08003dc4   Section        0  files.o(i.Init_offset)
    i.LCD_GPIO_Init                          0x08003dec   Section        0  lcd_driver.o(i.LCD_GPIO_Init)
    i.LCD_WriteData_16Bit                    0x08003e5c   Section        0  lcd_driver.o(i.LCD_WriteData_16Bit)
    i.LM75_Init                              0x08003e90   Section        0  lm75_hal.o(i.LM75_Init)
    i.LM75_Temperature                       0x08003f20   Section        0  lm75_hal.o(i.LM75_Temperature)
    i.LM75_Temperature_IN                    0x08003fa8   Section        0  lm75_hal.o(i.LM75_Temperature_IN)
    i.LM75_Temperature_OUT                   0x08004028   Section        0  lm75_hal.o(i.LM75_Temperature_OUT)
    i.Lcd_Clear                              0x080040a8   Section        0  lcd_driver.o(i.Lcd_Clear)
    i.Lcd_Init                               0x080040da   Section        0  lcd_driver.o(i.Lcd_Init)
    i.Lcd_Reset                              0x080042fc   Section        0  lcd_driver.o(i.Lcd_Reset)
    i.Lcd_SetRegion                          0x08004324   Section        0  lcd_driver.o(i.Lcd_SetRegion)
    i.Lcd_WriteData                          0x0800437c   Section        0  lcd_driver.o(i.Lcd_WriteData)
    i.Lcd_WriteIndex                         0x080043a8   Section        0  lcd_driver.o(i.Lcd_WriteIndex)
    i.MX_GPIO_Init                           0x080043d4   Section        0  init.o(i.MX_GPIO_Init)
    i.NVIC_GetPriorityGrouping               0x080044c4   Section        0  stm32f1xx_hal_cortex.o(i.NVIC_GetPriorityGrouping)
    NVIC_GetPriorityGrouping                 0x080044c5   Thumb Code    10  stm32f1xx_hal_cortex.o(i.NVIC_GetPriorityGrouping)
    i.NVIC_SetPriority                       0x080044d4   Section        0  stm32f1xx_hal_cortex.o(i.NVIC_SetPriority)
    NVIC_SetPriority                         0x080044d5   Thumb Code    32  stm32f1xx_hal_cortex.o(i.NVIC_SetPriority)
    i.PutStringRus                           0x080044fc   Section        0  my_font.o(i.PutStringRus)
    i.PutStringRus11                         0x0800461c   Section        0  my_font.o(i.PutStringRus11)
    i.RTC_Alarm_IRQHandler                   0x0800473c   Section        0  stm32f1xx_it.o(i.RTC_Alarm_IRQHandler)
    i.RTC_ByteToBcd2                         0x0800474c   Section        0  stm32f1xx_hal_rtc.o(i.RTC_ByteToBcd2)
    RTC_ByteToBcd2                           0x0800474d   Thumb Code    26  stm32f1xx_hal_rtc.o(i.RTC_ByteToBcd2)
    i.RTC_DateUpdate                         0x08004766   Section        0  stm32f1xx_hal_rtc.o(i.RTC_DateUpdate)
    RTC_DateUpdate                           0x08004767   Thumb Code   182  stm32f1xx_hal_rtc.o(i.RTC_DateUpdate)
    i.RTC_EnterInitMode                      0x0800481c   Section        0  stm32f1xx_hal_rtc.o(i.RTC_EnterInitMode)
    RTC_EnterInitMode                        0x0800481d   Thumb Code    58  stm32f1xx_hal_rtc.o(i.RTC_EnterInitMode)
    i.RTC_ExitInitMode                       0x08004856   Section        0  stm32f1xx_hal_rtc.o(i.RTC_ExitInitMode)
    RTC_ExitInitMode                         0x08004857   Thumb Code    58  stm32f1xx_hal_rtc.o(i.RTC_ExitInitMode)
    i.RTC_IRQHandler                         0x08004890   Section        0  stm32f1xx_it.o(i.RTC_IRQHandler)
    i.RTC_Init                               0x080048cc   Section        0  init.o(i.RTC_Init)
    i.RTC_IsLeapYear                         0x080049a8   Section        0  stm32f1xx_hal_rtc.o(i.RTC_IsLeapYear)
    RTC_IsLeapYear                           0x080049a9   Thumb Code    58  stm32f1xx_hal_rtc.o(i.RTC_IsLeapYear)
    i.RTC_ReadTimeCounter                    0x080049e2   Section        0  stm32f1xx_hal_rtc.o(i.RTC_ReadTimeCounter)
    RTC_ReadTimeCounter                      0x080049e3   Thumb Code    52  stm32f1xx_hal_rtc.o(i.RTC_ReadTimeCounter)
    i.RTC_WeekDayNum                         0x08004a16   Section        0  stm32f1xx_hal_rtc.o(i.RTC_WeekDayNum)
    RTC_WeekDayNum                           0x08004a17   Thumb Code   132  stm32f1xx_hal_rtc.o(i.RTC_WeekDayNum)
    i.ReadTimeCounter                        0x08004a9a   Section        0  main.o(i.ReadTimeCounter)
    i.SPI_ISCRCErrorValid                    0x08004ace   Section        0  stm32f1xx_hal_spi.o(i.SPI_ISCRCErrorValid)
    i.SPI_WaitOnFlagUntilTimeout             0x08004ad4   Section        0  stm32f1xx_hal_spi.o(i.SPI_WaitOnFlagUntilTimeout)
    SPI_WaitOnFlagUntilTimeout               0x08004ad5   Thumb Code   276  stm32f1xx_hal_spi.o(i.SPI_WaitOnFlagUntilTimeout)
    i.SPI_WriteData                          0x08004be8   Section        0  lcd_driver.o(i.SPI_WriteData)
    i.Sensor_test                            0x08004c28   Section        0  hello_screen.o(i.Sensor_test)
    i.SysTick_Handler                        0x08004f3c   Section        0  stm32f1xx_it.o(i.SysTick_Handler)
    i.SystemClock_Config                     0x08004f90   Section        0  init.o(i.SystemClock_Config)
    i.SystemInit                             0x08005014   Section        0  system_stm32f1xx.o(i.SystemInit)
    i.System_Status_Checked                  0x0800506c   Section        0  hello_screen.o(i.System_Status_Checked)
    i.System_Status_Update_Screen            0x080050fc   Section        0  hello_screen.o(i.System_Status_Update_Screen)
    i.Take_new_Messure                       0x080051a0   Section        0  main.o(i.Take_new_Messure)
    i.USB_LP_CAN1_RX0_IRQHandler             0x08005204   Section        0  stm32f1xx_it.o(i.USB_LP_CAN1_RX0_IRQHandler)
    i.Write_file                             0x08005208   Section        0  files.o(i.Write_file)
    i.__0sprintf                             0x080055a4   Section        0  printfa.o(i.__0sprintf)
    i.__scatterload_copy                     0x080055cc   Section       14  handlers.o(i.__scatterload_copy)
    i.__scatterload_null                     0x080055da   Section        2  handlers.o(i.__scatterload_null)
    i.__scatterload_zeroinit                 0x080055dc   Section       14  handlers.o(i.__scatterload_zeroinit)
    i._fp_digits                             0x080055ec   Section        0  printfa.o(i._fp_digits)
    _fp_digits                               0x080055ed   Thumb Code   334  printfa.o(i._fp_digits)
    i._printf_core                           0x08005750   Section        0  printfa.o(i._printf_core)
    _printf_core                             0x08005751   Thumb Code  1744  printfa.o(i._printf_core)
    i._printf_post_padding                   0x08005e2c   Section        0  printfa.o(i._printf_post_padding)
    _printf_post_padding                     0x08005e2d   Thumb Code    36  printfa.o(i._printf_post_padding)
    i._printf_pre_padding                    0x08005e50   Section        0  printfa.o(i._printf_pre_padding)
    _printf_pre_padding                      0x08005e51   Thumb Code    46  printfa.o(i._printf_pre_padding)
    i._sputc                                 0x08005e7e   Section        0  printfa.o(i._sputc)
    _sputc                                   0x08005e7f   Thumb Code    10  printfa.o(i._sputc)
    i.card_power                             0x08005e88   Section        0  sd_spi_stm32.o(i.card_power)
    card_power                               0x08005e89   Thumb Code     4  sd_spi_stm32.o(i.card_power)
    i.check_fs                               0x08005e8c   Section        0  ff.o(i.check_fs)
    check_fs                                 0x08005e8d   Thumb Code   116  ff.o(i.check_fs)
    i.chk_chr                                0x08005f08   Section        0  ff.o(i.chk_chr)
    chk_chr                                  0x08005f09   Thumb Code    20  ff.o(i.chk_chr)
    i.chk_power                              0x08005f1c   Section        0  sd_spi_stm32.o(i.chk_power)
    chk_power                                0x08005f1d   Thumb Code     4  sd_spi_stm32.o(i.chk_power)
    i.clust2sect                             0x08005f20   Section        0  ff.o(i.clust2sect)
    clust2sect                               0x08005f21   Thumb Code    26  ff.o(i.clust2sect)
    i.cmp_lfn                                0x08005f3c   Section        0  ff.o(i.cmp_lfn)
    cmp_lfn                                  0x08005f3d   Thumb Code   148  ff.o(i.cmp_lfn)
    i.create_chain                           0x08005fd4   Section        0  ff.o(i.create_chain)
    create_chain                             0x08005fd5   Thumb Code   222  ff.o(i.create_chain)
    i.create_name                            0x080060b4   Section        0  ff.o(i.create_name)
    create_name                              0x080060b5   Thumb Code   534  ff.o(i.create_name)
    i.delay_ms                               0x080062e4   Section        0  main.o(i.delay_ms)
    i.dir_alloc                              0x080062f0   Section        0  ff.o(i.dir_alloc)
    dir_alloc                                0x080062f1   Thumb Code    96  ff.o(i.dir_alloc)
    i.dir_find                               0x08006350   Section        0  ff.o(i.dir_find)
    dir_find                                 0x08006351   Thumb Code   252  ff.o(i.dir_find)
    i.dir_next                               0x0800644c   Section        0  ff.o(i.dir_next)
    dir_next                                 0x0800644d   Thumb Code   268  ff.o(i.dir_next)
    i.dir_register                           0x08006558   Section        0  ff.o(i.dir_register)
    dir_register                             0x08006559   Thumb Code   322  ff.o(i.dir_register)
    i.dir_sdi                                0x0800669a   Section        0  ff.o(i.dir_sdi)
    dir_sdi                                  0x0800669b   Thumb Code   154  ff.o(i.dir_sdi)
    i.disk_initialize                        0x08006734   Section        0  sd_spi_stm32.o(i.disk_initialize)
    i.disk_ioctl                             0x08006874   Section        0  sd_spi_stm32.o(i.disk_ioctl)
    i.disk_read                              0x08006ae8   Section        0  sd_spi_stm32.o(i.disk_read)
    i.disk_status                            0x08006b78   Section        0  sd_spi_stm32.o(i.disk_status)
    i.disk_timerproc                         0x08006b8c   Section        0  sd_spi_stm32.o(i.disk_timerproc)
    i.disk_write                             0x08006c08   Section        0  sd_spi_stm32.o(i.disk_write)
    i.f_close                                0x08006cbc   Section        0  ff.o(i.f_close)
    i.f_expand                               0x08006cde   Section        0  ff.o(i.f_expand)
    i.f_gets                                 0x08006e2c   Section        0  ff.o(i.f_gets)
    i.f_lseek                                0x08006e7e   Section        0  ff.o(i.f_lseek)
    i.f_mount                                0x08007004   Section        0  ff.o(i.f_mount)
    i.f_open                                 0x08007060   Section        0  ff.o(i.f_open)
    i.f_putc                                 0x0800724e   Section        0  ff.o(i.f_putc)
    i.f_puts                                 0x08007270   Section        0  ff.o(i.f_puts)
    i.f_read                                 0x0800729c   Section        0  ff.o(i.f_read)
    i.f_sync                                 0x08007438   Section        0  ff.o(i.f_sync)
    i.f_write                                0x080074d8   Section        0  ff.o(i.f_write)
    i.ff_convert                             0x080076b8   Section        0  unicode.o(i.ff_convert)
    i.ff_wtoupper                            0x08007704   Section        0  unicode.o(i.ff_wtoupper)
    i.find_volume                            0x080077a8   Section        0  ff.o(i.find_volume)
    find_volume                              0x080077a9   Thumb Code   748  ff.o(i.find_volume)
    i.follow_path                            0x08007aa8   Section        0  ff.o(i.follow_path)
    follow_path                              0x08007aa9   Thumb Code   162  ff.o(i.follow_path)
    i.free                                   0x08007b4c   Section        0  malloc.o(i.free)
    i.gen_numname                            0x08007b9c   Section        0  ff.o(i.gen_numname)
    gen_numname                              0x08007b9d   Thumb Code   176  ff.o(i.gen_numname)
    i.get_fat                                0x08007c50   Section        0  ff.o(i.get_fat)
    get_fat                                  0x08007c51   Thumb Code   224  ff.o(i.get_fat)
    i.get_fattime                            0x08007d30   Section        0  fattime.o(i.get_fattime)
    i.get_ldnumber                           0x08007d80   Section        0  ff.o(i.get_ldnumber)
    get_ldnumber                             0x08007d81   Thumb Code    72  ff.o(i.get_ldnumber)
    i.interface_speed                        0x08007dc8   Section        0  sd_spi_stm32.o(i.interface_speed)
    interface_speed                          0x08007dc9   Thumb Code    28  sd_spi_stm32.o(i.interface_speed)
    i.ld_clust                               0x08007de8   Section        0  ff.o(i.ld_clust)
    ld_clust                                 0x08007de9   Thumb Code    38  ff.o(i.ld_clust)
    i.ld_dword                               0x08007e0e   Section        0  ff.o(i.ld_dword)
    ld_dword                                 0x08007e0f   Thumb Code    24  ff.o(i.ld_dword)
    i.ld_word                                0x08007e26   Section        0  ff.o(i.ld_word)
    ld_word                                  0x08007e27   Thumb Code    12  ff.o(i.ld_word)
    i.main                                   0x08007e34   Section        0  main.o(i.main)
    i.malloc                                 0x080082e0   Section        0  malloc.o(i.malloc)
    i.mem_cmp                                0x0800834c   Section        0  ff.o(i.mem_cmp)
    mem_cmp                                  0x0800834d   Thumb Code    36  ff.o(i.mem_cmp)
    i.mem_cpy                                0x08008370   Section        0  ff.o(i.mem_cpy)
    mem_cpy                                  0x08008371   Thumb Code    26  ff.o(i.mem_cpy)
    i.mem_set                                0x0800838a   Section        0  ff.o(i.mem_set)
    mem_set                                  0x0800838b   Thumb Code    18  ff.o(i.mem_set)
    i.move_window                            0x0800839c   Section        0  ff.o(i.move_window)
    move_window                              0x0800839d   Thumb Code    52  ff.o(i.move_window)
    i.power_off                              0x080083d0   Section        0  sd_spi_stm32.o(i.power_off)
    power_off                                0x080083d1   Thumb Code    50  sd_spi_stm32.o(i.power_off)
    i.power_on                               0x0800840c   Section        0  sd_spi_stm32.o(i.power_on)
    power_on                                 0x0800840d   Thumb Code   274  sd_spi_stm32.o(i.power_on)
    i.put_fat                                0x08008534   Section        0  ff.o(i.put_fat)
    put_fat                                  0x08008535   Thumb Code   312  ff.o(i.put_fat)
    i.put_lfn                                0x0800866c   Section        0  ff.o(i.put_lfn)
    put_lfn                                  0x0800866d   Thumb Code   124  ff.o(i.put_lfn)
    i.putc_bfd                               0x080086ec   Section        0  ff.o(i.putc_bfd)
    putc_bfd                                 0x080086ed   Thumb Code    68  ff.o(i.putc_bfd)
    i.putc_flush                             0x08008730   Section        0  ff.o(i.putc_flush)
    putc_flush                               0x08008731   Thumb Code    44  ff.o(i.putc_flush)
    i.putc_init                              0x0800875c   Section        0  ff.o(i.putc_init)
    putc_init                                0x0800875d   Thumb Code    10  ff.o(i.putc_init)
    i.rcvr_datablock                         0x08008768   Section        0  sd_spi_stm32.o(i.rcvr_datablock)
    rcvr_datablock                           0x08008769   Thumb Code   100  sd_spi_stm32.o(i.rcvr_datablock)
    i.rcvr_spi                               0x080087d0   Section        0  sd_spi_stm32.o(i.rcvr_spi)
    rcvr_spi                                 0x080087d1   Thumb Code    10  sd_spi_stm32.o(i.rcvr_spi)
    i.release_spi                            0x080087dc   Section        0  sd_spi_stm32.o(i.release_spi)
    release_spi                              0x080087dd   Thumb Code    18  sd_spi_stm32.o(i.release_spi)
    i.remove_chain                           0x080087f4   Section        0  ff.o(i.remove_chain)
    remove_chain                             0x080087f5   Thumb Code   154  ff.o(i.remove_chain)
    i.send_cmd                               0x08008890   Section        0  sd_spi_stm32.o(i.send_cmd)
    send_cmd                                 0x08008891   Thumb Code   160  sd_spi_stm32.o(i.send_cmd)
    i.socket_cp_init                         0x08008934   Section        0  sd_spi_stm32.o(i.socket_cp_init)
    socket_cp_init                           0x08008935   Thumb Code     2  sd_spi_stm32.o(i.socket_cp_init)
    i.socket_wp_init                         0x08008936   Section        0  sd_spi_stm32.o(i.socket_wp_init)
    socket_wp_init                           0x08008937   Thumb Code     2  sd_spi_stm32.o(i.socket_wp_init)
    i.st_clust                               0x08008938   Section        0  ff.o(i.st_clust)
    st_clust                                 0x08008939   Thumb Code    36  ff.o(i.st_clust)
    i.st_dword                               0x0800895c   Section        0  ff.o(i.st_dword)
    st_dword                                 0x0800895d   Thumb Code    24  ff.o(i.st_dword)
    i.st_word                                0x08008974   Section        0  ff.o(i.st_word)
    st_word                                  0x08008975   Thumb Code    12  ff.o(i.st_word)
    i.stm32_spi_rw                           0x08008980   Section        0  sd_spi_stm32.o(i.stm32_spi_rw)
    stm32_spi_rw                             0x08008981   Thumb Code    26  sd_spi_stm32.o(i.stm32_spi_rw)
    i.sum_sfn                                0x080089a0   Section        0  ff.o(i.sum_sfn)
    sum_sfn                                  0x080089a1   Thumb Code    32  ff.o(i.sum_sfn)
    i.sync_fs                                0x080089c0   Section        0  ff.o(i.sync_fs)
    sync_fs                                  0x080089c1   Thumb Code   134  ff.o(i.sync_fs)
    i.sync_window                            0x08008a50   Section        0  ff.o(i.sync_window)
    sync_window                              0x08008a51   Thumb Code    82  ff.o(i.sync_window)
    i.validate                               0x08008aa2   Section        0  ff.o(i.validate)
    validate                                 0x08008aa3   Thumb Code    60  ff.o(i.validate)
    i.wait_ready                             0x08008ae0   Section        0  sd_spi_stm32.o(i.wait_ready)
    wait_ready                               0x08008ae1   Thumb Code    36  sd_spi_stm32.o(i.wait_ready)
    i.xmit_datablock                         0x08008b08   Section        0  sd_spi_stm32.o(i.xmit_datablock)
    xmit_datablock                           0x08008b09   Thumb Code    94  sd_spi_stm32.o(i.xmit_datablock)
    .constdata                               0x08008b66   Section       16  stm32f1xx_hal_rcc.o(.constdata)
    .constdata                               0x08008b76   Section      141  ff.o(.constdata)
    ExCvt                                    0x08008b76   Data         128  ff.o(.constdata)
    LfnOfs                                   0x08008bf6   Data          13  ff.o(.constdata)
    .constdata                               0x08008c04   Section      942  unicode.o(.constdata)
    Tbl                                      0x08008c04   Data         256  unicode.o(.constdata)
    cvt1                                     0x08008d04   Data         498  unicode.o(.constdata)
    cvt2                                     0x08008ef6   Data         188  unicode.o(.constdata)
    .constdata                               0x08008fb2   Section     7536  my_font.o(.constdata)
    .constdata                               0x0800ad22   Section       12  localtime.o(.constdata)
    monlen                                   0x0800ad22   Data          12  localtime.o(.constdata)
    .data                                    0x20000000   Section        4  stm32f1xx_hal.o(.data)
    uwTick                                   0x20000000   Data           4  stm32f1xx_hal.o(.data)
    .data                                    0x20000004   Section        6  ff.o(.data)
    FatFs                                    0x20000004   Data           4  ff.o(.data)
    Fsid                                     0x20000008   Data           2  ff.o(.data)
    .data                                    0x2000000c   Section       20  sd_spi_stm32.o(.data)
    Stat                                     0x2000000c   Data           1  sd_spi_stm32.o(.data)
    Timer1                                   0x20000010   Data           4  sd_spi_stm32.o(.data)
    Timer2                                   0x20000014   Data           4  sd_spi_stm32.o(.data)
    CardType                                 0x20000018   Data           1  sd_spi_stm32.o(.data)
    pv                                       0x2000001c   Data           4  sd_spi_stm32.o(.data)
    .data                                    0x20000020   Section       33  bmp085.o(.data)
    devAddr                                  0x20000020   Data           1  bmp085.o(.data)
    buffer                                   0x20000021   Data           3  bmp085.o(.data)
    calibrationLoaded                        0x20000024   Data           1  bmp085.o(.data)
    ac1                                      0x20000026   Data           2  bmp085.o(.data)
    ac2                                      0x20000028   Data           2  bmp085.o(.data)
    ac3                                      0x2000002a   Data           2  bmp085.o(.data)
    b1                                       0x2000002c   Data           2  bmp085.o(.data)
    b2                                       0x2000002e   Data           2  bmp085.o(.data)
    mb                                       0x20000030   Data           2  bmp085.o(.data)
    mc                                       0x20000032   Data           2  bmp085.o(.data)
    md                                       0x20000034   Data           2  bmp085.o(.data)
    ac4                                      0x20000036   Data           2  bmp085.o(.data)
    ac5                                      0x20000038   Data           2  bmp085.o(.data)
    ac6                                      0x2000003a   Data           2  bmp085.o(.data)
    b5                                       0x2000003c   Data           4  bmp085.o(.data)
    measureMode                              0x20000040   Data           1  bmp085.o(.data)
    .data                                    0x20000044   Section        6  i2cdev.o(.data)
    .data                                    0x2000004a   Section        7  stm32f1xx_it.o(.data)
    .data                                    0x20000054   Section       52  main.o(.data)
    .data                                    0x20000088   Section       24  my_font.o(.data)
    .data                                    0x200000a0   Section        7  init.o(.data)
    .data                                    0x200000a8   Section       24  buttoms.o(.data)
    .data                                    0x200000c0   Section       12  files.o(.data)
    .data                                    0x200000cc   Section        4  system_stm32f1xx.o(.data)
    .data                                    0x200000d0   Section        4  mvars.o(.data)
    .data                                    0x200000d4   Section        4  mvars.o(.data)
    .bss                                     0x200000d8   Section      512  ff.o(.bss)
    LfnBuf                                   0x200000d8   Data         512  ff.o(.bss)
    .bss                                     0x200002d8   Section       88  sd_spi_stm32.o(.bss)
    .bss                                     0x20000330   Section       60  lm75_hal.o(.bss)
    .bss                                     0x2000036c   Section     9776  main.o(.bss)
    .bss                                     0x2000299c   Section       80  init.o(.bss)
    .bss                                     0x200029ec   Section       60  hello_screen.o(.bss)
    .bss                                     0x20002a28   Section     1216  files.o(.bss)
    .bss                                     0x20002ee8   Section       44  localtime.o(.bss)
    _tms                                     0x20002ee8   Data          44  localtime.o(.bss)
    HEAP                                     0x20002f18   Section      512  startup_stm32f103xb.o(HEAP)
    STACK                                    0x20003118   Section     1024  startup_stm32f103xb.o(STACK)

    Global Symbols

    Symbol Name                              Value     Ov Type        Size  Object(Section)

    BuildAttributes$$THM_ISAv4$P$D$K$B$S$PE$A:L22UL41UL21$X:L11$S22US41US21$IEEE1$IW$USESV6$~STKCKD$USESV7$~SHL$OTIME$ROPI$IEEEX$EBA8$MICROLIB$REQ8$PRES8$EABIv2 0x00000000   Number         0  anon$$obj.o ABSOLUTE
    __ARM_use_no_argv                        0x00000000   Number         0  main.o ABSOLUTE
    _printf_a                                0x00000000   Number         0  stubs.o ABSOLUTE
    _printf_c                                0x00000000   Number         0  stubs.o ABSOLUTE
    _printf_charcount                        0x00000000   Number         0  stubs.o ABSOLUTE
    _printf_d                                0x00000000   Number         0  stubs.o ABSOLUTE
    _printf_e                                0x00000000   Number         0  stubs.o ABSOLUTE
    _printf_f                                0x00000000   Number         0  stubs.o ABSOLUTE
    _printf_flags                            0x00000000   Number         0  stubs.o ABSOLUTE
    _printf_fp_dec                           0x00000000   Number         0  stubs.o ABSOLUTE
    _printf_fp_hex                           0x00000000   Number         0  stubs.o ABSOLUTE
    _printf_g                                0x00000000   Number         0  stubs.o ABSOLUTE
    _printf_i                                0x00000000   Number         0  stubs.o ABSOLUTE
    _printf_int_dec                          0x00000000   Number         0  stubs.o ABSOLUTE
    _printf_l                                0x00000000   Number         0  stubs.o ABSOLUTE
    _printf_lc                               0x00000000   Number         0  stubs.o ABSOLUTE
    _printf_ll                               0x00000000   Number         0  stubs.o ABSOLUTE
    _printf_lld                              0x00000000   Number         0  stubs.o ABSOLUTE
    _printf_lli                              0x00000000   Number         0  stubs.o ABSOLUTE
    _printf_llo                              0x00000000   Number         0  stubs.o ABSOLUTE
    _printf_llu                              0x00000000   Number         0  stubs.o ABSOLUTE
    _printf_llx                              0x00000000   Number         0  stubs.o ABSOLUTE
    _printf_longlong_dec                     0x00000000   Number         0  stubs.o ABSOLUTE
    _printf_longlong_hex                     0x00000000   Number         0  stubs.o ABSOLUTE
    _printf_longlong_oct                     0x00000000   Number         0  stubs.o ABSOLUTE
    _printf_ls                               0x00000000   Number         0  stubs.o ABSOLUTE
    _printf_mbtowc                           0x00000000   Number         0  stubs.o ABSOLUTE
    _printf_n                                0x00000000   Number         0  stubs.o ABSOLUTE
    _printf_o                                0x00000000   Number         0  stubs.o ABSOLUTE
    _printf_p                                0x00000000   Number         0  stubs.o ABSOLUTE
    _printf_percent                          0x00000000   Number         0  stubs.o ABSOLUTE
    _printf_pre_padding                      0x00000000   Number         0  stubs.o ABSOLUTE
    _printf_return_value                     0x00000000   Number         0  stubs.o ABSOLUTE
    _printf_s                                0x00000000   Number         0  stubs.o ABSOLUTE
    _printf_sizespec                         0x00000000   Number         0  stubs.o ABSOLUTE
    _printf_str                              0x00000000   Number         0  stubs.o ABSOLUTE
    _printf_truncate_signed                  0x00000000   Number         0  stubs.o ABSOLUTE
    _printf_truncate_unsigned                0x00000000   Number         0  stubs.o ABSOLUTE
    _printf_u                                0x00000000   Number         0  stubs.o ABSOLUTE
    _printf_wc                               0x00000000   Number         0  stubs.o ABSOLUTE
    _printf_wctomb                           0x00000000   Number         0  stubs.o ABSOLUTE
    _printf_widthprec                        0x00000000   Number         0  stubs.o ABSOLUTE
    _printf_x                                0x00000000   Number         0  stubs.o ABSOLUTE
    __cpp_initialize__aeabi_                  - Undefined Weak Reference
    __cxa_finalize                            - Undefined Weak Reference
    __decompress                              - Undefined Weak Reference
    _clock_init                               - Undefined Weak Reference
    _microlib_exit                            - Undefined Weak Reference
    __Vectors_Size                           0x000000ec   Number         0  startup_stm32f103xb.o ABSOLUTE
    __Vectors                                0x08000000   Data           4  startup_stm32f103xb.o(RESET)
    __Vectors_End                            0x080000ec   Data           0  startup_stm32f103xb.o(RESET)
    __main                                   0x080000ed   Thumb Code     0  entry.o(.ARM.Collect$$$$00000000)
    _main_stk                                0x080000ed   Thumb Code     0  entry2.o(.ARM.Collect$$$$00000001)
    _main_scatterload                        0x080000f1   Thumb Code     0  entry5.o(.ARM.Collect$$$$00000004)
    __main_after_scatterload                 0x080000f5   Thumb Code     0  entry5.o(.ARM.Collect$$$$00000004)
    _main_clock                              0x080000f5   Thumb Code     0  entry7b.o(.ARM.Collect$$$$00000008)
    _main_cpp_init                           0x080000f5   Thumb Code     0  entry8b.o(.ARM.Collect$$$$0000000A)
    _main_init                               0x080000f5   Thumb Code     0  entry9a.o(.ARM.Collect$$$$0000000B)
    __rt_final_cpp                           0x080000fd   Thumb Code     0  entry10a.o(.ARM.Collect$$$$0000000D)
    __rt_final_exit                          0x080000fd   Thumb Code     0  entry11a.o(.ARM.Collect$$$$0000000F)
    Reset_Handler                            0x08000101   Thumb Code     8  startup_stm32f103xb.o(.text)
    NMI_Handler                              0x08000109   Thumb Code     2  startup_stm32f103xb.o(.text)
    HardFault_Handler                        0x0800010b   Thumb Code     2  startup_stm32f103xb.o(.text)
    MemManage_Handler                        0x0800010d   Thumb Code     2  startup_stm32f103xb.o(.text)
    BusFault_Handler                         0x0800010f   Thumb Code     2  startup_stm32f103xb.o(.text)
    UsageFault_Handler                       0x08000111   Thumb Code     2  startup_stm32f103xb.o(.text)
    SVC_Handler                              0x08000113   Thumb Code     2  startup_stm32f103xb.o(.text)
    DebugMon_Handler                         0x08000115   Thumb Code     2  startup_stm32f103xb.o(.text)
    PendSV_Handler                           0x08000117   Thumb Code     2  startup_stm32f103xb.o(.text)
    ADC1_2_IRQHandler                        0x0800011b   Thumb Code     0  startup_stm32f103xb.o(.text)
    CAN1_RX1_IRQHandler                      0x0800011b   Thumb Code     0  startup_stm32f103xb.o(.text)
    CAN1_SCE_IRQHandler                      0x0800011b   Thumb Code     0  startup_stm32f103xb.o(.text)
    DMA1_Channel1_IRQHandler                 0x0800011b   Thumb Code     0  startup_stm32f103xb.o(.text)
    DMA1_Channel2_IRQHandler                 0x0800011b   Thumb Code     0  startup_stm32f103xb.o(.text)
    DMA1_Channel3_IRQHandler                 0x0800011b   Thumb Code     0  startup_stm32f103xb.o(.text)
    DMA1_Channel4_IRQHandler                 0x0800011b   Thumb Code     0  startup_stm32f103xb.o(.text)
    DMA1_Channel5_IRQHandler                 0x0800011b   Thumb Code     0  startup_stm32f103xb.o(.text)
    DMA1_Channel6_IRQHandler                 0x0800011b   Thumb Code     0  startup_stm32f103xb.o(.text)
    DMA1_Channel7_IRQHandler                 0x0800011b   Thumb Code     0  startup_stm32f103xb.o(.text)
    EXTI0_IRQHandler                         0x0800011b   Thumb Code     0  startup_stm32f103xb.o(.text)
    EXTI15_10_IRQHandler                     0x0800011b   Thumb Code     0  startup_stm32f103xb.o(.text)
    EXTI4_IRQHandler                         0x0800011b   Thumb Code     0  startup_stm32f103xb.o(.text)
    EXTI9_5_IRQHandler                       0x0800011b   Thumb Code     0  startup_stm32f103xb.o(.text)
    FLASH_IRQHandler                         0x0800011b   Thumb Code     0  startup_stm32f103xb.o(.text)
    I2C1_ER_IRQHandler                       0x0800011b   Thumb Code     0  startup_stm32f103xb.o(.text)
    I2C1_EV_IRQHandler                       0x0800011b   Thumb Code     0  startup_stm32f103xb.o(.text)
    I2C2_ER_IRQHandler                       0x0800011b   Thumb Code     0  startup_stm32f103xb.o(.text)
    I2C2_EV_IRQHandler                       0x0800011b   Thumb Code     0  startup_stm32f103xb.o(.text)
    PVD_IRQHandler                           0x0800011b   Thumb Code     0  startup_stm32f103xb.o(.text)
    RCC_IRQHandler                           0x0800011b   Thumb Code     0  startup_stm32f103xb.o(.text)
    SPI1_IRQHandler                          0x0800011b   Thumb Code     0  startup_stm32f103xb.o(.text)
    SPI2_IRQHandler                          0x0800011b   Thumb Code     0  startup_stm32f103xb.o(.text)
    TAMPER_IRQHandler                        0x0800011b   Thumb Code     0  startup_stm32f103xb.o(.text)
    TIM1_BRK_IRQHandler                      0x0800011b   Thumb Code     0  startup_stm32f103xb.o(.text)
    TIM1_CC_IRQHandler                       0x0800011b   Thumb Code     0  startup_stm32f103xb.o(.text)
    TIM1_TRG_COM_IRQHandler                  0x0800011b   Thumb Code     0  startup_stm32f103xb.o(.text)
    TIM1_UP_IRQHandler                       0x0800011b   Thumb Code     0  startup_stm32f103xb.o(.text)
    TIM2_IRQHandler                          0x0800011b   Thumb Code     0  startup_stm32f103xb.o(.text)
    TIM3_IRQHandler                          0x0800011b   Thumb Code     0  startup_stm32f103xb.o(.text)
    TIM4_IRQHandler                          0x0800011b   Thumb Code     0  startup_stm32f103xb.o(.text)
    USART1_IRQHandler                        0x0800011b   Thumb Code     0  startup_stm32f103xb.o(.text)
    USART2_IRQHandler                        0x0800011b   Thumb Code     0  startup_stm32f103xb.o(.text)
    USART3_IRQHandler                        0x0800011b   Thumb Code     0  startup_stm32f103xb.o(.text)
    USBWakeUp_IRQHandler                     0x0800011b   Thumb Code     0  startup_stm32f103xb.o(.text)
    USB_HP_CAN1_TX_IRQHandler                0x0800011b   Thumb Code     0  startup_stm32f103xb.o(.text)
    WWDG_IRQHandler                          0x0800011b   Thumb Code     0  startup_stm32f103xb.o(.text)
    __aeabi_llsr                             0x08000125   Thumb Code    32  llushr.o(.text)
    _ll_ushift_r                             0x08000125   Thumb Code     0  llushr.o(.text)
    localtime                                0x08000145   Thumb Code   138  localtime.o(.text)
    __aeabi_memcpy                           0x080001d9   Thumb Code    36  memcpya.o(.text)
    __aeabi_memcpy4                          0x080001d9   Thumb Code     0  memcpya.o(.text)
    __aeabi_memcpy8                          0x080001d9   Thumb Code     0  memcpya.o(.text)
    __aeabi_fadd                             0x080001fd   Thumb Code   164  fadd.o(.text)
    __aeabi_fsub                             0x080002a1   Thumb Code     6  fadd.o(.text)
    __aeabi_frsub                            0x080002a7   Thumb Code     6  fadd.o(.text)
    __aeabi_fdiv                             0x080002ad   Thumb Code   124  fdiv.o(.text)
    __aeabi_dadd                             0x08000329   Thumb Code   322  dadd.o(.text)
    __aeabi_dsub                             0x0800046b   Thumb Code     6  dadd.o(.text)
    __aeabi_drsub                            0x08000471   Thumb Code     6  dadd.o(.text)
    __aeabi_dmul                             0x08000477   Thumb Code   228  dmul.o(.text)
    __aeabi_i2f                              0x0800055b   Thumb Code    18  fflti.o(.text)
    __aeabi_f2d                              0x0800056d   Thumb Code    38  f2d.o(.text)
    __aeabi_uidiv                            0x08000593   Thumb Code     0  uidiv.o(.text)
    __aeabi_uidivmod                         0x08000593   Thumb Code    44  uidiv.o(.text)
    __aeabi_uldivmod                         0x080005bf   Thumb Code    98  uldiv.o(.text)
    __aeabi_llsl                             0x08000621   Thumb Code    30  llshl.o(.text)
    _ll_shift_l                              0x08000621   Thumb Code     0  llshl.o(.text)
    __aeabi_lasr                             0x0800063f   Thumb Code    36  llsshr.o(.text)
    _ll_sshift_r                             0x0800063f   Thumb Code     0  llsshr.o(.text)
    __I$use$fp                               0x08000663   Thumb Code     0  iusefp.o(.text)
    _float_round                             0x08000663   Thumb Code    18  fepilogue.o(.text)
    _float_epilogue                          0x08000675   Thumb Code    92  fepilogue.o(.text)
    _double_round                            0x080006d1   Thumb Code    30  depilogue.o(.text)
    _double_epilogue                         0x080006ef   Thumb Code   156  depilogue.o(.text)
    __aeabi_ddiv                             0x0800078b   Thumb Code   222  ddiv.o(.text)
    __aeabi_d2ulz                            0x08000869   Thumb Code    48  dfixul.o(.text)
    __aeabi_cdrcmple                         0x08000899   Thumb Code    48  cdrcmple.o(.text)
    __scatterload                            0x080008c9   Thumb Code    28  init.o(.text)
    __scatterload_rt2                        0x080008c9   Thumb Code     0  init.o(.text)
    BMP085_getMeasureDelayMilliseconds       0x080008ed   Thumb Code    72  bmp085.o(i.BMP085_getMeasureDelayMilliseconds)
    BMP085_getMeasurement2                   0x08000939   Thumb Code    38  bmp085.o(i.BMP085_getMeasurement2)
    BMP085_getMeasurement3                   0x08000969   Thumb Code    44  bmp085.o(i.BMP085_getMeasurement3)
    BMP085_getPressure                       0x0800099d   Thumb Code   202  bmp085.o(i.BMP085_getPressure)
    BMP085_getRawPressure                    0x08000a8d   Thumb Code    34  bmp085.o(i.BMP085_getRawPressure)
    BMP085_getRawTemperature                 0x08000ab5   Thumb Code    20  bmp085.o(i.BMP085_getRawTemperature)
    BMP085_getTemperatureC                   0x08000acd   Thumb Code    72  bmp085.o(i.BMP085_getTemperatureC)
    BMP085_initialize                        0x08000b2d   Thumb Code    20  bmp085.o(i.BMP085_initialize)
    BMP085_loadCalibration                   0x08000b45   Thumb Code   226  bmp085.o(i.BMP085_loadCalibration)
    BMP085_setControl                        0x08000c5d   Thumb Code    22  bmp085.o(i.BMP085_setControl)
    BMP085_testConnection                    0x08000c7d   Thumb Code    26  bmp085.o(i.BMP085_testConnection)
    Create_new_file                          0x08000ca1   Thumb Code   462  files.o(i.Create_new_file)
    Draw_table_ex                            0x08000efd   Thumb Code   542  main.o(i.Draw_table_ex)
    EXTI1_IRQHandler                         0x08001155   Thumb Code    44  stm32f1xx_it.o(i.EXTI1_IRQHandler)
    EXTI2_IRQHandler                         0x0800118d   Thumb Code    44  stm32f1xx_it.o(i.EXTI2_IRQHandler)
    EXTI3_IRQHandler                         0x080011c5   Thumb Code    20  stm32f1xx_it.o(i.EXTI3_IRQHandler)
    Gui_DrawPoint                            0x080011dd   Thumb Code    32  lcd_driver.o(i.Gui_DrawPoint)
    HAL_Delay                                0x080011fd   Thumb Code    26  stm32f1xx_hal.o(i.HAL_Delay)
    HAL_GPIO_EXTI_Callback                   0x08001217   Thumb Code     2  stm32f1xx_hal_gpio.o(i.HAL_GPIO_EXTI_Callback)
    HAL_GPIO_EXTI_IRQHandler                 0x08001219   Thumb Code    24  stm32f1xx_hal_gpio.o(i.HAL_GPIO_EXTI_IRQHandler)
    HAL_GPIO_Init                            0x08001235   Thumb Code   764  stm32f1xx_hal_gpio.o(i.HAL_GPIO_Init)
    HAL_GPIO_ReadPin                         0x08001551   Thumb Code    16  stm32f1xx_hal_gpio.o(i.HAL_GPIO_ReadPin)
    HAL_GPIO_TogglePin                       0x08001561   Thumb Code     8  stm32f1xx_hal_gpio.o(i.HAL_GPIO_TogglePin)
    HAL_GPIO_WritePin                        0x08001569   Thumb Code    12  stm32f1xx_hal_gpio.o(i.HAL_GPIO_WritePin)
    HAL_GetTick                              0x08001575   Thumb Code     6  stm32f1xx_hal.o(i.HAL_GetTick)
    HAL_I2C_Init                             0x08001581   Thumb Code   172  stm32f1xx_hal_i2c.o(i.HAL_I2C_Init)
    HAL_I2C_Master_Receive                   0x08001635   Thumb Code   588  stm32f1xx_hal_i2c.o(i.HAL_I2C_Master_Receive)
    HAL_I2C_Master_Transmit                  0x08001889   Thumb Code   316  stm32f1xx_hal_i2c.o(i.HAL_I2C_Master_Transmit)
    HAL_I2C_MspInit                          0x080019c9   Thumb Code     2  stm32f1xx_hal_i2c.o(i.HAL_I2C_MspInit)
    HAL_IncTick                              0x080019cd   Thumb Code    12  stm32f1xx_hal.o(i.HAL_IncTick)
    HAL_Init                                 0x080019dd   Thumb Code    34  stm32f1xx_hal.o(i.HAL_Init)
    HAL_InitTick                             0x08001a05   Thumb Code    36  stm32f1xx_hal.o(i.HAL_InitTick)
    HAL_MspInit                              0x08001a29   Thumb Code    64  stm32f1xx_hal_msp.o(i.HAL_MspInit)
    HAL_NVIC_EnableIRQ                       0x08001a71   Thumb Code    26  stm32f1xx_hal_cortex.o(i.HAL_NVIC_EnableIRQ)
    HAL_NVIC_SetPriority                     0x08001a8b   Thumb Code   124  stm32f1xx_hal_cortex.o(i.HAL_NVIC_SetPriority)
    HAL_NVIC_SetPriorityGrouping             0x08001b09   Thumb Code    32  stm32f1xx_hal_cortex.o(i.HAL_NVIC_SetPriorityGrouping)
    HAL_PWR_EnableBkUpAccess                 0x08001b31   Thumb Code    20  stm32f1xx_hal_pwr.o(i.HAL_PWR_EnableBkUpAccess)
    HAL_RCCEx_GetPeriphCLKFreq               0x08001b49   Thumb Code   296  stm32f1xx_hal_rcc_ex.o(i.HAL_RCCEx_GetPeriphCLKFreq)
    HAL_RCCEx_PeriphCLKConfig                0x08001c91   Thumb Code   360  stm32f1xx_hal_rcc_ex.o(i.HAL_RCCEx_PeriphCLKConfig)
    HAL_RCC_ClockConfig                      0x08001e05   Thumb Code  1072  stm32f1xx_hal_rcc.o(i.HAL_RCC_ClockConfig)
    HAL_RCC_GetHCLKFreq                      0x08002239   Thumb Code    42  stm32f1xx_hal_rcc.o(i.HAL_RCC_GetHCLKFreq)
    HAL_RCC_GetPCLK1Freq                     0x08002271   Thumb Code    36  stm32f1xx_hal_rcc.o(i.HAL_RCC_GetPCLK1Freq)
    HAL_RCC_GetPCLK2Freq                     0x0800229d   Thumb Code    36  stm32f1xx_hal_rcc.o(i.HAL_RCC_GetPCLK2Freq)
    HAL_RCC_GetSysClockFreq                  0x080022c9   Thumb Code   146  stm32f1xx_hal_rcc.o(i.HAL_RCC_GetSysClockFreq)
    HAL_RCC_OscConfig                        0x0800237d   Thumb Code  2432  stm32f1xx_hal_rcc.o(i.HAL_RCC_OscConfig)
    HAL_RTCEx_BKUPRead                       0x08002d05   Thumb Code    20  stm32f1xx_hal_rtc_ex.o(i.HAL_RTCEx_BKUPRead)
    HAL_RTCEx_BKUPWrite                      0x08002d1d   Thumb Code    18  stm32f1xx_hal_rtc_ex.o(i.HAL_RTCEx_BKUPWrite)
    HAL_RTCEx_RTCEventCallback               0x08002d35   Thumb Code     2  stm32f1xx_hal_rtc_ex.o(i.HAL_RTCEx_RTCEventCallback)
    HAL_RTCEx_RTCEventErrorCallback          0x08002d37   Thumb Code     2  stm32f1xx_hal_rtc_ex.o(i.HAL_RTCEx_RTCEventErrorCallback)
    HAL_RTCEx_RTCIRQHandler                  0x08002d39   Thumb Code    82  stm32f1xx_hal_rtc_ex.o(i.HAL_RTCEx_RTCIRQHandler)
    HAL_RTCEx_SetSecond_IT                   0x08002d8b   Thumb Code    58  stm32f1xx_hal_rtc_ex.o(i.HAL_RTCEx_SetSecond_IT)
    HAL_RTC_AlarmAEventCallback              0x08002dc5   Thumb Code     2  stm32f1xx_hal_rtc.o(i.HAL_RTC_AlarmAEventCallback)
    HAL_RTC_AlarmIRQHandler                  0x08002dc9   Thumb Code    52  stm32f1xx_hal_rtc.o(i.HAL_RTC_AlarmIRQHandler)
    HAL_RTC_GetDate                          0x08002e01   Thumb Code    82  stm32f1xx_hal_rtc.o(i.HAL_RTC_GetDate)
    HAL_RTC_GetTime                          0x08002e53   Thumb Code   164  stm32f1xx_hal_rtc.o(i.HAL_RTC_GetTime)
    HAL_RTC_Init                             0x08002ef9   Thumb Code   202  stm32f1xx_hal_rtc.o(i.HAL_RTC_Init)
    HAL_RTC_MspInit                          0x08002fc9   Thumb Code     2  stm32f1xx_hal_rtc.o(i.HAL_RTC_MspInit)
    HAL_RTC_WaitForSynchro                   0x08002fcb   Thumb Code    64  stm32f1xx_hal_rtc.o(i.HAL_RTC_WaitForSynchro)
    HAL_SPI_Init                             0x0800300b   Thumb Code   124  stm32f1xx_hal_spi.o(i.HAL_SPI_Init)
    HAL_SPI_MspInit                          0x08003087   Thumb Code     2  stm32f1xx_hal_spi.o(i.HAL_SPI_MspInit)
    HAL_SPI_Receive                          0x08003089   Thumb Code   588  stm32f1xx_hal_spi.o(i.HAL_SPI_Receive)
    HAL_SPI_TransmitReceive                  0x080032d5   Thumb Code   836  stm32f1xx_hal_spi.o(i.HAL_SPI_TransmitReceive)
    HAL_SYSTICK_CLKSourceConfig              0x08003619   Thumb Code    40  stm32f1xx_hal_cortex.o(i.HAL_SYSTICK_CLKSourceConfig)
    HAL_SYSTICK_Callback                     0x08003641   Thumb Code     2  stm32f1xx_hal_cortex.o(i.HAL_SYSTICK_Callback)
    HAL_SYSTICK_Config                       0x08003643   Thumb Code    52  stm32f1xx_hal_cortex.o(i.HAL_SYSTICK_Config)
    HAL_SYSTICK_IRQHandler                   0x08003677   Thumb Code     8  stm32f1xx_hal_cortex.o(i.HAL_SYSTICK_IRQHandler)
    Hello_Screen                             0x08003681   Thumb Code    74  hello_screen.o(i.Hello_Screen)
    I2Cdev_readByte                          0x08003baf   Thumb Code    26  i2cdev.o(i.I2Cdev_readByte)
    I2Cdev_readBytes                         0x08003bc9   Thumb Code    76  i2cdev.o(i.I2Cdev_readBytes)
    I2Cdev_writeByte                         0x08003c19   Thumb Code    20  i2cdev.o(i.I2Cdev_writeByte)
    I2Cdev_writeBytes                        0x08003c2d   Thumb Code    76  i2cdev.o(i.I2Cdev_writeBytes)
    Init_BMP085                              0x08003c7d   Thumb Code   184  init.o(i.Init_BMP085)
    Init_Variebles                           0x08003d51   Thumb Code   102  init.o(i.Init_Variebles)
    Init_offset                              0x08003dc5   Thumb Code    28  files.o(i.Init_offset)
    LCD_GPIO_Init                            0x08003ded   Thumb Code    98  lcd_driver.o(i.LCD_GPIO_Init)
    LCD_WriteData_16Bit                      0x08003e5d   Thumb Code    42  lcd_driver.o(i.LCD_WriteData_16Bit)
    LM75_Init                                0x08003e91   Thumb Code   122  lm75_hal.o(i.LM75_Init)
    LM75_Temperature                         0x08003f21   Thumb Code   130  lm75_hal.o(i.LM75_Temperature)
    LM75_Temperature_IN                      0x08003fa9   Thumb Code   124  lm75_hal.o(i.LM75_Temperature_IN)
    LM75_Temperature_OUT                     0x08004029   Thumb Code   124  lm75_hal.o(i.LM75_Temperature_OUT)
    Lcd_Clear                                0x080040a9   Thumb Code    50  lcd_driver.o(i.Lcd_Clear)
    Lcd_Init                                 0x080040db   Thumb Code   546  lcd_driver.o(i.Lcd_Init)
    Lcd_Reset                                0x080042fd   Thumb Code    34  lcd_driver.o(i.Lcd_Reset)
    Lcd_SetRegion                            0x08004325   Thumb Code    86  lcd_driver.o(i.Lcd_SetRegion)
    Lcd_WriteData                            0x0800437d   Thumb Code    36  lcd_driver.o(i.Lcd_WriteData)
    Lcd_WriteIndex                           0x080043a9   Thumb Code    36  lcd_driver.o(i.Lcd_WriteIndex)
    MX_GPIO_Init                             0x080043d5   Thumb Code   224  init.o(i.MX_GPIO_Init)
    PutStringRus                             0x080044fd   Thumb Code   264  my_font.o(i.PutStringRus)
    PutStringRus11                           0x0800461d   Thumb Code   264  my_font.o(i.PutStringRus11)
    RTC_Alarm_IRQHandler                     0x0800473d   Thumb Code    10  stm32f1xx_it.o(i.RTC_Alarm_IRQHandler)
    RTC_IRQHandler                           0x08004891   Thumb Code    44  stm32f1xx_it.o(i.RTC_IRQHandler)
    RTC_Init                                 0x080048cd   Thumb Code   200  init.o(i.RTC_Init)
    ReadTimeCounter                          0x08004a9b   Thumb Code    52  main.o(i.ReadTimeCounter)
    SPI_ISCRCErrorValid                      0x08004acf   Thumb Code     6  stm32f1xx_hal_spi.o(i.SPI_ISCRCErrorValid)
    SPI_WriteData                            0x08004be9   Thumb Code    60  lcd_driver.o(i.SPI_WriteData)
    Sensor_test                              0x08004c29   Thumb Code   604  hello_screen.o(i.Sensor_test)
    SysTick_Handler                          0x08004f3d   Thumb Code    70  stm32f1xx_it.o(i.SysTick_Handler)
    SystemClock_Config                       0x08004f91   Thumb Code   130  init.o(i.SystemClock_Config)
    SystemInit                               0x08005015   Thumb Code    70  system_stm32f1xx.o(i.SystemInit)
    System_Status_Checked                    0x0800506d   Thumb Code   128  hello_screen.o(i.System_Status_Checked)
    System_Status_Update_Screen              0x080050fd   Thumb Code   140  hello_screen.o(i.System_Status_Update_Screen)
    Take_new_Messure                         0x080051a1   Thumb Code    90  main.o(i.Take_new_Messure)
    USB_LP_CAN1_RX0_IRQHandler               0x08005205   Thumb Code     2  stm32f1xx_it.o(i.USB_LP_CAN1_RX0_IRQHandler)
    Write_file                               0x08005209   Thumb Code   804  files.o(i.Write_file)
    __0sprintf                               0x080055a5   Thumb Code    34  printfa.o(i.__0sprintf)
    __1sprintf                               0x080055a5   Thumb Code     0  printfa.o(i.__0sprintf)
    __2sprintf                               0x080055a5   Thumb Code     0  printfa.o(i.__0sprintf)
    __c89sprintf                             0x080055a5   Thumb Code     0  printfa.o(i.__0sprintf)
    sprintf                                  0x080055a5   Thumb Code     0  printfa.o(i.__0sprintf)
    __scatterload_copy                       0x080055cd   Thumb Code    14  handlers.o(i.__scatterload_copy)
    __scatterload_null                       0x080055db   Thumb Code     2  handlers.o(i.__scatterload_null)
    __scatterload_zeroinit                   0x080055dd   Thumb Code    14  handlers.o(i.__scatterload_zeroinit)
    delay_ms                                 0x080062e5   Thumb Code    12  main.o(i.delay_ms)
    disk_initialize                          0x08006735   Thumb Code   306  sd_spi_stm32.o(i.disk_initialize)
    disk_ioctl                               0x08006875   Thumb Code   616  sd_spi_stm32.o(i.disk_ioctl)
    disk_read                                0x08006ae9   Thumb Code   136  sd_spi_stm32.o(i.disk_read)
    disk_status                              0x08006b79   Thumb Code    14  sd_spi_stm32.o(i.disk_status)
    disk_timerproc                           0x08006b8d   Thumb Code   106  sd_spi_stm32.o(i.disk_timerproc)
    disk_write                               0x08006c09   Thumb Code   170  sd_spi_stm32.o(i.disk_write)
    f_close                                  0x08006cbd   Thumb Code    34  ff.o(i.f_close)
    f_expand                                 0x08006cdf   Thumb Code   334  ff.o(i.f_expand)
    f_gets                                   0x08006e2d   Thumb Code    82  ff.o(i.f_gets)
    f_lseek                                  0x08006e7f   Thumb Code   388  ff.o(i.f_lseek)
    f_mount                                  0x08007005   Thumb Code    86  ff.o(i.f_mount)
    f_open                                   0x08007061   Thumb Code   494  ff.o(i.f_open)
    f_putc                                   0x0800724f   Thumb Code    34  ff.o(i.f_putc)
    f_puts                                   0x08007271   Thumb Code    44  ff.o(i.f_puts)
    f_read                                   0x0800729d   Thumb Code   412  ff.o(i.f_read)
    f_sync                                   0x08007439   Thumb Code   160  ff.o(i.f_sync)
    f_write                                  0x080074d9   Thumb Code   478  ff.o(i.f_write)
    ff_convert                               0x080076b9   Thumb Code    70  unicode.o(i.ff_convert)
    ff_wtoupper                              0x08007705   Thumb Code   156  unicode.o(i.ff_wtoupper)
    free                                     0x08007b4d   Thumb Code    76  malloc.o(i.free)
    get_fattime                              0x08007d31   Thumb Code    74  fattime.o(i.get_fattime)
    main                                     0x08007e35   Thumb Code   998  main.o(i.main)
    malloc                                   0x080082e1   Thumb Code    92  malloc.o(i.malloc)
    aAPBAHBPrescTable                        0x08008b66   Data          16  stm32f1xx_hal_rcc.o(.constdata)
    Lucida_Console16x25                      0x08008fb2   Data        3120  my_font.o(.constdata)
    Verdana11x11                             0x08009be2   Data        4416  my_font.o(.constdata)
    Region$$Table$$Base                      0x0800ad30   Number         0  anon$$obj.o(Region$$Table)
    Region$$Table$$Limit                     0x0800ad50   Number         0  anon$$obj.o(Region$$Table)
    I2Cdev_hi2c                              0x20000044   Data           4  i2cdev.o(.data)
    I2Cdev_readTimeout                       0x20000048   Data           2  i2cdev.o(.data)
    pointer_count                            0x2000004a   Data           1  stm32f1xx_it.o(.data)
    button_was_pressed                       0x2000004b   Data           1  stm32f1xx_it.o(.data)
    sec_count                                0x2000004c   Data           1  stm32f1xx_it.o(.data)
    minute_flag                              0x2000004d   Data           1  stm32f1xx_it.o(.data)
    min_count                                0x2000004e   Data           1  stm32f1xx_it.o(.data)
    hour_count                               0x2000004f   Data           1  stm32f1xx_it.o(.data)
    one_sec_flag                             0x20000050   Data           1  stm32f1xx_it.o(.data)
    circle_array_count                       0x20000054   Data           2  main.o(.data)
    p                                        0x20000058   Data           4  main.o(.data)
    t                                        0x2000005c   Data           4  main.o(.data)
    a                                        0x20000060   Data           4  main.o(.data)
    Global_Font_Color                        0x20000064   Data           2  main.o(.data)
    Global_BG_Color                          0x20000066   Data           2  main.o(.data)
    hour_flag                                0x20000068   Data           1  main.o(.data)
    dot                                      0x20000069   Data           2  main.o(.data)
    System                                   0x2000006b   Data           7  main.o(.data)
    set_rtc_time                             0x20000072   Data           1  main.o(.data)
    set_rtc_date                             0x20000073   Data           1  main.o(.data)
    get_data                                 0x20000074   Data           1  main.o(.data)
    minuts_10                                0x20000075   Data           1  main.o(.data)
    count_10_min                             0x20000076   Data           1  main.o(.data)
    end_of_day_flag                          0x20000077   Data           1  main.o(.data)
    time_day_count                           0x20000078   Data           4  main.o(.data)
    time_tm_day_count                        0x2000007c   Data           4  main.o(.data)
    time_temp                                0x20000080   Data           4  main.o(.data)
    time_tm_temp                             0x20000084   Data           4  main.o(.data)
    fontVerdana25x34                         0x20000088   Data           4  my_font.o(.data)
    X_font                                   0x2000008c   Data           1  my_font.o(.data)
    Y_font                                   0x2000008d   Data           1  my_font.o(.data)
    Bytes_font                               0x2000008e   Data           1  my_font.o(.data)
    Start_font                               0x20000090   Data           2  my_font.o(.data)
    Additional_start                         0x20000092   Data           2  my_font.o(.data)
    fontVerdana11x11                         0x20000094   Data           4  my_font.o(.data)
    X_font11                                 0x20000098   Data           1  my_font.o(.data)
    Y_font11                                 0x20000099   Data           1  my_font.o(.data)
    Bytes_font11                             0x2000009a   Data           1  my_font.o(.data)
    Start_font11                             0x2000009c   Data           2  my_font.o(.data)
    Additional_start11                       0x2000009e   Data           2  my_font.o(.data)
    sTime                                    0x200000a0   Data           3  init.o(.data)
    sDate                                    0x200000a3   Data           4  init.o(.data)
    BM_1                                     0x200000a8   Data           8  buttoms.o(.data)
    BM_2                                     0x200000b0   Data           8  buttoms.o(.data)
    BM_3                                     0x200000b8   Data           8  buttoms.o(.data)
    result                                   0x200000c0   Data           1  files.o(.data)
    offset                                   0x200000c4   Data           4  files.o(.data)
    offset_total                             0x200000c8   Data           4  files.o(.data)
    SystemCoreClock                          0x200000cc   Data           4  system_stm32f1xx.o(.data)
    __microlib_freelist                      0x200000d0   Data           4  mvars.o(.data)
    __microlib_freelist_initialised          0x200000d4   Data           4  mvars.o(.data)
    hspi1                                    0x200002d8   Data          88  sd_spi_stm32.o(.bss)
    hi2c1                                    0x20000330   Data          60  lm75_hal.o(.bss)
    All_data                                 0x2000036c   Data          64  main.o(.bss)
    Day_data_Array                           0x200003ac   Data        9216  main.o(.bss)
    Avarage_data                             0x200027ac   Data          64  main.o(.bss)
    Avarage_array                            0x200027ec   Data         256  main.o(.bss)
    str_file_name                            0x200028ec   Data          20  main.o(.bss)
    str_file_year_name                       0x20002900   Data          20  main.o(.bss)
    buffer                                   0x20002914   Data          10  main.o(.bss)
    BM_time_buffer                           0x2000291e   Data          10  main.o(.bss)
    T_in_string                              0x20002928   Data          10  main.o(.bss)
    T_out_string                             0x20002932   Data          10  main.o(.bss)
    Presure_string                           0x2000293c   Data          10  main.o(.bss)
    Time_string                              0x20002946   Data          10  main.o(.bss)
    Day_string                               0x20002950   Data          12  main.o(.bss)
    Coordinate                               0x2000295c   Data          18  main.o(.bss)
    Day                                      0x20002970   Data          44  main.o(.bss)
    hi2c2                                    0x2000299c   Data          60  init.o(.bss)
    hrtc                                     0x200029d8   Data          20  init.o(.bss)
    wifi_name                                0x200029ec   Data          30  hello_screen.o(.bss)
    wifi_pass                                0x20002a0a   Data          30  hello_screen.o(.bss)
    FATFS_Obj                                0x20002a28   Data         564  files.o(.bss)
    file                                     0x20002c5c   Data         552  files.o(.bss)
    buff                                     0x20002e84   Data         100  files.o(.bss)
    __heap_base                              0x20002f18   Data           0  startup_stm32f103xb.o(HEAP)
    __heap_limit                             0x20003118   Data           0  startup_stm32f103xb.o(HEAP)
    __initial_sp                             0x20003518   Data           0  startup_stm32f103xb.o(STACK)



==============================================================================

Memory Map of the image

  Image Entry point : 0x080000ed

  Load Region LR_IROM1 (Base: 0x08000000, Size: 0x0000ae28, Max: 0x00010000, ABSOLUTE)

    Execution Region ER_IROM1 (Base: 0x08000000, Size: 0x0000ad50, Max: 0x00010000, ABSOLUTE)

    Base Addr    Size         Type   Attr      Idx    E Section Name        Object

    0x08000000   0x000000ec   Data   RO         4236    RESET               startup_stm32f103xb.o
    0x080000ec   0x00000000   Code   RO         4686  * .ARM.Collect$$$$00000000  mc_w.l(entry.o)
    0x080000ec   0x00000004   Code   RO         5033    .ARM.Collect$$$$00000001  mc_w.l(entry2.o)
    0x080000f0   0x00000004   Code   RO         5036    .ARM.Collect$$$$00000004  mc_w.l(entry5.o)
    0x080000f4   0x00000000   Code   RO         5038    .ARM.Collect$$$$00000008  mc_w.l(entry7b.o)
    0x080000f4   0x00000000   Code   RO         5040    .ARM.Collect$$$$0000000A  mc_w.l(entry8b.o)
    0x080000f4   0x00000008   Code   RO         5041    .ARM.Collect$$$$0000000B  mc_w.l(entry9a.o)
    0x080000fc   0x00000000   Code   RO         5043    .ARM.Collect$$$$0000000D  mc_w.l(entry10a.o)
    0x080000fc   0x00000000   Code   RO         5045    .ARM.Collect$$$$0000000F  mc_w.l(entry11a.o)
    0x080000fc   0x00000004   Code   RO         5034    .ARM.Collect$$$$00002712  mc_w.l(entry2.o)
    0x08000100   0x00000024   Code   RO         4237    .text               startup_stm32f103xb.o
    0x08000124   0x00000020   Code   RO         4689    .text               mc_w.l(llushr.o)
    0x08000144   0x00000094   Code   RO         4691    .text               mc_w.l(localtime.o)
    0x080001d8   0x00000024   Code   RO         4695    .text               mc_w.l(memcpya.o)
    0x080001fc   0x000000b0   Code   RO         4988    .text               mf_w.l(fadd.o)
    0x080002ac   0x0000007c   Code   RO         4992    .text               mf_w.l(fdiv.o)
    0x08000328   0x0000014e   Code   RO         4994    .text               mf_w.l(dadd.o)
    0x08000476   0x000000e4   Code   RO         4996    .text               mf_w.l(dmul.o)
    0x0800055a   0x00000012   Code   RO         4998    .text               mf_w.l(fflti.o)
    0x0800056c   0x00000026   Code   RO         5000    .text               mf_w.l(f2d.o)
    0x08000592   0x0000002c   Code   RO         5050    .text               mc_w.l(uidiv.o)
    0x080005be   0x00000062   Code   RO         5052    .text               mc_w.l(uldiv.o)
    0x08000620   0x0000001e   Code   RO         5054    .text               mc_w.l(llshl.o)
    0x0800063e   0x00000024   Code   RO         5056    .text               mc_w.l(llsshr.o)
    0x08000662   0x00000000   Code   RO         5067    .text               mc_w.l(iusefp.o)
    0x08000662   0x0000006e   Code   RO         5068    .text               mf_w.l(fepilogue.o)
    0x080006d0   0x000000ba   Code   RO         5070    .text               mf_w.l(depilogue.o)
    0x0800078a   0x000000de   Code   RO         5072    .text               mf_w.l(ddiv.o)
    0x08000868   0x00000030   Code   RO         5078    .text               mf_w.l(dfixul.o)
    0x08000898   0x00000030   Code   RO         5080    .text               mf_w.l(cdrcmple.o)
    0x080008c8   0x00000024   Code   RO         5082    .text               mc_w.l(init.o)
    0x080008ec   0x0000004c   Code   RO         2959    i.BMP085_getMeasureDelayMilliseconds  bmp085.o
    0x08000938   0x00000030   Code   RO         2960    i.BMP085_getMeasurement2  bmp085.o
    0x08000968   0x00000034   Code   RO         2961    i.BMP085_getMeasurement3  bmp085.o
    0x0800099c   0x000000f0   Code   RO         2962    i.BMP085_getPressure  bmp085.o
    0x08000a8c   0x00000028   Code   RO         2963    i.BMP085_getRawPressure  bmp085.o
    0x08000ab4   0x00000018   Code   RO         2964    i.BMP085_getRawTemperature  bmp085.o
    0x08000acc   0x00000060   Code   RO         2965    i.BMP085_getTemperatureC  bmp085.o
    0x08000b2c   0x00000018   Code   RO         2967    i.BMP085_initialize  bmp085.o
    0x08000b44   0x00000118   Code   RO         2968    i.BMP085_loadCalibration  bmp085.o
    0x08000c5c   0x00000020   Code   RO         2970    i.BMP085_setControl  bmp085.o
    0x08000c7c   0x00000024   Code   RO         2971    i.BMP085_testConnection  bmp085.o
    0x08000ca0   0x0000025c   Code   RO         4192    i.Create_new_file   files.o
    0x08000efc   0x00000258   Code   RO         3711    i.Draw_table_ex     main.o
    0x08001154   0x00000038   Code   RO         3641    i.EXTI1_IRQHandler  stm32f1xx_it.o
    0x0800118c   0x00000038   Code   RO         3642    i.EXTI2_IRQHandler  stm32f1xx_it.o
    0x080011c4   0x00000018   Code   RO         3643    i.EXTI3_IRQHandler  stm32f1xx_it.o
    0x080011dc   0x00000020   Code   RO         3818    i.Gui_DrawPoint     lcd_driver.o
    0x080011fc   0x0000001a   Code   RO          232    i.HAL_Delay         stm32f1xx_hal.o
    0x08001216   0x00000002   Code   RO         1382    i.HAL_GPIO_EXTI_Callback  stm32f1xx_hal_gpio.o
    0x08001218   0x0000001c   Code   RO         1383    i.HAL_GPIO_EXTI_IRQHandler  stm32f1xx_hal_gpio.o
    0x08001234   0x0000031c   Code   RO         1384    i.HAL_GPIO_Init     stm32f1xx_hal_gpio.o
    0x08001550   0x00000010   Code   RO         1386    i.HAL_GPIO_ReadPin  stm32f1xx_hal_gpio.o
    0x08001560   0x00000008   Code   RO         1387    i.HAL_GPIO_TogglePin  stm32f1xx_hal_gpio.o
    0x08001568   0x0000000c   Code   RO         1388    i.HAL_GPIO_WritePin  stm32f1xx_hal_gpio.o
    0x08001574   0x0000000c   Code   RO          236    i.HAL_GetTick       stm32f1xx_hal.o
    0x08001580   0x000000b4   Code   RO         1453    i.HAL_I2C_Init      stm32f1xx_hal_i2c.o
    0x08001634   0x00000254   Code   RO         1457    i.HAL_I2C_Master_Receive  stm32f1xx_hal_i2c.o
    0x08001888   0x00000140   Code   RO         1460    i.HAL_I2C_Master_Transmit  stm32f1xx_hal_i2c.o
    0x080019c8   0x00000002   Code   RO         1472    i.HAL_I2C_MspInit   stm32f1xx_hal_i2c.o
    0x080019ca   0x00000002   PAD
    0x080019cc   0x00000010   Code   RO          237    i.HAL_IncTick       stm32f1xx_hal.o
    0x080019dc   0x00000028   Code   RO          238    i.HAL_Init          stm32f1xx_hal.o
    0x08001a04   0x00000024   Code   RO          239    i.HAL_InitTick      stm32f1xx_hal.o
    0x08001a28   0x00000048   Code   RO         3794    i.HAL_MspInit       stm32f1xx_hal_msp.o
    0x08001a70   0x0000001a   Code   RO          553    i.HAL_NVIC_EnableIRQ  stm32f1xx_hal_cortex.o
    0x08001a8a   0x0000007c   Code   RO          559    i.HAL_NVIC_SetPriority  stm32f1xx_hal_cortex.o
    0x08001b06   0x00000002   PAD
    0x08001b08   0x00000028   Code   RO          560    i.HAL_NVIC_SetPriorityGrouping  stm32f1xx_hal_cortex.o
    0x08001b30   0x00000018   Code   RO           11    i.HAL_PWR_EnableBkUpAccess  stm32f1xx_hal_pwr.o
    0x08001b48   0x00000148   Code   RO          921    i.HAL_RCCEx_GetPeriphCLKFreq  stm32f1xx_hal_rcc_ex.o
    0x08001c90   0x00000174   Code   RO          922    i.HAL_RCCEx_PeriphCLKConfig  stm32f1xx_hal_rcc_ex.o
    0x08001e04   0x00000434   Code   RO          674    i.HAL_RCC_ClockConfig  stm32f1xx_hal_rcc.o
    0x08002238   0x00000038   Code   RO          679    i.HAL_RCC_GetHCLKFreq  stm32f1xx_hal_rcc.o
    0x08002270   0x0000002c   Code   RO          681    i.HAL_RCC_GetPCLK1Freq  stm32f1xx_hal_rcc.o
    0x0800229c   0x0000002c   Code   RO          682    i.HAL_RCC_GetPCLK2Freq  stm32f1xx_hal_rcc.o
    0x080022c8   0x000000b4   Code   RO          683    i.HAL_RCC_GetSysClockFreq  stm32f1xx_hal_rcc.o
    0x0800237c   0x00000988   Code   RO          686    i.HAL_RCC_OscConfig  stm32f1xx_hal_rcc.o
    0x08002d04   0x00000018   Code   RO         2239    i.HAL_RTCEx_BKUPRead  stm32f1xx_hal_rtc_ex.o
    0x08002d1c   0x00000018   Code   RO         2240    i.HAL_RTCEx_BKUPWrite  stm32f1xx_hal_rtc_ex.o
    0x08002d34   0x00000002   Code   RO         2244    i.HAL_RTCEx_RTCEventCallback  stm32f1xx_hal_rtc_ex.o
    0x08002d36   0x00000002   Code   RO         2245    i.HAL_RTCEx_RTCEventErrorCallback  stm32f1xx_hal_rtc_ex.o
    0x08002d38   0x00000052   Code   RO         2246    i.HAL_RTCEx_RTCIRQHandler  stm32f1xx_hal_rtc_ex.o
    0x08002d8a   0x0000003a   Code   RO         2247    i.HAL_RTCEx_SetSecond_IT  stm32f1xx_hal_rtc_ex.o
    0x08002dc4   0x00000002   Code   RO         2064    i.HAL_RTC_AlarmAEventCallback  stm32f1xx_hal_rtc.o
    0x08002dc6   0x00000002   PAD
    0x08002dc8   0x00000038   Code   RO         2065    i.HAL_RTC_AlarmIRQHandler  stm32f1xx_hal_rtc.o
    0x08002e00   0x00000052   Code   RO         2069    i.HAL_RTC_GetDate   stm32f1xx_hal_rtc.o
    0x08002e52   0x000000a4   Code   RO         2071    i.HAL_RTC_GetTime   stm32f1xx_hal_rtc.o
    0x08002ef6   0x00000002   PAD
    0x08002ef8   0x000000d0   Code   RO         2072    i.HAL_RTC_Init      stm32f1xx_hal_rtc.o
    0x08002fc8   0x00000002   Code   RO         2074    i.HAL_RTC_MspInit   stm32f1xx_hal_rtc.o
    0x08002fca   0x00000040   Code   RO         2080    i.HAL_RTC_WaitForSynchro  stm32f1xx_hal_rtc.o
    0x0800300a   0x0000007c   Code   RO         1827    i.HAL_SPI_Init      stm32f1xx_hal_spi.o
    0x08003086   0x00000002   Code   RO         1829    i.HAL_SPI_MspInit   stm32f1xx_hal_spi.o
    0x08003088   0x0000024c   Code   RO         1830    i.HAL_SPI_Receive   stm32f1xx_hal_spi.o
    0x080032d4   0x00000344   Code   RO         1836    i.HAL_SPI_TransmitReceive  stm32f1xx_hal_spi.o
    0x08003618   0x00000028   Code   RO          562    i.HAL_SYSTICK_CLKSourceConfig  stm32f1xx_hal_cortex.o
    0x08003640   0x00000002   Code   RO          563    i.HAL_SYSTICK_Callback  stm32f1xx_hal_cortex.o
    0x08003642   0x00000034   Code   RO          564    i.HAL_SYSTICK_Config  stm32f1xx_hal_cortex.o
    0x08003676   0x00000008   Code   RO          565    i.HAL_SYSTICK_IRQHandler  stm32f1xx_hal_cortex.o
    0x0800367e   0x00000002   PAD
    0x08003680   0x00000064   Code   RO         4119    i.Hello_Screen      hello_screen.o
    0x080036e4   0x00000064   Code   RO         1481    i.I2C_Configure_Speed  stm32f1xx_hal_i2c.o
    0x08003748   0x00000034   Code   RO         1489    i.I2C_IsAcknowledgeFailed  stm32f1xx_hal_i2c.o
    0x0800377c   0x000000f8   Code   RO         1492    i.I2C_MasterRequestRead  stm32f1xx_hal_i2c.o
    0x08003874   0x0000008c   Code   RO         1493    i.I2C_MasterRequestWrite  stm32f1xx_hal_i2c.o
    0x08003900   0x00000056   Code   RO         1505    i.I2C_WaitOnBTFFlagUntilTimeout  stm32f1xx_hal_i2c.o
    0x08003956   0x000000de   Code   RO         1506    i.I2C_WaitOnFlagUntilTimeout  stm32f1xx_hal_i2c.o
    0x08003a34   0x000000ae   Code   RO         1507    i.I2C_WaitOnMasterAddressFlagUntilTimeout  stm32f1xx_hal_i2c.o
    0x08003ae2   0x00000076   Code   RO         1508    i.I2C_WaitOnRXNEFlagUntilTimeout  stm32f1xx_hal_i2c.o
    0x08003b58   0x00000056   Code   RO         1510    i.I2C_WaitOnTXEFlagUntilTimeout  stm32f1xx_hal_i2c.o
    0x08003bae   0x0000001a   Code   RO         3086    i.I2Cdev_readByte   i2cdev.o
    0x08003bc8   0x00000050   Code   RO         3087    i.I2Cdev_readBytes  i2cdev.o
    0x08003c18   0x00000014   Code   RO         3094    i.I2Cdev_writeByte  i2cdev.o
    0x08003c2c   0x00000050   Code   RO         3095    i.I2Cdev_writeBytes  i2cdev.o
    0x08003c7c   0x000000d4   Code   RO         4038    i.Init_BMP085       init.o
    0x08003d50   0x00000074   Code   RO         4039    i.Init_Variebles    init.o
    0x08003dc4   0x00000028   Code   RO         4193    i.Init_offset       files.o
    0x08003dec   0x00000070   Code   RO         3819    i.LCD_GPIO_Init     lcd_driver.o
    0x08003e5c   0x00000034   Code   RO         3820    i.LCD_WriteData_16Bit  lcd_driver.o
    0x08003e90   0x00000090   Code   RO         3199    i.LM75_Init         lm75_hal.o
    0x08003f20   0x00000088   Code   RO         3201    i.LM75_Temperature  lm75_hal.o
    0x08003fa8   0x00000080   Code   RO         3202    i.LM75_Temperature_IN  lm75_hal.o
    0x08004028   0x00000080   Code   RO         3203    i.LM75_Temperature_OUT  lm75_hal.o
    0x080040a8   0x00000032   Code   RO         3821    i.Lcd_Clear         lcd_driver.o
    0x080040da   0x00000222   Code   RO         3822    i.Lcd_Init          lcd_driver.o
    0x080042fc   0x00000028   Code   RO         3824    i.Lcd_Reset         lcd_driver.o
    0x08004324   0x00000056   Code   RO         3825    i.Lcd_SetRegion     lcd_driver.o
    0x0800437a   0x00000002   PAD
    0x0800437c   0x0000002c   Code   RO         3827    i.Lcd_WriteData     lcd_driver.o
    0x080043a8   0x0000002c   Code   RO         3828    i.Lcd_WriteIndex    lcd_driver.o
    0x080043d4   0x000000f0   Code   RO         4040    i.MX_GPIO_Init      init.o
    0x080044c4   0x00000010   Code   RO          566    i.NVIC_GetPriorityGrouping  stm32f1xx_hal_cortex.o
    0x080044d4   0x00000028   Code   RO          567    i.NVIC_SetPriority  stm32f1xx_hal_cortex.o
    0x080044fc   0x00000120   Code   RO         3999    i.PutStringRus      my_font.o
    0x0800461c   0x00000120   Code   RO         4000    i.PutStringRus11    my_font.o
    0x0800473c   0x00000010   Code   RO         3644    i.RTC_Alarm_IRQHandler  stm32f1xx_it.o
    0x0800474c   0x0000001a   Code   RO         2082    i.RTC_ByteToBcd2    stm32f1xx_hal_rtc.o
    0x08004766   0x000000b6   Code   RO         2083    i.RTC_DateUpdate    stm32f1xx_hal_rtc.o
    0x0800481c   0x0000003a   Code   RO         2084    i.RTC_EnterInitMode  stm32f1xx_hal_rtc.o
    0x08004856   0x0000003a   Code   RO         2085    i.RTC_ExitInitMode  stm32f1xx_hal_rtc.o
    0x08004890   0x0000003c   Code   RO         3645    i.RTC_IRQHandler    stm32f1xx_it.o
    0x080048cc   0x000000dc   Code   RO         4041    i.RTC_Init          init.o
    0x080049a8   0x0000003a   Code   RO         2086    i.RTC_IsLeapYear    stm32f1xx_hal_rtc.o
    0x080049e2   0x00000034   Code   RO         2088    i.RTC_ReadTimeCounter  stm32f1xx_hal_rtc.o
    0x08004a16   0x00000084   Code   RO         2089    i.RTC_WeekDayNum    stm32f1xx_hal_rtc.o
    0x08004a9a   0x00000034   Code   RO         3713    i.ReadTimeCounter   main.o
    0x08004ace   0x00000006   Code   RO         1853    i.SPI_ISCRCErrorValid  stm32f1xx_hal_spi.o
    0x08004ad4   0x00000114   Code   RO         1858    i.SPI_WaitOnFlagUntilTimeout  stm32f1xx_hal_spi.o
    0x08004be8   0x00000040   Code   RO         3830    i.SPI_WriteData     lcd_driver.o
    0x08004c28   0x00000314   Code   RO         4120    i.Sensor_test       hello_screen.o
    0x08004f3c   0x00000054   Code   RO         3646    i.SysTick_Handler   stm32f1xx_it.o
    0x08004f90   0x00000082   Code   RO         4042    i.SystemClock_Config  init.o
    0x08005012   0x00000002   PAD
    0x08005014   0x00000058   Code   RO         4643    i.SystemInit        system_stm32f1xx.o
    0x0800506c   0x00000090   Code   RO         4121    i.System_Status_Checked  hello_screen.o
    0x080050fc   0x000000a4   Code   RO         4122    i.System_Status_Update_Screen  hello_screen.o
    0x080051a0   0x00000064   Code   RO         3714    i.Take_new_Messure  main.o
    0x08005204   0x00000002   Code   RO         3647    i.USB_LP_CAN1_RX0_IRQHandler  stm32f1xx_it.o
    0x08005206   0x00000002   PAD
    0x08005208   0x0000039c   Code   RO         4194    i.Write_file        files.o
    0x080055a4   0x00000028   Code   RO         4934    i.__0sprintf        mc_w.l(printfa.o)
    0x080055cc   0x0000000e   Code   RO         5092    i.__scatterload_copy  mc_w.l(handlers.o)
    0x080055da   0x00000002   Code   RO         5093    i.__scatterload_null  mc_w.l(handlers.o)
    0x080055dc   0x0000000e   Code   RO         5094    i.__scatterload_zeroinit  mc_w.l(handlers.o)
    0x080055ea   0x00000002   PAD
    0x080055ec   0x00000164   Code   RO         4939    i._fp_digits        mc_w.l(printfa.o)
    0x08005750   0x000006dc   Code   RO         4940    i._printf_core      mc_w.l(printfa.o)
    0x08005e2c   0x00000024   Code   RO         4941    i._printf_post_padding  mc_w.l(printfa.o)
    0x08005e50   0x0000002e   Code   RO         4942    i._printf_pre_padding  mc_w.l(printfa.o)
    0x08005e7e   0x0000000a   Code   RO         4944    i._sputc            mc_w.l(printfa.o)
    0x08005e88   0x00000004   Code   RO         2828    i.card_power        sd_spi_stm32.o
    0x08005e8c   0x0000007c   Code   RO         2338    i.check_fs          ff.o
    0x08005f08   0x00000014   Code   RO         2339    i.chk_chr           ff.o
    0x08005f1c   0x00000004   Code   RO         2829    i.chk_power         sd_spi_stm32.o
    0x08005f20   0x0000001a   Code   RO         2340    i.clust2sect        ff.o
    0x08005f3a   0x00000002   PAD
    0x08005f3c   0x00000098   Code   RO         2341    i.cmp_lfn           ff.o
    0x08005fd4   0x000000de   Code   RO         2342    i.create_chain      ff.o
    0x080060b2   0x00000002   PAD
    0x080060b4   0x00000230   Code   RO         2343    i.create_name       ff.o
    0x080062e4   0x0000000c   Code   RO         3715    i.delay_ms          main.o
    0x080062f0   0x00000060   Code   RO         2344    i.dir_alloc         ff.o
    0x08006350   0x000000fc   Code   RO         2345    i.dir_find          ff.o
    0x0800644c   0x0000010c   Code   RO         2346    i.dir_next          ff.o
    0x08006558   0x00000142   Code   RO         2348    i.dir_register      ff.o
    0x0800669a   0x0000009a   Code   RO         2350    i.dir_sdi           ff.o
    0x08006734   0x00000140   Code   RO         2830    i.disk_initialize   sd_spi_stm32.o
    0x08006874   0x00000274   Code   RO         2831    i.disk_ioctl        sd_spi_stm32.o
    0x08006ae8   0x00000090   Code   RO         2832    i.disk_read         sd_spi_stm32.o
    0x08006b78   0x00000014   Code   RO         2833    i.disk_status       sd_spi_stm32.o
    0x08006b8c   0x0000007c   Code   RO         2834    i.disk_timerproc    sd_spi_stm32.o
    0x08006c08   0x000000b4   Code   RO         2835    i.disk_write        sd_spi_stm32.o
    0x08006cbc   0x00000022   Code   RO         2351    i.f_close           ff.o
    0x08006cde   0x0000014e   Code   RO         2353    i.f_expand          ff.o
    0x08006e2c   0x00000052   Code   RO         2355    i.f_gets            ff.o
    0x08006e7e   0x00000184   Code   RO         2356    i.f_lseek           ff.o
    0x08007002   0x00000002   PAD
    0x08007004   0x0000005c   Code   RO         2358    i.f_mount           ff.o
    0x08007060   0x000001ee   Code   RO         2359    i.f_open            ff.o
    0x0800724e   0x00000022   Code   RO         2362    i.f_putc            ff.o
    0x08007270   0x0000002c   Code   RO         2363    i.f_puts            ff.o
    0x0800729c   0x0000019c   Code   RO         2364    i.f_read            ff.o
    0x08007438   0x000000a0   Code   RO         2368    i.f_sync            ff.o
    0x080074d8   0x000001de   Code   RO         2371    i.f_write           ff.o
    0x080076b6   0x00000002   PAD
    0x080076b8   0x0000004c   Code   RO         2692    i.ff_convert        unicode.o
    0x08007704   0x000000a4   Code   RO         2693    i.ff_wtoupper       unicode.o
    0x080077a8   0x00000300   Code   RO         2372    i.find_volume       ff.o
    0x08007aa8   0x000000a2   Code   RO         2373    i.follow_path       ff.o
    0x08007b4a   0x00000002   PAD
    0x08007b4c   0x00000050   Code   RO         4960    i.free              mc_w.l(malloc.o)
    0x08007b9c   0x000000b4   Code   RO         2374    i.gen_numname       ff.o
    0x08007c50   0x000000e0   Code   RO         2375    i.get_fat           ff.o
    0x08007d30   0x00000050   Code   RO         2727    i.get_fattime       fattime.o
    0x08007d80   0x00000048   Code   RO         2377    i.get_ldnumber      ff.o
    0x08007dc8   0x00000020   Code   RO         2836    i.interface_speed   sd_spi_stm32.o
    0x08007de8   0x00000026   Code   RO         2378    i.ld_clust          ff.o
    0x08007e0e   0x00000018   Code   RO         2379    i.ld_dword          ff.o
    0x08007e26   0x0000000c   Code   RO         2380    i.ld_word           ff.o
    0x08007e32   0x00000002   PAD
    0x08007e34   0x000004ac   Code   RO         3716    i.main              main.o
    0x080082e0   0x0000006c   Code   RO         4961    i.malloc            mc_w.l(malloc.o)
    0x0800834c   0x00000024   Code   RO         2381    i.mem_cmp           ff.o
    0x08008370   0x0000001a   Code   RO         2382    i.mem_cpy           ff.o
    0x0800838a   0x00000012   Code   RO         2383    i.mem_set           ff.o
    0x0800839c   0x00000034   Code   RO         2384    i.move_window       ff.o
    0x080083d0   0x0000003c   Code   RO         2837    i.power_off         sd_spi_stm32.o
    0x0800840c   0x00000128   Code   RO         2838    i.power_on          sd_spi_stm32.o
    0x08008534   0x00000138   Code   RO         2386    i.put_fat           ff.o
    0x0800866c   0x00000080   Code   RO         2387    i.put_lfn           ff.o
    0x080086ec   0x00000044   Code   RO         2388    i.putc_bfd          ff.o
    0x08008730   0x0000002c   Code   RO         2389    i.putc_flush        ff.o
    0x0800875c   0x0000000a   Code   RO         2390    i.putc_init         ff.o
    0x08008766   0x00000002   PAD
    0x08008768   0x00000068   Code   RO         2839    i.rcvr_datablock    sd_spi_stm32.o
    0x080087d0   0x0000000a   Code   RO         2840    i.rcvr_spi          sd_spi_stm32.o
    0x080087da   0x00000002   PAD
    0x080087dc   0x00000018   Code   RO         2841    i.release_spi       sd_spi_stm32.o
    0x080087f4   0x0000009a   Code   RO         2391    i.remove_chain      ff.o
    0x0800888e   0x00000002   PAD
    0x08008890   0x000000a4   Code   RO         2842    i.send_cmd          sd_spi_stm32.o
    0x08008934   0x00000002   Code   RO         2843    i.socket_cp_init    sd_spi_stm32.o
    0x08008936   0x00000002   Code   RO         2844    i.socket_wp_init    sd_spi_stm32.o
    0x08008938   0x00000024   Code   RO         2392    i.st_clust          ff.o
    0x0800895c   0x00000018   Code   RO         2393    i.st_dword          ff.o
    0x08008974   0x0000000c   Code   RO         2394    i.st_word           ff.o
    0x08008980   0x00000020   Code   RO         2845    i.stm32_spi_rw      sd_spi_stm32.o
    0x080089a0   0x00000020   Code   RO         2395    i.sum_sfn           ff.o
    0x080089c0   0x00000090   Code   RO         2396    i.sync_fs           ff.o
    0x08008a50   0x00000052   Code   RO         2397    i.sync_window       ff.o
    0x08008aa2   0x0000003c   Code   RO         2398    i.validate          ff.o
    0x08008ade   0x00000002   PAD
    0x08008ae0   0x00000028   Code   RO         2846    i.wait_ready        sd_spi_stm32.o
    0x08008b08   0x0000005e   Code   RO         2847    i.xmit_datablock    sd_spi_stm32.o
    0x08008b66   0x00000010   Data   RO          687    .constdata          stm32f1xx_hal_rcc.o
    0x08008b76   0x0000008d   Data   RO         2400    .constdata          ff.o
    0x08008c03   0x00000001   PAD
    0x08008c04   0x000003ae   Data   RO         2694    .constdata          unicode.o
    0x08008fb2   0x00001d70   Data   RO         4001    .constdata          my_font.o
    0x0800ad22   0x0000000c   Data   RO         4693    .constdata          mc_w.l(localtime.o)
    0x0800ad2e   0x00000002   PAD
    0x0800ad30   0x00000020   Data   RO         5090    Region$$Table       anon$$obj.o


    Execution Region RW_IRAM1 (Base: 0x20000000, Size: 0x00003518, Max: 0x00005000, ABSOLUTE)

    Base Addr    Size         Type   Attr      Idx    E Section Name        Object

    0x20000000   0x00000004   Data   RW          244    .data               stm32f1xx_hal.o
    0x20000004   0x00000006   Data   RW         2401    .data               ff.o
    0x2000000a   0x00000002   PAD
    0x2000000c   0x00000014   Data   RW         2849    .data               sd_spi_stm32.o
    0x20000020   0x00000021   Data   RW         2972    .data               bmp085.o
    0x20000041   0x00000003   PAD
    0x20000044   0x00000006   Data   RW         3098    .data               i2cdev.o
    0x2000004a   0x00000007   Data   RW         3648    .data               stm32f1xx_it.o
    0x20000051   0x00000003   PAD
    0x20000054   0x00000034   Data   RW         3718    .data               main.o
    0x20000088   0x00000018   Data   RW         4002    .data               my_font.o
    0x200000a0   0x00000007   Data   RW         4044    .data               init.o
    0x200000a7   0x00000001   PAD
    0x200000a8   0x00000018   Data   RW         4171    .data               buttoms.o
    0x200000c0   0x0000000c   Data   RW         4196    .data               files.o
    0x200000cc   0x00000004   Data   RW         4645    .data               system_stm32f1xx.o
    0x200000d0   0x00000004   Data   RW         5058    .data               mc_w.l(mvars.o)
    0x200000d4   0x00000004   Data   RW         5059    .data               mc_w.l(mvars.o)
    0x200000d8   0x00000200   Zero   RW         2399    .bss                ff.o
    0x200002d8   0x00000058   Zero   RW         2848    .bss                sd_spi_stm32.o
    0x20000330   0x0000003c   Zero   RW         3205    .bss                lm75_hal.o
    0x2000036c   0x00002630   Zero   RW         3717    .bss                main.o
    0x2000299c   0x00000050   Zero   RW         4043    .bss                init.o
    0x200029ec   0x0000003c   Zero   RW         4123    .bss                hello_screen.o
    0x20002a28   0x000004c0   Zero   RW         4195    .bss                files.o
    0x20002ee8   0x0000002c   Zero   RW         4692    .bss                mc_w.l(localtime.o)
    0x20002f14   0x00000004   PAD
    0x20002f18   0x00000200   Zero   RW         4235    HEAP                startup_stm32f103xb.o
    0x20003118   0x00000400   Zero   RW         4234    STACK               startup_stm32f103xb.o


==============================================================================

Image component sizes


      Code (inc. data)   RO Data    RW Data    ZI Data      Debug   Object Name

       948        172          0         33          0       6561   bmp085.o
         0          0          0         24          0        249   buttoms.o
        80          6          0          0          0       2425   fattime.o
      7466         82        141          6        512      41673   ff.o
      1568        274          0         12       1216       3013   files.o
      1196        250          0          0         60       3358   hello_screen.o
       206          8          0          6          0       3157   i2cdev.o
       918         78          0          7         80       3635   init.o
      1070         50          0          0          0       5846   lcd_driver.o
       536         36          0          0         60       2960   lm75_hal.o
      1960        266          0         52       9776      10131   main.o
       576         48       7536         24          0       3081   my_font.o
      2284        144          0         20         88      13783   sd_spi_stm32.o
        36          8        236          0       1536        872   startup_stm32f103xb.o
       130         16          0          4          0       3498   stm32f1xx_hal.o
       348         22          0          0          0      27633   stm32f1xx_hal_cortex.o
       862         36          0          0          0       5052   stm32f1xx_hal_gpio.o
      2324         34          0          0          0      10472   stm32f1xx_hal_i2c.o
        72          8          0          0          0        786   stm32f1xx_hal_msp.o
        24          4          0          0          0     241587   stm32f1xx_hal_pwr.o
      3840        108         16          0          0       6080   stm32f1xx_hal_rcc.o
       700         44          0          0          0       2265   stm32f1xx_hal_rcc_ex.o
      1144         10          0          0          0       9682   stm32f1xx_hal_rtc.o
       192         10          0          0          0       4009   stm32f1xx_hal_rtc_ex.o
      1832          0          0          0          0       5415   stm32f1xx_hal_spi.o
       298         64          0          7          0       4043   stm32f1xx_it.o
        88         18          0          4          0       1285   system_stm32f1xx.o
       240         24        942          0          0       2435   unicode.o

    ----------------------------------------------------------------------
     30974       1820       8904        208      13328     424986   Object Totals
         0          0         32          0          0          0   (incl. Generated)
        36          0          1          9          0          0   (incl. Padding)

    ----------------------------------------------------------------------

      Code (inc. data)   RO Data    RW Data    ZI Data      Debug   Library Member Name

         0          0          0          0          0          0   entry.o
         0          0          0          0          0          0   entry10a.o
         0          0          0          0          0          0   entry11a.o
         8          4          0          0          0          0   entry2.o
         4          0          0          0          0          0   entry5.o
         0          0          0          0          0          0   entry7b.o
         0          0          0          0          0          0   entry8b.o
         8          4          0          0          0          0   entry9a.o
        30          0          0          0          0          0   handlers.o
        36          8          0          0          0         68   init.o
         0          0          0          0          0          0   iusefp.o
        30          0          0          0          0         68   llshl.o
        36          0          0          0          0         68   llsshr.o
        32          0          0          0          0         68   llushr.o
       148         10         12          0         44         76   localtime.o
       188         20          0          0          0        160   malloc.o
        36          0          0          0          0         68   memcpya.o
         0          0          0          8          0          0   mvars.o
      2244         86          0          0          0        512   printfa.o
        44          0          0          0          0         80   uidiv.o
        98          0          0          0          0         92   uldiv.o
        48          0          0          0          0         68   cdrcmple.o
       334          0          0          0          0        148   dadd.o
       222          0          0          0          0        100   ddiv.o
       186          0          0          0          0        176   depilogue.o
        48          0          0          0          0         68   dfixul.o
       228          0          0          0          0         96   dmul.o
        38          0          0          0          0         68   f2d.o
       176          0          0          0          0        140   fadd.o
       124          0          0          0          0         88   fdiv.o
       110          0          0          0          0        168   fepilogue.o
        18          0          0          0          0         68   fflti.o

    ----------------------------------------------------------------------
      4476        132         14          8         48       2448   Library Totals
         2          0          2          0          4          0   (incl. Padding)

    ----------------------------------------------------------------------

      Code (inc. data)   RO Data    RW Data    ZI Data      Debug   Library Name

      2942        132         12          8         44       1260   mc_w.l
      1532          0          0          0          0       1188   mf_w.l

    ----------------------------------------------------------------------
      4476        132         14          8         48       2448   Library Totals

    ----------------------------------------------------------------------

==============================================================================


      Code (inc. data)   RO Data    RW Data    ZI Data      Debug   

     35450       1952       8918        216      13376     416354   Grand Totals
     35450       1952       8918        216      13376     416354   ELF Image Totals
     35450       1952       8918        216          0          0   ROM Totals

==============================================================================

    Total RO  Size (Code + RO Data)                44368 (  43.33kB)
    Total RW  Size (RW Data + ZI Data)             13592 (  13.27kB)
    Total ROM Size (Code + RO Data + RW Data)      44584 (  43.54kB)

==============================================================================

