Component: ARM Compiler 5.05 update 1 (build 106) Tool: armlink [4d0efa]

==============================================================================

Section Cross References

    stm32f1xx_hal_pwr.o(i.HAL_PWR_EnterSTOPMode) refers to stm32f1xx_hal_pwr.o(i.PWR_OverloadWfe) for PWR_OverloadWfe
    stm32f1xx_hal_pwr.o(i.HAL_PWR_PVD_IRQHandler) refers to stm32f1xx_hal_pwr.o(i.HAL_PWR_PVDCallback) for HAL_PWR_PVDCallback
    stm32f1xx_hal.o(i.HAL_DeInit) refers to stm32f1xx_hal.o(i.HAL_MspDeInit) for HAL_MspDeInit
    stm32f1xx_hal.o(i.HAL_Delay) refers to stm32f1xx_hal.o(i.HAL_GetTick) for HAL_GetTick
    stm32f1xx_hal.o(i.HAL_GetTick) refers to stm32f1xx_hal.o(.data) for .data
    stm32f1xx_hal.o(i.HAL_IncTick) refers to stm32f1xx_hal.o(.data) for .data
    stm32f1xx_hal.o(i.HAL_Init) refers to stm32f1xx_hal_cortex.o(i.HAL_NVIC_SetPriorityGrouping) for HAL_NVIC_SetPriorityGrouping
    stm32f1xx_hal.o(i.HAL_Init) refers to stm32f1xx_hal.o(i.HAL_InitTick) for HAL_InitTick
    stm32f1xx_hal.o(i.HAL_Init) refers to stm32f1xx_hal_msp.o(i.HAL_MspInit) for HAL_MspInit
    stm32f1xx_hal.o(i.HAL_InitTick) refers to stm32f1xx_hal_rcc.o(i.HAL_RCC_GetHCLKFreq) for HAL_RCC_GetHCLKFreq
    stm32f1xx_hal.o(i.HAL_InitTick) refers to stm32f1xx_hal_cortex.o(i.HAL_SYSTICK_Config) for HAL_SYSTICK_Config
    stm32f1xx_hal.o(i.HAL_InitTick) refers to stm32f1xx_hal_cortex.o(i.HAL_NVIC_SetPriority) for HAL_NVIC_SetPriority
    stm32f1xx_ll_usb.o(i.USB_EPStartXfer) refers to stm32f1xx_ll_usb.o(i.USB_WritePMA) for USB_WritePMA
    stm32f1xx_hal_cortex.o(i.HAL_NVIC_SetPriority) refers to stm32f1xx_hal_cortex.o(i.NVIC_SetPriority) for NVIC_SetPriority
    stm32f1xx_hal_cortex.o(i.HAL_SYSTICK_Config) refers to stm32f1xx_hal_cortex.o(i.NVIC_SetPriority) for NVIC_SetPriority
    stm32f1xx_hal_cortex.o(i.HAL_SYSTICK_IRQHandler) refers to stm32f1xx_hal_cortex.o(i.HAL_SYSTICK_Callback) for HAL_SYSTICK_Callback
    stm32f1xx_hal_rcc.o(i.HAL_RCC_ClockConfig) refers to stm32f1xx_hal.o(i.HAL_GetTick) for HAL_GetTick
    stm32f1xx_hal_rcc.o(i.HAL_RCC_ClockConfig) refers to stm32f1xx_hal.o(i.HAL_InitTick) for HAL_InitTick
    stm32f1xx_hal_rcc.o(i.HAL_RCC_GetHCLKFreq) refers to stm32f1xx_hal_rcc.o(i.HAL_RCC_GetSysClockFreq) for HAL_RCC_GetSysClockFreq
    stm32f1xx_hal_rcc.o(i.HAL_RCC_GetHCLKFreq) refers to stm32f1xx_hal_rcc.o(.constdata) for .constdata
    stm32f1xx_hal_rcc.o(i.HAL_RCC_GetHCLKFreq) refers to system_stm32f1xx.o(.data) for SystemCoreClock
    stm32f1xx_hal_rcc.o(i.HAL_RCC_GetPCLK1Freq) refers to stm32f1xx_hal_rcc.o(i.HAL_RCC_GetHCLKFreq) for HAL_RCC_GetHCLKFreq
    stm32f1xx_hal_rcc.o(i.HAL_RCC_GetPCLK1Freq) refers to stm32f1xx_hal_rcc.o(.constdata) for .constdata
    stm32f1xx_hal_rcc.o(i.HAL_RCC_GetPCLK2Freq) refers to stm32f1xx_hal_rcc.o(i.HAL_RCC_GetHCLKFreq) for HAL_RCC_GetHCLKFreq
    stm32f1xx_hal_rcc.o(i.HAL_RCC_GetPCLK2Freq) refers to stm32f1xx_hal_rcc.o(.constdata) for .constdata
    stm32f1xx_hal_rcc.o(i.HAL_RCC_MCOConfig) refers to stm32f1xx_hal_gpio.o(i.HAL_GPIO_Init) for HAL_GPIO_Init
    stm32f1xx_hal_rcc.o(i.HAL_RCC_NMI_IRQHandler) refers to stm32f1xx_hal_rcc.o(i.HAL_RCC_CSSCallback) for HAL_RCC_CSSCallback
    stm32f1xx_hal_rcc.o(i.HAL_RCC_OscConfig) refers to stm32f1xx_hal.o(i.HAL_GetTick) for HAL_GetTick
    stm32f1xx_hal_rcc.o(i.HAL_RCC_OscConfig) refers to stm32f1xx_hal.o(i.HAL_Delay) for HAL_Delay
    stm32f1xx_hal_flash_ex.o(i.FLASH_MassErase) refers to stm32f1xx_hal_flash.o(.bss) for pFlash
    stm32f1xx_hal_flash_ex.o(i.FLASH_OB_DisableWRP) refers to stm32f1xx_hal_flash.o(i.FLASH_WaitForLastOperation) for FLASH_WaitForLastOperation
    stm32f1xx_hal_flash_ex.o(i.FLASH_OB_DisableWRP) refers to stm32f1xx_hal_flash_ex.o(i.HAL_FLASHEx_OBErase) for HAL_FLASHEx_OBErase
    stm32f1xx_hal_flash_ex.o(i.FLASH_OB_DisableWRP) refers to stm32f1xx_hal_flash.o(.bss) for pFlash
    stm32f1xx_hal_flash_ex.o(i.FLASH_OB_EnableWRP) refers to stm32f1xx_hal_flash.o(i.FLASH_WaitForLastOperation) for FLASH_WaitForLastOperation
    stm32f1xx_hal_flash_ex.o(i.FLASH_OB_EnableWRP) refers to stm32f1xx_hal_flash_ex.o(i.HAL_FLASHEx_OBErase) for HAL_FLASHEx_OBErase
    stm32f1xx_hal_flash_ex.o(i.FLASH_OB_EnableWRP) refers to stm32f1xx_hal_flash.o(.bss) for pFlash
    stm32f1xx_hal_flash_ex.o(i.FLASH_OB_RDP_LevelConfig) refers to stm32f1xx_hal_flash.o(i.FLASH_WaitForLastOperation) for FLASH_WaitForLastOperation
    stm32f1xx_hal_flash_ex.o(i.FLASH_OB_RDP_LevelConfig) refers to stm32f1xx_hal_flash.o(.bss) for pFlash
    stm32f1xx_hal_flash_ex.o(i.FLASH_PageErase) refers to stm32f1xx_hal_flash.o(.bss) for pFlash
    stm32f1xx_hal_flash_ex.o(i.HAL_FLASHEx_Erase) refers to stm32f1xx_hal_flash.o(i.FLASH_WaitForLastOperation) for FLASH_WaitForLastOperation
    stm32f1xx_hal_flash_ex.o(i.HAL_FLASHEx_Erase) refers to stm32f1xx_hal_flash_ex.o(i.FLASH_MassErase) for FLASH_MassErase
    stm32f1xx_hal_flash_ex.o(i.HAL_FLASHEx_Erase) refers to stm32f1xx_hal_flash_ex.o(i.FLASH_PageErase) for FLASH_PageErase
[...]
    ..\Src\usbd_cdc_if.c                     0x00000000   Number         0  usbd_cdc_if.o ABSOLUTE
    ..\Src\usbd_conf.c                       0x00000000   Number         0  usbd_conf.o ABSOLUTE
    ..\Src\usbd_desc.c                       0x00000000   Number         0  usbd_desc.o ABSOLUTE
    ..\\Drivers\\STM32F1xx_HAL_Driver\\Src\\stm32f1xx_hal_i2c.c 0x00000000   Number         0  stm32f1xx_hal_i2c.o ABSOLUTE
    ..\\Drivers\\STM32F1xx_HAL_Driver\\Src\\stm32f1xx_hal_rtc.c 0x00000000   Number         0  stm32f1xx_hal_rtc.o ABSOLUTE
    ..\\Drivers\\STM32F1xx_HAL_Driver\\Src\\stm32f1xx_hal_rtc_ex.c 0x00000000   Number         0  stm32f1xx_hal_rtc_ex.o ABSOLUTE
    ..\\Drivers\\STM32F1xx_HAL_Driver\\Src\\stm32f1xx_hal_spi.c 0x00000000   Number         0  stm32f1xx_hal_spi.o ABSOLUTE
    ..\\Fatf\\fattime.c                      0x00000000   Number         0  fattime.o ABSOLUTE
    ..\\Fatf\\sd_spi_stm32.c                 0x00000000   Number         0  sd_spi_stm32.o ABSOLUTE
    ..\\Fatf\\src\\ff.c                      0x00000000   Number         0  ff.o ABSOLUTE
    ..\\Fatf\\src\\option\\unicode.c         0x00000000   Number         0  unicode.o ABSOLUTE
    ..\\Src\\BMP085.c                        0x00000000   Number         0  bmp085.o ABSOLUTE
    ..\\Src\\BMP_graph.c                     0x00000000   Number         0  bmp_graph.o ABSOLUTE
    ..\\Src\\GUI.c                           0x00000000   Number         0  gui.o ABSOLUTE
    ..\\Src\\I2Cdev.c                        0x00000000   Number         0  i2cdev.o ABSOLUTE
    ..\\Src\\Init.c                          0x00000000   Number         0  init.o ABSOLUTE
    ..\\Src\\LM75_hal.c                      0x00000000   Number         0  lm75_hal.o ABSOLUTE
    ..\\Src\\Lcd_Driver.c                    0x00000000   Number         0  lcd_driver.o ABSOLUTE
    ..\\Src\\My_font.c                       0x00000000   Number         0  my_font.o ABSOLUTE
    cdcmple.s                                0x00000000   Number         0  cdcmple.o ABSOLUTE
    cdrcmple.s                               0x00000000   Number         0  cdrcmple.o ABSOLUTE
    cfcmple.s                                0x00000000   Number         0  cfcmple.o ABSOLUTE
    cfrcmple.s                               0x00000000   Number         0  cfrcmple.o ABSOLUTE
    dc.s                                     0x00000000   Number         0  dc.o ABSOLUTE
    handlers.s                               0x00000000   Number         0  handlers.o ABSOLUTE
    init.s                                   0x00000000   Number         0  init.o ABSOLUTE
    RESET                                    0x08000000   Section      236  startup_stm32f103xb.o(RESET)
    .ARM.Collect$$$$00000000                 0x080000ec   Section        0  entry.o(.ARM.Collect$$$$00000000)
    .ARM.Collect$$$$00000001                 0x080000ec   Section        4  entry2.o(.ARM.Collect$$$$00000001)
    .ARM.Collect$$$$00000004                 0x080000f0   Section        4  entry5.o(.ARM.Collect$$$$00000004)
    .ARM.Collect$$$$00000008                 0x080000f4   Section        0  entry7b.o(.ARM.Collect$$$$00000008)
    .ARM.Collect$$$$0000000A                 0x080000f4   Section        0  entry8b.o(.ARM.Collect$$$$0000000A)
    .ARM.Collect$$$$0000000B                 0x080000f4   Section        8  entry9a.o(.ARM.Collect$$$$0000000B)
    .ARM.Collect$$$$0000000D                 0x080000fc   Section        0  entry10a.o(.ARM.Collect$$$$0000000D)
    .ARM.Collect$$$$0000000F                 0x080000fc   Section        0  entry11a.o(.ARM.Collect$$$$0000000F)
    .ARM.Collect$$$$00002712                 0x080000fc   Section        4  entry2.o(.ARM.Collect$$$$00002712)
    __lit__00000000                          0x080000fc   Data           4  entry2.o(.ARM.Collect$$$$00002712)
    .text                                    0x08000100   Section       36  startup_stm32f103xb.o(.text)
    .text                                    0x08000124   Section        0  llushr.o(.text)
    .text                                    0x08000144   Section        0  localtime.o(.text)
    .text                                    0x080001d8   Section        0  memcpya.o(.text)
    .text                                    0x080001fc   Section        0  fdiv.o(.text)
    .text                                    0x08000278   Section        0  dadd.o(.text)
    .text                                    0x080003c6   Section        0  dmul.o(.text)
    .text                                    0x080004aa   Section        0  fflti.o(.text)
    .text                                    0x080004bc   Section        0  ffixui.o(.text)
    .text                                    0x080004e4   Section        0  f2d.o(.text)
    .text                                    0x0800050c   Section       20  cfcmple.o(.text)
    .text                                    0x08000520   Section       20  cfrcmple.o(.text)
    .text                                    0x08000534   Section        0  uidiv.o(.text)
    .text                                    0x08000560   Section        0  uldiv.o(.text)
    .text                                    0x080005c2   Section        0  llshl.o(.text)
    .text                                    0x080005e0   Section        0  llsshr.o(.text)
    .text                                    0x08000604   Section        0  fepilogue.o(.text)
    .text                                    0x08000604   Section        0  iusefp.o(.text)
    .text                                    0x08000672   Section        0  depilogue.o(.text)
    .text                                    0x0800072c   Section        0  ddiv.o(.text)
    .text                                    0x0800080a   Section        0  dfixul.o(.text)
    .text                                    0x0800083c   Section       48  cdrcmple.o(.text)
    .text                                    0x0800086c   Section       36  init.o(.text)
    i.BMP085_getMeasureDelayMilliseconds     0x08000890   Section        0  bmp085.o(i.BMP085_getMeasureDelayMilliseconds)
    i.BMP085_getMeasurement2                 0x080008c0   Section        0  bmp085.o(i.BMP085_getMeasurement2)
    i.BMP085_getMeasurement3                 0x080008ec   Section        0  bmp085.o(i.BMP085_getMeasurement3)
    i.BMP085_getPressure                     0x0800091c   Section        0  bmp085.o(i.BMP085_getPressure)
    i.BMP085_getRawPressure                  0x080009c0   Section        0  bmp085.o(i.BMP085_getRawPressure)
    i.BMP085_getRawTemperature               0x080009e0   Section        0  bmp085.o(i.BMP085_getRawTemperature)
    i.BMP085_getTemperatureC                 0x080009f4   Section        0  bmp085.o(i.BMP085_getTemperatureC)
    i.BMP085_initialize                      0x08000a34   Section        0  bmp085.o(i.BMP085_initialize)
    i.BMP085_loadCalibration                 0x08000a48   Section        0  bmp085.o(i.BMP085_loadCalibration)
    i.BMP085_setControl                      0x08000b08   Section        0  bmp085.o(i.BMP085_setControl)
    i.BMP085_testConnection                  0x08000b20   Section        0  bmp085.o(i.BMP085_testConnection)
    i.Draw_graph                             0x08000b40   Section        0  bmp_graph.o(i.Draw_graph)
    i.Draw_table_ex                          0x08000d08   Section        0  main.o(i.Draw_table_ex)
    i.EXTI1_IRQHandler                       0x08000dd8   Section        0  stm32f1xx_it.o(i.EXTI1_IRQHandler)
    i.EXTI3_IRQHandler                       0x08000e0c   Section        0  stm32f1xx_it.o(i.EXTI3_IRQHandler)
    i.First_Draw_Graph                       0x08000e28   Section        0  bmp_graph.o(i.First_Draw_Graph)
    i.First_Draw_Table                       0x08000f54   Section        0  main.o(i.First_Draw_Table)
    i.Gui_Circle                             0x08000fc8   Section        0  gui.o(i.Gui_Circle)
    i.Gui_DrawLine                           0x08001124   Section        0  gui.o(i.Gui_DrawLine)
    i.Gui_DrawPoint                          0x080011ce   Section        0  lcd_driver.o(i.Gui_DrawPoint)
    i.HAL_Delay                              0x080011e8   Section        0  stm32f1xx_hal.o(i.HAL_Delay)
    i.HAL_GPIO_EXTI_Callback                 0x080011fe   Section        0  stm32f1xx_hal_gpio.o(i.HAL_GPIO_EXTI_Callback)
    i.HAL_GPIO_EXTI_IRQHandler               0x08001200   Section        0  stm32f1xx_hal_gpio.o(i.HAL_GPIO_EXTI_IRQHandler)
    i.HAL_GPIO_Init                          0x08001218   Section        0  stm32f1xx_hal_gpio.o(i.HAL_GPIO_Init)
    i.HAL_GPIO_TogglePin                     0x080013d4   Section        0  stm32f1xx_hal_gpio.o(i.HAL_GPIO_TogglePin)
    i.HAL_GPIO_WritePin                      0x080013dc   Section        0  stm32f1xx_hal_gpio.o(i.HAL_GPIO_WritePin)
    i.HAL_GetTick                            0x080013e8   Section        0  stm32f1xx_hal.o(i.HAL_GetTick)
    i.HAL_I2C_Init                           0x080013f4   Section        0  stm32f1xx_hal_i2c.o(i.HAL_I2C_Init)
    i.HAL_I2C_Master_Receive                 0x080014d4   Section        0  stm32f1xx_hal_i2c.o(i.HAL_I2C_Master_Receive)
    i.HAL_I2C_Master_Transmit                0x080016a4   Section        0  stm32f1xx_hal_i2c.o(i.HAL_I2C_Master_Transmit)
    i.HAL_I2C_MspInit                        0x080017d0   Section        0  stm32f1xx_hal_i2c.o(i.HAL_I2C_MspInit)
    i.HAL_IncTick                            0x080017d4   Section        0  stm32f1xx_hal.o(i.HAL_IncTick)
    i.HAL_Init                               0x080017e4   Section        0  stm32f1xx_hal.o(i.HAL_Init)
    i.HAL_InitTick                           0x08001808   Section        0  stm32f1xx_hal.o(i.HAL_InitTick)
    i.HAL_MspInit                            0x0800182c   Section        0  stm32f1xx_hal_msp.o(i.HAL_MspInit)
    i.HAL_NVIC_EnableIRQ                     0x08001868   Section        0  stm32f1xx_hal_cortex.o(i.HAL_NVIC_EnableIRQ)
    i.HAL_NVIC_SetPriority                   0x08001880   Section        0  stm32f1xx_hal_cortex.o(i.HAL_NVIC_SetPriority)
    i.HAL_NVIC_SetPriorityGrouping           0x080018c0   Section        0  stm32f1xx_hal_cortex.o(i.HAL_NVIC_SetPriorityGrouping)
    i.HAL_PWR_EnableBkUpAccess               0x080018e4   Section        0  stm32f1xx_hal_pwr.o(i.HAL_PWR_EnableBkUpAccess)
    i.HAL_RCCEx_GetPeriphCLKFreq             0x080018fc   Section        0  stm32f1xx_hal_rcc_ex.o(i.HAL_RCCEx_GetPeriphCLKFreq)
    i.HAL_RCCEx_PeriphCLKConfig              0x080019ec   Section        0  stm32f1xx_hal_rcc_ex.o(i.HAL_RCCEx_PeriphCLKConfig)
    i.HAL_RCC_ClockConfig                    0x08001b14   Section        0  stm32f1xx_hal_rcc.o(i.HAL_RCC_ClockConfig)
    i.HAL_RCC_GetHCLKFreq                    0x08001d9c   Section        0  stm32f1xx_hal_rcc.o(i.HAL_RCC_GetHCLKFreq)
    i.HAL_RCC_GetPCLK1Freq                   0x08001dd0   Section        0  stm32f1xx_hal_rcc.o(i.HAL_RCC_GetPCLK1Freq)
    i.HAL_RCC_GetPCLK2Freq                   0x08001dfc   Section        0  stm32f1xx_hal_rcc.o(i.HAL_RCC_GetPCLK2Freq)
    i.HAL_RCC_GetSysClockFreq                0x08001e28   Section        0  stm32f1xx_hal_rcc.o(i.HAL_RCC_GetSysClockFreq)
    i.HAL_RCC_OscConfig                      0x08001eb0   Section        0  stm32f1xx_hal_rcc.o(i.HAL_RCC_OscConfig)
    i.HAL_RTCEx_BKUPRead                     0x080024e4   Section        0  stm32f1xx_hal_rtc_ex.o(i.HAL_RTCEx_BKUPRead)
    i.HAL_RTCEx_BKUPWrite                    0x080024f4   Section        0  stm32f1xx_hal_rtc_ex.o(i.HAL_RTCEx_BKUPWrite)
    i.HAL_RTCEx_RTCEventCallback             0x08002504   Section        0  stm32f1xx_hal_rtc_ex.o(i.HAL_RTCEx_RTCEventCallback)
    i.HAL_RTCEx_RTCEventErrorCallback        0x08002506   Section        0  stm32f1xx_hal_rtc_ex.o(i.HAL_RTCEx_RTCEventErrorCallback)
    i.HAL_RTCEx_RTCIRQHandler                0x08002508   Section        0  stm32f1xx_hal_rtc_ex.o(i.HAL_RTCEx_RTCIRQHandler)
    i.HAL_RTCEx_SetSecond_IT                 0x08002548   Section        0  stm32f1xx_hal_rtc_ex.o(i.HAL_RTCEx_SetSecond_IT)
    i.HAL_RTC_AlarmAEventCallback            0x08002574   Section        0  stm32f1xx_hal_rtc.o(i.HAL_RTC_AlarmAEventCallback)
    i.HAL_RTC_AlarmIRQHandler                0x08002578   Section        0  stm32f1xx_hal_rtc.o(i.HAL_RTC_AlarmIRQHandler)
    i.HAL_RTC_GetDate                        0x080025ac   Section        0  stm32f1xx_hal_rtc.o(i.HAL_RTC_GetDate)
    i.HAL_RTC_GetTime                        0x080025fa   Section        0  stm32f1xx_hal_rtc.o(i.HAL_RTC_GetTime)
    i.HAL_RTC_Init                           0x08002684   Section        0  stm32f1xx_hal_rtc.o(i.HAL_RTC_Init)
    i.HAL_RTC_MspInit                        0x08002724   Section        0  stm32f1xx_hal_rtc.o(i.HAL_RTC_MspInit)
    i.HAL_RTC_SetTime                        0x08002728   Section        0  stm32f1xx_hal_rtc.o(i.HAL_RTC_SetTime)
    i.HAL_RTC_WaitForSynchro                 0x080027d4   Section        0  stm32f1xx_hal_rtc.o(i.HAL_RTC_WaitForSynchro)
    i.HAL_SPI_Init                           0x0800280e   Section        0  stm32f1xx_hal_spi.o(i.HAL_SPI_Init)
    i.HAL_SPI_MspInit                        0x08002888   Section        0  stm32f1xx_hal_spi.o(i.HAL_SPI_MspInit)
    i.HAL_SPI_Receive                        0x0800288a   Section        0  stm32f1xx_hal_spi.o(i.HAL_SPI_Receive)
    i.HAL_SPI_TransmitReceive                0x08002a76   Section        0  stm32f1xx_hal_spi.o(i.HAL_SPI_TransmitReceive)
    i.HAL_SYSTICK_CLKSourceConfig            0x08002d28   Section        0  stm32f1xx_hal_cortex.o(i.HAL_SYSTICK_CLKSourceConfig)
    i.HAL_SYSTICK_Callback                   0x08002d40   Section        0  stm32f1xx_hal_cortex.o(i.HAL_SYSTICK_Callback)
    i.HAL_SYSTICK_Config                     0x08002d42   Section        0  stm32f1xx_hal_cortex.o(i.HAL_SYSTICK_Config)
    i.HAL_SYSTICK_IRQHandler                 0x08002d6a   Section        0  stm32f1xx_hal_cortex.o(i.HAL_SYSTICK_IRQHandler)
    i.Hello_Screen                           0x08002d74   Section        0  main.o(i.Hello_Screen)
    i.I2C_IsAcknowledgeFailed                0x08002dd4   Section        0  stm32f1xx_hal_i2c.o(i.I2C_IsAcknowledgeFailed)
    I2C_IsAcknowledgeFailed                  0x08002dd5   Thumb Code    42  stm32f1xx_hal_i2c.o(i.I2C_IsAcknowledgeFailed)
    i.I2C_MasterRequestRead                  0x08002dfe   Section        0  stm32f1xx_hal_i2c.o(i.I2C_MasterRequestRead)
    I2C_MasterRequestRead                    0x08002dff   Thumb Code   186  stm32f1xx_hal_i2c.o(i.I2C_MasterRequestRead)
    i.I2C_MasterRequestWrite                 0x08002eb8   Section        0  stm32f1xx_hal_i2c.o(i.I2C_MasterRequestWrite)
    I2C_MasterRequestWrite                   0x08002eb9   Thumb Code   112  stm32f1xx_hal_i2c.o(i.I2C_MasterRequestWrite)
    i.I2C_WaitOnFlagUntilTimeout             0x08002f2c   Section        0  stm32f1xx_hal_i2c.o(i.I2C_WaitOnFlagUntilTimeout)
    I2C_WaitOnFlagUntilTimeout               0x08002f2d   Thumb Code   138  stm32f1xx_hal_i2c.o(i.I2C_WaitOnFlagUntilTimeout)
    i.I2C_WaitOnMasterAddressFlagUntilTimeout 0x08002fb6   Section        0  stm32f1xx_hal_i2c.o(i.I2C_WaitOnMasterAddressFlagUntilTimeout)
    I2C_WaitOnMasterAddressFlagUntilTimeout  0x08002fb7   Thumb Code   136  stm32f1xx_hal_i2c.o(i.I2C_WaitOnMasterAddressFlagUntilTimeout)
    i.I2C_WaitOnRXNEFlagUntilTimeout         0x0800303e   Section        0  stm32f1xx_hal_i2c.o(i.I2C_WaitOnRXNEFlagUntilTimeout)
    I2C_WaitOnRXNEFlagUntilTimeout           0x0800303f   Thumb Code   102  stm32f1xx_hal_i2c.o(i.I2C_WaitOnRXNEFlagUntilTimeout)
    i.I2C_WaitOnTXEFlagUntilTimeout          0x080030a4   Section        0  stm32f1xx_hal_i2c.o(i.I2C_WaitOnTXEFlagUntilTimeout)
    I2C_WaitOnTXEFlagUntilTimeout            0x080030a5   Thumb Code    80  stm32f1xx_hal_i2c.o(i.I2C_WaitOnTXEFlagUntilTimeout)
    i.I2Cdev_readByte                        0x080030f4   Section        0  i2cdev.o(i.I2Cdev_readByte)
    i.I2Cdev_readBytes                       0x08003104   Section        0  i2cdev.o(i.I2Cdev_readBytes)
    i.I2Cdev_writeByte                       0x08003148   Section        0  i2cdev.o(i.I2Cdev_writeByte)
    i.I2Cdev_writeBytes                      0x08003154   Section        0  i2cdev.o(i.I2Cdev_writeBytes)
    i.Init_BMP085                            0x080031a0   Section        0  init.o(i.Init_BMP085)
    i.LCD_GPIO_Init                          0x08003250   Section        0  lcd_driver.o(i.LCD_GPIO_Init)
    i.LCD_WriteData_16Bit                    0x080032ac   Section        0  lcd_driver.o(i.LCD_WriteData_16Bit)
    i.LM75_Init                              0x080032dc   Section        0  lm75_hal.o(i.LM75_Init)
    i.LM75_Temperature                       0x08003354   Section        0  lm75_hal.o(i.LM75_Temperature)
    i.LM75_Temperature_ex                    0x080033bc   Section        0  lm75_hal.o(i.LM75_Temperature_ex)
    i.Lcd_Clear                              0x08003424   Section        0  lcd_driver.o(i.Lcd_Clear)
    i.Lcd_Init                               0x08003452   Section        0  lcd_driver.o(i.Lcd_Init)
    i.Lcd_Reset                              0x08003678   Section        0  lcd_driver.o(i.Lcd_Reset)
    i.Lcd_SetRegion                          0x0800369c   Section        0  lcd_driver.o(i.Lcd_SetRegion)
    i.Lcd_SetXY                              0x080036f4   Section        0  lcd_driver.o(i.Lcd_SetXY)
    i.Lcd_WriteData                          0x080036fc   Section        0  lcd_driver.o(i.Lcd_WriteData)
    i.Lcd_WriteIndex                         0x08003720   Section        0  lcd_driver.o(i.Lcd_WriteIndex)
    i.MX_GPIO_Init                           0x08003744   Section        0  init.o(i.MX_GPIO_Init)
    i.NVIC_SetPriority                       0x080037f8   Section        0  stm32f1xx_hal_cortex.o(i.NVIC_SetPriority)
    NVIC_SetPriority                         0x080037f9   Thumb Code    32  stm32f1xx_hal_cortex.o(i.NVIC_SetPriority)
    i.PutStringRus                           0x08003818   Section        0  my_font.o(i.PutStringRus)
    i.RTC_Alarm_IRQHandler                   0x080038ec   Section        0  stm32f1xx_it.o(i.RTC_Alarm_IRQHandler)
    i.RTC_Bcd2ToByte                         0x080038f8   Section        0  stm32f1xx_hal_rtc.o(i.RTC_Bcd2ToByte)
    RTC_Bcd2ToByte                           0x080038f9   Thumb Code    18  stm32f1xx_hal_rtc.o(i.RTC_Bcd2ToByte)
    i.RTC_ByteToBcd2                         0x0800390a   Section        0  stm32f1xx_hal_rtc.o(i.RTC_ByteToBcd2)
    RTC_ByteToBcd2                           0x0800390b   Thumb Code    22  stm32f1xx_hal_rtc.o(i.RTC_ByteToBcd2)
    i.RTC_DateUpdate                         0x08003920   Section        0  stm32f1xx_hal_rtc.o(i.RTC_DateUpdate)
    RTC_DateUpdate                           0x08003921   Thumb Code   174  stm32f1xx_hal_rtc.o(i.RTC_DateUpdate)
    i.RTC_EnterInitMode                      0x080039ce   Section        0  stm32f1xx_hal_rtc.o(i.RTC_EnterInitMode)
    RTC_EnterInitMode                        0x080039cf   Thumb Code    52  stm32f1xx_hal_rtc.o(i.RTC_EnterInitMode)
    i.RTC_ExitInitMode                       0x08003a04   Section        0  stm32f1xx_hal_rtc.o(i.RTC_ExitInitMode)
    RTC_ExitInitMode                         0x08003a05   Thumb Code    54  stm32f1xx_hal_rtc.o(i.RTC_ExitInitMode)
    i.RTC_IRQHandler                         0x08003a3c   Section        0  stm32f1xx_it.o(i.RTC_IRQHandler)
    i.RTC_Init                               0x08003a64   Section        0  init.o(i.RTC_Init)
    i.RTC_ReadAlarmCounter                   0x08003b30   Section        0  stm32f1xx_hal_rtc.o(i.RTC_ReadAlarmCounter)
    RTC_ReadAlarmCounter                     0x08003b31   Thumb Code    14  stm32f1xx_hal_rtc.o(i.RTC_ReadAlarmCounter)
    i.RTC_ReadTimeCounter                    0x08003b3e   Section        0  stm32f1xx_hal_rtc.o(i.RTC_ReadTimeCounter)
    RTC_ReadTimeCounter                      0x08003b3f   Thumb Code    32  stm32f1xx_hal_rtc.o(i.RTC_ReadTimeCounter)
    i.RTC_WeekDayNum                         0x08003b5e   Section        0  stm32f1xx_hal_rtc.o(i.RTC_WeekDayNum)
    RTC_WeekDayNum                           0x08003b5f   Thumb Code    86  stm32f1xx_hal_rtc.o(i.RTC_WeekDayNum)
    i.RTC_WriteAlarmCounter                  0x08003bb4   Section        0  stm32f1xx_hal_rtc.o(i.RTC_WriteAlarmCounter)
    RTC_WriteAlarmCounter                    0x08003bb5   Thumb Code    40  stm32f1xx_hal_rtc.o(i.RTC_WriteAlarmCounter)
    i.RTC_WriteTimeCounter                   0x08003bdc   Section        0  stm32f1xx_hal_rtc.o(i.RTC_WriteTimeCounter)
    RTC_WriteTimeCounter                     0x08003bdd   Thumb Code    40  stm32f1xx_hal_rtc.o(i.RTC_WriteTimeCounter)
    i.SPI_ISCRCErrorValid                    0x08003c04   Section        0  stm32f1xx_hal_spi.o(i.SPI_ISCRCErrorValid)
    i.SPI_WaitOnFlagUntilTimeout             0x08003c08   Section        0  stm32f1xx_hal_spi.o(i.SPI_WaitOnFlagUntilTimeout)
    SPI_WaitOnFlagUntilTimeout               0x08003c09   Thumb Code   158  stm32f1xx_hal_spi.o(i.SPI_WaitOnFlagUntilTimeout)
    i.SPI_WriteData                          0x08003ca8   Section        0  lcd_driver.o(i.SPI_WriteData)
    i.Sensor_test                            0x08003cd4   Section        0  main.o(i.Sensor_test)
    i.Store_data_in_new_file                 0x08003da8   Section        0  main.o(i.Store_data_in_new_file)
    i.SysTick_Handler                        0x08003f2c   Section        0  stm32f1xx_it.o(i.SysTick_Handler)
    i.SystemClock_Config                     0x08003f54   Section        0  init.o(i.SystemClock_Config)
    i.SystemInit                             0x08003fc8   Section        0  system_stm32f1xx.o(i.SystemInit)
    i.Take_new_Messure                       0x08004010   Section        0  main.o(i.Take_new_Messure)
    i.USB_LP_CAN1_RX0_IRQHandler             0x0800406c   Section        0  stm32f1xx_it.o(i.USB_LP_CAN1_RX0_IRQHandler)
    i.__0sprintf                             0x08004070   Section        0  printfa.o(i.__0sprintf)
    i.__scatterload_copy                     0x08004098   Section       14  handlers.o(i.__scatterload_copy)
    i.__scatterload_null                     0x080040a6   Section        2  handlers.o(i.__scatterload_null)
    i.__scatterload_zeroinit                 0x080040a8   Section       14  handlers.o(i.__scatterload_zeroinit)
    i._fp_digits                             0x080040b8   Section        0  printfa.o(i._fp_digits)
    _fp_digits                               0x080040b9   Thumb Code   334  printfa.o(i._fp_digits)
    i._printf_core                           0x0800421c   Section        0  printfa.o(i._printf_core)
    _printf_core                             0x0800421d   Thumb Code  1744  printfa.o(i._printf_core)
    i._printf_post_padding                   0x080048f8   Section        0  printfa.o(i._printf_post_padding)
    _printf_post_padding                     0x080048f9   Thumb Code    36  printfa.o(i._printf_post_padding)
    i._printf_pre_padding                    0x0800491c   Section        0  printfa.o(i._printf_pre_padding)
    _printf_pre_padding                      0x0800491d   Thumb Code    46  printfa.o(i._printf_pre_padding)
    i._sputc                                 0x0800494a   Section        0  printfa.o(i._sputc)
    _sputc                                   0x0800494b   Thumb Code    10  printfa.o(i._sputc)
    i.check_fs                               0x08004954   Section        0  ff.o(i.check_fs)
    check_fs                                 0x08004955   Thumb Code    86  ff.o(i.check_fs)
    i.clust2sect                             0x080049b0   Section        0  ff.o(i.clust2sect)
    i.create_chain                           0x080049c8   Section        0  ff.o(i.create_chain)
    create_chain                             0x080049c9   Thumb Code   158  ff.o(i.create_chain)
    i.create_name                            0x08004a68   Section        0  ff.o(i.create_name)
    create_name                              0x08004a69   Thumb Code   278  ff.o(i.create_name)
    i.delay_ms                               0x08004b90   Section        0  main.o(i.delay_ms)
    i.dir_next                               0x08004b94   Section        0  ff.o(i.dir_next)
    dir_next                                 0x08004b95   Thumb Code   230  ff.o(i.dir_next)
    i.dir_register                           0x08004c7a   Section        0  ff.o(i.dir_register)
    dir_register                             0x08004c7b   Thumb Code   100  ff.o(i.dir_register)
    i.dir_sdi                                0x08004ce0   Section        0  ff.o(i.dir_sdi)
    dir_sdi                                  0x08004ce1   Thumb Code   126  ff.o(i.dir_sdi)
    i.disk_initialize                        0x08004d60   Section        0  sd_spi_stm32.o(i.disk_initialize)
    i.disk_ioctl                             0x08004e68   Section        0  sd_spi_stm32.o(i.disk_ioctl)
    i.disk_read                              0x0800505c   Section        0  sd_spi_stm32.o(i.disk_read)
    i.disk_status                            0x080050dc   Section        0  sd_spi_stm32.o(i.disk_status)
    i.disk_timerproc                         0x080050ec   Section        0  sd_spi_stm32.o(i.disk_timerproc)
    i.disk_write                             0x08005124   Section        0  sd_spi_stm32.o(i.disk_write)
    i.f_close                                0x080051c0   Section        0  ff.o(i.f_close)
    i.f_lseek                                0x080051dc   Section        0  ff.o(i.f_lseek)
    i.f_mount                                0x0800530c   Section        0  ff.o(i.f_mount)
    i.f_open                                 0x08005358   Section        0  ff.o(i.f_open)
    i.f_puts                                 0x08005498   Section        0  ff.o(i.f_puts)
    i.f_sync                                 0x080054de   Section        0  ff.o(i.f_sync)
    i.f_write                                0x08005576   Section        0  ff.o(i.f_write)
    i.find_volume                            0x080056f4   Section        0  ff.o(i.find_volume)
    find_volume                              0x080056f5   Thumb Code   554  ff.o(i.find_volume)
    i.follow_path                            0x0800592c   Section        0  ff.o(i.follow_path)
    follow_path                              0x0800592d   Thumb Code   170  ff.o(i.follow_path)
    i.free                                   0x080059d8   Section        0  malloc.o(i.free)
    i.get_fat                                0x08005a28   Section        0  ff.o(i.get_fat)
    i.get_fattime                            0x08005ae8   Section        0  fattime.o(i.get_fattime)
    i.get_ldnumber                           0x08005b30   Section        0  ff.o(i.get_ldnumber)
    get_ldnumber                             0x08005b31   Thumb Code    60  ff.o(i.get_ldnumber)
    i.interface_speed                        0x08005b6c   Section        0  sd_spi_stm32.o(i.interface_speed)
    interface_speed                          0x08005b6d   Thumb Code    24  sd_spi_stm32.o(i.interface_speed)
    i.ld_clust                               0x08005b88   Section        0  ff.o(i.ld_clust)
    ld_clust                                 0x08005b89   Thumb Code    18  ff.o(i.ld_clust)
    i.main                                   0x08005b9c   Section        0  main.o(i.main)
    i.malloc                                 0x08005dd0   Section        0  malloc.o(i.malloc)
    i.mem_cpy                                0x08005e3c   Section        0  ff.o(i.mem_cpy)
    mem_cpy                                  0x08005e3d   Thumb Code    18  ff.o(i.mem_cpy)
    i.mem_set                                0x08005e4e   Section        0  ff.o(i.mem_set)
    mem_set                                  0x08005e4f   Thumb Code    14  ff.o(i.mem_set)
    i.move_window                            0x08005e5c   Section        0  ff.o(i.move_window)
    move_window                              0x08005e5d   Thumb Code    50  ff.o(i.move_window)
    i.power_off                              0x08005e90   Section        0  sd_spi_stm32.o(i.power_off)
    power_off                                0x08005e91   Thumb Code    38  sd_spi_stm32.o(i.power_off)
    i.power_on                               0x08005ec0   Section        0  sd_spi_stm32.o(i.power_on)
    power_on                                 0x08005ec1   Thumb Code   202  sd_spi_stm32.o(i.power_on)
    i.put_fat                                0x08005fa0   Section        0  ff.o(i.put_fat)
    i.putc_bfd                               0x08006094   Section        0  ff.o(i.putc_bfd)
    putc_bfd                                 0x08006095   Thumb Code    58  ff.o(i.putc_bfd)
    i.rcvr_datablock                         0x080060d0   Section        0  sd_spi_stm32.o(i.rcvr_datablock)
    rcvr_datablock                           0x080060d1   Thumb Code    90  sd_spi_stm32.o(i.rcvr_datablock)
    i.rcvr_spi                               0x08006130   Section        0  sd_spi_stm32.o(i.rcvr_spi)
    rcvr_spi                                 0x08006131   Thumb Code     6  sd_spi_stm32.o(i.rcvr_spi)
    i.release_spi                            0x08006138   Section        0  sd_spi_stm32.o(i.release_spi)
    release_spi                              0x08006139   Thumb Code    22  sd_spi_stm32.o(i.release_spi)
    i.remove_chain                           0x08006154   Section        0  ff.o(i.remove_chain)
    remove_chain                             0x08006155   Thumb Code    98  ff.o(i.remove_chain)
    i.send_cmd                               0x080061b8   Section        0  sd_spi_stm32.o(i.send_cmd)
    send_cmd                                 0x080061b9   Thumb Code   150  sd_spi_stm32.o(i.send_cmd)
    i.st_clust                               0x08006254   Section        0  ff.o(i.st_clust)
    st_clust                                 0x08006255   Thumb Code    16  ff.o(i.st_clust)
    i.stm32_spi_rw                           0x08006264   Section        0  sd_spi_stm32.o(i.stm32_spi_rw)
    stm32_spi_rw                             0x08006265   Thumb Code    26  sd_spi_stm32.o(i.stm32_spi_rw)
    i.sync_fs                                0x08006284   Section        0  ff.o(i.sync_fs)
    sync_fs                                  0x08006285   Thumb Code   176  ff.o(i.sync_fs)
    i.sync_window                            0x08006334   Section        0  ff.o(i.sync_window)
    sync_window                              0x08006335   Thumb Code    82  ff.o(i.sync_window)
    i.validate                               0x08006386   Section        0  ff.o(i.validate)
    validate                                 0x08006387   Thumb Code    34  ff.o(i.validate)
    i.wait_ready                             0x080063a8   Section        0  sd_spi_stm32.o(i.wait_ready)
    wait_ready                               0x080063a9   Thumb Code    32  sd_spi_stm32.o(i.wait_ready)
    i.xmit_datablock                         0x080063cc   Section        0  sd_spi_stm32.o(i.xmit_datablock)
    xmit_datablock                           0x080063cd   Thumb Code    80  sd_spi_stm32.o(i.xmit_datablock)
    .constdata                               0x0800641c   Section       16  stm32f1xx_hal_rcc.o(.constdata)
    .constdata                               0x0800642c   Section     5040  my_font.o(.constdata)
    .constdata                               0x080077dc   Section     4416  my_font.o(.constdata)
    .constdata                               0x0800891c   Section       12  localtime.o(.constdata)
    monlen                                   0x0800891c   Data          12  localtime.o(.constdata)
    .data                                    0x20000000   Section        4  stm32f1xx_hal.o(.data)
    uwTick                                   0x20000000   Data           4  stm32f1xx_hal.o(.data)
    .data                                    0x20000004   Section        8  ff.o(.data)
    Fsid                                     0x20000004   Data           2  ff.o(.data)
    FatFs                                    0x20000008   Data           4  ff.o(.data)
    .data                                    0x2000000c   Section       16  sd_spi_stm32.o(.data)
    Stat                                     0x2000000c   Data           1  sd_spi_stm32.o(.data)
    CardType                                 0x2000000d   Data           1  sd_spi_stm32.o(.data)
    pv                                       0x20000010   Data           4  sd_spi_stm32.o(.data)
    Timer1                                   0x20000014   Data           4  sd_spi_stm32.o(.data)
    Timer2                                   0x20000018   Data           4  sd_spi_stm32.o(.data)
    .data                                    0x2000001c   Section        5  stm32f1xx_it.o(.data)
    .data                                    0x20000021   Section        1  stm32f1xx_it.o(.data)
    .data                                    0x20000022   Section        1  stm32f1xx_it.o(.data)
    .data                                    0x20000024   Section       28  main.o(.data)
    .data                                    0x20000040   Section       36  bmp085.o(.data)
    devAddr                                  0x20000040   Data           1  bmp085.o(.data)
    measureMode                              0x20000041   Data           1  bmp085.o(.data)
    ac1                                      0x20000042   Data           2  bmp085.o(.data)
    ac2                                      0x20000044   Data           2  bmp085.o(.data)
    ac3                                      0x20000046   Data           2  bmp085.o(.data)
    b1                                       0x20000048   Data           2  bmp085.o(.data)
    b2                                       0x2000004a   Data           2  bmp085.o(.data)
    mb                                       0x2000004c   Data           2  bmp085.o(.data)
    mc                                       0x2000004e   Data           2  bmp085.o(.data)
    md                                       0x20000050   Data           2  bmp085.o(.data)
    ac4                                      0x20000052   Data           2  bmp085.o(.data)
    ac5                                      0x20000054   Data           2  bmp085.o(.data)
    ac6                                      0x20000056   Data           2  bmp085.o(.data)
    buffer                                   0x20000058   Data           3  bmp085.o(.data)
    calibrationLoaded                        0x2000005c   Data           4  bmp085.o(.data)
    b5                                       0x20000060   Data           4  bmp085.o(.data)
    .data                                    0x20000064   Section        8  i2cdev.o(.data)
    .data                                    0x2000006c   Section       20  my_font.o(.data)
    .data                                    0x20000080   Section       32  bmp_graph.o(.data)
    .data                                    0x200000a0   Section        3  init.o(.data)
    .data                                    0x200000a3   Section        4  init.o(.data)
    .data                                    0x200000a8   Section        4  system_stm32f1xx.o(.data)
    .data                                    0x200000ac   Section        4  mvars.o(.data)
    .data                                    0x200000b0   Section        4  mvars.o(.data)
    .bss                                     0x200000b4   Section       88  sd_spi_stm32.o(.bss)
    .bss                                     0x2000010c   Section     4128  main.o(.bss)
    .bss                                     0x2000112c   Section       60  lm75_hal.o(.bss)
    .bss                                     0x20001168   Section      720  bmp_graph.o(.bss)
    .bss                                     0x20001438   Section       80  init.o(.bss)
    .bss                                     0x20001488   Section       44  localtime.o(.bss)
    _tms                                     0x20001488   Data          44  localtime.o(.bss)
    HEAP                                     0x200014b8   Section      512  startup_stm32f103xb.o(HEAP)
    STACK                                    0x200016b8   Section     1024  startup_stm32f103xb.o(STACK)

    Global Symbols

    Symbol Name                              Value     Ov Type        Size  Object(Section)

    BuildAttributes$$THM_ISAv4$P$D$K$B$S$PE$A:L22UL41UL21$X:L11$S22US41US21$IEEE1$IW$USESV6$~STKCKD$USESV7$~SHL$OTIME$ROPI$IEEEX$EBA8$MICROLIB$REQ8$PRES8$EABIv2 0x00000000   Number         0  anon$$obj.o ABSOLUTE
    __ARM_use_no_argv                        0x00000000   Number         0  main.o ABSOLUTE
    _printf_a                                0x00000000   Number         0  stubs.o ABSOLUTE
    _printf_c                                0x00000000   Number         0  stubs.o ABSOLUTE
    _printf_charcount                        0x00000000   Number         0  stubs.o ABSOLUTE
    _printf_d                                0x00000000   Number         0  stubs.o ABSOLUTE
    _printf_e                                0x00000000   Number         0  stubs.o ABSOLUTE
    _printf_f                                0x00000000   Number         0  stubs.o ABSOLUTE
    _printf_flags                            0x00000000   Number         0  stubs.o ABSOLUTE
    _printf_fp_dec                           0x00000000   Number         0  stubs.o ABSOLUTE
    _printf_fp_hex                           0x00000000   Number         0  stubs.o ABSOLUTE
    _printf_g                                0x00000000   Number         0  stubs.o ABSOLUTE
    _printf_i                                0x00000000   Number         0  stubs.o ABSOLUTE
    _printf_int_dec                          0x00000000   Number         0  stubs.o ABSOLUTE
    _printf_l                                0x00000000   Number         0  stubs.o ABSOLUTE
    _printf_lc                               0x00000000   Number         0  stubs.o ABSOLUTE
    _printf_ll                               0x00000000   Number         0  stubs.o ABSOLUTE
    _printf_lld                              0x00000000   Number         0  stubs.o ABSOLUTE
    _printf_lli                              0x00000000   Number         0  stubs.o ABSOLUTE
    _printf_llo                              0x00000000   Number         0  stubs.o ABSOLUTE
    _printf_llu                              0x00000000   Number         0  stubs.o ABSOLUTE
    _printf_llx                              0x00000000   Number         0  stubs.o ABSOLUTE
    _printf_longlong_dec                     0x00000000   Number         0  stubs.o ABSOLUTE
    _printf_longlong_hex                     0x00000000   Number         0  stubs.o ABSOLUTE
    _printf_longlong_oct                     0x00000000   Number         0  stubs.o ABSOLUTE
    _printf_ls                               0x00000000   Number         0  stubs.o ABSOLUTE
    _printf_mbtowc                           0x00000000   Number         0  stubs.o ABSOLUTE
    _printf_n                                0x00000000   Number         0  stubs.o ABSOLUTE
    _printf_o                                0x00000000   Number         0  stubs.o ABSOLUTE
    _printf_p                                0x00000000   Number         0  stubs.o ABSOLUTE
    _printf_percent                          0x00000000   Number         0  stubs.o ABSOLUTE
    _printf_pre_padding                      0x00000000   Number         0  stubs.o ABSOLUTE
    _printf_return_value                     0x00000000   Number         0  stubs.o ABSOLUTE
    _printf_s                                0x00000000   Number         0  stubs.o ABSOLUTE
    _printf_sizespec                         0x00000000   Number         0  stubs.o ABSOLUTE
    _printf_str                              0x00000000   Number         0  stubs.o ABSOLUTE
    _printf_truncate_signed                  0x00000000   Number         0  stubs.o ABSOLUTE
    _printf_truncate_unsigned                0x00000000   Number         0  stubs.o ABSOLUTE
    _printf_u                                0x00000000   Number         0  stubs.o ABSOLUTE
    _printf_wc                               0x00000000   Number         0  stubs.o ABSOLUTE
    _printf_wctomb                           0x00000000   Number         0  stubs.o ABSOLUTE
    _printf_widthprec                        0x00000000   Number         0  stubs.o ABSOLUTE
    _printf_x                                0x00000000   Number         0  stubs.o ABSOLUTE
    __cpp_initialize__aeabi_                  - Undefined Weak Reference
    __cxa_finalize                            - Undefined Weak Reference
    __decompress                              - Undefined Weak Reference
    _clock_init                               - Undefined Weak Reference
    _microlib_exit                            - Undefined Weak Reference
    __Vectors_Size                           0x000000ec   Number         0  startup_stm32f103xb.o ABSOLUTE
    __Vectors                                0x08000000   Data           4  startup_stm32f103xb.o(RESET)
    __Vectors_End                            0x080000ec   Data           0  startup_stm32f103xb.o(RESET)
    __main                                   0x080000ed   Thumb Code     0  entry.o(.ARM.Collect$$$$00000000)
    _main_stk                                0x080000ed   Thumb Code     0  entry2.o(.ARM.Collect$$$$00000001)
    _main_scatterload                        0x080000f1   Thumb Code     0  entry5.o(.ARM.Collect$$$$00000004)
    __main_after_scatterload                 0x080000f5   Thumb Code     0  entry5.o(.ARM.Collect$$$$00000004)
    _main_clock                              0x080000f5   Thumb Code     0  entry7b.o(.ARM.Collect$$$$00000008)
    _main_cpp_init                           0x080000f5   Thumb Code     0  entry8b.o(.ARM.Collect$$$$0000000A)
    _main_init                               0x080000f5   Thumb Code     0  entry9a.o(.ARM.Collect$$$$0000000B)
    __rt_final_cpp                           0x080000fd   Thumb Code     0  entry10a.o(.ARM.Collect$$$$0000000D)
    __rt_final_exit                          0x080000fd   Thumb Code     0  entry11a.o(.ARM.Collect$$$$0000000F)
    Reset_Handler                            0x08000101   Thumb Code     8  startup_stm32f103xb.o(.text)
    NMI_Handler                              0x08000109   Thumb Code     2  startup_stm32f103xb.o(.text)
    HardFault_Handler                        0x0800010b   Thumb Code     2  startup_stm32f103xb.o(.text)
    MemManage_Handler                        0x0800010d   Thumb Code     2  startup_stm32f103xb.o(.text)
    BusFault_Handler                         0x0800010f   Thumb Code     2  startup_stm32f103xb.o(.text)
    UsageFault_Handler                       0x08000111   Thumb Code     2  startup_stm32f103xb.o(.text)
    SVC_Handler                              0x08000113   Thumb Code     2  startup_stm32f103xb.o(.text)
    DebugMon_Handler                         0x08000115   Thumb Code     2  startup_stm32f103xb.o(.text)
    PendSV_Handler                           0x08000117   Thumb Code     2  startup_stm32f103xb.o(.text)
    ADC1_2_IRQHandler                        0x0800011b   Thumb Code     0  startup_stm32f103xb.o(.text)
    CAN1_RX1_IRQHandler                      0x0800011b   Thumb Code     0  startup_stm32f103xb.o(.text)
    CAN1_SCE_IRQHandler                      0x0800011b   Thumb Code     0  startup_stm32f103xb.o(.text)
    DMA1_Channel1_IRQHandler                 0x0800011b   Thumb Code     0  startup_stm32f103xb.o(.text)
    DMA1_Channel2_IRQHandler                 0x0800011b   Thumb Code     0  startup_stm32f103xb.o(.text)
    DMA1_Channel3_IRQHandler                 0x0800011b   Thumb Code     0  startup_stm32f103xb.o(.text)
    DMA1_Channel4_IRQHandler                 0x0800011b   Thumb Code     0  startup_stm32f103xb.o(.text)
    DMA1_Channel5_IRQHandler                 0x0800011b   Thumb Code     0  startup_stm32f103xb.o(.text)
    DMA1_Channel6_IRQHandler                 0x0800011b   Thumb Code     0  startup_stm32f103xb.o(.text)
    DMA1_Channel7_IRQHandler                 0x0800011b   Thumb Code     0  startup_stm32f103xb.o(.text)
    EXTI0_IRQHandler                         0x0800011b   Thumb Code     0  startup_stm32f103xb.o(.text)
    EXTI15_10_IRQHandler                     0x0800011b   Thumb Code     0  startup_stm32f103xb.o(.text)
    EXTI2_IRQHandler                         0x0800011b   Thumb Code     0  startup_stm32f103xb.o(.text)
    EXTI4_IRQHandler                         0x0800011b   Thumb Code     0  startup_stm32f103xb.o(.text)
    EXTI9_5_IRQHandler                       0x0800011b   Thumb Code     0  startup_stm32f103xb.o(.text)
    FLASH_IRQHandler                         0x0800011b   Thumb Code     0  startup_stm32f103xb.o(.text)
    I2C1_ER_IRQHandler                       0x0800011b   Thumb Code     0  startup_stm32f103xb.o(.text)
    I2C1_EV_IRQHandler                       0x0800011b   Thumb Code     0  startup_stm32f103xb.o(.text)
    I2C2_ER_IRQHandler                       0x0800011b   Thumb Code     0  startup_stm32f103xb.o(.text)
    I2C2_EV_IRQHandler                       0x0800011b   Thumb Code     0  startup_stm32f103xb.o(.text)
    PVD_IRQHandler                           0x0800011b   Thumb Code     0  startup_stm32f103xb.o(.text)
    RCC_IRQHandler                           0x0800011b   Thumb Code     0  startup_stm32f103xb.o(.text)
    SPI1_IRQHandler                          0x0800011b   Thumb Code     0  startup_stm32f103xb.o(.text)
    SPI2_IRQHandler                          0x0800011b   Thumb Code     0  startup_stm32f103xb.o(.text)
    TAMPER_IRQHandler                        0x0800011b   Thumb Code     0  startup_stm32f103xb.o(.text)
    TIM1_BRK_IRQHandler                      0x0800011b   Thumb Code     0  startup_stm32f103xb.o(.text)
    TIM1_CC_IRQHandler                       0x0800011b   Thumb Code     0  startup_stm32f103xb.o(.text)
    TIM1_TRG_COM_IRQHandler                  0x0800011b   Thumb Code     0  startup_stm32f103xb.o(.text)
    TIM1_UP_IRQHandler                       0x0800011b   Thumb Code     0  startup_stm32f103xb.o(.text)
    TIM2_IRQHandler                          0x0800011b   Thumb Code     0  startup_stm32f103xb.o(.text)
    TIM3_IRQHandler                          0x0800011b   Thumb Code     0  startup_stm32f103xb.o(.text)
    TIM4_IRQHandler                          0x0800011b   Thumb Code     0  startup_stm32f103xb.o(.text)
    USART1_IRQHandler                        0x0800011b   Thumb Code     0  startup_stm32f103xb.o(.text)
    USART2_IRQHandler                        0x0800011b   Thumb Code     0  startup_stm32f103xb.o(.text)
    USART3_IRQHandler                        0x0800011b   Thumb Code     0  startup_stm32f103xb.o(.text)
    USBWakeUp_IRQHandler                     0x0800011b   Thumb Code     0  startup_stm32f103xb.o(.text)
    USB_HP_CAN1_TX_IRQHandler                0x0800011b   Thumb Code     0  startup_stm32f103xb.o(.text)
    WWDG_IRQHandler                          0x0800011b   Thumb Code     0  startup_stm32f103xb.o(.text)
    __aeabi_llsr                             0x08000125   Thumb Code    32  llushr.o(.text)
    _ll_ushift_r                             0x08000125   Thumb Code     0  llushr.o(.text)
    localtime                                0x08000145   Thumb Code   138  localtime.o(.text)
    __aeabi_memcpy                           0x080001d9   Thumb Code    36  memcpya.o(.text)
    __aeabi_memcpy4                          0x080001d9   Thumb Code     0  memcpya.o(.text)
    __aeabi_memcpy8                          0x080001d9   Thumb Code     0  memcpya.o(.text)
    __aeabi_fdiv                             0x080001fd   Thumb Code   124  fdiv.o(.text)
    __aeabi_dadd                             0x08000279   Thumb Code   322  dadd.o(.text)
    __aeabi_dsub                             0x080003bb   Thumb Code     6  dadd.o(.text)
    __aeabi_drsub                            0x080003c1   Thumb Code     6  dadd.o(.text)
    __aeabi_dmul                             0x080003c7   Thumb Code   228  dmul.o(.text)
    __aeabi_i2f                              0x080004ab   Thumb Code    18  fflti.o(.text)
    __aeabi_f2uiz                            0x080004bd   Thumb Code    40  ffixui.o(.text)
    __aeabi_f2d                              0x080004e5   Thumb Code    38  f2d.o(.text)
    __aeabi_cfcmpeq                          0x0800050d   Thumb Code     0  cfcmple.o(.text)
    __aeabi_cfcmple                          0x0800050d   Thumb Code    20  cfcmple.o(.text)
    __aeabi_cfrcmple                         0x08000521   Thumb Code    20  cfrcmple.o(.text)
    __aeabi_uidiv                            0x08000535   Thumb Code     0  uidiv.o(.text)
    __aeabi_uidivmod                         0x08000535   Thumb Code    44  uidiv.o(.text)
    __aeabi_uldivmod                         0x08000561   Thumb Code    98  uldiv.o(.text)
    __aeabi_llsl                             0x080005c3   Thumb Code    30  llshl.o(.text)
    _ll_shift_l                              0x080005c3   Thumb Code     0  llshl.o(.text)
    __aeabi_lasr                             0x080005e1   Thumb Code    36  llsshr.o(.text)
    _ll_sshift_r                             0x080005e1   Thumb Code     0  llsshr.o(.text)
    __I$use$fp                               0x08000605   Thumb Code     0  iusefp.o(.text)
    _float_round                             0x08000605   Thumb Code    18  fepilogue.o(.text)
    _float_epilogue                          0x08000617   Thumb Code    92  fepilogue.o(.text)
    _double_round                            0x08000673   Thumb Code    30  depilogue.o(.text)
    _double_epilogue                         0x08000691   Thumb Code   156  depilogue.o(.text)
    __aeabi_ddiv                             0x0800072d   Thumb Code   222  ddiv.o(.text)
    __aeabi_d2ulz                            0x0800080b   Thumb Code    48  dfixul.o(.text)
    __aeabi_cdrcmple                         0x0800083d   Thumb Code    48  cdrcmple.o(.text)
    __scatterload                            0x0800086d   Thumb Code    28  init.o(.text)
    __scatterload_rt2                        0x0800086d   Thumb Code     0  init.o(.text)
    BMP085_getMeasureDelayMilliseconds       0x08000891   Thumb Code    44  bmp085.o(i.BMP085_getMeasureDelayMilliseconds)
    BMP085_getMeasurement2                   0x080008c1   Thumb Code    38  bmp085.o(i.BMP085_getMeasurement2)
    BMP085_getMeasurement3                   0x080008ed   Thumb Code    42  bmp085.o(i.BMP085_getMeasurement3)
    BMP085_getPressure                       0x0800091d   Thumb Code   154  bmp085.o(i.BMP085_getPressure)
    BMP085_getRawPressure                    0x080009c1   Thumb Code    28  bmp085.o(i.BMP085_getRawPressure)
    BMP085_getRawTemperature                 0x080009e1   Thumb Code    16  bmp085.o(i.BMP085_getRawTemperature)
    BMP085_getTemperatureC                   0x080009f5   Thumb Code    56  bmp085.o(i.BMP085_getTemperatureC)
    BMP085_initialize                        0x08000a35   Thumb Code    14  bmp085.o(i.BMP085_initialize)
    BMP085_loadCalibration                   0x08000a49   Thumb Code   186  bmp085.o(i.BMP085_loadCalibration)
    BMP085_setControl                        0x08000b09   Thumb Code    20  bmp085.o(i.BMP085_setControl)
    BMP085_testConnection                    0x08000b21   Thumb Code    26  bmp085.o(i.BMP085_testConnection)
    Draw_graph                               0x08000b41   Thumb Code   442  bmp_graph.o(i.Draw_graph)
    Draw_table_ex                            0x08000d09   Thumb Code   164  main.o(i.Draw_table_ex)
    EXTI1_IRQHandler                         0x08000dd9   Thumb Code    36  stm32f1xx_it.o(i.EXTI1_IRQHandler)
    EXTI3_IRQHandler                         0x08000e0d   Thumb Code    22  stm32f1xx_it.o(i.EXTI3_IRQHandler)
    First_Draw_Graph                         0x08000e29   Thumb Code   278  bmp_graph.o(i.First_Draw_Graph)
    First_Draw_Table                         0x08000f55   Thumb Code   106  main.o(i.First_Draw_Table)
    Gui_Circle                               0x08000fc9   Thumb Code   348  gui.o(i.Gui_Circle)
    Gui_DrawLine                             0x08001125   Thumb Code   170  gui.o(i.Gui_DrawLine)
    Gui_DrawPoint                            0x080011cf   Thumb Code    26  lcd_driver.o(i.Gui_DrawPoint)
    HAL_Delay                                0x080011e9   Thumb Code    22  stm32f1xx_hal.o(i.HAL_Delay)
    HAL_GPIO_EXTI_Callback                   0x080011ff   Thumb Code     2  stm32f1xx_hal_gpio.o(i.HAL_GPIO_EXTI_Callback)
    HAL_GPIO_EXTI_IRQHandler                 0x08001201   Thumb Code    18  stm32f1xx_hal_gpio.o(i.HAL_GPIO_EXTI_IRQHandler)
    HAL_GPIO_Init                            0x08001219   Thumb Code   408  stm32f1xx_hal_gpio.o(i.HAL_GPIO_Init)
    HAL_GPIO_TogglePin                       0x080013d5   Thumb Code     8  stm32f1xx_hal_gpio.o(i.HAL_GPIO_TogglePin)
    HAL_GPIO_WritePin                        0x080013dd   Thumb Code    10  stm32f1xx_hal_gpio.o(i.HAL_GPIO_WritePin)
    HAL_GetTick                              0x080013e9   Thumb Code     6  stm32f1xx_hal.o(i.HAL_GetTick)
    HAL_I2C_Init                             0x080013f5   Thumb Code   216  stm32f1xx_hal_i2c.o(i.HAL_I2C_Init)
    HAL_I2C_Master_Receive                   0x080014d5   Thumb Code   454  stm32f1xx_hal_i2c.o(i.HAL_I2C_Master_Receive)
    HAL_I2C_Master_Transmit                  0x080016a5   Thumb Code   294  stm32f1xx_hal_i2c.o(i.HAL_I2C_Master_Transmit)
    HAL_I2C_MspInit                          0x080017d1   Thumb Code     2  stm32f1xx_hal_i2c.o(i.HAL_I2C_MspInit)
    HAL_IncTick                              0x080017d5   Thumb Code    10  stm32f1xx_hal.o(i.HAL_IncTick)
    HAL_Init                                 0x080017e5   Thumb Code    32  stm32f1xx_hal.o(i.HAL_Init)
    HAL_InitTick                             0x08001809   Thumb Code    34  stm32f1xx_hal.o(i.HAL_InitTick)
    HAL_MspInit                              0x0800182d   Thumb Code    52  stm32f1xx_hal_msp.o(i.HAL_MspInit)
    HAL_NVIC_EnableIRQ                       0x08001869   Thumb Code    22  stm32f1xx_hal_cortex.o(i.HAL_NVIC_EnableIRQ)
    HAL_NVIC_SetPriority                     0x08001881   Thumb Code    60  stm32f1xx_hal_cortex.o(i.HAL_NVIC_SetPriority)
    HAL_NVIC_SetPriorityGrouping             0x080018c1   Thumb Code    26  stm32f1xx_hal_cortex.o(i.HAL_NVIC_SetPriorityGrouping)
    HAL_PWR_EnableBkUpAccess                 0x080018e5   Thumb Code    20  stm32f1xx_hal_pwr.o(i.HAL_PWR_EnableBkUpAccess)
    HAL_RCCEx_GetPeriphCLKFreq               0x080018fd   Thumb Code   208  stm32f1xx_hal_rcc_ex.o(i.HAL_RCCEx_GetPeriphCLKFreq)
    HAL_RCCEx_PeriphCLKConfig                0x080019ed   Thumb Code   282  stm32f1xx_hal_rcc_ex.o(i.HAL_RCCEx_PeriphCLKConfig)
    HAL_RCC_ClockConfig                      0x08001b15   Thumb Code   638  stm32f1xx_hal_rcc.o(i.HAL_RCC_ClockConfig)
    HAL_RCC_GetHCLKFreq                      0x08001d9d   Thumb Code    38  stm32f1xx_hal_rcc.o(i.HAL_RCC_GetHCLKFreq)
    HAL_RCC_GetPCLK1Freq                     0x08001dd1   Thumb Code    36  stm32f1xx_hal_rcc.o(i.HAL_RCC_GetPCLK1Freq)
    HAL_RCC_GetPCLK2Freq                     0x08001dfd   Thumb Code    36  stm32f1xx_hal_rcc.o(i.HAL_RCC_GetPCLK2Freq)
    HAL_RCC_GetSysClockFreq                  0x08001e29   Thumb Code   102  stm32f1xx_hal_rcc.o(i.HAL_RCC_GetSysClockFreq)
    HAL_RCC_OscConfig                        0x08001eb1   Thumb Code  1586  stm32f1xx_hal_rcc.o(i.HAL_RCC_OscConfig)
    HAL_RTCEx_BKUPRead                       0x080024e5   Thumb Code    10  stm32f1xx_hal_rtc_ex.o(i.HAL_RTCEx_BKUPRead)
    HAL_RTCEx_BKUPWrite                      0x080024f5   Thumb Code    12  stm32f1xx_hal_rtc_ex.o(i.HAL_RTCEx_BKUPWrite)
    HAL_RTCEx_RTCEventCallback               0x08002505   Thumb Code     2  stm32f1xx_hal_rtc_ex.o(i.HAL_RTCEx_RTCEventCallback)
    HAL_RTCEx_RTCEventErrorCallback          0x08002507   Thumb Code     2  stm32f1xx_hal_rtc_ex.o(i.HAL_RTCEx_RTCEventErrorCallback)
    HAL_RTCEx_RTCIRQHandler                  0x08002509   Thumb Code    64  stm32f1xx_hal_rtc_ex.o(i.HAL_RTCEx_RTCIRQHandler)
    HAL_RTCEx_SetSecond_IT                   0x08002549   Thumb Code    44  stm32f1xx_hal_rtc_ex.o(i.HAL_RTCEx_SetSecond_IT)
    HAL_RTC_AlarmAEventCallback              0x08002575   Thumb Code     2  stm32f1xx_hal_rtc.o(i.HAL_RTC_AlarmAEventCallback)
    HAL_RTC_AlarmIRQHandler                  0x08002579   Thumb Code    46  stm32f1xx_hal_rtc.o(i.HAL_RTC_AlarmIRQHandler)
    HAL_RTC_GetDate                          0x080025ad   Thumb Code    78  stm32f1xx_hal_rtc.o(i.HAL_RTC_GetDate)
    HAL_RTC_GetTime                          0x080025fb   Thumb Code   138  stm32f1xx_hal_rtc.o(i.HAL_RTC_GetTime)
    HAL_RTC_Init                             0x08002685   Thumb Code   154  stm32f1xx_hal_rtc.o(i.HAL_RTC_Init)
    HAL_RTC_MspInit                          0x08002725   Thumb Code     2  stm32f1xx_hal_rtc.o(i.HAL_RTC_MspInit)
    HAL_RTC_SetTime                          0x08002729   Thumb Code   168  stm32f1xx_hal_rtc.o(i.HAL_RTC_SetTime)
    HAL_RTC_WaitForSynchro                   0x080027d5   Thumb Code    58  stm32f1xx_hal_rtc.o(i.HAL_RTC_WaitForSynchro)
    HAL_SPI_Init                             0x0800280f   Thumb Code   122  stm32f1xx_hal_spi.o(i.HAL_SPI_Init)
    HAL_SPI_MspInit                          0x08002889   Thumb Code     2  stm32f1xx_hal_spi.o(i.HAL_SPI_MspInit)
    HAL_SPI_Receive                          0x0800288b   Thumb Code   492  stm32f1xx_hal_spi.o(i.HAL_SPI_Receive)
    HAL_SPI_TransmitReceive                  0x08002a77   Thumb Code   690  stm32f1xx_hal_spi.o(i.HAL_SPI_TransmitReceive)
    HAL_SYSTICK_CLKSourceConfig              0x08002d29   Thumb Code    24  stm32f1xx_hal_cortex.o(i.HAL_SYSTICK_CLKSourceConfig)
    HAL_SYSTICK_Callback                     0x08002d41   Thumb Code     2  stm32f1xx_hal_cortex.o(i.HAL_SYSTICK_Callback)
    HAL_SYSTICK_Config                       0x08002d43   Thumb Code    40  stm32f1xx_hal_cortex.o(i.HAL_SYSTICK_Config)
    HAL_SYSTICK_IRQHandler                   0x08002d6b   Thumb Code     8  stm32f1xx_hal_cortex.o(i.HAL_SYSTICK_IRQHandler)
    Hello_Screen                             0x08002d75   Thumb Code    82  main.o(i.Hello_Screen)
    I2Cdev_readByte                          0x080030f5   Thumb Code    14  i2cdev.o(i.I2Cdev_readByte)
    I2Cdev_readBytes                         0x08003105   Thumb Code    62  i2cdev.o(i.I2Cdev_readBytes)
    I2Cdev_writeByte                         0x08003149   Thumb Code    12  i2cdev.o(i.I2Cdev_writeByte)
    I2Cdev_writeBytes                        0x08003155   Thumb Code    72  i2cdev.o(i.I2Cdev_writeBytes)
    Init_BMP085                              0x080031a1   Thumb Code   148  init.o(i.Init_BMP085)
    LCD_GPIO_Init                            0x08003251   Thumb Code    78  lcd_driver.o(i.LCD_GPIO_Init)
    LCD_WriteData_16Bit                      0x080032ad   Thumb Code    38  lcd_driver.o(i.LCD_WriteData_16Bit)
    LM75_Init                                0x080032dd   Thumb Code    98  lm75_hal.o(i.LM75_Init)
    LM75_Temperature                         0x08003355   Thumb Code    98  lm75_hal.o(i.LM75_Temperature)
    LM75_Temperature_ex                      0x080033bd   Thumb Code    98  lm75_hal.o(i.LM75_Temperature_ex)
    Lcd_Clear                                0x08003425   Thumb Code    46  lcd_driver.o(i.Lcd_Clear)
    Lcd_Init                                 0x08003453   Thumb Code   548  lcd_driver.o(i.Lcd_Init)
    Lcd_Reset                                0x08003679   Thumb Code    32  lcd_driver.o(i.Lcd_Reset)
    Lcd_SetRegion                            0x0800369d   Thumb Code    88  lcd_driver.o(i.Lcd_SetRegion)
    Lcd_SetXY                                0x080036f5   Thumb Code     8  lcd_driver.o(i.Lcd_SetXY)
    Lcd_WriteData                            0x080036fd   Thumb Code    28  lcd_driver.o(i.Lcd_WriteData)
    Lcd_WriteIndex                           0x08003721   Thumb Code    28  lcd_driver.o(i.Lcd_WriteIndex)
    MX_GPIO_Init                             0x08003745   Thumb Code   164  init.o(i.MX_GPIO_Init)
    PutStringRus                             0x08003819   Thumb Code   206  my_font.o(i.PutStringRus)
    RTC_Alarm_IRQHandler                     0x080038ed   Thumb Code     6  stm32f1xx_it.o(i.RTC_Alarm_IRQHandler)
    RTC_IRQHandler                           0x08003a3d   Thumb Code    30  stm32f1xx_it.o(i.RTC_IRQHandler)
    RTC_Init                                 0x08003a65   Thumb Code   184  init.o(i.RTC_Init)
    SPI_ISCRCErrorValid                      0x08003c05   Thumb Code     4  stm32f1xx_hal_spi.o(i.SPI_ISCRCErrorValid)
    SPI_WriteData                            0x08003ca9   Thumb Code    40  lcd_driver.o(i.SPI_WriteData)
    Sensor_test                              0x08003cd5   Thumb Code   174  main.o(i.Sensor_test)
    Store_data_in_new_file                   0x08003da9   Thumb Code   276  main.o(i.Store_data_in_new_file)
    SysTick_Handler                          0x08003f2d   Thumb Code    32  stm32f1xx_it.o(i.SysTick_Handler)
    SystemClock_Config                       0x08003f55   Thumb Code   114  init.o(i.SystemClock_Config)
    SystemInit                               0x08003fc9   Thumb Code    56  system_stm32f1xx.o(i.SystemInit)
    Take_new_Messure                         0x08004011   Thumb Code    86  main.o(i.Take_new_Messure)
    USB_LP_CAN1_RX0_IRQHandler               0x0800406d   Thumb Code     2  stm32f1xx_it.o(i.USB_LP_CAN1_RX0_IRQHandler)
    __0sprintf                               0x08004071   Thumb Code    34  printfa.o(i.__0sprintf)
    __1sprintf                               0x08004071   Thumb Code     0  printfa.o(i.__0sprintf)
    __2sprintf                               0x08004071   Thumb Code     0  printfa.o(i.__0sprintf)
    __c89sprintf                             0x08004071   Thumb Code     0  printfa.o(i.__0sprintf)
    sprintf                                  0x08004071   Thumb Code     0  printfa.o(i.__0sprintf)
    __scatterload_copy                       0x08004099   Thumb Code    14  handlers.o(i.__scatterload_copy)
    __scatterload_null                       0x080040a7   Thumb Code     2  handlers.o(i.__scatterload_null)
    __scatterload_zeroinit                   0x080040a9   Thumb Code    14  handlers.o(i.__scatterload_zeroinit)
    clust2sect                               0x080049b1   Thumb Code    24  ff.o(i.clust2sect)
    delay_ms                                 0x08004b91   Thumb Code     4  main.o(i.delay_ms)
    disk_initialize                          0x08004d61   Thumb Code   260  sd_spi_stm32.o(i.disk_initialize)
    disk_ioctl                               0x08004e69   Thumb Code   490  sd_spi_stm32.o(i.disk_ioctl)
    disk_read                                0x0800505d   Thumb Code   124  sd_spi_stm32.o(i.disk_read)
    disk_status                              0x080050dd   Thumb Code    12  sd_spi_stm32.o(i.disk_status)
    disk_timerproc                           0x080050ed   Thumb Code    50  sd_spi_stm32.o(i.disk_timerproc)
    disk_write                               0x08005125   Thumb Code   150  sd_spi_stm32.o(i.disk_write)
    f_close                                  0x080051c1   Thumb Code    28  ff.o(i.f_close)
    f_lseek                                  0x080051dd   Thumb Code   302  ff.o(i.f_lseek)
    f_mount                                  0x0800530d   Thumb Code    72  ff.o(i.f_mount)
    f_open                                   0x08005359   Thumb Code   320  ff.o(i.f_open)
    f_puts                                   0x08005499   Thumb Code    70  ff.o(i.f_puts)
    f_sync                                   0x080054df   Thumb Code   152  ff.o(i.f_sync)
    f_write                                  0x08005577   Thumb Code   382  ff.o(i.f_write)
    free                                     0x080059d9   Thumb Code    76  malloc.o(i.free)
    get_fat                                  0x08005a29   Thumb Code   190  ff.o(i.get_fat)
    get_fattime                              0x08005ae9   Thumb Code    68  fattime.o(i.get_fattime)
    main                                     0x08005b9d   Thumb Code   478  main.o(i.main)
    malloc                                   0x08005dd1   Thumb Code    92  malloc.o(i.malloc)
    put_fat                                  0x08005fa1   Thumb Code   244  ff.o(i.put_fat)
    aAPBAHBPrescTable                        0x0800641c   Data          16  stm32f1xx_hal_rcc.o(.constdata)
    Verdana25x34                             0x0800642c   Data        5040  my_font.o(.constdata)
    Verdana11x11                             0x080077dc   Data        4416  my_font.o(.constdata)
    Region$$Table$$Base                      0x08008928   Number         0  anon$$obj.o(Region$$Table)
    Region$$Table$$Limit                     0x08008948   Number         0  anon$$obj.o(Region$$Table)
    pointer_count                            0x2000001c   Data           1  stm32f1xx_it.o(.data)
    button_was_pressed                       0x2000001d   Data           1  stm32f1xx_it.o(.data)
    sec_count                                0x2000001e   Data           1  stm32f1xx_it.o(.data)
    minute_flag                              0x2000001f   Data           1  stm32f1xx_it.o(.data)
    one_sec_flag                             0x20000020   Data           1  stm32f1xx_it.o(.data)
    min_count                                0x20000021   Data           1  stm32f1xx_it.o(.data)
    hour_count                               0x20000022   Data           1  stm32f1xx_it.o(.data)
    store_data                               0x20000024   Data           1  main.o(.data)
    set_rtc_time                             0x20000025   Data           1  main.o(.data)
    get_data                                 0x20000026   Data           1  main.o(.data)
    minuts_10                                0x20000027   Data           1  main.o(.data)
    count_10_min                             0x20000028   Data           1  main.o(.data)
    end_of_day_flag                          0x20000029   Data           1  main.o(.data)
    count_time_store_en                      0x2000002a   Data           2  main.o(.data)
    count_time_store                         0x2000002c   Data           2  main.o(.data)
    sTime_temp                               0x2000002e   Data           3  main.o(.data)
    count_store_data                         0x20000034   Data           4  main.o(.data)
    sDate_temp                               0x20000038   Data           4  main.o(.data)
    pfunction                                0x2000003c   Data           4  main.o(.data)
    I2Cdev_readTimeout                       0x20000064   Data           2  i2cdev.o(.data)
    I2Cdev_hi2c                              0x20000068   Data           4  i2cdev.o(.data)
    X_font                                   0x2000006c   Data           1  my_font.o(.data)
    Y_font                                   0x2000006d   Data           1  my_font.o(.data)
    Bytes_font                               0x2000006e   Data           1  my_font.o(.data)
    Bytes_font11                             0x2000006f   Data           1  my_font.o(.data)
    Start_font                               0x20000070   Data           2  my_font.o(.data)
    Additional_start                         0x20000072   Data           2  my_font.o(.data)
    Start_font11                             0x20000074   Data           2  my_font.o(.data)
    Additional_start11                       0x20000076   Data           2  my_font.o(.data)
    fontVerdana25x34                         0x20000078   Data           4  my_font.o(.data)
    fontVerdana11x11                         0x2000007c   Data           4  my_font.o(.data)
    graph_i                                  0x20000080   Data           1  bmp_graph.o(.data)
    changes_min_max_tempr                    0x20000081   Data           1  bmp_graph.o(.data)
    changes_min_max_press                    0x20000082   Data           1  bmp_graph.o(.data)
    Averaga_temperature                      0x20000084   Data           2  bmp_graph.o(.data)
    temp_t                                   0x20000086   Data           2  bmp_graph.o(.data)
    MAX_temperature                          0x20000088   Data           2  bmp_graph.o(.data)
    MIN_temperature                          0x2000008a   Data           2  bmp_graph.o(.data)
    old_temprature                           0x2000008c   Data           2  bmp_graph.o(.data)
    tempr_data                               0x2000008e   Data           2  bmp_graph.o(.data)
    Average_pressure                         0x20000090   Data           4  bmp_graph.o(.data)
    MAX_pressure                             0x20000094   Data           4  bmp_graph.o(.data)
    MIN_pressure                             0x20000098   Data           4  bmp_graph.o(.data)
    old_pressure                             0x2000009c   Data           4  bmp_graph.o(.data)
    sTime                                    0x200000a0   Data           3  init.o(.data)
    sDate                                    0x200000a3   Data           4  init.o(.data)
    SystemCoreClock                          0x200000a8   Data           4  system_stm32f1xx.o(.data)
    __microlib_freelist                      0x200000ac   Data           4  mvars.o(.data)
    __microlib_freelist_initialised          0x200000b0   Data           4  mvars.o(.data)
    hspi1                                    0x200000b4   Data          88  sd_spi_stm32.o(.bss)
    All_data                                 0x2000010c   Data          20  main.o(.bss)
    Day_data_Array                           0x20000120   Data        2880  main.o(.bss)
    FATFS_Obj                                0x20000c60   Data         560  main.o(.bss)
    file                                     0x20000e90   Data         548  main.o(.bss)
    str_data_name                            0x200010b4   Data          20  main.o(.bss)
    buffer                                   0x200010c8   Data         100  main.o(.bss)
    hi2c1                                    0x2000112c   Data          60  lm75_hal.o(.bss)
    pressure                                 0x20001168   Data         480  bmp_graph.o(.bss)
    temperature                              0x20001348   Data         240  bmp_graph.o(.bss)
    hi2c2                                    0x20001438   Data          60  init.o(.bss)
    hrtc                                     0x20001474   Data          20  init.o(.bss)
    __heap_base                              0x200014b8   Data           0  startup_stm32f103xb.o(HEAP)
    __heap_limit                             0x200016b8   Data           0  startup_stm32f103xb.o(HEAP)
    __initial_sp                             0x20001ab8   Data           0  startup_stm32f103xb.o(STACK)



==============================================================================

Memory Map of the image

  Image Entry point : 0x080000ed

  Load Region LR_IROM1 (Base: 0x08000000, Size: 0x000089fc, Max: 0x00010000, ABSOLUTE)

    Execution Region ER_IROM1 (Base: 0x08000000, Size: 0x00008948, Max: 0x00010000, ABSOLUTE)

    Base Addr    Size         Type   Attr      Idx    E Section Name        Object

    0x08000000   0x000000ec   Data   RO         3938    RESET               startup_stm32f103xb.o
    0x080000ec   0x00000000   Code   RO         4359  * .ARM.Collect$$$$00000000  mc_w.l(entry.o)
    0x080000ec   0x00000004   Code   RO         4712    .ARM.Collect$$$$00000001  mc_w.l(entry2.o)
    0x080000f0   0x00000004   Code   RO         4715    .ARM.Collect$$$$00000004  mc_w.l(entry5.o)
    0x080000f4   0x00000000   Code   RO         4717    .ARM.Collect$$$$00000008  mc_w.l(entry7b.o)
    0x080000f4   0x00000000   Code   RO         4719    .ARM.Collect$$$$0000000A  mc_w.l(entry8b.o)
    0x080000f4   0x00000008   Code   RO         4720    .ARM.Collect$$$$0000000B  mc_w.l(entry9a.o)
    0x080000fc   0x00000000   Code   RO         4722    .ARM.Collect$$$$0000000D  mc_w.l(entry10a.o)
    0x080000fc   0x00000000   Code   RO         4724    .ARM.Collect$$$$0000000F  mc_w.l(entry11a.o)
    0x080000fc   0x00000004   Code   RO         4713    .ARM.Collect$$$$00002712  mc_w.l(entry2.o)
    0x08000100   0x00000024   Code   RO         3939    .text               startup_stm32f103xb.o
    0x08000124   0x00000020   Code   RO         4362    .text               mc_w.l(llushr.o)
    0x08000144   0x00000094   Code   RO         4364    .text               mc_w.l(localtime.o)
    0x080001d8   0x00000024   Code   RO         4368    .text               mc_w.l(memcpya.o)
    0x080001fc   0x0000007c   Code   RO         4665    .text               mf_w.l(fdiv.o)
    0x08000278   0x0000014e   Code   RO         4669    .text               mf_w.l(dadd.o)
    0x080003c6   0x000000e4   Code   RO         4671    .text               mf_w.l(dmul.o)
    0x080004aa   0x00000012   Code   RO         4673    .text               mf_w.l(fflti.o)
    0x080004bc   0x00000028   Code   RO         4675    .text               mf_w.l(ffixui.o)
    0x080004e4   0x00000026   Code   RO         4677    .text               mf_w.l(f2d.o)
    0x0800050a   0x00000002   PAD
    0x0800050c   0x00000014   Code   RO         4681    .text               mf_w.l(cfcmple.o)
    0x08000520   0x00000014   Code   RO         4683    .text               mf_w.l(cfrcmple.o)
    0x08000534   0x0000002c   Code   RO         4729    .text               mc_w.l(uidiv.o)
    0x08000560   0x00000062   Code   RO         4731    .text               mc_w.l(uldiv.o)
    0x080005c2   0x0000001e   Code   RO         4733    .text               mc_w.l(llshl.o)
    0x080005e0   0x00000024   Code   RO         4735    .text               mc_w.l(llsshr.o)
    0x08000604   0x00000000   Code   RO         4746    .text               mc_w.l(iusefp.o)
    0x08000604   0x0000006e   Code   RO         4747    .text               mf_w.l(fepilogue.o)
    0x08000672   0x000000ba   Code   RO         4749    .text               mf_w.l(depilogue.o)
    0x0800072c   0x000000de   Code   RO         4751    .text               mf_w.l(ddiv.o)
    0x0800080a   0x00000030   Code   RO         4757    .text               mf_w.l(dfixul.o)
    0x0800083a   0x00000002   PAD
    0x0800083c   0x00000030   Code   RO         4759    .text               mf_w.l(cdrcmple.o)
    0x0800086c   0x00000024   Code   RO         4761    .text               mc_w.l(init.o)
    0x08000890   0x00000030   Code   RO         3573    i.BMP085_getMeasureDelayMilliseconds  bmp085.o
    0x080008c0   0x0000002c   Code   RO         3574    i.BMP085_getMeasurement2  bmp085.o
    0x080008ec   0x00000030   Code   RO         3575    i.BMP085_getMeasurement3  bmp085.o
    0x0800091c   0x000000a4   Code   RO         3576    i.BMP085_getPressure  bmp085.o
    0x080009c0   0x00000020   Code   RO         3577    i.BMP085_getRawPressure  bmp085.o
    0x080009e0   0x00000014   Code   RO         3578    i.BMP085_getRawTemperature  bmp085.o
    0x080009f4   0x00000040   Code   RO         3579    i.BMP085_getTemperatureC  bmp085.o
    0x08000a34   0x00000014   Code   RO         3581    i.BMP085_initialize  bmp085.o
    0x08000a48   0x000000c0   Code   RO         3582    i.BMP085_loadCalibration  bmp085.o
    0x08000b08   0x00000018   Code   RO         3584    i.BMP085_setControl  bmp085.o
    0x08000b20   0x00000020   Code   RO         3585    i.BMP085_testConnection  bmp085.o
    0x08000b40   0x000001c8   Code   RO         3851    i.Draw_graph        bmp_graph.o
    0x08000d08   0x000000d0   Code   RO         2909    i.Draw_table_ex     main.o
    0x08000dd8   0x00000034   Code   RO         2840    i.EXTI1_IRQHandler  stm32f1xx_it.o
    0x08000e0c   0x0000001c   Code   RO         2841    i.EXTI3_IRQHandler  stm32f1xx_it.o
    0x08000e28   0x0000012c   Code   RO         3852    i.First_Draw_Graph  bmp_graph.o
    0x08000f54   0x00000074   Code   RO         2911    i.First_Draw_Table  main.o
    0x08000fc8   0x0000015c   Code   RO         3488    i.Gui_Circle        gui.o
    0x08001124   0x000000aa   Code   RO         3492    i.Gui_DrawLine      gui.o
    0x080011ce   0x0000001a   Code   RO         3394    i.Gui_DrawPoint     lcd_driver.o
    0x080011e8   0x00000016   Code   RO          232    i.HAL_Delay         stm32f1xx_hal.o
    0x080011fe   0x00000002   Code   RO         1356    i.HAL_GPIO_EXTI_Callback  stm32f1xx_hal_gpio.o
    0x08001200   0x00000018   Code   RO         1357    i.HAL_GPIO_EXTI_IRQHandler  stm32f1xx_hal_gpio.o
    0x08001218   0x000001bc   Code   RO         1358    i.HAL_GPIO_Init     stm32f1xx_hal_gpio.o
    0x080013d4   0x00000008   Code   RO         1361    i.HAL_GPIO_TogglePin  stm32f1xx_hal_gpio.o
    0x080013dc   0x0000000a   Code   RO         1362    i.HAL_GPIO_WritePin  stm32f1xx_hal_gpio.o
    0x080013e6   0x00000002   PAD
    0x080013e8   0x0000000c   Code   RO          236    i.HAL_GetTick       stm32f1xx_hal.o
    0x080013f4   0x000000e0   Code   RO         1427    i.HAL_I2C_Init      stm32f1xx_hal_i2c.o
    0x080014d4   0x000001d0   Code   RO         1431    i.HAL_I2C_Master_Receive  stm32f1xx_hal_i2c.o
    0x080016a4   0x0000012c   Code   RO         1434    i.HAL_I2C_Master_Transmit  stm32f1xx_hal_i2c.o
    0x080017d0   0x00000002   Code   RO         1446    i.HAL_I2C_MspInit   stm32f1xx_hal_i2c.o
    0x080017d2   0x00000002   PAD
    0x080017d4   0x00000010   Code   RO          237    i.HAL_IncTick       stm32f1xx_hal.o
    0x080017e4   0x00000024   Code   RO          238    i.HAL_Init          stm32f1xx_hal.o
    0x08001808   0x00000022   Code   RO          239    i.HAL_InitTick      stm32f1xx_hal.o
    0x0800182a   0x00000002   PAD
    0x0800182c   0x0000003c   Code   RO         3254    i.HAL_MspInit       stm32f1xx_hal_msp.o
    0x08001868   0x00000016   Code   RO          553    i.HAL_NVIC_EnableIRQ  stm32f1xx_hal_cortex.o
    0x0800187e   0x00000002   PAD
    0x08001880   0x00000040   Code   RO          559    i.HAL_NVIC_SetPriority  stm32f1xx_hal_cortex.o
    0x080018c0   0x00000024   Code   RO          560    i.HAL_NVIC_SetPriorityGrouping  stm32f1xx_hal_cortex.o
    0x080018e4   0x00000018   Code   RO           11    i.HAL_PWR_EnableBkUpAccess  stm32f1xx_hal_pwr.o
    0x080018fc   0x000000f0   Code   RO          895    i.HAL_RCCEx_GetPeriphCLKFreq  stm32f1xx_hal_rcc_ex.o
    0x080019ec   0x00000128   Code   RO          896    i.HAL_RCCEx_PeriphCLKConfig  stm32f1xx_hal_rcc_ex.o
    0x08001b14   0x00000288   Code   RO          669    i.HAL_RCC_ClockConfig  stm32f1xx_hal_rcc.o
    0x08001d9c   0x00000034   Code   RO          674    i.HAL_RCC_GetHCLKFreq  stm32f1xx_hal_rcc.o
    0x08001dd0   0x0000002c   Code   RO          676    i.HAL_RCC_GetPCLK1Freq  stm32f1xx_hal_rcc.o
    0x08001dfc   0x0000002c   Code   RO          677    i.HAL_RCC_GetPCLK2Freq  stm32f1xx_hal_rcc.o
    0x08001e28   0x00000088   Code   RO          678    i.HAL_RCC_GetSysClockFreq  stm32f1xx_hal_rcc.o
    0x08001eb0   0x00000632   Code   RO          681    i.HAL_RCC_OscConfig  stm32f1xx_hal_rcc.o
    0x080024e2   0x00000002   PAD
    0x080024e4   0x00000010   Code   RO         2153    i.HAL_RTCEx_BKUPRead  stm32f1xx_hal_rtc_ex.o
    0x080024f4   0x00000010   Code   RO         2154    i.HAL_RTCEx_BKUPWrite  stm32f1xx_hal_rtc_ex.o
    0x08002504   0x00000002   Code   RO         2158    i.HAL_RTCEx_RTCEventCallback  stm32f1xx_hal_rtc_ex.o
    0x08002506   0x00000002   Code   RO         2159    i.HAL_RTCEx_RTCEventErrorCallback  stm32f1xx_hal_rtc_ex.o
    0x08002508   0x00000040   Code   RO         2160    i.HAL_RTCEx_RTCIRQHandler  stm32f1xx_hal_rtc_ex.o
    0x08002548   0x0000002c   Code   RO         2161    i.HAL_RTCEx_SetSecond_IT  stm32f1xx_hal_rtc_ex.o
    0x08002574   0x00000002   Code   RO         1983    i.HAL_RTC_AlarmAEventCallback  stm32f1xx_hal_rtc.o
    0x08002576   0x00000002   PAD
    0x08002578   0x00000034   Code   RO         1984    i.HAL_RTC_AlarmIRQHandler  stm32f1xx_hal_rtc.o
    0x080025ac   0x0000004e   Code   RO         1988    i.HAL_RTC_GetDate   stm32f1xx_hal_rtc.o
    0x080025fa   0x0000008a   Code   RO         1990    i.HAL_RTC_GetTime   stm32f1xx_hal_rtc.o
    0x08002684   0x000000a0   Code   RO         1991    i.HAL_RTC_Init      stm32f1xx_hal_rtc.o
    0x08002724   0x00000002   Code   RO         1993    i.HAL_RTC_MspInit   stm32f1xx_hal_rtc.o
    0x08002726   0x00000002   PAD
    0x08002728   0x000000ac   Code   RO         1998    i.HAL_RTC_SetTime   stm32f1xx_hal_rtc.o
    0x080027d4   0x0000003a   Code   RO         1999    i.HAL_RTC_WaitForSynchro  stm32f1xx_hal_rtc.o
    0x0800280e   0x0000007a   Code   RO         1746    i.HAL_SPI_Init      stm32f1xx_hal_spi.o
    0x08002888   0x00000002   Code   RO         1748    i.HAL_SPI_MspInit   stm32f1xx_hal_spi.o
    0x0800288a   0x000001ec   Code   RO         1749    i.HAL_SPI_Receive   stm32f1xx_hal_spi.o
    0x08002a76   0x000002b2   Code   RO         1755    i.HAL_SPI_TransmitReceive  stm32f1xx_hal_spi.o
    0x08002d28   0x00000018   Code   RO          562    i.HAL_SYSTICK_CLKSourceConfig  stm32f1xx_hal_cortex.o
    0x08002d40   0x00000002   Code   RO          563    i.HAL_SYSTICK_Callback  stm32f1xx_hal_cortex.o
    0x08002d42   0x00000028   Code   RO          564    i.HAL_SYSTICK_Config  stm32f1xx_hal_cortex.o
    0x08002d6a   0x00000008   Code   RO          565    i.HAL_SYSTICK_IRQHandler  stm32f1xx_hal_cortex.o
    0x08002d72   0x00000002   PAD
    0x08002d74   0x00000060   Code   RO         2912    i.Hello_Screen      main.o
    0x08002dd4   0x0000002a   Code   RO         1462    i.I2C_IsAcknowledgeFailed  stm32f1xx_hal_i2c.o
    0x08002dfe   0x000000ba   Code   RO         1465    i.I2C_MasterRequestRead  stm32f1xx_hal_i2c.o
    0x08002eb8   0x00000074   Code   RO         1466    i.I2C_MasterRequestWrite  stm32f1xx_hal_i2c.o
    0x08002f2c   0x0000008a   Code   RO         1469    i.I2C_WaitOnFlagUntilTimeout  stm32f1xx_hal_i2c.o
    0x08002fb6   0x00000088   Code   RO         1470    i.I2C_WaitOnMasterAddressFlagUntilTimeout  stm32f1xx_hal_i2c.o
    0x0800303e   0x00000066   Code   RO         1471    i.I2C_WaitOnRXNEFlagUntilTimeout  stm32f1xx_hal_i2c.o
    0x080030a4   0x00000050   Code   RO         1473    i.I2C_WaitOnTXEFlagUntilTimeout  stm32f1xx_hal_i2c.o
    0x080030f4   0x0000000e   Code   RO         3698    i.I2Cdev_readByte   i2cdev.o
    0x08003102   0x00000002   PAD
    0x08003104   0x00000044   Code   RO         3699    i.I2Cdev_readBytes  i2cdev.o
    0x08003148   0x0000000c   Code   RO         3706    i.I2Cdev_writeByte  i2cdev.o
    0x08003154   0x0000004c   Code   RO         3707    i.I2Cdev_writeBytes  i2cdev.o
    0x080031a0   0x000000b0   Code   RO         3892    i.Init_BMP085       init.o
    0x08003250   0x0000005c   Code   RO         3395    i.LCD_GPIO_Init     lcd_driver.o
    0x080032ac   0x00000030   Code   RO         3396    i.LCD_WriteData_16Bit  lcd_driver.o
    0x080032dc   0x00000078   Code   RO         3346    i.LM75_Init         lm75_hal.o
    0x08003354   0x00000068   Code   RO         3348    i.LM75_Temperature  lm75_hal.o
    0x080033bc   0x00000068   Code   RO         3349    i.LM75_Temperature_ex  lm75_hal.o
    0x08003424   0x0000002e   Code   RO         3397    i.Lcd_Clear         lcd_driver.o
    0x08003452   0x00000224   Code   RO         3398    i.Lcd_Init          lcd_driver.o
    0x08003676   0x00000002   PAD
    0x08003678   0x00000024   Code   RO         3400    i.Lcd_Reset         lcd_driver.o
    0x0800369c   0x00000058   Code   RO         3401    i.Lcd_SetRegion     lcd_driver.o
    0x080036f4   0x00000008   Code   RO         3402    i.Lcd_SetXY         lcd_driver.o
    0x080036fc   0x00000024   Code   RO         3403    i.Lcd_WriteData     lcd_driver.o
    0x08003720   0x00000024   Code   RO         3404    i.Lcd_WriteIndex    lcd_driver.o
    0x08003744   0x000000b4   Code   RO         3893    i.MX_GPIO_Init      init.o
    0x080037f8   0x00000020   Code   RO          566    i.NVIC_SetPriority  stm32f1xx_hal_cortex.o
    0x08003818   0x000000d4   Code   RO         3809    i.PutStringRus      my_font.o
    0x080038ec   0x0000000c   Code   RO         2842    i.RTC_Alarm_IRQHandler  stm32f1xx_it.o
    0x080038f8   0x00000012   Code   RO         2000    i.RTC_Bcd2ToByte    stm32f1xx_hal_rtc.o
    0x0800390a   0x00000016   Code   RO         2001    i.RTC_ByteToBcd2    stm32f1xx_hal_rtc.o
    0x08003920   0x000000ae   Code   RO         2002    i.RTC_DateUpdate    stm32f1xx_hal_rtc.o
    0x080039ce   0x00000034   Code   RO         2003    i.RTC_EnterInitMode  stm32f1xx_hal_rtc.o
    0x08003a02   0x00000002   PAD
    0x08003a04   0x00000036   Code   RO         2004    i.RTC_ExitInitMode  stm32f1xx_hal_rtc.o
    0x08003a3a   0x00000002   PAD
    0x08003a3c   0x00000028   Code   RO         2843    i.RTC_IRQHandler    stm32f1xx_it.o
    0x08003a64   0x000000cc   Code   RO         3894    i.RTC_Init          init.o
    0x08003b30   0x0000000e   Code   RO         2005    i.RTC_ReadAlarmCounter  stm32f1xx_hal_rtc.o
    0x08003b3e   0x00000020   Code   RO         2006    i.RTC_ReadTimeCounter  stm32f1xx_hal_rtc.o
    0x08003b5e   0x00000056   Code   RO         2007    i.RTC_WeekDayNum    stm32f1xx_hal_rtc.o
    0x08003bb4   0x00000028   Code   RO         2008    i.RTC_WriteAlarmCounter  stm32f1xx_hal_rtc.o
    0x08003bdc   0x00000028   Code   RO         2009    i.RTC_WriteTimeCounter  stm32f1xx_hal_rtc.o
    0x08003c04   0x00000004   Code   RO         1772    i.SPI_ISCRCErrorValid  stm32f1xx_hal_spi.o
    0x08003c08   0x0000009e   Code   RO         1777    i.SPI_WaitOnFlagUntilTimeout  stm32f1xx_hal_spi.o
    0x08003ca6   0x00000002   PAD
    0x08003ca8   0x0000002c   Code   RO         3406    i.SPI_WriteData     lcd_driver.o
    0x08003cd4   0x000000d4   Code   RO         2914    i.Sensor_test       main.o
    0x08003da8   0x00000184   Code   RO         2915    i.Store_data_in_new_file  main.o
    0x08003f2c   0x00000028   Code   RO         2844    i.SysTick_Handler   stm32f1xx_it.o
    0x08003f54   0x00000072   Code   RO         3895    i.SystemClock_Config  init.o
    0x08003fc6   0x00000002   PAD
    0x08003fc8   0x00000048   Code   RO         4316    i.SystemInit        system_stm32f1xx.o
    0x08004010   0x0000005c   Code   RO         2916    i.Take_new_Messure  main.o
    0x0800406c   0x00000002   Code   RO         2845    i.USB_LP_CAN1_RX0_IRQHandler  stm32f1xx_it.o
    0x0800406e   0x00000002   PAD
    0x08004070   0x00000028   Code   RO         4607    i.__0sprintf        mc_w.l(printfa.o)
    0x08004098   0x0000000e   Code   RO         4771    i.__scatterload_copy  mc_w.l(handlers.o)
    0x080040a6   0x00000002   Code   RO         4772    i.__scatterload_null  mc_w.l(handlers.o)
    0x080040a8   0x0000000e   Code   RO         4773    i.__scatterload_zeroinit  mc_w.l(handlers.o)
    0x080040b6   0x00000002   PAD
    0x080040b8   0x00000164   Code   RO         4612    i._fp_digits        mc_w.l(printfa.o)
    0x0800421c   0x000006dc   Code   RO         4613    i._printf_core      mc_w.l(printfa.o)
    0x080048f8   0x00000024   Code   RO         4614    i._printf_post_padding  mc_w.l(printfa.o)
    0x0800491c   0x0000002e   Code   RO         4615    i._printf_pre_padding  mc_w.l(printfa.o)
    0x0800494a   0x0000000a   Code   RO         4617    i._sputc            mc_w.l(printfa.o)
    0x08004954   0x0000005c   Code   RO         2255    i.check_fs          ff.o
    0x080049b0   0x00000018   Code   RO         2256    i.clust2sect        ff.o
    0x080049c8   0x0000009e   Code   RO         2257    i.create_chain      ff.o
    0x08004a66   0x00000002   PAD
    0x08004a68   0x00000128   Code   RO         2258    i.create_name       ff.o
    0x08004b90   0x00000004   Code   RO         2917    i.delay_ms          main.o
    0x08004b94   0x000000e6   Code   RO         2259    i.dir_next          ff.o
    0x08004c7a   0x00000064   Code   RO         2261    i.dir_register      ff.o
    0x08004cde   0x00000002   PAD
    0x08004ce0   0x0000007e   Code   RO         2263    i.dir_sdi           ff.o
    0x08004d5e   0x00000002   PAD
    0x08004d60   0x00000108   Code   RO         2617    i.disk_initialize   sd_spi_stm32.o
    0x08004e68   0x000001f4   Code   RO         2618    i.disk_ioctl        sd_spi_stm32.o
    0x0800505c   0x00000080   Code   RO         2619    i.disk_read         sd_spi_stm32.o
    0x080050dc   0x00000010   Code   RO         2620    i.disk_status       sd_spi_stm32.o
    0x080050ec   0x00000038   Code   RO         2621    i.disk_timerproc    sd_spi_stm32.o
    0x08005124   0x0000009c   Code   RO         2622    i.disk_write        sd_spi_stm32.o
    0x080051c0   0x0000001c   Code   RO         2265    i.f_close           ff.o
    0x080051dc   0x0000012e   Code   RO         2269    i.f_lseek           ff.o
    0x0800530a   0x00000002   PAD
    0x0800530c   0x0000004c   Code   RO         2271    i.f_mount           ff.o
    0x08005358   0x00000140   Code   RO         2272    i.f_open            ff.o
    0x08005498   0x00000046   Code   RO         2276    i.f_puts            ff.o
    0x080054de   0x00000098   Code   RO         2281    i.f_sync            ff.o
    0x08005576   0x0000017e   Code   RO         2285    i.f_write           ff.o
    0x080056f4   0x00000238   Code   RO         2286    i.find_volume       ff.o
    0x0800592c   0x000000aa   Code   RO         2287    i.follow_path       ff.o
    0x080059d6   0x00000002   PAD
    0x080059d8   0x00000050   Code   RO         4633    i.free              mc_w.l(malloc.o)
    0x08005a28   0x000000be   Code   RO         2288    i.get_fat           ff.o
    0x08005ae6   0x00000002   PAD
    0x08005ae8   0x00000048   Code   RO         2584    i.get_fattime       fattime.o
    0x08005b30   0x0000003c   Code   RO         2290    i.get_ldnumber      ff.o
    0x08005b6c   0x0000001c   Code   RO         2623    i.interface_speed   sd_spi_stm32.o
    0x08005b88   0x00000012   Code   RO         2291    i.ld_clust          ff.o
    0x08005b9a   0x00000002   PAD
    0x08005b9c   0x00000234   Code   RO         2918    i.main              main.o
    0x08005dd0   0x0000006c   Code   RO         4634    i.malloc            mc_w.l(malloc.o)
    0x08005e3c   0x00000012   Code   RO         2292    i.mem_cpy           ff.o
    0x08005e4e   0x0000000e   Code   RO         2293    i.mem_set           ff.o
    0x08005e5c   0x00000032   Code   RO         2294    i.move_window       ff.o
    0x08005e8e   0x00000002   PAD
    0x08005e90   0x00000030   Code   RO         2624    i.power_off         sd_spi_stm32.o
    0x08005ec0   0x000000e0   Code   RO         2625    i.power_on          sd_spi_stm32.o
    0x08005fa0   0x000000f4   Code   RO         2295    i.put_fat           ff.o
    0x08006094   0x0000003a   Code   RO         2296    i.putc_bfd          ff.o
    0x080060ce   0x00000002   PAD
    0x080060d0   0x00000060   Code   RO         2626    i.rcvr_datablock    sd_spi_stm32.o
    0x08006130   0x00000006   Code   RO         2627    i.rcvr_spi          sd_spi_stm32.o
    0x08006136   0x00000002   PAD
    0x08006138   0x0000001c   Code   RO         2628    i.release_spi       sd_spi_stm32.o
    0x08006154   0x00000062   Code   RO         2297    i.remove_chain      ff.o
    0x080061b6   0x00000002   PAD
    0x080061b8   0x0000009c   Code   RO         2629    i.send_cmd          sd_spi_stm32.o
    0x08006254   0x00000010   Code   RO         2298    i.st_clust          ff.o
    0x08006264   0x00000020   Code   RO         2630    i.stm32_spi_rw      sd_spi_stm32.o
    0x08006284   0x000000b0   Code   RO         2299    i.sync_fs           ff.o
    0x08006334   0x00000052   Code   RO         2300    i.sync_window       ff.o
    0x08006386   0x00000022   Code   RO         2301    i.validate          ff.o
    0x080063a8   0x00000024   Code   RO         2631    i.wait_ready        sd_spi_stm32.o
    0x080063cc   0x00000050   Code   RO         2632    i.xmit_datablock    sd_spi_stm32.o
    0x0800641c   0x00000010   Data   RO          682    .constdata          stm32f1xx_hal_rcc.o
    0x0800642c   0x000013b0   Data   RO         3811    .constdata          my_font.o
    0x080077dc   0x00001140   Data   RO         3812    .constdata          my_font.o
    0x0800891c   0x0000000c   Data   RO         4366    .constdata          mc_w.l(localtime.o)
    0x08008928   0x00000020   Data   RO         4769    Region$$Table       anon$$obj.o


    Execution Region RW_IRAM1 (Base: 0x20000000, Size: 0x00001ab8, Max: 0x00005000, ABSOLUTE)

    Base Addr    Size         Type   Attr      Idx    E Section Name        Object

    0x20000000   0x00000004   Data   RW          244    .data               stm32f1xx_hal.o
    0x20000004   0x00000008   Data   RW         2302    .data               ff.o
    0x2000000c   0x00000010   Data   RW         2634    .data               sd_spi_stm32.o
    0x2000001c   0x00000005   Data   RW         2846    .data               stm32f1xx_it.o
    0x20000021   0x00000001   Data   RW         2847    .data               stm32f1xx_it.o
    0x20000022   0x00000001   Data   RW         2848    .data               stm32f1xx_it.o
    0x20000023   0x00000001   PAD
    0x20000024   0x0000001c   Data   RW         2921    .data               main.o
    0x20000040   0x00000024   Data   RW         3586    .data               bmp085.o
    0x20000064   0x00000008   Data   RW         3710    .data               i2cdev.o
    0x2000006c   0x00000014   Data   RW         3813    .data               my_font.o
    0x20000080   0x00000020   Data   RW         3855    .data               bmp_graph.o
    0x200000a0   0x00000003   Data   RW         3897    .data               init.o
    0x200000a3   0x00000004   Data   RW         3898    .data               init.o
    0x200000a7   0x00000001   PAD
    0x200000a8   0x00000004   Data   RW         4318    .data               system_stm32f1xx.o
    0x200000ac   0x00000004   Data   RW         4737    .data               mc_w.l(mvars.o)
    0x200000b0   0x00000004   Data   RW         4738    .data               mc_w.l(mvars.o)
    0x200000b4   0x00000058   Zero   RW         2633    .bss                sd_spi_stm32.o
    0x2000010c   0x00001020   Zero   RW         2919    .bss                main.o
    0x2000112c   0x0000003c   Zero   RW         3350    .bss                lm75_hal.o
    0x20001168   0x000002d0   Zero   RW         3854    .bss                bmp_graph.o
    0x20001438   0x00000050   Zero   RW         3896    .bss                init.o
    0x20001488   0x0000002c   Zero   RW         4365    .bss                mc_w.l(localtime.o)
    0x200014b4   0x00000004   PAD
    0x200014b8   0x00000200   Zero   RW         3937    HEAP                startup_stm32f103xb.o
    0x200016b8   0x00000400   Zero   RW         3936    STACK               startup_stm32f103xb.o

