Component: ARM Compiler 5.05 update 1 (build 106) Tool: armlink [4d0efa]

==============================================================================

Section Cross References

    stm32f1xx_hal_pwr.o(i.HAL_PWR_EnterSTOPMode) refers to stm32f1xx_hal_pwr.o(i.PWR_OverloadWfe) for PWR_OverloadWfe
    stm32f1xx_hal_pwr.o(i.HAL_PWR_PVD_IRQHandler) refers to stm32f1xx_hal_pwr.o(i.HAL_PWR_PVDCallback) for HAL_PWR_PVDCallback
    stm32f1xx_hal.o(i.HAL_DeInit) refers to stm32f1xx_hal.o(i.HAL_MspDeInit) for HAL_MspDeInit
    stm32f1xx_hal.o(i.HAL_Delay) refers to stm32f1xx_hal.o(i.HAL_GetTick) for HAL_GetTick
    stm32f1xx_hal.o(i.HAL_GetTick) refers to stm32f1xx_hal.o(.data) for .data
    stm32f1xx_hal.o(i.HAL_IncTick) refers to stm32f1xx_hal.o(.data) for .data
    stm32f1xx_hal.o(i.HAL_Init) refers to stm32f1xx_hal_cortex.o(i.HAL_NVIC_SetPriorityGrouping) for HAL_NVIC_SetPriorityGrouping
    stm32f1xx_hal.o(i.HAL_Init) refers to stm32f1xx_hal.o(i.HAL_InitTick) for HAL_InitTick
    stm32f1xx_hal.o(i.HAL_Init) refers to stm32f1xx_hal_msp.o(i.HAL_MspInit) for HAL_MspInit
    stm32f1xx_hal.o(i.HAL_InitTick) refers to stm32f1xx_hal_rcc.o(i.HAL_RCC_GetHCLKFreq) for HAL_RCC_GetHCLKFreq
    stm32f1xx_hal.o(i.HAL_InitTick) refers to stm32f1xx_hal_cortex.o(i.HAL_SYSTICK_Config) for HAL_SYSTICK_Config
    stm32f1xx_hal.o(i.HAL_InitTick) refers to stm32f1xx_hal_cortex.o(i.HAL_NVIC_SetPriority) for HAL_NVIC_SetPriority
    stm32f1xx_ll_usb.o(i.USB_EPStartXfer) refers to stm32f1xx_ll_usb.o(i.USB_WritePMA) for USB_WritePMA
    stm32f1xx_hal_cortex.o(i.HAL_NVIC_SetPriority) refers to stm32f1xx_hal_cortex.o(i.NVIC_SetPriority) for NVIC_SetPriority
    stm32f1xx_hal_cortex.o(i.HAL_SYSTICK_Config) refers to stm32f1xx_hal_cortex.o(i.NVIC_SetPriority) for NVIC_SetPriority
    stm32f1xx_hal_cortex.o(i.HAL_SYSTICK_IRQHandler) refers to stm32f1xx_hal_cortex.o(i.HAL_SYSTICK_Callback) for HAL_SYSTICK_Callback
    stm32f1xx_hal_rcc.o(i.HAL_RCC_ClockConfig) refers to stm32f1xx_hal.o(i.HAL_GetTick) for HAL_GetTick
    stm32f1xx_hal_rcc.o(i.HAL_RCC_ClockConfig) refers to stm32f1xx_hal.o(i.HAL_InitTick) for HAL_InitTick
    stm32f1xx_hal_rcc.o(i.HAL_RCC_GetHCLKFreq) refers to stm32f1xx_hal_rcc.o(i.HAL_RCC_GetSysClockFreq) for HAL_RCC_GetSysClockFreq
    stm32f1xx_hal_rcc.o(i.HAL_RCC_GetHCLKFreq) refers to stm32f1xx_hal_rcc.o(.constdata) for .constdata
    stm32f1xx_hal_rcc.o(i.HAL_RCC_GetHCLKFreq) refers to system_stm32f1xx.o(.data) for SystemCoreClock
    stm32f1xx_hal_rcc.o(i.HAL_RCC_GetPCLK1Freq) refers to stm32f1xx_hal_rcc.o(i.HAL_RCC_GetHCLKFreq) for HAL_RCC_GetHCLKFreq
    stm32f1xx_hal_rcc.o(i.HAL_RCC_GetPCLK1Freq) refers to stm32f1xx_hal_rcc.o(.constdata) for .constdata
    stm32f1xx_hal_rcc.o(i.HAL_RCC_GetPCLK2Freq) refers to stm32f1xx_hal_rcc.o(i.HAL_RCC_GetHCLKFreq) for HAL_RCC_GetHCLKFreq
    stm32f1xx_hal_rcc.o(i.HAL_RCC_GetPCLK2Freq) refers to stm32f1xx_hal_rcc.o(.constdata) for .constdata
    stm32f1xx_hal_rcc.o(i.HAL_RCC_MCOConfig) refers to stm32f1xx_hal_gpio.o(i.HAL_GPIO_Init) for HAL_GPIO_Init
    stm32f1xx_hal_rcc.o(i.HAL_RCC_NMI_IRQHandler) refers to stm32f1xx_hal_rcc.o(i.HAL_RCC_CSSCallback) for HAL_RCC_CSSCallback
    stm32f1xx_hal_rcc.o(i.HAL_RCC_OscConfig) refers to stm32f1xx_hal.o(i.HAL_GetTick) for HAL_GetTick
    stm32f1xx_hal_rcc.o(i.HAL_RCC_OscConfig) refers to stm32f1xx_hal.o(i.HAL_Delay) for HAL_Delay
    stm32f1xx_hal_flash_ex.o(i.FLASH_MassErase) refers to stm32f1xx_hal_flash.o(.bss) for pFlash
    stm32f1xx_hal_flash_ex.o(i.FLASH_OB_DisableWRP) refers to stm32f1xx_hal_flash.o(i.FLASH_WaitForLastOperation) for FLASH_WaitForLastOperation
    stm32f1xx_hal_flash_ex.o(i.FLASH_OB_DisableWRP) refers to stm32f1xx_hal_flash_ex.o(i.HAL_FLASHEx_OBErase) for HAL_FLASHEx_OBErase
    stm32f1xx_hal_flash_ex.o(i.FLASH_OB_DisableWRP) refers to stm32f1xx_hal_flash.o(.bss) for pFlash
    stm32f1xx_hal_flash_ex.o(i.FLASH_OB_EnableWRP) refers to stm32f1xx_hal_flash.o(i.FLASH_WaitForLastOperation) for FLASH_WaitForLastOperation
    stm32f1xx_hal_flash_ex.o(i.FLASH_OB_EnableWRP) refers to stm32f1xx_hal_flash_ex.o(i.HAL_FLASHEx_OBErase) for HAL_FLASHEx_OBErase
    stm32f1xx_hal_flash_ex.o(i.FLASH_OB_EnableWRP) refers to stm32f1xx_hal_flash.o(.bss) for pFlash
    stm32f1xx_hal_flash_ex.o(i.FLASH_OB_RDP_LevelConfig) refers to stm32f1xx_hal_flash.o(i.FLASH_WaitForLastOperation) for FLASH_WaitForLastOperation
    stm32f1xx_hal_flash_ex.o(i.FLASH_OB_RDP_LevelConfig) refers to stm32f1xx_hal_flash.o(.bss) for pFlash
    stm32f1xx_hal_flash_ex.o(i.FLASH_PageErase) refers to stm32f1xx_hal_flash.o(.bss) for pFlash
    stm32f1xx_hal_flash_ex.o(i.HAL_FLASHEx_Erase) refers to stm32f1xx_hal_flash.o(i.FLASH_WaitForLastOperation) for FLASH_WaitForLastOperation
    stm32f1xx_hal_flash_ex.o(i.HAL_FLASHEx_Erase) refers to stm32f1xx_hal_flash_ex.o(i.FLASH_MassErase) for FLASH_MassErase
    stm32f1xx_hal_flash_ex.o(i.HAL_FLASHEx_Erase) refers to stm32f1xx_hal_flash_ex.o(i.FLASH_PageErase) for FLASH_PageErase
[...]
    i.BMP085_getPressure                     0x080009e4   Section        0  bmp085.o(i.BMP085_getPressure)
    i.BMP085_getRawPressure                  0x08000a88   Section        0  bmp085.o(i.BMP085_getRawPressure)
    i.BMP085_getRawTemperature               0x08000aa8   Section        0  bmp085.o(i.BMP085_getRawTemperature)
    i.BMP085_getTemperatureC                 0x08000abc   Section        0  bmp085.o(i.BMP085_getTemperatureC)
    i.BMP085_initialize                      0x08000afc   Section        0  bmp085.o(i.BMP085_initialize)
    i.BMP085_loadCalibration                 0x08000b10   Section        0  bmp085.o(i.BMP085_loadCalibration)
    i.BMP085_setControl                      0x08000bd0   Section        0  bmp085.o(i.BMP085_setControl)
    i.BMP085_testConnection                  0x08000be8   Section        0  bmp085.o(i.BMP085_testConnection)
    i.Create_new_file                        0x08000c08   Section        0  main.o(i.Create_new_file)
    i.Draw_graph                             0x08000ccc   Section        0  bmp_graph.o(i.Draw_graph)
    i.Draw_table_ex                          0x08000e94   Section        0  main.o(i.Draw_table_ex)
    i.EXTI1_IRQHandler                       0x08000f74   Section        0  stm32f1xx_it.o(i.EXTI1_IRQHandler)
    i.EXTI3_IRQHandler                       0x08000fa4   Section        0  stm32f1xx_it.o(i.EXTI3_IRQHandler)
    i.First_Draw_Graph                       0x08000fc0   Section        0  bmp_graph.o(i.First_Draw_Graph)
    i.First_Draw_Table                       0x08001040   Section        0  main.o(i.First_Draw_Table)
    i.Gui_Circle                             0x080010b4   Section        0  gui.o(i.Gui_Circle)
    i.Gui_DrawLine                           0x08001210   Section        0  gui.o(i.Gui_DrawLine)
    i.Gui_DrawPoint                          0x080012ba   Section        0  lcd_driver.o(i.Gui_DrawPoint)
    i.HAL_Delay                              0x080012d4   Section        0  stm32f1xx_hal.o(i.HAL_Delay)
    i.HAL_GPIO_EXTI_Callback                 0x080012ea   Section        0  stm32f1xx_hal_gpio.o(i.HAL_GPIO_EXTI_Callback)
    i.HAL_GPIO_EXTI_IRQHandler               0x080012ec   Section        0  stm32f1xx_hal_gpio.o(i.HAL_GPIO_EXTI_IRQHandler)
    i.HAL_GPIO_Init                          0x08001304   Section        0  stm32f1xx_hal_gpio.o(i.HAL_GPIO_Init)
    i.HAL_GPIO_TogglePin                     0x080014c0   Section        0  stm32f1xx_hal_gpio.o(i.HAL_GPIO_TogglePin)
    i.HAL_GPIO_WritePin                      0x080014c8   Section        0  stm32f1xx_hal_gpio.o(i.HAL_GPIO_WritePin)
    i.HAL_GetTick                            0x080014d4   Section        0  stm32f1xx_hal.o(i.HAL_GetTick)
    i.HAL_I2C_Init                           0x080014e0   Section        0  stm32f1xx_hal_i2c.o(i.HAL_I2C_Init)
    i.HAL_I2C_Master_Receive                 0x080015c0   Section        0  stm32f1xx_hal_i2c.o(i.HAL_I2C_Master_Receive)
    i.HAL_I2C_Master_Transmit                0x08001790   Section        0  stm32f1xx_hal_i2c.o(i.HAL_I2C_Master_Transmit)
    i.HAL_I2C_MspInit                        0x080018bc   Section        0  stm32f1xx_hal_i2c.o(i.HAL_I2C_MspInit)
    i.HAL_IncTick                            0x080018c0   Section        0  stm32f1xx_hal.o(i.HAL_IncTick)
    i.HAL_Init                               0x080018d0   Section        0  stm32f1xx_hal.o(i.HAL_Init)
    i.HAL_InitTick                           0x080018f4   Section        0  stm32f1xx_hal.o(i.HAL_InitTick)
    i.HAL_MspInit                            0x08001918   Section        0  stm32f1xx_hal_msp.o(i.HAL_MspInit)
    i.HAL_NVIC_EnableIRQ                     0x08001954   Section        0  stm32f1xx_hal_cortex.o(i.HAL_NVIC_EnableIRQ)
    i.HAL_NVIC_SetPriority                   0x0800196c   Section        0  stm32f1xx_hal_cortex.o(i.HAL_NVIC_SetPriority)
    i.HAL_NVIC_SetPriorityGrouping           0x080019ac   Section        0  stm32f1xx_hal_cortex.o(i.HAL_NVIC_SetPriorityGrouping)
    i.HAL_PWR_EnableBkUpAccess               0x080019d0   Section        0  stm32f1xx_hal_pwr.o(i.HAL_PWR_EnableBkUpAccess)
    i.HAL_RCCEx_GetPeriphCLKFreq             0x080019e8   Section        0  stm32f1xx_hal_rcc_ex.o(i.HAL_RCCEx_GetPeriphCLKFreq)
    i.HAL_RCCEx_PeriphCLKConfig              0x08001ad8   Section        0  stm32f1xx_hal_rcc_ex.o(i.HAL_RCCEx_PeriphCLKConfig)
    i.HAL_RCC_ClockConfig                    0x08001c00   Section        0  stm32f1xx_hal_rcc.o(i.HAL_RCC_ClockConfig)
    i.HAL_RCC_GetHCLKFreq                    0x08001e88   Section        0  stm32f1xx_hal_rcc.o(i.HAL_RCC_GetHCLKFreq)
    i.HAL_RCC_GetPCLK1Freq                   0x08001ebc   Section        0  stm32f1xx_hal_rcc.o(i.HAL_RCC_GetPCLK1Freq)
    i.HAL_RCC_GetPCLK2Freq                   0x08001ee8   Section        0  stm32f1xx_hal_rcc.o(i.HAL_RCC_GetPCLK2Freq)
    i.HAL_RCC_GetSysClockFreq                0x08001f14   Section        0  stm32f1xx_hal_rcc.o(i.HAL_RCC_GetSysClockFreq)
    i.HAL_RCC_OscConfig                      0x08001f9c   Section        0  stm32f1xx_hal_rcc.o(i.HAL_RCC_OscConfig)
    i.HAL_RTCEx_BKUPRead                     0x080025d0   Section        0  stm32f1xx_hal_rtc_ex.o(i.HAL_RTCEx_BKUPRead)
    i.HAL_RTCEx_BKUPWrite                    0x080025e0   Section        0  stm32f1xx_hal_rtc_ex.o(i.HAL_RTCEx_BKUPWrite)
    i.HAL_RTCEx_RTCEventCallback             0x080025f0   Section        0  stm32f1xx_hal_rtc_ex.o(i.HAL_RTCEx_RTCEventCallback)
    i.HAL_RTCEx_RTCEventErrorCallback        0x080025f2   Section        0  stm32f1xx_hal_rtc_ex.o(i.HAL_RTCEx_RTCEventErrorCallback)
    i.HAL_RTCEx_RTCIRQHandler                0x080025f4   Section        0  stm32f1xx_hal_rtc_ex.o(i.HAL_RTCEx_RTCIRQHandler)
    i.HAL_RTCEx_SetSecond_IT                 0x08002630   Section        0  stm32f1xx_hal_rtc_ex.o(i.HAL_RTCEx_SetSecond_IT)
    i.HAL_RTC_AlarmAEventCallback            0x0800265c   Section        0  stm32f1xx_hal_rtc.o(i.HAL_RTC_AlarmAEventCallback)
    i.HAL_RTC_AlarmIRQHandler                0x08002660   Section        0  stm32f1xx_hal_rtc.o(i.HAL_RTC_AlarmIRQHandler)
    i.HAL_RTC_GetDate                        0x08002694   Section        0  stm32f1xx_hal_rtc.o(i.HAL_RTC_GetDate)
    i.HAL_RTC_GetTime                        0x080026e2   Section        0  stm32f1xx_hal_rtc.o(i.HAL_RTC_GetTime)
    i.HAL_RTC_Init                           0x080027bc   Section        0  stm32f1xx_hal_rtc.o(i.HAL_RTC_Init)
    i.HAL_RTC_MspInit                        0x0800285c   Section        0  stm32f1xx_hal_rtc.o(i.HAL_RTC_MspInit)
    i.HAL_RTC_WaitForSynchro                 0x0800285e   Section        0  stm32f1xx_hal_rtc.o(i.HAL_RTC_WaitForSynchro)
    i.HAL_SPI_Init                           0x08002898   Section        0  stm32f1xx_hal_spi.o(i.HAL_SPI_Init)
    i.HAL_SPI_MspInit                        0x08002912   Section        0  stm32f1xx_hal_spi.o(i.HAL_SPI_MspInit)
    i.HAL_SPI_Receive                        0x08002914   Section        0  stm32f1xx_hal_spi.o(i.HAL_SPI_Receive)
    i.HAL_SPI_TransmitReceive                0x08002b00   Section        0  stm32f1xx_hal_spi.o(i.HAL_SPI_TransmitReceive)
    i.HAL_SYSTICK_CLKSourceConfig            0x08002db2   Section        0  stm32f1xx_hal_cortex.o(i.HAL_SYSTICK_CLKSourceConfig)
    i.HAL_SYSTICK_Callback                   0x08002dca   Section        0  stm32f1xx_hal_cortex.o(i.HAL_SYSTICK_Callback)
    i.HAL_SYSTICK_Config                     0x08002dcc   Section        0  stm32f1xx_hal_cortex.o(i.HAL_SYSTICK_Config)
    i.HAL_SYSTICK_IRQHandler                 0x08002df4   Section        0  stm32f1xx_hal_cortex.o(i.HAL_SYSTICK_IRQHandler)
    i.Hello_Screen                           0x08002dfc   Section        0  main.o(i.Hello_Screen)
    i.I2C_IsAcknowledgeFailed                0x08002e5c   Section        0  stm32f1xx_hal_i2c.o(i.I2C_IsAcknowledgeFailed)
    I2C_IsAcknowledgeFailed                  0x08002e5d   Thumb Code    42  stm32f1xx_hal_i2c.o(i.I2C_IsAcknowledgeFailed)
    i.I2C_MasterRequestRead                  0x08002e86   Section        0  stm32f1xx_hal_i2c.o(i.I2C_MasterRequestRead)
    I2C_MasterRequestRead                    0x08002e87   Thumb Code   186  stm32f1xx_hal_i2c.o(i.I2C_MasterRequestRead)
    i.I2C_MasterRequestWrite                 0x08002f40   Section        0  stm32f1xx_hal_i2c.o(i.I2C_MasterRequestWrite)
    I2C_MasterRequestWrite                   0x08002f41   Thumb Code   112  stm32f1xx_hal_i2c.o(i.I2C_MasterRequestWrite)
    i.I2C_WaitOnFlagUntilTimeout             0x08002fb4   Section        0  stm32f1xx_hal_i2c.o(i.I2C_WaitOnFlagUntilTimeout)
    I2C_WaitOnFlagUntilTimeout               0x08002fb5   Thumb Code   138  stm32f1xx_hal_i2c.o(i.I2C_WaitOnFlagUntilTimeout)
    i.I2C_WaitOnMasterAddressFlagUntilTimeout 0x0800303e   Section        0  stm32f1xx_hal_i2c.o(i.I2C_WaitOnMasterAddressFlagUntilTimeout)
    I2C_WaitOnMasterAddressFlagUntilTimeout  0x0800303f   Thumb Code   136  stm32f1xx_hal_i2c.o(i.I2C_WaitOnMasterAddressFlagUntilTimeout)
    i.I2C_WaitOnRXNEFlagUntilTimeout         0x080030c6   Section        0  stm32f1xx_hal_i2c.o(i.I2C_WaitOnRXNEFlagUntilTimeout)
    I2C_WaitOnRXNEFlagUntilTimeout           0x080030c7   Thumb Code   102  stm32f1xx_hal_i2c.o(i.I2C_WaitOnRXNEFlagUntilTimeout)
    i.I2C_WaitOnTXEFlagUntilTimeout          0x0800312c   Section        0  stm32f1xx_hal_i2c.o(i.I2C_WaitOnTXEFlagUntilTimeout)
    I2C_WaitOnTXEFlagUntilTimeout            0x0800312d   Thumb Code    80  stm32f1xx_hal_i2c.o(i.I2C_WaitOnTXEFlagUntilTimeout)
    i.I2Cdev_readByte                        0x0800317c   Section        0  i2cdev.o(i.I2Cdev_readByte)
    i.I2Cdev_readBytes                       0x0800318c   Section        0  i2cdev.o(i.I2Cdev_readBytes)
    i.I2Cdev_writeByte                       0x080031d0   Section        0  i2cdev.o(i.I2Cdev_writeByte)
    i.I2Cdev_writeBytes                      0x080031dc   Section        0  i2cdev.o(i.I2Cdev_writeBytes)
    i.Init_BMP085                            0x08003228   Section        0  init.o(i.Init_BMP085)
    i.LCD_GPIO_Init                          0x080032d8   Section        0  lcd_driver.o(i.LCD_GPIO_Init)
    i.LCD_WriteData_16Bit                    0x08003334   Section        0  lcd_driver.o(i.LCD_WriteData_16Bit)
    i.LM75_Init                              0x08003364   Section        0  lm75_hal.o(i.LM75_Init)
    i.LM75_Temperature                       0x080033dc   Section        0  lm75_hal.o(i.LM75_Temperature)
    i.LM75_Temperature_ex                    0x08003444   Section        0  lm75_hal.o(i.LM75_Temperature_ex)
    i.Lcd_Clear                              0x080034ac   Section        0  lcd_driver.o(i.Lcd_Clear)
    i.Lcd_Init                               0x080034da   Section        0  lcd_driver.o(i.Lcd_Init)
    i.Lcd_Reset                              0x08003700   Section        0  lcd_driver.o(i.Lcd_Reset)
    i.Lcd_SetRegion                          0x08003724   Section        0  lcd_driver.o(i.Lcd_SetRegion)
    i.Lcd_SetXY                              0x0800377c   Section        0  lcd_driver.o(i.Lcd_SetXY)
    i.Lcd_WriteData                          0x08003784   Section        0  lcd_driver.o(i.Lcd_WriteData)
    i.Lcd_WriteIndex                         0x080037a8   Section        0  lcd_driver.o(i.Lcd_WriteIndex)
    i.MX_GPIO_Init                           0x080037cc   Section        0  init.o(i.MX_GPIO_Init)
    i.NVIC_SetPriority                       0x08003880   Section        0  stm32f1xx_hal_cortex.o(i.NVIC_SetPriority)
    NVIC_SetPriority                         0x08003881   Thumb Code    32  stm32f1xx_hal_cortex.o(i.NVIC_SetPriority)
    i.PutStringRus                           0x080038a0   Section        0  my_font.o(i.PutStringRus)
    i.RTC_Alarm_IRQHandler                   0x08003974   Section        0  stm32f1xx_it.o(i.RTC_Alarm_IRQHandler)
    i.RTC_ByteToBcd2                         0x08003980   Section        0  stm32f1xx_hal_rtc.o(i.RTC_ByteToBcd2)
    RTC_ByteToBcd2                           0x08003981   Thumb Code    22  stm32f1xx_hal_rtc.o(i.RTC_ByteToBcd2)
    i.RTC_DateUpdate                         0x08003996   Section        0  stm32f1xx_hal_rtc.o(i.RTC_DateUpdate)
    RTC_DateUpdate                           0x08003997   Thumb Code   174  stm32f1xx_hal_rtc.o(i.RTC_DateUpdate)
    i.RTC_EnterInitMode                      0x08003a44   Section        0  stm32f1xx_hal_rtc.o(i.RTC_EnterInitMode)
    RTC_EnterInitMode                        0x08003a45   Thumb Code    52  stm32f1xx_hal_rtc.o(i.RTC_EnterInitMode)
    i.RTC_ExitInitMode                       0x08003a78   Section        0  stm32f1xx_hal_rtc.o(i.RTC_ExitInitMode)
    RTC_ExitInitMode                         0x08003a79   Thumb Code    54  stm32f1xx_hal_rtc.o(i.RTC_ExitInitMode)
    i.RTC_IRQHandler                         0x08003ab0   Section        0  stm32f1xx_it.o(i.RTC_IRQHandler)
    i.RTC_Init                               0x08003ae0   Section        0  init.o(i.RTC_Init)
    i.RTC_ReadAlarmCounter                   0x08003ba0   Section        0  stm32f1xx_hal_rtc.o(i.RTC_ReadAlarmCounter)
    RTC_ReadAlarmCounter                     0x08003ba1   Thumb Code    14  stm32f1xx_hal_rtc.o(i.RTC_ReadAlarmCounter)
    i.RTC_ReadTimeCounter                    0x08003bae   Section        0  stm32f1xx_hal_rtc.o(i.RTC_ReadTimeCounter)
    RTC_ReadTimeCounter                      0x08003baf   Thumb Code    32  stm32f1xx_hal_rtc.o(i.RTC_ReadTimeCounter)
    i.RTC_WeekDayNum                         0x08003bce   Section        0  stm32f1xx_hal_rtc.o(i.RTC_WeekDayNum)
    RTC_WeekDayNum                           0x08003bcf   Thumb Code    86  stm32f1xx_hal_rtc.o(i.RTC_WeekDayNum)
    i.RTC_WriteAlarmCounter                  0x08003c24   Section        0  stm32f1xx_hal_rtc.o(i.RTC_WriteAlarmCounter)
    RTC_WriteAlarmCounter                    0x08003c25   Thumb Code    40  stm32f1xx_hal_rtc.o(i.RTC_WriteAlarmCounter)
    i.RTC_WriteTimeCounter                   0x08003c4c   Section        0  stm32f1xx_hal_rtc.o(i.RTC_WriteTimeCounter)
    RTC_WriteTimeCounter                     0x08003c4d   Thumb Code    40  stm32f1xx_hal_rtc.o(i.RTC_WriteTimeCounter)
    i.SPI_ISCRCErrorValid                    0x08003c74   Section        0  stm32f1xx_hal_spi.o(i.SPI_ISCRCErrorValid)
    i.SPI_WaitOnFlagUntilTimeout             0x08003c78   Section        0  stm32f1xx_hal_spi.o(i.SPI_WaitOnFlagUntilTimeout)
    SPI_WaitOnFlagUntilTimeout               0x08003c79   Thumb Code   158  stm32f1xx_hal_spi.o(i.SPI_WaitOnFlagUntilTimeout)
    i.SPI_WriteData                          0x08003d18   Section        0  lcd_driver.o(i.SPI_WriteData)
    i.Sensor_test                            0x08003d44   Section        0  main.o(i.Sensor_test)
    i.SysTick_Handler                        0x08003e18   Section        0  stm32f1xx_it.o(i.SysTick_Handler)
    i.SystemClock_Config                     0x08003e2a   Section        0  init.o(i.SystemClock_Config)
    i.SystemInit                             0x08003e9c   Section        0  system_stm32f1xx.o(i.SystemInit)
    i.Take_average_data                      0x08003ee4   Section        0  bmp_graph.o(i.Take_average_data)
    i.Take_new_Messure                       0x08003f8c   Section        0  main.o(i.Take_new_Messure)
    i.USB_LP_CAN1_RX0_IRQHandler             0x08003ff0   Section        0  stm32f1xx_it.o(i.USB_LP_CAN1_RX0_IRQHandler)
    i.__0sprintf                             0x08003ff4   Section        0  printfa.o(i.__0sprintf)
    i.__scatterload_copy                     0x0800401c   Section       14  handlers.o(i.__scatterload_copy)
    i.__scatterload_null                     0x0800402a   Section        2  handlers.o(i.__scatterload_null)
    i.__scatterload_zeroinit                 0x0800402c   Section       14  handlers.o(i.__scatterload_zeroinit)
    i._fp_digits                             0x0800403c   Section        0  printfa.o(i._fp_digits)
    _fp_digits                               0x0800403d   Thumb Code   334  printfa.o(i._fp_digits)
    i._printf_core                           0x080041a0   Section        0  printfa.o(i._printf_core)
    _printf_core                             0x080041a1   Thumb Code  1744  printfa.o(i._printf_core)
    i._printf_post_padding                   0x0800487c   Section        0  printfa.o(i._printf_post_padding)
    _printf_post_padding                     0x0800487d   Thumb Code    36  printfa.o(i._printf_post_padding)
    i._printf_pre_padding                    0x080048a0   Section        0  printfa.o(i._printf_pre_padding)
    _printf_pre_padding                      0x080048a1   Thumb Code    46  printfa.o(i._printf_pre_padding)
    i._sputc                                 0x080048ce   Section        0  printfa.o(i._sputc)
    _sputc                                   0x080048cf   Thumb Code    10  printfa.o(i._sputc)
    i.check_fs                               0x080048d8   Section        0  ff.o(i.check_fs)
    check_fs                                 0x080048d9   Thumb Code    86  ff.o(i.check_fs)
    i.clust2sect                             0x08004934   Section        0  ff.o(i.clust2sect)
    i.create_chain                           0x0800494c   Section        0  ff.o(i.create_chain)
    create_chain                             0x0800494d   Thumb Code   158  ff.o(i.create_chain)
    i.create_name                            0x080049ec   Section        0  ff.o(i.create_name)
    create_name                              0x080049ed   Thumb Code   278  ff.o(i.create_name)
    i.delay_init                             0x08004b14   Section        0  delay.o(i.delay_init)
    i.delay_ms                               0x08004b40   Section        0  delay.o(i.delay_ms)
    i.dir_next                               0x08004b68   Section        0  ff.o(i.dir_next)
    dir_next                                 0x08004b69   Thumb Code   230  ff.o(i.dir_next)
    i.dir_register                           0x08004c4e   Section        0  ff.o(i.dir_register)
    dir_register                             0x08004c4f   Thumb Code   100  ff.o(i.dir_register)
    i.dir_sdi                                0x08004cb4   Section        0  ff.o(i.dir_sdi)
    dir_sdi                                  0x08004cb5   Thumb Code   126  ff.o(i.dir_sdi)
    i.disk_initialize                        0x08004d34   Section        0  sd_spi_stm32.o(i.disk_initialize)
    i.disk_ioctl                             0x08004e3c   Section        0  sd_spi_stm32.o(i.disk_ioctl)
    i.disk_read                              0x08005030   Section        0  sd_spi_stm32.o(i.disk_read)
    i.disk_status                            0x080050b0   Section        0  sd_spi_stm32.o(i.disk_status)
    i.disk_timerproc                         0x080050c0   Section        0  sd_spi_stm32.o(i.disk_timerproc)
    i.disk_write                             0x080050f8   Section        0  sd_spi_stm32.o(i.disk_write)
    i.f_close                                0x08005194   Section        0  ff.o(i.f_close)
    i.f_lseek                                0x080051b0   Section        0  ff.o(i.f_lseek)
    i.f_mount                                0x080052e0   Section        0  ff.o(i.f_mount)
    i.f_open                                 0x0800532c   Section        0  ff.o(i.f_open)
    i.f_puts                                 0x0800546c   Section        0  ff.o(i.f_puts)
    i.f_stat                                 0x080054b2   Section        0  ff.o(i.f_stat)
    i.f_sync                                 0x080054ee   Section        0  ff.o(i.f_sync)
    i.f_write                                0x08005586   Section        0  ff.o(i.f_write)
    i.find_volume                            0x08005704   Section        0  ff.o(i.find_volume)
    find_volume                              0x08005705   Thumb Code   554  ff.o(i.find_volume)
    i.follow_path                            0x0800593c   Section        0  ff.o(i.follow_path)
    follow_path                              0x0800593d   Thumb Code   170  ff.o(i.follow_path)
    i.free                                   0x080059e8   Section        0  malloc.o(i.free)
    i.get_fat                                0x08005a38   Section        0  ff.o(i.get_fat)
    i.get_fattime                            0x08005af8   Section        0  fattime.o(i.get_fattime)
    i.get_fileinfo                           0x08005b40   Section        0  ff.o(i.get_fileinfo)
    get_fileinfo                             0x08005b41   Thumb Code    76  ff.o(i.get_fileinfo)
    i.get_ldnumber                           0x08005b8c   Section        0  ff.o(i.get_ldnumber)
    get_ldnumber                             0x08005b8d   Thumb Code    60  ff.o(i.get_ldnumber)
    i.interface_speed                        0x08005bc8   Section        0  sd_spi_stm32.o(i.interface_speed)
    interface_speed                          0x08005bc9   Thumb Code    24  sd_spi_stm32.o(i.interface_speed)
    i.ld_clust                               0x08005be4   Section        0  ff.o(i.ld_clust)
    ld_clust                                 0x08005be5   Thumb Code    18  ff.o(i.ld_clust)
    i.main                                   0x08005bf8   Section        0  main.o(i.main)
    i.malloc                                 0x08005d18   Section        0  malloc.o(i.malloc)
    i.mem_cpy                                0x08005d84   Section        0  ff.o(i.mem_cpy)
    mem_cpy                                  0x08005d85   Thumb Code    18  ff.o(i.mem_cpy)
    i.mem_set                                0x08005d96   Section        0  ff.o(i.mem_set)
    mem_set                                  0x08005d97   Thumb Code    14  ff.o(i.mem_set)
    i.move_window                            0x08005da4   Section        0  ff.o(i.move_window)
    move_window                              0x08005da5   Thumb Code    50  ff.o(i.move_window)
    i.power_off                              0x08005dd8   Section        0  sd_spi_stm32.o(i.power_off)
    power_off                                0x08005dd9   Thumb Code    38  sd_spi_stm32.o(i.power_off)
    i.power_on                               0x08005e08   Section        0  sd_spi_stm32.o(i.power_on)
    power_on                                 0x08005e09   Thumb Code   202  sd_spi_stm32.o(i.power_on)
    i.put_fat                                0x08005ee8   Section        0  ff.o(i.put_fat)
    i.putc_bfd                               0x08005fdc   Section        0  ff.o(i.putc_bfd)
    putc_bfd                                 0x08005fdd   Thumb Code    58  ff.o(i.putc_bfd)
    i.rcvr_datablock                         0x08006018   Section        0  sd_spi_stm32.o(i.rcvr_datablock)
    rcvr_datablock                           0x08006019   Thumb Code    90  sd_spi_stm32.o(i.rcvr_datablock)
    i.rcvr_spi                               0x08006078   Section        0  sd_spi_stm32.o(i.rcvr_spi)
    rcvr_spi                                 0x08006079   Thumb Code     6  sd_spi_stm32.o(i.rcvr_spi)
    i.release_spi                            0x08006080   Section        0  sd_spi_stm32.o(i.release_spi)
    release_spi                              0x08006081   Thumb Code    22  sd_spi_stm32.o(i.release_spi)
    i.remove_chain                           0x0800609c   Section        0  ff.o(i.remove_chain)
    remove_chain                             0x0800609d   Thumb Code    98  ff.o(i.remove_chain)
    i.send_cmd                               0x08006100   Section        0  sd_spi_stm32.o(i.send_cmd)
    send_cmd                                 0x08006101   Thumb Code   150  sd_spi_stm32.o(i.send_cmd)
    i.st_clust                               0x0800619c   Section        0  ff.o(i.st_clust)
    st_clust                                 0x0800619d   Thumb Code    16  ff.o(i.st_clust)
    i.stm32_spi_rw                           0x080061ac   Section        0  sd_spi_stm32.o(i.stm32_spi_rw)
    stm32_spi_rw                             0x080061ad   Thumb Code    26  sd_spi_stm32.o(i.stm32_spi_rw)
    i.sync_fs                                0x080061cc   Section        0  ff.o(i.sync_fs)
    sync_fs                                  0x080061cd   Thumb Code   176  ff.o(i.sync_fs)
    i.sync_window                            0x0800627c   Section        0  ff.o(i.sync_window)
    sync_window                              0x0800627d   Thumb Code    82  ff.o(i.sync_window)
    i.validate                               0x080062ce   Section        0  ff.o(i.validate)
    validate                                 0x080062cf   Thumb Code    34  ff.o(i.validate)
    i.wait_ready                             0x080062f0   Section        0  sd_spi_stm32.o(i.wait_ready)
    wait_ready                               0x080062f1   Thumb Code    32  sd_spi_stm32.o(i.wait_ready)
    i.xmit_datablock                         0x08006314   Section        0  sd_spi_stm32.o(i.xmit_datablock)
    xmit_datablock                           0x08006315   Thumb Code    80  sd_spi_stm32.o(i.xmit_datablock)
    .constdata                               0x08006364   Section       16  stm32f1xx_hal_rcc.o(.constdata)
    .constdata                               0x08006374   Section     5040  my_font.o(.constdata)
    .constdata                               0x08007724   Section       12  localtime.o(.constdata)
    monlen                                   0x08007724   Data          12  localtime.o(.constdata)
    .data                                    0x20000000   Section        4  stm32f1xx_hal.o(.data)
    uwTick                                   0x20000000   Data           4  stm32f1xx_hal.o(.data)
    .data                                    0x20000004   Section        8  ff.o(.data)
    Fsid                                     0x20000004   Data           2  ff.o(.data)
    FatFs                                    0x20000008   Data           4  ff.o(.data)
    .data                                    0x2000000c   Section       16  sd_spi_stm32.o(.data)
    Stat                                     0x2000000c   Data           1  sd_spi_stm32.o(.data)
    CardType                                 0x2000000d   Data           1  sd_spi_stm32.o(.data)
    pv                                       0x20000010   Data           4  sd_spi_stm32.o(.data)
    Timer1                                   0x20000014   Data           4  sd_spi_stm32.o(.data)
    Timer2                                   0x20000018   Data           4  sd_spi_stm32.o(.data)
    .data                                    0x2000001c   Section        3  stm32f1xx_it.o(.data)
    .data                                    0x20000020   Section        8  main.o(.data)
    .data                                    0x20000028   Section        4  delay.o(.data)
    fac_us                                   0x20000028   Data           1  delay.o(.data)
    fac_ms                                   0x2000002a   Data           2  delay.o(.data)
    .data                                    0x2000002c   Section       36  bmp085.o(.data)
    devAddr                                  0x2000002c   Data           1  bmp085.o(.data)
    measureMode                              0x2000002d   Data           1  bmp085.o(.data)
    ac1                                      0x2000002e   Data           2  bmp085.o(.data)
    ac2                                      0x20000030   Data           2  bmp085.o(.data)
    ac3                                      0x20000032   Data           2  bmp085.o(.data)
    b1                                       0x20000034   Data           2  bmp085.o(.data)
    b2                                       0x20000036   Data           2  bmp085.o(.data)
    mb                                       0x20000038   Data           2  bmp085.o(.data)
    mc                                       0x2000003a   Data           2  bmp085.o(.data)
    md                                       0x2000003c   Data           2  bmp085.o(.data)
    ac4                                      0x2000003e   Data           2  bmp085.o(.data)
    ac5                                      0x20000040   Data           2  bmp085.o(.data)
    ac6                                      0x20000042   Data           2  bmp085.o(.data)
    buffer                                   0x20000044   Data           3  bmp085.o(.data)
    calibrationLoaded                        0x20000048   Data           4  bmp085.o(.data)
    b5                                       0x2000004c   Data           4  bmp085.o(.data)
    .data                                    0x20000050   Section        8  i2cdev.o(.data)
    .data                                    0x20000058   Section       12  my_font.o(.data)
    .data                                    0x20000064   Section       32  bmp_graph.o(.data)
    .data                                    0x20000084   Section        3  init.o(.data)
    .data                                    0x20000087   Section        4  init.o(.data)
    .data                                    0x2000008c   Section        4  system_stm32f1xx.o(.data)
    .data                                    0x20000090   Section        4  mvars.o(.data)
    .data                                    0x20000094   Section        4  mvars.o(.data)
    .bss                                     0x20000098   Section       88  sd_spi_stm32.o(.bss)
    .bss                                     0x200000f0   Section     1272  main.o(.bss)
    .bss                                     0x200005e8   Section       60  lm75_hal.o(.bss)
    .bss                                     0x20000624   Section      720  bmp_graph.o(.bss)
    .bss                                     0x200008f4   Section       80  init.o(.bss)
    .bss                                     0x20000944   Section       44  localtime.o(.bss)
    _tms                                     0x20000944   Data          44  localtime.o(.bss)
    HEAP                                     0x20000970   Section      512  startup_stm32f103xb.o(HEAP)
    STACK                                    0x20000b70   Section     1024  startup_stm32f103xb.o(STACK)

    Global Symbols

    Symbol Name                              Value     Ov Type        Size  Object(Section)

    BuildAttributes$$THM_ISAv4$P$D$K$B$S$PE$A:L22UL41UL21$X:L11$S22US41US21$IEEE1$IW$USESV6$~STKCKD$USESV7$~SHL$OTIME$ROPI$IEEEX$EBA8$MICROLIB$REQ8$PRES8$EABIv2 0x00000000   Number         0  anon$$obj.o ABSOLUTE
    __ARM_use_no_argv                        0x00000000   Number         0  main.o ABSOLUTE
    _printf_a                                0x00000000   Number         0  stubs.o ABSOLUTE
    _printf_c                                0x00000000   Number         0  stubs.o ABSOLUTE
    _printf_charcount                        0x00000000   Number         0  stubs.o ABSOLUTE
    _printf_d                                0x00000000   Number         0  stubs.o ABSOLUTE
    _printf_e                                0x00000000   Number         0  stubs.o ABSOLUTE
    _printf_f                                0x00000000   Number         0  stubs.o ABSOLUTE
    _printf_flags                            0x00000000   Number         0  stubs.o ABSOLUTE
    _printf_fp_dec                           0x00000000   Number         0  stubs.o ABSOLUTE
    _printf_fp_hex                           0x00000000   Number         0  stubs.o ABSOLUTE
    _printf_g                                0x00000000   Number         0  stubs.o ABSOLUTE
    _printf_i                                0x00000000   Number         0  stubs.o ABSOLUTE
    _printf_int_dec                          0x00000000   Number         0  stubs.o ABSOLUTE
    _printf_l                                0x00000000   Number         0  stubs.o ABSOLUTE
    _printf_lc                               0x00000000   Number         0  stubs.o ABSOLUTE
    _printf_ll                               0x00000000   Number         0  stubs.o ABSOLUTE
    _printf_lld                              0x00000000   Number         0  stubs.o ABSOLUTE
    _printf_lli                              0x00000000   Number         0  stubs.o ABSOLUTE
    _printf_llo                              0x00000000   Number         0  stubs.o ABSOLUTE
    _printf_llu                              0x00000000   Number         0  stubs.o ABSOLUTE
    _printf_llx                              0x00000000   Number         0  stubs.o ABSOLUTE
    _printf_longlong_dec                     0x00000000   Number         0  stubs.o ABSOLUTE
    _printf_longlong_hex                     0x00000000   Number         0  stubs.o ABSOLUTE
    _printf_longlong_oct                     0x00000000   Number         0  stubs.o ABSOLUTE
    _printf_ls                               0x00000000   Number         0  stubs.o ABSOLUTE
    _printf_mbtowc                           0x00000000   Number         0  stubs.o ABSOLUTE
    _printf_n                                0x00000000   Number         0  stubs.o ABSOLUTE
    _printf_o                                0x00000000   Number         0  stubs.o ABSOLUTE
    _printf_p                                0x00000000   Number         0  stubs.o ABSOLUTE
    _printf_percent                          0x00000000   Number         0  stubs.o ABSOLUTE
    _printf_pre_padding                      0x00000000   Number         0  stubs.o ABSOLUTE
    _printf_return_value                     0x00000000   Number         0  stubs.o ABSOLUTE
    _printf_s                                0x00000000   Number         0  stubs.o ABSOLUTE
    _printf_sizespec                         0x00000000   Number         0  stubs.o ABSOLUTE
    _printf_str                              0x00000000   Number         0  stubs.o ABSOLUTE
    _printf_truncate_signed                  0x00000000   Number         0  stubs.o ABSOLUTE
    _printf_truncate_unsigned                0x00000000   Number         0  stubs.o ABSOLUTE
    _printf_u                                0x00000000   Number         0  stubs.o ABSOLUTE
    _printf_wc                               0x00000000   Number         0  stubs.o ABSOLUTE
    _printf_wctomb                           0x00000000   Number         0  stubs.o ABSOLUTE
    _printf_widthprec                        0x00000000   Number         0  stubs.o ABSOLUTE
    _printf_x                                0x00000000   Number         0  stubs.o ABSOLUTE
    __cpp_initialize__aeabi_                  - Undefined Weak Reference
    __cxa_finalize                            - Undefined Weak Reference
    __decompress                              - Undefined Weak Reference
    _clock_init                               - Undefined Weak Reference
    _microlib_exit                            - Undefined Weak Reference
    __Vectors_Size                           0x000000ec   Number         0  startup_stm32f103xb.o ABSOLUTE
    __Vectors                                0x08000000   Data           4  startup_stm32f103xb.o(RESET)
    __Vectors_End                            0x080000ec   Data           0  startup_stm32f103xb.o(RESET)
    __main                                   0x080000ed   Thumb Code     0  entry.o(.ARM.Collect$$$$00000000)
    _main_stk                                0x080000ed   Thumb Code     0  entry2.o(.ARM.Collect$$$$00000001)
    _main_scatterload                        0x080000f1   Thumb Code     0  entry5.o(.ARM.Collect$$$$00000004)
    __main_after_scatterload                 0x080000f5   Thumb Code     0  entry5.o(.ARM.Collect$$$$00000004)
    _main_clock                              0x080000f5   Thumb Code     0  entry7b.o(.ARM.Collect$$$$00000008)
    _main_cpp_init                           0x080000f5   Thumb Code     0  entry8b.o(.ARM.Collect$$$$0000000A)
    _main_init                               0x080000f5   Thumb Code     0  entry9a.o(.ARM.Collect$$$$0000000B)
    __rt_final_cpp                           0x080000fd   Thumb Code     0  entry10a.o(.ARM.Collect$$$$0000000D)
    __rt_final_exit                          0x080000fd   Thumb Code     0  entry11a.o(.ARM.Collect$$$$0000000F)
    Reset_Handler                            0x08000101   Thumb Code     8  startup_stm32f103xb.o(.text)
    NMI_Handler                              0x08000109   Thumb Code     2  startup_stm32f103xb.o(.text)
    HardFault_Handler                        0x0800010b   Thumb Code     2  startup_stm32f103xb.o(.text)
    MemManage_Handler                        0x0800010d   Thumb Code     2  startup_stm32f103xb.o(.text)
    BusFault_Handler                         0x0800010f   Thumb Code     2  startup_stm32f103xb.o(.text)
    UsageFault_Handler                       0x08000111   Thumb Code     2  startup_stm32f103xb.o(.text)
    SVC_Handler                              0x08000113   Thumb Code     2  startup_stm32f103xb.o(.text)
    DebugMon_Handler                         0x08000115   Thumb Code     2  startup_stm32f103xb.o(.text)
    PendSV_Handler                           0x08000117   Thumb Code     2  startup_stm32f103xb.o(.text)
    ADC1_2_IRQHandler                        0x0800011b   Thumb Code     0  startup_stm32f103xb.o(.text)
    CAN1_RX1_IRQHandler                      0x0800011b   Thumb Code     0  startup_stm32f103xb.o(.text)
    CAN1_SCE_IRQHandler                      0x0800011b   Thumb Code     0  startup_stm32f103xb.o(.text)
    DMA1_Channel1_IRQHandler                 0x0800011b   Thumb Code     0  startup_stm32f103xb.o(.text)
    DMA1_Channel2_IRQHandler                 0x0800011b   Thumb Code     0  startup_stm32f103xb.o(.text)
    DMA1_Channel3_IRQHandler                 0x0800011b   Thumb Code     0  startup_stm32f103xb.o(.text)
    DMA1_Channel4_IRQHandler                 0x0800011b   Thumb Code     0  startup_stm32f103xb.o(.text)
    DMA1_Channel5_IRQHandler                 0x0800011b   Thumb Code     0  startup_stm32f103xb.o(.text)
    DMA1_Channel6_IRQHandler                 0x0800011b   Thumb Code     0  startup_stm32f103xb.o(.text)
    DMA1_Channel7_IRQHandler                 0x0800011b   Thumb Code     0  startup_stm32f103xb.o(.text)
    EXTI0_IRQHandler                         0x0800011b   Thumb Code     0  startup_stm32f103xb.o(.text)
    EXTI15_10_IRQHandler                     0x0800011b   Thumb Code     0  startup_stm32f103xb.o(.text)
    EXTI2_IRQHandler                         0x0800011b   Thumb Code     0  startup_stm32f103xb.o(.text)
    EXTI4_IRQHandler                         0x0800011b   Thumb Code     0  startup_stm32f103xb.o(.text)
    EXTI9_5_IRQHandler                       0x0800011b   Thumb Code     0  startup_stm32f103xb.o(.text)
    FLASH_IRQHandler                         0x0800011b   Thumb Code     0  startup_stm32f103xb.o(.text)
    I2C1_ER_IRQHandler                       0x0800011b   Thumb Code     0  startup_stm32f103xb.o(.text)
    I2C1_EV_IRQHandler                       0x0800011b   Thumb Code     0  startup_stm32f103xb.o(.text)
    I2C2_ER_IRQHandler                       0x0800011b   Thumb Code     0  startup_stm32f103xb.o(.text)
    I2C2_EV_IRQHandler                       0x0800011b   Thumb Code     0  startup_stm32f103xb.o(.text)
    PVD_IRQHandler                           0x0800011b   Thumb Code     0  startup_stm32f103xb.o(.text)
    RCC_IRQHandler                           0x0800011b   Thumb Code     0  startup_stm32f103xb.o(.text)
    SPI1_IRQHandler                          0x0800011b   Thumb Code     0  startup_stm32f103xb.o(.text)
    SPI2_IRQHandler                          0x0800011b   Thumb Code     0  startup_stm32f103xb.o(.text)
    TAMPER_IRQHandler                        0x0800011b   Thumb Code     0  startup_stm32f103xb.o(.text)
    TIM1_BRK_IRQHandler                      0x0800011b   Thumb Code     0  startup_stm32f103xb.o(.text)
    TIM1_CC_IRQHandler                       0x0800011b   Thumb Code     0  startup_stm32f103xb.o(.text)
    TIM1_TRG_COM_IRQHandler                  0x0800011b   Thumb Code     0  startup_stm32f103xb.o(.text)
    TIM1_UP_IRQHandler                       0x0800011b   Thumb Code     0  startup_stm32f103xb.o(.text)
    TIM2_IRQHandler                          0x0800011b   Thumb Code     0  startup_stm32f103xb.o(.text)
    TIM3_IRQHandler                          0x0800011b   Thumb Code     0  startup_stm32f103xb.o(.text)
    TIM4_IRQHandler                          0x0800011b   Thumb Code     0  startup_stm32f103xb.o(.text)
    USART1_IRQHandler                        0x0800011b   Thumb Code     0  startup_stm32f103xb.o(.text)
    USART2_IRQHandler                        0x0800011b   Thumb Code     0  startup_stm32f103xb.o(.text)
    USART3_IRQHandler                        0x0800011b   Thumb Code     0  startup_stm32f103xb.o(.text)
    USBWakeUp_IRQHandler                     0x0800011b   Thumb Code     0  startup_stm32f103xb.o(.text)
    USB_HP_CAN1_TX_IRQHandler                0x0800011b   Thumb Code     0  startup_stm32f103xb.o(.text)
    WWDG_IRQHandler                          0x0800011b   Thumb Code     0  startup_stm32f103xb.o(.text)
    __aeabi_llsr                             0x08000125   Thumb Code    32  llushr.o(.text)
    _ll_ushift_r                             0x08000125   Thumb Code     0  llushr.o(.text)
    localtime                                0x08000145   Thumb Code   138  localtime.o(.text)
    __aeabi_memcpy                           0x080001d9   Thumb Code    36  memcpya.o(.text)
    __aeabi_memcpy4                          0x080001d9   Thumb Code     0  memcpya.o(.text)
    __aeabi_memcpy8                          0x080001d9   Thumb Code     0  memcpya.o(.text)
    __aeabi_fadd                             0x080001fd   Thumb Code   164  fadd.o(.text)
    __aeabi_fsub                             0x080002a1   Thumb Code     6  fadd.o(.text)
    __aeabi_frsub                            0x080002a7   Thumb Code     6  fadd.o(.text)
    __aeabi_fdiv                             0x080002ad   Thumb Code   124  fdiv.o(.text)
    __ARM_scalbnf                            0x08000329   Thumb Code    24  fscalb.o(.text)
    scalbnf                                  0x08000329   Thumb Code     0  fscalb.o(.text)
    __aeabi_dadd                             0x08000341   Thumb Code   322  dadd.o(.text)
    __aeabi_dsub                             0x08000483   Thumb Code     6  dadd.o(.text)
    __aeabi_drsub                            0x08000489   Thumb Code     6  dadd.o(.text)
    __aeabi_dmul                             0x0800048f   Thumb Code   228  dmul.o(.text)
    __aeabi_i2f                              0x08000573   Thumb Code    18  fflti.o(.text)
    __aeabi_f2uiz                            0x08000585   Thumb Code    40  ffixui.o(.text)
    __aeabi_f2d                              0x080005ad   Thumb Code    38  f2d.o(.text)
    __aeabi_cfcmpeq                          0x080005d5   Thumb Code     0  cfcmple.o(.text)
    __aeabi_cfcmple                          0x080005d5   Thumb Code    20  cfcmple.o(.text)
    __aeabi_cfrcmple                         0x080005e9   Thumb Code    20  cfrcmple.o(.text)
    __aeabi_uidiv                            0x080005fd   Thumb Code     0  uidiv.o(.text)
    __aeabi_uidivmod                         0x080005fd   Thumb Code    44  uidiv.o(.text)
    __aeabi_uldivmod                         0x08000629   Thumb Code    98  uldiv.o(.text)
    __aeabi_llsl                             0x0800068b   Thumb Code    30  llshl.o(.text)
    _ll_shift_l                              0x0800068b   Thumb Code     0  llshl.o(.text)
    __aeabi_lasr                             0x080006a9   Thumb Code    36  llsshr.o(.text)
    _ll_sshift_r                             0x080006a9   Thumb Code     0  llsshr.o(.text)
    __I$use$fp                               0x080006cd   Thumb Code     0  iusefp.o(.text)
    _float_round                             0x080006cd   Thumb Code    18  fepilogue.o(.text)
    _float_epilogue                          0x080006df   Thumb Code    92  fepilogue.o(.text)
    _double_round                            0x0800073b   Thumb Code    30  depilogue.o(.text)
    _double_epilogue                         0x08000759   Thumb Code   156  depilogue.o(.text)
    __aeabi_ddiv                             0x080007f5   Thumb Code   222  ddiv.o(.text)
    __aeabi_d2ulz                            0x080008d3   Thumb Code    48  dfixul.o(.text)
    __aeabi_cdrcmple                         0x08000905   Thumb Code    48  cdrcmple.o(.text)
    __scatterload                            0x08000935   Thumb Code    28  init.o(.text)
    __scatterload_rt2                        0x08000935   Thumb Code     0  init.o(.text)
    BMP085_getMeasureDelayMilliseconds       0x08000959   Thumb Code    44  bmp085.o(i.BMP085_getMeasureDelayMilliseconds)
    BMP085_getMeasurement2                   0x08000989   Thumb Code    38  bmp085.o(i.BMP085_getMeasurement2)
    BMP085_getMeasurement3                   0x080009b5   Thumb Code    42  bmp085.o(i.BMP085_getMeasurement3)
    BMP085_getPressure                       0x080009e5   Thumb Code   154  bmp085.o(i.BMP085_getPressure)
    BMP085_getRawPressure                    0x08000a89   Thumb Code    28  bmp085.o(i.BMP085_getRawPressure)
    BMP085_getRawTemperature                 0x08000aa9   Thumb Code    16  bmp085.o(i.BMP085_getRawTemperature)
    BMP085_getTemperatureC                   0x08000abd   Thumb Code    56  bmp085.o(i.BMP085_getTemperatureC)
    BMP085_initialize                        0x08000afd   Thumb Code    14  bmp085.o(i.BMP085_initialize)
    BMP085_loadCalibration                   0x08000b11   Thumb Code   186  bmp085.o(i.BMP085_loadCalibration)
    BMP085_setControl                        0x08000bd1   Thumb Code    20  bmp085.o(i.BMP085_setControl)
    BMP085_testConnection                    0x08000be9   Thumb Code    26  bmp085.o(i.BMP085_testConnection)
    Create_new_file                          0x08000c09   Thumb Code   124  main.o(i.Create_new_file)
    Draw_graph                               0x08000ccd   Thumb Code   442  bmp_graph.o(i.Draw_graph)
    Draw_table_ex                            0x08000e95   Thumb Code   180  main.o(i.Draw_table_ex)
    EXTI1_IRQHandler                         0x08000f75   Thumb Code    30  stm32f1xx_it.o(i.EXTI1_IRQHandler)
    EXTI3_IRQHandler                         0x08000fa5   Thumb Code    22  stm32f1xx_it.o(i.EXTI3_IRQHandler)
    First_Draw_Graph                         0x08000fc1   Thumb Code   106  bmp_graph.o(i.First_Draw_Graph)
    First_Draw_Table                         0x08001041   Thumb Code   106  main.o(i.First_Draw_Table)
    Gui_Circle                               0x080010b5   Thumb Code   348  gui.o(i.Gui_Circle)
    Gui_DrawLine                             0x08001211   Thumb Code   170  gui.o(i.Gui_DrawLine)
    Gui_DrawPoint                            0x080012bb   Thumb Code    26  lcd_driver.o(i.Gui_DrawPoint)
    HAL_Delay                                0x080012d5   Thumb Code    22  stm32f1xx_hal.o(i.HAL_Delay)
    HAL_GPIO_EXTI_Callback                   0x080012eb   Thumb Code     2  stm32f1xx_hal_gpio.o(i.HAL_GPIO_EXTI_Callback)
    HAL_GPIO_EXTI_IRQHandler                 0x080012ed   Thumb Code    18  stm32f1xx_hal_gpio.o(i.HAL_GPIO_EXTI_IRQHandler)
    HAL_GPIO_Init                            0x08001305   Thumb Code   408  stm32f1xx_hal_gpio.o(i.HAL_GPIO_Init)
    HAL_GPIO_TogglePin                       0x080014c1   Thumb Code     8  stm32f1xx_hal_gpio.o(i.HAL_GPIO_TogglePin)
    HAL_GPIO_WritePin                        0x080014c9   Thumb Code    10  stm32f1xx_hal_gpio.o(i.HAL_GPIO_WritePin)
    HAL_GetTick                              0x080014d5   Thumb Code     6  stm32f1xx_hal.o(i.HAL_GetTick)
    HAL_I2C_Init                             0x080014e1   Thumb Code   216  stm32f1xx_hal_i2c.o(i.HAL_I2C_Init)
    HAL_I2C_Master_Receive                   0x080015c1   Thumb Code   454  stm32f1xx_hal_i2c.o(i.HAL_I2C_Master_Receive)
    HAL_I2C_Master_Transmit                  0x08001791   Thumb Code   294  stm32f1xx_hal_i2c.o(i.HAL_I2C_Master_Transmit)
    HAL_I2C_MspInit                          0x080018bd   Thumb Code     2  stm32f1xx_hal_i2c.o(i.HAL_I2C_MspInit)
    HAL_IncTick                              0x080018c1   Thumb Code    10  stm32f1xx_hal.o(i.HAL_IncTick)
    HAL_Init                                 0x080018d1   Thumb Code    32  stm32f1xx_hal.o(i.HAL_Init)
    HAL_InitTick                             0x080018f5   Thumb Code    34  stm32f1xx_hal.o(i.HAL_InitTick)
    HAL_MspInit                              0x08001919   Thumb Code    52  stm32f1xx_hal_msp.o(i.HAL_MspInit)
    HAL_NVIC_EnableIRQ                       0x08001955   Thumb Code    22  stm32f1xx_hal_cortex.o(i.HAL_NVIC_EnableIRQ)
    HAL_NVIC_SetPriority                     0x0800196d   Thumb Code    60  stm32f1xx_hal_cortex.o(i.HAL_NVIC_SetPriority)
    HAL_NVIC_SetPriorityGrouping             0x080019ad   Thumb Code    26  stm32f1xx_hal_cortex.o(i.HAL_NVIC_SetPriorityGrouping)
    HAL_PWR_EnableBkUpAccess                 0x080019d1   Thumb Code    20  stm32f1xx_hal_pwr.o(i.HAL_PWR_EnableBkUpAccess)
    HAL_RCCEx_GetPeriphCLKFreq               0x080019e9   Thumb Code   208  stm32f1xx_hal_rcc_ex.o(i.HAL_RCCEx_GetPeriphCLKFreq)
    HAL_RCCEx_PeriphCLKConfig                0x08001ad9   Thumb Code   282  stm32f1xx_hal_rcc_ex.o(i.HAL_RCCEx_PeriphCLKConfig)
    HAL_RCC_ClockConfig                      0x08001c01   Thumb Code   638  stm32f1xx_hal_rcc.o(i.HAL_RCC_ClockConfig)
    HAL_RCC_GetHCLKFreq                      0x08001e89   Thumb Code    38  stm32f1xx_hal_rcc.o(i.HAL_RCC_GetHCLKFreq)
    HAL_RCC_GetPCLK1Freq                     0x08001ebd   Thumb Code    36  stm32f1xx_hal_rcc.o(i.HAL_RCC_GetPCLK1Freq)
    HAL_RCC_GetPCLK2Freq                     0x08001ee9   Thumb Code    36  stm32f1xx_hal_rcc.o(i.HAL_RCC_GetPCLK2Freq)
    HAL_RCC_GetSysClockFreq                  0x08001f15   Thumb Code   102  stm32f1xx_hal_rcc.o(i.HAL_RCC_GetSysClockFreq)
    HAL_RCC_OscConfig                        0x08001f9d   Thumb Code  1586  stm32f1xx_hal_rcc.o(i.HAL_RCC_OscConfig)
    HAL_RTCEx_BKUPRead                       0x080025d1   Thumb Code    10  stm32f1xx_hal_rtc_ex.o(i.HAL_RTCEx_BKUPRead)
    HAL_RTCEx_BKUPWrite                      0x080025e1   Thumb Code    12  stm32f1xx_hal_rtc_ex.o(i.HAL_RTCEx_BKUPWrite)
    HAL_RTCEx_RTCEventCallback               0x080025f1   Thumb Code     2  stm32f1xx_hal_rtc_ex.o(i.HAL_RTCEx_RTCEventCallback)
    HAL_RTCEx_RTCEventErrorCallback          0x080025f3   Thumb Code     2  stm32f1xx_hal_rtc_ex.o(i.HAL_RTCEx_RTCEventErrorCallback)
    HAL_RTCEx_RTCIRQHandler                  0x080025f5   Thumb Code    60  stm32f1xx_hal_rtc_ex.o(i.HAL_RTCEx_RTCIRQHandler)
    HAL_RTCEx_SetSecond_IT                   0x08002631   Thumb Code    44  stm32f1xx_hal_rtc_ex.o(i.HAL_RTCEx_SetSecond_IT)
    HAL_RTC_AlarmAEventCallback              0x0800265d   Thumb Code     2  stm32f1xx_hal_rtc.o(i.HAL_RTC_AlarmAEventCallback)
    HAL_RTC_AlarmIRQHandler                  0x08002661   Thumb Code    46  stm32f1xx_hal_rtc.o(i.HAL_RTC_AlarmIRQHandler)
    HAL_RTC_GetDate                          0x08002695   Thumb Code    78  stm32f1xx_hal_rtc.o(i.HAL_RTC_GetDate)
    HAL_RTC_GetTime                          0x080026e3   Thumb Code   216  stm32f1xx_hal_rtc.o(i.HAL_RTC_GetTime)
    HAL_RTC_Init                             0x080027bd   Thumb Code   154  stm32f1xx_hal_rtc.o(i.HAL_RTC_Init)
    HAL_RTC_MspInit                          0x0800285d   Thumb Code     2  stm32f1xx_hal_rtc.o(i.HAL_RTC_MspInit)
    HAL_RTC_WaitForSynchro                   0x0800285f   Thumb Code    58  stm32f1xx_hal_rtc.o(i.HAL_RTC_WaitForSynchro)
    HAL_SPI_Init                             0x08002899   Thumb Code   122  stm32f1xx_hal_spi.o(i.HAL_SPI_Init)
    HAL_SPI_MspInit                          0x08002913   Thumb Code     2  stm32f1xx_hal_spi.o(i.HAL_SPI_MspInit)
    HAL_SPI_Receive                          0x08002915   Thumb Code   492  stm32f1xx_hal_spi.o(i.HAL_SPI_Receive)
    HAL_SPI_TransmitReceive                  0x08002b01   Thumb Code   690  stm32f1xx_hal_spi.o(i.HAL_SPI_TransmitReceive)
    HAL_SYSTICK_CLKSourceConfig              0x08002db3   Thumb Code    24  stm32f1xx_hal_cortex.o(i.HAL_SYSTICK_CLKSourceConfig)
    HAL_SYSTICK_Callback                     0x08002dcb   Thumb Code     2  stm32f1xx_hal_cortex.o(i.HAL_SYSTICK_Callback)
    HAL_SYSTICK_Config                       0x08002dcd   Thumb Code    40  stm32f1xx_hal_cortex.o(i.HAL_SYSTICK_Config)
    HAL_SYSTICK_IRQHandler                   0x08002df5   Thumb Code     8  stm32f1xx_hal_cortex.o(i.HAL_SYSTICK_IRQHandler)
    Hello_Screen                             0x08002dfd   Thumb Code    82  main.o(i.Hello_Screen)
    I2Cdev_readByte                          0x0800317d   Thumb Code    14  i2cdev.o(i.I2Cdev_readByte)
    I2Cdev_readBytes                         0x0800318d   Thumb Code    62  i2cdev.o(i.I2Cdev_readBytes)
    I2Cdev_writeByte                         0x080031d1   Thumb Code    12  i2cdev.o(i.I2Cdev_writeByte)
    I2Cdev_writeBytes                        0x080031dd   Thumb Code    72  i2cdev.o(i.I2Cdev_writeBytes)
    Init_BMP085                              0x08003229   Thumb Code   148  init.o(i.Init_BMP085)
    LCD_GPIO_Init                            0x080032d9   Thumb Code    78  lcd_driver.o(i.LCD_GPIO_Init)
    LCD_WriteData_16Bit                      0x08003335   Thumb Code    38  lcd_driver.o(i.LCD_WriteData_16Bit)
    LM75_Init                                0x08003365   Thumb Code    98  lm75_hal.o(i.LM75_Init)
    LM75_Temperature                         0x080033dd   Thumb Code    98  lm75_hal.o(i.LM75_Temperature)
    LM75_Temperature_ex                      0x08003445   Thumb Code    98  lm75_hal.o(i.LM75_Temperature_ex)
    Lcd_Clear                                0x080034ad   Thumb Code    46  lcd_driver.o(i.Lcd_Clear)
    Lcd_Init                                 0x080034db   Thumb Code   548  lcd_driver.o(i.Lcd_Init)
    Lcd_Reset                                0x08003701   Thumb Code    32  lcd_driver.o(i.Lcd_Reset)
    Lcd_SetRegion                            0x08003725   Thumb Code    88  lcd_driver.o(i.Lcd_SetRegion)
    Lcd_SetXY                                0x0800377d   Thumb Code     8  lcd_driver.o(i.Lcd_SetXY)
    Lcd_WriteData                            0x08003785   Thumb Code    28  lcd_driver.o(i.Lcd_WriteData)
    Lcd_WriteIndex                           0x080037a9   Thumb Code    28  lcd_driver.o(i.Lcd_WriteIndex)
    MX_GPIO_Init                             0x080037cd   Thumb Code   164  init.o(i.MX_GPIO_Init)
    PutStringRus                             0x080038a1   Thumb Code   206  my_font.o(i.PutStringRus)
    RTC_Alarm_IRQHandler                     0x08003975   Thumb Code     6  stm32f1xx_it.o(i.RTC_Alarm_IRQHandler)
    RTC_IRQHandler                           0x08003ab1   Thumb Code    36  stm32f1xx_it.o(i.RTC_IRQHandler)
    RTC_Init                                 0x08003ae1   Thumb Code   170  init.o(i.RTC_Init)
    SPI_ISCRCErrorValid                      0x08003c75   Thumb Code     4  stm32f1xx_hal_spi.o(i.SPI_ISCRCErrorValid)
    SPI_WriteData                            0x08003d19   Thumb Code    40  lcd_driver.o(i.SPI_WriteData)
    Sensor_test                              0x08003d45   Thumb Code   174  main.o(i.Sensor_test)
    SysTick_Handler                          0x08003e19   Thumb Code    18  stm32f1xx_it.o(i.SysTick_Handler)
    SystemClock_Config                       0x08003e2b   Thumb Code   114  init.o(i.SystemClock_Config)
    SystemInit                               0x08003e9d   Thumb Code    56  system_stm32f1xx.o(i.SystemInit)
    Take_average_data                        0x08003ee5   Thumb Code   142  bmp_graph.o(i.Take_average_data)
    Take_new_Messure                         0x08003f8d   Thumb Code    92  main.o(i.Take_new_Messure)
    USB_LP_CAN1_RX0_IRQHandler               0x08003ff1   Thumb Code     2  stm32f1xx_it.o(i.USB_LP_CAN1_RX0_IRQHandler)
    __0sprintf                               0x08003ff5   Thumb Code    34  printfa.o(i.__0sprintf)
    __1sprintf                               0x08003ff5   Thumb Code     0  printfa.o(i.__0sprintf)
    __2sprintf                               0x08003ff5   Thumb Code     0  printfa.o(i.__0sprintf)
    __c89sprintf                             0x08003ff5   Thumb Code     0  printfa.o(i.__0sprintf)
    sprintf                                  0x08003ff5   Thumb Code     0  printfa.o(i.__0sprintf)
    __scatterload_copy                       0x0800401d   Thumb Code    14  handlers.o(i.__scatterload_copy)
    __scatterload_null                       0x0800402b   Thumb Code     2  handlers.o(i.__scatterload_null)
    __scatterload_zeroinit                   0x0800402d   Thumb Code    14  handlers.o(i.__scatterload_zeroinit)
    clust2sect                               0x08004935   Thumb Code    24  ff.o(i.clust2sect)
    delay_init                               0x08004b15   Thumb Code    38  delay.o(i.delay_init)
    delay_ms                                 0x08004b41   Thumb Code    36  delay.o(i.delay_ms)
    disk_initialize                          0x08004d35   Thumb Code   260  sd_spi_stm32.o(i.disk_initialize)
    disk_ioctl                               0x08004e3d   Thumb Code   490  sd_spi_stm32.o(i.disk_ioctl)
    disk_read                                0x08005031   Thumb Code   124  sd_spi_stm32.o(i.disk_read)
    disk_status                              0x080050b1   Thumb Code    12  sd_spi_stm32.o(i.disk_status)
    disk_timerproc                           0x080050c1   Thumb Code    50  sd_spi_stm32.o(i.disk_timerproc)
    disk_write                               0x080050f9   Thumb Code   150  sd_spi_stm32.o(i.disk_write)
    f_close                                  0x08005195   Thumb Code    28  ff.o(i.f_close)
    f_lseek                                  0x080051b1   Thumb Code   302  ff.o(i.f_lseek)
    f_mount                                  0x080052e1   Thumb Code    72  ff.o(i.f_mount)
    f_open                                   0x0800532d   Thumb Code   320  ff.o(i.f_open)
    f_puts                                   0x0800546d   Thumb Code    70  ff.o(i.f_puts)
    f_stat                                   0x080054b3   Thumb Code    60  ff.o(i.f_stat)
    f_sync                                   0x080054ef   Thumb Code   152  ff.o(i.f_sync)
    f_write                                  0x08005587   Thumb Code   382  ff.o(i.f_write)
    free                                     0x080059e9   Thumb Code    76  malloc.o(i.free)
    get_fat                                  0x08005a39   Thumb Code   190  ff.o(i.get_fat)
    get_fattime                              0x08005af9   Thumb Code    68  fattime.o(i.get_fattime)
    main                                     0x08005bf9   Thumb Code   242  main.o(i.main)
    malloc                                   0x08005d19   Thumb Code    92  malloc.o(i.malloc)
    put_fat                                  0x08005ee9   Thumb Code   244  ff.o(i.put_fat)
    aAPBAHBPrescTable                        0x08006364   Data          16  stm32f1xx_hal_rcc.o(.constdata)
    Verdana25x34                             0x08006374   Data        5040  my_font.o(.constdata)
    Region$$Table$$Base                      0x08007730   Number         0  anon$$obj.o(Region$$Table)
    Region$$Table$$Limit                     0x08007750   Number         0  anon$$obj.o(Region$$Table)
    pointer_count                            0x2000001c   Data           1  stm32f1xx_it.o(.data)
    sec_count                                0x2000001d   Data           1  stm32f1xx_it.o(.data)
    minute_flag                              0x2000001e   Data           1  stm32f1xx_it.o(.data)
    second_1_flag                            0x20000020   Data           2  main.o(.data)
    minuts_12_flag                           0x20000022   Data           2  main.o(.data)
    pfunction                                0x20000024   Data           4  main.o(.data)
    I2Cdev_readTimeout                       0x20000050   Data           2  i2cdev.o(.data)
    I2Cdev_hi2c                              0x20000054   Data           4  i2cdev.o(.data)
    X_font                                   0x20000058   Data           1  my_font.o(.data)
    Y_font                                   0x20000059   Data           1  my_font.o(.data)
    Bytes_font                               0x2000005a   Data           1  my_font.o(.data)
    Start_font                               0x2000005c   Data           2  my_font.o(.data)
    Additional_start                         0x2000005e   Data           2  my_font.o(.data)
    fontVerdana25x34                         0x20000060   Data           4  my_font.o(.data)
    graph_i                                  0x20000064   Data           1  bmp_graph.o(.data)
    changes_min_max_tempr                    0x20000065   Data           1  bmp_graph.o(.data)
    changes_min_max_press                    0x20000066   Data           1  bmp_graph.o(.data)
    Averaga_temperature                      0x20000068   Data           2  bmp_graph.o(.data)
    temp_t                                   0x2000006a   Data           2  bmp_graph.o(.data)
    MAX_temperature                          0x2000006c   Data           2  bmp_graph.o(.data)
    MIN_temperature                          0x2000006e   Data           2  bmp_graph.o(.data)
    old_temprature                           0x20000070   Data           2  bmp_graph.o(.data)
    tempr_data                               0x20000072   Data           2  bmp_graph.o(.data)
    Average_pressure                         0x20000074   Data           4  bmp_graph.o(.data)
    MAX_pressure                             0x20000078   Data           4  bmp_graph.o(.data)
    MIN_pressure                             0x2000007c   Data           4  bmp_graph.o(.data)
    old_pressure                             0x20000080   Data           4  bmp_graph.o(.data)
    sTime                                    0x20000084   Data           3  init.o(.data)
    sDate                                    0x20000087   Data           4  init.o(.data)
    SystemCoreClock                          0x2000008c   Data           4  system_stm32f1xx.o(.data)
    __microlib_freelist                      0x20000090   Data           4  mvars.o(.data)
    __microlib_freelist_initialised          0x20000094   Data           4  mvars.o(.data)
    hspi1                                    0x20000098   Data          88  sd_spi_stm32.o(.bss)
    All_data                                 0x200000f0   Data          20  main.o(.bss)
    FATFS_Obj                                0x20000104   Data         560  main.o(.bss)
    file                                     0x20000334   Data         548  main.o(.bss)
    fno                                      0x20000558   Data          24  main.o(.bss)
    str_data_name                            0x20000570   Data          20  main.o(.bss)
    buffer                                   0x20000584   Data         100  main.o(.bss)
    hi2c1                                    0x200005e8   Data          60  lm75_hal.o(.bss)
    pressure                                 0x20000624   Data         480  bmp_graph.o(.bss)
    temperature                              0x20000804   Data         240  bmp_graph.o(.bss)
    hi2c2                                    0x200008f4   Data          60  init.o(.bss)
    hrtc                                     0x20000930   Data          20  init.o(.bss)
    __heap_base                              0x20000970   Data           0  startup_stm32f103xb.o(HEAP)
    __heap_limit                             0x20000b70   Data           0  startup_stm32f103xb.o(HEAP)
    __initial_sp                             0x20000f70   Data           0  startup_stm32f103xb.o(STACK)



==============================================================================

Memory Map of the image

  Image Entry point : 0x080000ed

  Load Region LR_IROM1 (Base: 0x08000000, Size: 0x000077e8, Max: 0x00010000, ABSOLUTE)

    Execution Region ER_IROM1 (Base: 0x08000000, Size: 0x00007750, Max: 0x00010000, ABSOLUTE)

    Base Addr    Size         Type   Attr      Idx    E Section Name        Object

    0x08000000   0x000000ec   Data   RO         3955    RESET               startup_stm32f103xb.o
    0x080000ec   0x00000000   Code   RO         4376  * .ARM.Collect$$$$00000000  mc_w.l(entry.o)
    0x080000ec   0x00000004   Code   RO         4729    .ARM.Collect$$$$00000001  mc_w.l(entry2.o)
    0x080000f0   0x00000004   Code   RO         4732    .ARM.Collect$$$$00000004  mc_w.l(entry5.o)
    0x080000f4   0x00000000   Code   RO         4734    .ARM.Collect$$$$00000008  mc_w.l(entry7b.o)
    0x080000f4   0x00000000   Code   RO         4736    .ARM.Collect$$$$0000000A  mc_w.l(entry8b.o)
    0x080000f4   0x00000008   Code   RO         4737    .ARM.Collect$$$$0000000B  mc_w.l(entry9a.o)
    0x080000fc   0x00000000   Code   RO         4739    .ARM.Collect$$$$0000000D  mc_w.l(entry10a.o)
    0x080000fc   0x00000000   Code   RO         4741    .ARM.Collect$$$$0000000F  mc_w.l(entry11a.o)
    0x080000fc   0x00000004   Code   RO         4730    .ARM.Collect$$$$00002712  mc_w.l(entry2.o)
    0x08000100   0x00000024   Code   RO         3956    .text               startup_stm32f103xb.o
    0x08000124   0x00000020   Code   RO         4379    .text               mc_w.l(llushr.o)
    0x08000144   0x00000094   Code   RO         4381    .text               mc_w.l(localtime.o)
    0x080001d8   0x00000024   Code   RO         4385    .text               mc_w.l(memcpya.o)
    0x080001fc   0x000000b0   Code   RO         4678    .text               mf_w.l(fadd.o)
    0x080002ac   0x0000007c   Code   RO         4682    .text               mf_w.l(fdiv.o)
    0x08000328   0x00000018   Code   RO         4684    .text               mf_w.l(fscalb.o)
    0x08000340   0x0000014e   Code   RO         4686    .text               mf_w.l(dadd.o)
    0x0800048e   0x000000e4   Code   RO         4688    .text               mf_w.l(dmul.o)
    0x08000572   0x00000012   Code   RO         4690    .text               mf_w.l(fflti.o)
    0x08000584   0x00000028   Code   RO         4692    .text               mf_w.l(ffixui.o)
    0x080005ac   0x00000026   Code   RO         4694    .text               mf_w.l(f2d.o)
    0x080005d2   0x00000002   PAD
    0x080005d4   0x00000014   Code   RO         4698    .text               mf_w.l(cfcmple.o)
    0x080005e8   0x00000014   Code   RO         4700    .text               mf_w.l(cfrcmple.o)
    0x080005fc   0x0000002c   Code   RO         4746    .text               mc_w.l(uidiv.o)
    0x08000628   0x00000062   Code   RO         4748    .text               mc_w.l(uldiv.o)
    0x0800068a   0x0000001e   Code   RO         4750    .text               mc_w.l(llshl.o)
    0x080006a8   0x00000024   Code   RO         4752    .text               mc_w.l(llsshr.o)
    0x080006cc   0x00000000   Code   RO         4763    .text               mc_w.l(iusefp.o)
    0x080006cc   0x0000006e   Code   RO         4764    .text               mf_w.l(fepilogue.o)
    0x0800073a   0x000000ba   Code   RO         4766    .text               mf_w.l(depilogue.o)
    0x080007f4   0x000000de   Code   RO         4768    .text               mf_w.l(ddiv.o)
    0x080008d2   0x00000030   Code   RO         4774    .text               mf_w.l(dfixul.o)
    0x08000902   0x00000002   PAD
    0x08000904   0x00000030   Code   RO         4776    .text               mf_w.l(cdrcmple.o)
    0x08000934   0x00000024   Code   RO         4778    .text               mc_w.l(init.o)
    0x08000958   0x00000030   Code   RO         3599    i.BMP085_getMeasureDelayMilliseconds  bmp085.o
    0x08000988   0x0000002c   Code   RO         3600    i.BMP085_getMeasurement2  bmp085.o
    0x080009b4   0x00000030   Code   RO         3601    i.BMP085_getMeasurement3  bmp085.o
    0x080009e4   0x000000a4   Code   RO         3602    i.BMP085_getPressure  bmp085.o
    0x08000a88   0x00000020   Code   RO         3603    i.BMP085_getRawPressure  bmp085.o
    0x08000aa8   0x00000014   Code   RO         3604    i.BMP085_getRawTemperature  bmp085.o
    0x08000abc   0x00000040   Code   RO         3605    i.BMP085_getTemperatureC  bmp085.o
    0x08000afc   0x00000014   Code   RO         3607    i.BMP085_initialize  bmp085.o
    0x08000b10   0x000000c0   Code   RO         3608    i.BMP085_loadCalibration  bmp085.o
    0x08000bd0   0x00000018   Code   RO         3610    i.BMP085_setControl  bmp085.o
    0x08000be8   0x00000020   Code   RO         3611    i.BMP085_testConnection  bmp085.o
    0x08000c08   0x000000c4   Code   RO         2907    i.Create_new_file   main.o
    0x08000ccc   0x000001c8   Code   RO         3868    i.Draw_graph        bmp_graph.o
    0x08000e94   0x000000e0   Code   RO         2908    i.Draw_table_ex     main.o
    0x08000f74   0x00000030   Code   RO         2840    i.EXTI1_IRQHandler  stm32f1xx_it.o
    0x08000fa4   0x0000001c   Code   RO         2841    i.EXTI3_IRQHandler  stm32f1xx_it.o
    0x08000fc0   0x00000080   Code   RO         3869    i.First_Draw_Graph  bmp_graph.o
    0x08001040   0x00000074   Code   RO         2910    i.First_Draw_Table  main.o
    0x080010b4   0x0000015c   Code   RO         3514    i.Gui_Circle        gui.o
    0x08001210   0x000000aa   Code   RO         3518    i.Gui_DrawLine      gui.o
    0x080012ba   0x0000001a   Code   RO         3420    i.Gui_DrawPoint     lcd_driver.o
    0x080012d4   0x00000016   Code   RO          232    i.HAL_Delay         stm32f1xx_hal.o
    0x080012ea   0x00000002   Code   RO         1356    i.HAL_GPIO_EXTI_Callback  stm32f1xx_hal_gpio.o
    0x080012ec   0x00000018   Code   RO         1357    i.HAL_GPIO_EXTI_IRQHandler  stm32f1xx_hal_gpio.o
    0x08001304   0x000001bc   Code   RO         1358    i.HAL_GPIO_Init     stm32f1xx_hal_gpio.o
    0x080014c0   0x00000008   Code   RO         1361    i.HAL_GPIO_TogglePin  stm32f1xx_hal_gpio.o
    0x080014c8   0x0000000a   Code   RO         1362    i.HAL_GPIO_WritePin  stm32f1xx_hal_gpio.o
    0x080014d2   0x00000002   PAD
    0x080014d4   0x0000000c   Code   RO          236    i.HAL_GetTick       stm32f1xx_hal.o
    0x080014e0   0x000000e0   Code   RO         1427    i.HAL_I2C_Init      stm32f1xx_hal_i2c.o
    0x080015c0   0x000001d0   Code   RO         1431    i.HAL_I2C_Master_Receive  stm32f1xx_hal_i2c.o
    0x08001790   0x0000012c   Code   RO         1434    i.HAL_I2C_Master_Transmit  stm32f1xx_hal_i2c.o
    0x080018bc   0x00000002   Code   RO         1446    i.HAL_I2C_MspInit   stm32f1xx_hal_i2c.o
    0x080018be   0x00000002   PAD
    0x080018c0   0x00000010   Code   RO          237    i.HAL_IncTick       stm32f1xx_hal.o
    0x080018d0   0x00000024   Code   RO          238    i.HAL_Init          stm32f1xx_hal.o
    0x080018f4   0x00000022   Code   RO          239    i.HAL_InitTick      stm32f1xx_hal.o
    0x08001916   0x00000002   PAD
    0x08001918   0x0000003c   Code   RO         3242    i.HAL_MspInit       stm32f1xx_hal_msp.o
    0x08001954   0x00000016   Code   RO          553    i.HAL_NVIC_EnableIRQ  stm32f1xx_hal_cortex.o
    0x0800196a   0x00000002   PAD
    0x0800196c   0x00000040   Code   RO          559    i.HAL_NVIC_SetPriority  stm32f1xx_hal_cortex.o
    0x080019ac   0x00000024   Code   RO          560    i.HAL_NVIC_SetPriorityGrouping  stm32f1xx_hal_cortex.o
    0x080019d0   0x00000018   Code   RO           11    i.HAL_PWR_EnableBkUpAccess  stm32f1xx_hal_pwr.o
    0x080019e8   0x000000f0   Code   RO          895    i.HAL_RCCEx_GetPeriphCLKFreq  stm32f1xx_hal_rcc_ex.o
    0x08001ad8   0x00000128   Code   RO          896    i.HAL_RCCEx_PeriphCLKConfig  stm32f1xx_hal_rcc_ex.o
    0x08001c00   0x00000288   Code   RO          669    i.HAL_RCC_ClockConfig  stm32f1xx_hal_rcc.o
    0x08001e88   0x00000034   Code   RO          674    i.HAL_RCC_GetHCLKFreq  stm32f1xx_hal_rcc.o
    0x08001ebc   0x0000002c   Code   RO          676    i.HAL_RCC_GetPCLK1Freq  stm32f1xx_hal_rcc.o
    0x08001ee8   0x0000002c   Code   RO          677    i.HAL_RCC_GetPCLK2Freq  stm32f1xx_hal_rcc.o
    0x08001f14   0x00000088   Code   RO          678    i.HAL_RCC_GetSysClockFreq  stm32f1xx_hal_rcc.o
    0x08001f9c   0x00000632   Code   RO          681    i.HAL_RCC_OscConfig  stm32f1xx_hal_rcc.o
    0x080025ce   0x00000002   PAD
    0x080025d0   0x00000010   Code   RO         2153    i.HAL_RTCEx_BKUPRead  stm32f1xx_hal_rtc_ex.o
    0x080025e0   0x00000010   Code   RO         2154    i.HAL_RTCEx_BKUPWrite  stm32f1xx_hal_rtc_ex.o
    0x080025f0   0x00000002   Code   RO         2158    i.HAL_RTCEx_RTCEventCallback  stm32f1xx_hal_rtc_ex.o
    0x080025f2   0x00000002   Code   RO         2159    i.HAL_RTCEx_RTCEventErrorCallback  stm32f1xx_hal_rtc_ex.o
    0x080025f4   0x0000003c   Code   RO         2160    i.HAL_RTCEx_RTCIRQHandler  stm32f1xx_hal_rtc_ex.o
    0x08002630   0x0000002c   Code   RO         2161    i.HAL_RTCEx_SetSecond_IT  stm32f1xx_hal_rtc_ex.o
    0x0800265c   0x00000002   Code   RO         1983    i.HAL_RTC_AlarmAEventCallback  stm32f1xx_hal_rtc.o
    0x0800265e   0x00000002   PAD
    0x08002660   0x00000034   Code   RO         1984    i.HAL_RTC_AlarmIRQHandler  stm32f1xx_hal_rtc.o
    0x08002694   0x0000004e   Code   RO         1988    i.HAL_RTC_GetDate   stm32f1xx_hal_rtc.o
    0x080026e2   0x000000d8   Code   RO         1990    i.HAL_RTC_GetTime   stm32f1xx_hal_rtc.o
    0x080027ba   0x00000002   PAD
    0x080027bc   0x000000a0   Code   RO         1991    i.HAL_RTC_Init      stm32f1xx_hal_rtc.o
    0x0800285c   0x00000002   Code   RO         1993    i.HAL_RTC_MspInit   stm32f1xx_hal_rtc.o
    0x0800285e   0x0000003a   Code   RO         1999    i.HAL_RTC_WaitForSynchro  stm32f1xx_hal_rtc.o
    0x08002898   0x0000007a   Code   RO         1746    i.HAL_SPI_Init      stm32f1xx_hal_spi.o
    0x08002912   0x00000002   Code   RO         1748    i.HAL_SPI_MspInit   stm32f1xx_hal_spi.o
    0x08002914   0x000001ec   Code   RO         1749    i.HAL_SPI_Receive   stm32f1xx_hal_spi.o
    0x08002b00   0x000002b2   Code   RO         1755    i.HAL_SPI_TransmitReceive  stm32f1xx_hal_spi.o
    0x08002db2   0x00000018   Code   RO          562    i.HAL_SYSTICK_CLKSourceConfig  stm32f1xx_hal_cortex.o
    0x08002dca   0x00000002   Code   RO          563    i.HAL_SYSTICK_Callback  stm32f1xx_hal_cortex.o
    0x08002dcc   0x00000028   Code   RO          564    i.HAL_SYSTICK_Config  stm32f1xx_hal_cortex.o
    0x08002df4   0x00000008   Code   RO          565    i.HAL_SYSTICK_IRQHandler  stm32f1xx_hal_cortex.o
    0x08002dfc   0x00000060   Code   RO         2911    i.Hello_Screen      main.o
    0x08002e5c   0x0000002a   Code   RO         1462    i.I2C_IsAcknowledgeFailed  stm32f1xx_hal_i2c.o
    0x08002e86   0x000000ba   Code   RO         1465    i.I2C_MasterRequestRead  stm32f1xx_hal_i2c.o
    0x08002f40   0x00000074   Code   RO         1466    i.I2C_MasterRequestWrite  stm32f1xx_hal_i2c.o
    0x08002fb4   0x0000008a   Code   RO         1469    i.I2C_WaitOnFlagUntilTimeout  stm32f1xx_hal_i2c.o
    0x0800303e   0x00000088   Code   RO         1470    i.I2C_WaitOnMasterAddressFlagUntilTimeout  stm32f1xx_hal_i2c.o
    0x080030c6   0x00000066   Code   RO         1471    i.I2C_WaitOnRXNEFlagUntilTimeout  stm32f1xx_hal_i2c.o
    0x0800312c   0x00000050   Code   RO         1473    i.I2C_WaitOnTXEFlagUntilTimeout  stm32f1xx_hal_i2c.o
    0x0800317c   0x0000000e   Code   RO         3724    i.I2Cdev_readByte   i2cdev.o
    0x0800318a   0x00000002   PAD
    0x0800318c   0x00000044   Code   RO         3725    i.I2Cdev_readBytes  i2cdev.o
    0x080031d0   0x0000000c   Code   RO         3732    i.I2Cdev_writeByte  i2cdev.o
    0x080031dc   0x0000004c   Code   RO         3733    i.I2Cdev_writeBytes  i2cdev.o
    0x08003228   0x000000b0   Code   RO         3909    i.Init_BMP085       init.o
    0x080032d8   0x0000005c   Code   RO         3421    i.LCD_GPIO_Init     lcd_driver.o
    0x08003334   0x00000030   Code   RO         3422    i.LCD_WriteData_16Bit  lcd_driver.o
    0x08003364   0x00000078   Code   RO         3334    i.LM75_Init         lm75_hal.o
    0x080033dc   0x00000068   Code   RO         3336    i.LM75_Temperature  lm75_hal.o
    0x08003444   0x00000068   Code   RO         3337    i.LM75_Temperature_ex  lm75_hal.o
    0x080034ac   0x0000002e   Code   RO         3423    i.Lcd_Clear         lcd_driver.o
    0x080034da   0x00000224   Code   RO         3424    i.Lcd_Init          lcd_driver.o
    0x080036fe   0x00000002   PAD
    0x08003700   0x00000024   Code   RO         3426    i.Lcd_Reset         lcd_driver.o
    0x08003724   0x00000058   Code   RO         3427    i.Lcd_SetRegion     lcd_driver.o
    0x0800377c   0x00000008   Code   RO         3428    i.Lcd_SetXY         lcd_driver.o
    0x08003784   0x00000024   Code   RO         3429    i.Lcd_WriteData     lcd_driver.o
    0x080037a8   0x00000024   Code   RO         3430    i.Lcd_WriteIndex    lcd_driver.o
    0x080037cc   0x000000b4   Code   RO         3910    i.MX_GPIO_Init      init.o
    0x08003880   0x00000020   Code   RO          566    i.NVIC_SetPriority  stm32f1xx_hal_cortex.o
    0x080038a0   0x000000d4   Code   RO         3835    i.PutStringRus      my_font.o
    0x08003974   0x0000000c   Code   RO         2842    i.RTC_Alarm_IRQHandler  stm32f1xx_it.o
    0x08003980   0x00000016   Code   RO         2001    i.RTC_ByteToBcd2    stm32f1xx_hal_rtc.o
    0x08003996   0x000000ae   Code   RO         2002    i.RTC_DateUpdate    stm32f1xx_hal_rtc.o
    0x08003a44   0x00000034   Code   RO         2003    i.RTC_EnterInitMode  stm32f1xx_hal_rtc.o
    0x08003a78   0x00000036   Code   RO         2004    i.RTC_ExitInitMode  stm32f1xx_hal_rtc.o
    0x08003aae   0x00000002   PAD
    0x08003ab0   0x00000030   Code   RO         2843    i.RTC_IRQHandler    stm32f1xx_it.o
    0x08003ae0   0x000000c0   Code   RO         3911    i.RTC_Init          init.o
    0x08003ba0   0x0000000e   Code   RO         2005    i.RTC_ReadAlarmCounter  stm32f1xx_hal_rtc.o
    0x08003bae   0x00000020   Code   RO         2006    i.RTC_ReadTimeCounter  stm32f1xx_hal_rtc.o
    0x08003bce   0x00000056   Code   RO         2007    i.RTC_WeekDayNum    stm32f1xx_hal_rtc.o
    0x08003c24   0x00000028   Code   RO         2008    i.RTC_WriteAlarmCounter  stm32f1xx_hal_rtc.o
    0x08003c4c   0x00000028   Code   RO         2009    i.RTC_WriteTimeCounter  stm32f1xx_hal_rtc.o
    0x08003c74   0x00000004   Code   RO         1772    i.SPI_ISCRCErrorValid  stm32f1xx_hal_spi.o
    0x08003c78   0x0000009e   Code   RO         1777    i.SPI_WaitOnFlagUntilTimeout  stm32f1xx_hal_spi.o
    0x08003d16   0x00000002   PAD
    0x08003d18   0x0000002c   Code   RO         3432    i.SPI_WriteData     lcd_driver.o
    0x08003d44   0x000000d4   Code   RO         2913    i.Sensor_test       main.o
    0x08003e18   0x00000012   Code   RO         2844    i.SysTick_Handler   stm32f1xx_it.o
    0x08003e2a   0x00000072   Code   RO         3912    i.SystemClock_Config  init.o
    0x08003e9c   0x00000048   Code   RO         4333    i.SystemInit        system_stm32f1xx.o
    0x08003ee4   0x000000a8   Code   RO         3870    i.Take_average_data  bmp_graph.o
    0x08003f8c   0x00000064   Code   RO         2914    i.Take_new_Messure  main.o
    0x08003ff0   0x00000002   Code   RO         2845    i.USB_LP_CAN1_RX0_IRQHandler  stm32f1xx_it.o
    0x08003ff2   0x00000002   PAD
    0x08003ff4   0x00000028   Code   RO         4624    i.__0sprintf        mc_w.l(printfa.o)
    0x0800401c   0x0000000e   Code   RO         4788    i.__scatterload_copy  mc_w.l(handlers.o)
    0x0800402a   0x00000002   Code   RO         4789    i.__scatterload_null  mc_w.l(handlers.o)
    0x0800402c   0x0000000e   Code   RO         4790    i.__scatterload_zeroinit  mc_w.l(handlers.o)
    0x0800403a   0x00000002   PAD
    0x0800403c   0x00000164   Code   RO         4629    i._fp_digits        mc_w.l(printfa.o)
    0x080041a0   0x000006dc   Code   RO         4630    i._printf_core      mc_w.l(printfa.o)
    0x0800487c   0x00000024   Code   RO         4631    i._printf_post_padding  mc_w.l(printfa.o)
    0x080048a0   0x0000002e   Code   RO         4632    i._printf_pre_padding  mc_w.l(printfa.o)
    0x080048ce   0x0000000a   Code   RO         4634    i._sputc            mc_w.l(printfa.o)
    0x080048d8   0x0000005c   Code   RO         2255    i.check_fs          ff.o
    0x08004934   0x00000018   Code   RO         2256    i.clust2sect        ff.o
    0x0800494c   0x0000009e   Code   RO         2257    i.create_chain      ff.o
    0x080049ea   0x00000002   PAD
    0x080049ec   0x00000128   Code   RO         2258    i.create_name       ff.o
    0x08004b14   0x0000002c   Code   RO         3382    i.delay_init        delay.o
    0x08004b40   0x00000028   Code   RO         3383    i.delay_ms          delay.o
    0x08004b68   0x000000e6   Code   RO         2259    i.dir_next          ff.o
    0x08004c4e   0x00000064   Code   RO         2261    i.dir_register      ff.o
    0x08004cb2   0x00000002   PAD
    0x08004cb4   0x0000007e   Code   RO         2263    i.dir_sdi           ff.o
    0x08004d32   0x00000002   PAD
    0x08004d34   0x00000108   Code   RO         2617    i.disk_initialize   sd_spi_stm32.o
    0x08004e3c   0x000001f4   Code   RO         2618    i.disk_ioctl        sd_spi_stm32.o
    0x08005030   0x00000080   Code   RO         2619    i.disk_read         sd_spi_stm32.o
    0x080050b0   0x00000010   Code   RO         2620    i.disk_status       sd_spi_stm32.o
    0x080050c0   0x00000038   Code   RO         2621    i.disk_timerproc    sd_spi_stm32.o
    0x080050f8   0x0000009c   Code   RO         2622    i.disk_write        sd_spi_stm32.o
    0x08005194   0x0000001c   Code   RO         2265    i.f_close           ff.o
    0x080051b0   0x0000012e   Code   RO         2269    i.f_lseek           ff.o
    0x080052de   0x00000002   PAD
    0x080052e0   0x0000004c   Code   RO         2271    i.f_mount           ff.o
    0x0800532c   0x00000140   Code   RO         2272    i.f_open            ff.o
    0x0800546c   0x00000046   Code   RO         2276    i.f_puts            ff.o
    0x080054b2   0x0000003c   Code   RO         2280    i.f_stat            ff.o
    0x080054ee   0x00000098   Code   RO         2281    i.f_sync            ff.o
    0x08005586   0x0000017e   Code   RO         2285    i.f_write           ff.o
    0x08005704   0x00000238   Code   RO         2286    i.find_volume       ff.o
    0x0800593c   0x000000aa   Code   RO         2287    i.follow_path       ff.o
    0x080059e6   0x00000002   PAD
    0x080059e8   0x00000050   Code   RO         4650    i.free              mc_w.l(malloc.o)
    0x08005a38   0x000000be   Code   RO         2288    i.get_fat           ff.o
    0x08005af6   0x00000002   PAD
    0x08005af8   0x00000048   Code   RO         2584    i.get_fattime       fattime.o
    0x08005b40   0x0000004c   Code   RO         2289    i.get_fileinfo      ff.o
    0x08005b8c   0x0000003c   Code   RO         2290    i.get_ldnumber      ff.o
    0x08005bc8   0x0000001c   Code   RO         2623    i.interface_speed   sd_spi_stm32.o
    0x08005be4   0x00000012   Code   RO         2291    i.ld_clust          ff.o
    0x08005bf6   0x00000002   PAD
    0x08005bf8   0x00000120   Code   RO         2915    i.main              main.o
    0x08005d18   0x0000006c   Code   RO         4651    i.malloc            mc_w.l(malloc.o)
    0x08005d84   0x00000012   Code   RO         2292    i.mem_cpy           ff.o
    0x08005d96   0x0000000e   Code   RO         2293    i.mem_set           ff.o
    0x08005da4   0x00000032   Code   RO         2294    i.move_window       ff.o
    0x08005dd6   0x00000002   PAD
    0x08005dd8   0x00000030   Code   RO         2624    i.power_off         sd_spi_stm32.o
    0x08005e08   0x000000e0   Code   RO         2625    i.power_on          sd_spi_stm32.o
    0x08005ee8   0x000000f4   Code   RO         2295    i.put_fat           ff.o
    0x08005fdc   0x0000003a   Code   RO         2296    i.putc_bfd          ff.o
    0x08006016   0x00000002   PAD
    0x08006018   0x00000060   Code   RO         2626    i.rcvr_datablock    sd_spi_stm32.o
    0x08006078   0x00000006   Code   RO         2627    i.rcvr_spi          sd_spi_stm32.o
    0x0800607e   0x00000002   PAD
    0x08006080   0x0000001c   Code   RO         2628    i.release_spi       sd_spi_stm32.o
    0x0800609c   0x00000062   Code   RO         2297    i.remove_chain      ff.o
    0x080060fe   0x00000002   PAD
    0x08006100   0x0000009c   Code   RO         2629    i.send_cmd          sd_spi_stm32.o
    0x0800619c   0x00000010   Code   RO         2298    i.st_clust          ff.o
    0x080061ac   0x00000020   Code   RO         2630    i.stm32_spi_rw      sd_spi_stm32.o
    0x080061cc   0x000000b0   Code   RO         2299    i.sync_fs           ff.o
    0x0800627c   0x00000052   Code   RO         2300    i.sync_window       ff.o
    0x080062ce   0x00000022   Code   RO         2301    i.validate          ff.o
    0x080062f0   0x00000024   Code   RO         2631    i.wait_ready        sd_spi_stm32.o
    0x08006314   0x00000050   Code   RO         2632    i.xmit_datablock    sd_spi_stm32.o
    0x08006364   0x00000010   Data   RO          682    .constdata          stm32f1xx_hal_rcc.o
    0x08006374   0x000013b0   Data   RO         3836    .constdata          my_font.o
    0x08007724   0x0000000c   Data   RO         4383    .constdata          mc_w.l(localtime.o)
    0x08007730   0x00000020   Data   RO         4786    Region$$Table       anon$$obj.o


    Execution Region RW_IRAM1 (Base: 0x20000000, Size: 0x00000f70, Max: 0x00005000, ABSOLUTE)

    Base Addr    Size         Type   Attr      Idx    E Section Name        Object

    0x20000000   0x00000004   Data   RW          244    .data               stm32f1xx_hal.o
    0x20000004   0x00000008   Data   RW         2302    .data               ff.o
    0x2000000c   0x00000010   Data   RW         2634    .data               sd_spi_stm32.o
    0x2000001c   0x00000003   Data   RW         2846    .data               stm32f1xx_it.o
    0x2000001f   0x00000001   PAD
    0x20000020   0x00000008   Data   RW         2917    .data               main.o
    0x20000028   0x00000004   Data   RW         3385    .data               delay.o
    0x2000002c   0x00000024   Data   RW         3612    .data               bmp085.o
    0x20000050   0x00000008   Data   RW         3736    .data               i2cdev.o
    0x20000058   0x0000000c   Data   RW         3837    .data               my_font.o
    0x20000064   0x00000020   Data   RW         3872    .data               bmp_graph.o
    0x20000084   0x00000003   Data   RW         3914    .data               init.o
    0x20000087   0x00000004   Data   RW         3915    .data               init.o
    0x2000008b   0x00000001   PAD
    0x2000008c   0x00000004   Data   RW         4335    .data               system_stm32f1xx.o
    0x20000090   0x00000004   Data   RW         4754    .data               mc_w.l(mvars.o)
    0x20000094   0x00000004   Data   RW         4755    .data               mc_w.l(mvars.o)
    0x20000098   0x00000058   Zero   RW         2633    .bss                sd_spi_stm32.o
    0x200000f0   0x000004f8   Zero   RW         2916    .bss                main.o
    0x200005e8   0x0000003c   Zero   RW         3338    .bss                lm75_hal.o
    0x20000624   0x000002d0   Zero   RW         3871    .bss                bmp_graph.o
    0x200008f4   0x00000050   Zero   RW         3913    .bss                init.o
    0x20000944   0x0000002c   Zero   RW         4382    .bss                mc_w.l(localtime.o)
    0x20000970   0x00000200   Zero   RW         3954    HEAP                startup_stm32f103xb.o
    0x20000b70   0x00000400   Zero   RW         3953    STACK               startup_stm32f103xb.o


==============================================================================

Image component sizes


      Code (inc. data)   RO Data    RW Data    ZI Data      Debug   Object Name

       688         64          0         36          0       6041   bmp085.o
       752         62          0         32        720       2999   bmp_graph.o
        84         10          0          4          0        976   delay.o
        72          4          0          0          0       2398   fattime.o
      4288         42          0          8          0      25893   ff.o
       518          0          0          0          0       1404   gui.o
       170         10          0          8          0       2944   i2cdev.o
       662         66          0          7         80       2906   init.o
      1008         48          0          0          0       5866   lcd_driver.o
       328         34          0          0         60       2185   lm75_hal.o
      1232        232          0          8       1272       9312   main.o
       212          6       5040         12          0       1580   my_font.o
      1854        114          0         16         88      11503   sd_spi_stm32.o
        36          8        236          0       1536        856   startup_stm32f103xb.o
       120         16          0          4          0       3346   stm32f1xx_hal.o
       228         14          0          0          0      26717   stm32f1xx_hal_cortex.o
       488         42          0          0          0       4149   stm32f1xx_hal_gpio.o
      1790         28          0          0          0       9340   stm32f1xx_hal_i2c.o
        60          8          0          0          0        754   stm32f1xx_hal_msp.o
        24          4          0          0          0     241383   stm32f1xx_hal_pwr.o
      2510         86         16          0          0       5768   stm32f1xx_hal_rcc.o
       536         46          0          0          0       2245   stm32f1xx_hal_rcc_ex.o
      1082         12          0          0          0      10234   stm32f1xx_hal_rtc.o
       140         10          0          0          0       3649   stm32f1xx_hal_rtc_ex.o
      1468          0          0          0          0       4999   stm32f1xx_hal_spi.o
       156         42          0          3          0       2799   stm32f1xx_it.o
        72         16          0          4          0       1233   system_stm32f1xx.o

    ----------------------------------------------------------------------
     20624       1024       5324        144       3756     393479   Object Totals
         0          0         32          0          0          0   (incl. Generated)
        46          0          0          2          0          0   (incl. Padding)

    ----------------------------------------------------------------------

      Code (inc. data)   RO Data    RW Data    ZI Data      Debug   Library Member Name

         0          0          0          0          0          0   entry.o
         0          0          0          0          0          0   entry10a.o
         0          0          0          0          0          0   entry11a.o
         8          4          0          0          0          0   entry2.o
         4          0          0          0          0          0   entry5.o
         0          0          0          0          0          0   entry7b.o
         0          0          0          0          0          0   entry8b.o
         8          4          0          0          0          0   entry9a.o
        30          0          0          0          0          0   handlers.o
        36          8          0          0          0         68   init.o
         0          0          0          0          0          0   iusefp.o
        30          0          0          0          0         68   llshl.o
        36          0          0          0          0         68   llsshr.o
        32          0          0          0          0         68   llushr.o
       148         10         12          0         44         76   localtime.o
       188         20          0          0          0        160   malloc.o
        36          0          0          0          0         68   memcpya.o
         0          0          0          8          0          0   mvars.o
      2244         86          0          0          0        512   printfa.o
        44          0          0          0          0         80   uidiv.o
        98          0          0          0          0         92   uldiv.o
        48          0          0          0          0         68   cdrcmple.o
        20          0          0          0          0         68   cfcmple.o
        20          0          0          0          0         68   cfrcmple.o
       334          0          0          0          0        148   dadd.o
       222          0          0          0          0        100   ddiv.o
       186          0          0          0          0        176   depilogue.o
        48          0          0          0          0         68   dfixul.o
       228          0          0          0          0         96   dmul.o
        38          0          0          0          0         68   f2d.o
       176          0          0          0          0        140   fadd.o
       124          0          0          0          0         88   fdiv.o
       110          0          0          0          0        168   fepilogue.o
        40          0          0          0          0         68   ffixui.o
        18          0          0          0          0         68   fflti.o
        24          0          0          0          0         68   fscalb.o

    ----------------------------------------------------------------------
      4584        132         12          8         44       2720   Library Totals
         6          0          0          0          0          0   (incl. Padding)

    ----------------------------------------------------------------------

      Code (inc. data)   RO Data    RW Data    ZI Data      Debug   Library Name

      2942        132         12          8         44       1260   mc_w.l
      1636          0          0          0          0       1460   mf_w.l

    ----------------------------------------------------------------------
      4584        132         12          8         44       2720   Library Totals

    ----------------------------------------------------------------------

==============================================================================


      Code (inc. data)   RO Data    RW Data    ZI Data      Debug   

     25208       1156       5336        152       3800     386159   Grand Totals
     25208       1156       5336        152       3800     386159   ELF Image Totals
     25208       1156       5336        152          0          0   ROM Totals

==============================================================================

    Total RO  Size (Code + RO Data)                30544 (  29.83kB)
    Total RW  Size (RW Data + ZI Data)              3952 (   3.86kB)
    Total ROM Size (Code + RO Data + RW Data)      30696 (  29.98kB)

==============================================================================

